Build started 10/10/2025 06:23:10.
     1>Project "/home/runner/work/S7-Tools/S7-Tools/src/S7Tools.sln" on node 1 (Restore target(s)).
     1>ValidateSolutionConfiguration:
         Building solution configuration "Debug|Any CPU".
       _GetAllRestoreProjectPathItems:
         Determining projects to restore...
       Restore:
         X.509 certificate chain validation will use the fallback certificate bundle at '/usr/share/dotnet/sdk/9.0.305/trustedroots/codesignctl.pem'.
         X.509 certificate chain validation will use the fallback certificate bundle at '/usr/share/dotnet/sdk/9.0.305/trustedroots/timestampctl.pem'.
         Restoring packages for /home/runner/work/S7-Tools/S7-Tools/src/S7Tools.Core/S7Tools.Core.csproj...
         Restoring packages for /home/runner/work/S7-Tools/S7-Tools/tests/S7Tools.Tests/S7Tools.Tests.csproj...
         Restoring packages for /home/runner/work/S7-Tools/S7-Tools/src/S7Tools/S7Tools.csproj...
         Restoring packages for /home/runner/work/S7-Tools/S7-Tools/tests/S7Tools.Core.Tests/S7Tools.Core.Tests.csproj...
           GET https://api.nuget.org/v3-flatcontainer/moq/index.json
           GET https://api.nuget.org/v3-flatcontainer/coverlet.collector/index.json
           GET https://api.nuget.org/v3-flatcontainer/fluentassertions/index.json
           GET https://api.nuget.org/v3-flatcontainer/microsoft.extensions.logging.abstractions/index.json
           GET https://api.nuget.org/v3-flatcontainer/avalonia/index.json
           GET https://api.nuget.org/v3-flatcontainer/xunit/index.json
           GET https://api.nuget.org/v3-flatcontainer/avalonia.desktop/index.json
           GET https://api.nuget.org/v3-flatcontainer/nsubstitute/index.json
           GET https://api.nuget.org/v3-flatcontainer/microsoft.net.test.sdk/index.json
           GET https://api.nuget.org/v3-flatcontainer/avalonia.fonts.inter/index.json
           GET https://api.nuget.org/v3-flatcontainer/xunit.runner.visualstudio/index.json
           GET https://api.nuget.org/v3-flatcontainer/avalonia.diagnostics/index.json
           GET https://api.nuget.org/v3-flatcontainer/avalonia.controls.datagrid/index.json
           GET https://api.nuget.org/v3-flatcontainer/reactiveui/index.json
           GET https://api.nuget.org/v3-flatcontainer/microsoft.extensions.logging/index.json
           GET https://api.nuget.org/v3-flatcontainer/microsoft.extensions.dependencyinjection/index.json
           GET https://api.nuget.org/v3-flatcontainer/splat.microsoft.extensions.dependencyinjection/index.json
           GET https://api.nuget.org/v3-flatcontainer/communitytoolkit.mvvm/index.json
           GET https://api.nuget.org/v3-flatcontainer/avalonia.xaml.interactivity/index.json
           GET https://api.nuget.org/v3-flatcontainer/projektanker.icons.avalonia.fontawesome/index.json
           GET https://api.nuget.org/v3-flatcontainer/avalonia.reactiveui/index.json
           GET https://api.nuget.org/v3-flatcontainer/fluentavaloniaui/index.json
           GET https://api.nuget.org/v3-flatcontainer/avalonia.themes.fluent/index.json
           OK https://api.nuget.org/v3-flatcontainer/fluentassertions/index.json 555ms
           GET https://api.nuget.org/v3-flatcontainer/fluentassertions/6.12.0/fluentassertions.6.12.0.nupkg
           OK https://api.nuget.org/v3-flatcontainer/avalonia/index.json 708ms
           GET https://api.nuget.org/v3-flatcontainer/avalonia/11.3.6/avalonia.11.3.6.nupkg
           OK https://api.nuget.org/v3-flatcontainer/xunit/index.json 758ms
           GET https://api.nuget.org/v3-flatcontainer/xunit/2.9.2/xunit.2.9.2.nupkg
           OK https://api.nuget.org/v3-flatcontainer/microsoft.net.test.sdk/index.json 930ms
           GET https://api.nuget.org/v3-flatcontainer/microsoft.net.test.sdk/17.12.0/microsoft.net.test.sdk.17.12.0.nupkg
           OK https://api.nuget.org/v3-flatcontainer/microsoft.extensions.logging.abstractions/index.json 943ms
           GET https://api.nuget.org/v3-flatcontainer/microsoft.extensions.logging.abstractions/8.0.0/microsoft.extensions.logging.abstractions.8.0.0.nupkg
           OK https://api.nuget.org/v3-flatcontainer/avalonia.desktop/index.json 1000ms
           GET https://api.nuget.org/v3-flatcontainer/avalonia.desktop/11.3.6/avalonia.desktop.11.3.6.nupkg
           OK https://api.nuget.org/v3-flatcontainer/moq/index.json 1023ms
           OK https://api.nuget.org/v3-flatcontainer/avalonia.fonts.inter/index.json 1009ms
           GET https://api.nuget.org/v3-flatcontainer/avalonia.fonts.inter/11.3.6/avalonia.fonts.inter.11.3.6.nupkg
           GET https://api.nuget.org/v3-flatcontainer/moq/4.20.70/moq.4.20.70.nupkg
           OK https://api.nuget.org/v3-flatcontainer/coverlet.collector/index.json 1162ms
           GET https://api.nuget.org/v3-flatcontainer/coverlet.collector/6.0.2/coverlet.collector.6.0.2.nupkg
           OK https://api.nuget.org/v3-flatcontainer/nsubstitute/index.json 1339ms
           GET https://api.nuget.org/v3-flatcontainer/nsubstitute/5.1.0/nsubstitute.5.1.0.nupkg
           OK https://api.nuget.org/v3-flatcontainer/avalonia.controls.datagrid/index.json 1356ms
           GET https://api.nuget.org/v3-flatcontainer/avalonia.controls.datagrid/11.3.6/avalonia.controls.datagrid.11.3.6.nupkg
           OK https://api.nuget.org/v3-flatcontainer/xunit.runner.visualstudio/index.json 1397ms
           GET https://api.nuget.org/v3-flatcontainer/xunit.runner.visualstudio/2.8.2/xunit.runner.visualstudio.2.8.2.nupkg
           OK https://api.nuget.org/v3-flatcontainer/microsoft.extensions.dependencyinjection/index.json 1453ms
           GET https://api.nuget.org/v3-flatcontainer/microsoft.extensions.dependencyinjection/8.0.0/microsoft.extensions.dependencyinjection.8.0.0.nupkg
           OK https://api.nuget.org/v3-flatcontainer/avalonia.diagnostics/index.json 1493ms
           GET https://api.nuget.org/v3-flatcontainer/avalonia.diagnostics/11.3.6/avalonia.diagnostics.11.3.6.nupkg
           OK https://api.nuget.org/v3-flatcontainer/avalonia.xaml.interactivity/index.json 1574ms
           GET https://api.nuget.org/v3-flatcontainer/avalonia.xaml.interactivity/11.3.0.6/avalonia.xaml.interactivity.11.3.0.6.nupkg
           OK https://api.nuget.org/v3-flatcontainer/communitytoolkit.mvvm/index.json 1610ms
           GET https://api.nuget.org/v3-flatcontainer/communitytoolkit.mvvm/8.2.0/communitytoolkit.mvvm.8.2.0.nupkg
           OK https://api.nuget.org/v3-flatcontainer/fluentavaloniaui/index.json 1649ms
           GET https://api.nuget.org/v3-flatcontainer/fluentavaloniaui/2.4.0/fluentavaloniaui.2.4.0.nupkg
           OK https://api.nuget.org/v3-flatcontainer/microsoft.extensions.logging/index.json 1688ms
           GET https://api.nuget.org/v3-flatcontainer/microsoft.extensions.logging/8.0.0/microsoft.extensions.logging.8.0.0.nupkg
           OK https://api.nuget.org/v3-flatcontainer/projektanker.icons.avalonia.fontawesome/index.json 1688ms
           GET https://api.nuget.org/v3-flatcontainer/projektanker.icons.avalonia.fontawesome/9.6.2/projektanker.icons.avalonia.fontawesome.9.6.2.nupkg
           OK https://api.nuget.org/v3-flatcontainer/splat.microsoft.extensions.dependencyinjection/index.json 1708ms
           GET https://api.nuget.org/v3-flatcontainer/splat.microsoft.extensions.dependencyinjection/14.8.6/splat.microsoft.extensions.dependencyinjection.14.8.6.nupkg
           OK https://api.nuget.org/v3-flatcontainer/reactiveui/index.json 1763ms
           GET https://api.nuget.org/v3-flatcontainer/reactiveui/20.1.1/reactiveui.20.1.1.nupkg
           OK https://api.nuget.org/v3-flatcontainer/avalonia.themes.fluent/index.json 1848ms
           GET https://api.nuget.org/v3-flatcontainer/avalonia.themes.fluent/11.3.6/avalonia.themes.fluent.11.3.6.nupkg
           OK https://api.nuget.org/v3-flatcontainer/avalonia.reactiveui/index.json 1907ms
           GET https://api.nuget.org/v3-flatcontainer/avalonia.reactiveui/11.3.6/avalonia.reactiveui.11.3.6.nupkg
           OK https://api.nuget.org/v3-flatcontainer/fluentassertions/6.12.0/fluentassertions.6.12.0.nupkg 1610ms
           OK https://api.nuget.org/v3-flatcontainer/xunit/2.9.2/xunit.2.9.2.nupkg 1556ms
           OK https://api.nuget.org/v3-flatcontainer/avalonia/11.3.6/avalonia.11.3.6.nupkg 1648ms
           GET https://api.nuget.org/v3-flatcontainer/microcom.runtime/index.json
           GET https://api.nuget.org/v3-flatcontainer/avalonia.remote.protocol/index.json
           GET https://api.nuget.org/v3-flatcontainer/avalonia.buildservices/index.json
           OK https://api.nuget.org/v3-flatcontainer/avalonia.desktop/11.3.6/avalonia.desktop.11.3.6.nupkg 1552ms
           OK https://api.nuget.org/v3-flatcontainer/microsoft.net.test.sdk/17.12.0/microsoft.net.test.sdk.17.12.0.nupkg 1616ms
           GET https://api.nuget.org/v3-flatcontainer/avalonia.native/index.json
           GET https://api.nuget.org/v3-flatcontainer/avalonia.x11/index.json
           GET https://api.nuget.org/v3-flatcontainer/avalonia.skia/index.json
           GET https://api.nuget.org/v3-flatcontainer/avalonia.win32/index.json
           OK https://api.nuget.org/v3-flatcontainer/moq/4.20.70/moq.4.20.70.nupkg 1657ms
           OK https://api.nuget.org/v3-flatcontainer/microsoft.extensions.logging.abstractions/8.0.0/microsoft.extensions.logging.abstractions.8.0.0.nupkg 1732ms
           GET https://api.nuget.org/v3-flatcontainer/microsoft.extensions.dependencyinjection.abstractions/index.json
           OK https://api.nuget.org/v3-flatcontainer/xunit.runner.visualstudio/2.8.2/xunit.runner.visualstudio.2.8.2.nupkg 1307ms
           OK https://api.nuget.org/v3-flatcontainer/avalonia.fonts.inter/11.3.6/avalonia.fonts.inter.11.3.6.nupkg 1697ms
           OK https://api.nuget.org/v3-flatcontainer/nsubstitute/5.1.0/nsubstitute.5.1.0.nupkg 1399ms
           OK https://api.nuget.org/v3-flatcontainer/avalonia.controls.datagrid/11.3.6/avalonia.controls.datagrid.11.3.6.nupkg 1395ms
           OK https://api.nuget.org/v3-flatcontainer/fluentavaloniaui/2.4.0/fluentavaloniaui.2.4.0.nupkg 1287ms
           OK https://api.nuget.org/v3-flatcontainer/microsoft.extensions.dependencyinjection/8.0.0/microsoft.extensions.dependencyinjection.8.0.0.nupkg 1592ms
           OK https://api.nuget.org/v3-flatcontainer/coverlet.collector/6.0.2/coverlet.collector.6.0.2.nupkg 1927ms
           OK https://api.nuget.org/v3-flatcontainer/projektanker.icons.avalonia.fontawesome/9.6.2/projektanker.icons.avalonia.fontawesome.9.6.2.nupkg 1410ms
           GET https://api.nuget.org/v3-flatcontainer/system.configuration.configurationmanager/index.json
           GET https://api.nuget.org/v3-flatcontainer/microsoft.testplatform.testhost/index.json
           GET https://api.nuget.org/v3-flatcontainer/microsoft.codecoverage/index.json
           GET https://api.nuget.org/v3-flatcontainer/castle.core/index.json
           GET https://api.nuget.org/v3-flatcontainer/xunit.assert/index.json
           GET https://api.nuget.org/v3-flatcontainer/xunit.core/index.json
           GET https://api.nuget.org/v3-flatcontainer/xunit.analyzers/index.json
           OK https://api.nuget.org/v3-flatcontainer/microsoft.extensions.logging/8.0.0/microsoft.extensions.logging.8.0.0.nupkg 1519ms
           OK https://api.nuget.org/v3-flatcontainer/avalonia.xaml.interactivity/11.3.0.6/avalonia.xaml.interactivity.11.3.0.6.nupkg 1640ms
           OK https://api.nuget.org/v3-flatcontainer/reactiveui/20.1.1/reactiveui.20.1.1.nupkg 1466ms
           OK https://api.nuget.org/v3-flatcontainer/splat.microsoft.extensions.dependencyinjection/14.8.6/splat.microsoft.extensions.dependencyinjection.14.8.6.nupkg 1535ms
           OK https://api.nuget.org/v3-flatcontainer/communitytoolkit.mvvm/8.2.0/communitytoolkit.mvvm.8.2.0.nupkg 1673ms
           OK https://api.nuget.org/v3-flatcontainer/avalonia.diagnostics/11.3.6/avalonia.diagnostics.11.3.6.nupkg 1803ms
           OK https://api.nuget.org/v3-flatcontainer/avalonia.themes.fluent/11.3.6/avalonia.themes.fluent.11.3.6.nupkg 1671ms
           OK https://api.nuget.org/v3-flatcontainer/avalonia.buildservices/index.json 1047ms
           GET https://api.nuget.org/v3-flatcontainer/avalonia.buildservices/0.0.31/avalonia.buildservices.0.0.31.nupkg
           OK https://api.nuget.org/v3-flatcontainer/avalonia.reactiveui/11.3.6/avalonia.reactiveui.11.3.6.nupkg 1670ms
           GET https://api.nuget.org/v3-flatcontainer/system.reactive/index.json
           GET https://api.nuget.org/v3-flatcontainer/microsoft.extensions.options/index.json
           GET https://api.nuget.org/v3-flatcontainer/avalonia.controls.colorpicker/index.json
           GET https://api.nuget.org/v3-flatcontainer/avalonia.themes.simple/index.json
           GET https://api.nuget.org/v3-flatcontainer/dynamicdata/index.json
           GET https://api.nuget.org/v3-flatcontainer/system.text.json/index.json
           GET https://api.nuget.org/v3-flatcontainer/splat/index.json
           GET https://api.nuget.org/v3-flatcontainer/projektanker.icons.avalonia/index.json
           GET https://api.nuget.org/v3-flatcontainer/system.componentmodel.annotations/index.json
           OK https://api.nuget.org/v3-flatcontainer/avalonia.remote.protocol/index.json 1117ms
           GET https://api.nuget.org/v3-flatcontainer/avalonia.remote.protocol/11.3.6/avalonia.remote.protocol.11.3.6.nupkg
           OK https://api.nuget.org/v3-flatcontainer/microcom.runtime/index.json 1191ms
           GET https://api.nuget.org/v3-flatcontainer/microcom.runtime/0.11.0/microcom.runtime.0.11.0.nupkg
           OK https://api.nuget.org/v3-flatcontainer/avalonia.x11/index.json 1295ms
           GET https://api.nuget.org/v3-flatcontainer/avalonia.x11/11.3.6/avalonia.x11.11.3.6.nupkg
           OK https://api.nuget.org/v3-flatcontainer/avalonia.native/index.json 1311ms
           GET https://api.nuget.org/v3-flatcontainer/avalonia.native/11.3.6/avalonia.native.11.3.6.nupkg
           OK https://api.nuget.org/v3-flatcontainer/avalonia.skia/index.json 1326ms
           GET https://api.nuget.org/v3-flatcontainer/avalonia.skia/11.3.6/avalonia.skia.11.3.6.nupkg
           GET https://api.nuget.org/v3-flatcontainer/avalonia.skia/11.2.5/avalonia.skia.11.2.5.nupkg
           OK https://api.nuget.org/v3-flatcontainer/microsoft.extensions.dependencyinjection.abstractions/index.json 1229ms
           GET https://api.nuget.org/v3-flatcontainer/microsoft.extensions.dependencyinjection.abstractions/8.0.0/microsoft.extensions.dependencyinjection.abstractions.8.0.0.nupkg
           OK https://api.nuget.org/v3-flatcontainer/microsoft.testplatform.testhost/index.json 788ms
           GET https://api.nuget.org/v3-flatcontainer/microsoft.testplatform.testhost/17.12.0/microsoft.testplatform.testhost.17.12.0.nupkg
           OK https://api.nuget.org/v3-flatcontainer/avalonia.win32/index.json 1395ms
           OK https://api.nuget.org/v3-flatcontainer/microsoft.codecoverage/index.json 801ms
           GET https://api.nuget.org/v3-flatcontainer/avalonia.win32/11.3.6/avalonia.win32.11.3.6.nupkg
           GET https://api.nuget.org/v3-flatcontainer/microsoft.codecoverage/17.12.0/microsoft.codecoverage.17.12.0.nupkg
           OK https://api.nuget.org/v3-flatcontainer/system.configuration.configurationmanager/index.json 859ms
           GET https://api.nuget.org/v3-flatcontainer/system.configuration.configurationmanager/4.4.0/system.configuration.configurationmanager.4.4.0.nupkg
           OK https://api.nuget.org/v3-flatcontainer/xunit.core/index.json 927ms
           GET https://api.nuget.org/v3-flatcontainer/xunit.core/2.9.2/xunit.core.2.9.2.nupkg
           OK https://api.nuget.org/v3-flatcontainer/xunit.assert/index.json 964ms
           GET https://api.nuget.org/v3-flatcontainer/xunit.assert/2.9.2/xunit.assert.2.9.2.nupkg
           OK https://api.nuget.org/v3-flatcontainer/xunit.analyzers/index.json 967ms
           GET https://api.nuget.org/v3-flatcontainer/xunit.analyzers/1.16.0/xunit.analyzers.1.16.0.nupkg
           OK https://api.nuget.org/v3-flatcontainer/castle.core/index.json 1002ms
           GET https://api.nuget.org/v3-flatcontainer/castle.core/5.1.1/castle.core.5.1.1.nupkg
           OK https://api.nuget.org/v3-flatcontainer/avalonia.buildservices/0.0.31/avalonia.buildservices.0.0.31.nupkg 634ms
           OK https://api.nuget.org/v3-flatcontainer/microsoft.extensions.options/index.json 612ms
           GET https://api.nuget.org/v3-flatcontainer/microsoft.extensions.options/8.0.0/microsoft.extensions.options.8.0.0.nupkg
           OK https://api.nuget.org/v3-flatcontainer/system.reactive/index.json 644ms
           GET https://api.nuget.org/v3-flatcontainer/system.reactive/6.0.1/system.reactive.6.0.1.nupkg
           OK https://api.nuget.org/v3-flatcontainer/avalonia.controls.colorpicker/index.json 667ms
           GET https://api.nuget.org/v3-flatcontainer/avalonia.controls.colorpicker/11.3.6/avalonia.controls.colorpicker.11.3.6.nupkg
           GET https://api.nuget.org/v3-flatcontainer/avalonia.controls.colorpicker/11.2.5/avalonia.controls.colorpicker.11.2.5.nupkg
           OK https://api.nuget.org/v3-flatcontainer/system.text.json/index.json 772ms
           GET https://api.nuget.org/v3-flatcontainer/system.text.json/9.0.4/system.text.json.9.0.4.nupkg
           OK https://api.nuget.org/v3-flatcontainer/splat/index.json 802ms
           GET https://api.nuget.org/v3-flatcontainer/splat/15.1.1/splat.15.1.1.nupkg
           GET https://api.nuget.org/v3-flatcontainer/splat/14.8.6/splat.14.8.6.nupkg
           OK https://api.nuget.org/v3-flatcontainer/avalonia.themes.simple/index.json 814ms
           GET https://api.nuget.org/v3-flatcontainer/avalonia.themes.simple/11.3.6/avalonia.themes.simple.11.3.6.nupkg
           OK https://api.nuget.org/v3-flatcontainer/microcom.runtime/0.11.0/microcom.runtime.0.11.0.nupkg 730ms
           OK https://api.nuget.org/v3-flatcontainer/dynamicdata/index.json 859ms
           GET https://api.nuget.org/v3-flatcontainer/dynamicdata/8.4.1/dynamicdata.8.4.1.nupkg
           OK https://api.nuget.org/v3-flatcontainer/avalonia.native/11.3.6/avalonia.native.11.3.6.nupkg 705ms
           OK https://api.nuget.org/v3-flatcontainer/avalonia.remote.protocol/11.3.6/avalonia.remote.protocol.11.3.6.nupkg 982ms
           OK https://api.nuget.org/v3-flatcontainer/avalonia.x11/11.3.6/avalonia.x11.11.3.6.nupkg 826ms
           GET https://api.nuget.org/v3-flatcontainer/avalonia.freedesktop/index.json
           OK https://api.nuget.org/v3-flatcontainer/system.componentmodel.annotations/index.json 1105ms
           GET https://api.nuget.org/v3-flatcontainer/system.componentmodel.annotations/5.0.0/system.componentmodel.annotations.5.0.0.nupkg
           OK https://api.nuget.org/v3-flatcontainer/avalonia.skia/11.3.6/avalonia.skia.11.3.6.nupkg 884ms
           GET https://api.nuget.org/v3-flatcontainer/skiasharp.nativeassets.webassembly/index.json
           GET https://api.nuget.org/v3-flatcontainer/harfbuzzsharp/index.json
           GET https://api.nuget.org/v3-flatcontainer/harfbuzzsharp.nativeassets.webassembly/index.json
           GET https://api.nuget.org/v3-flatcontainer/skiasharp/index.json
           GET https://api.nuget.org/v3-flatcontainer/skiasharp.nativeassets.linux/index.json
           GET https://api.nuget.org/v3-flatcontainer/harfbuzzsharp.nativeassets.linux/index.json
           OK https://api.nuget.org/v3-flatcontainer/projektanker.icons.avalonia/index.json 1197ms
           OK https://api.nuget.org/v3-flatcontainer/avalonia.win32/11.3.6/avalonia.win32.11.3.6.nupkg 875ms
           GET https://api.nuget.org/v3-flatcontainer/avalonia.angle.windows.natives/index.json
           OK https://api.nuget.org/v3-flatcontainer/system.configuration.configurationmanager/4.4.0/system.configuration.configurationmanager.4.4.0.nupkg 850ms
           GET https://api.nuget.org/v3-flatcontainer/projektanker.icons.avalonia/9.6.2/projektanker.icons.avalonia.9.6.2.nupkg
           GET https://api.nuget.org/v3-flatcontainer/system.security.cryptography.protecteddata/index.json
           OK https://api.nuget.org/v3-flatcontainer/microsoft.codecoverage/17.12.0/microsoft.codecoverage.17.12.0.nupkg 950ms
           OK https://api.nuget.org/v3-flatcontainer/avalonia.skia/11.2.5/avalonia.skia.11.2.5.nupkg 1051ms
           OK https://api.nuget.org/v3-flatcontainer/microsoft.extensions.dependencyinjection.abstractions/8.0.0/microsoft.extensions.dependencyinjection.abstractions.8.0.0.nupkg 1087ms
           OK https://api.nuget.org/v3-flatcontainer/microsoft.extensions.options/8.0.0/microsoft.extensions.options.8.0.0.nupkg 779ms
           OK https://api.nuget.org/v3-flatcontainer/microsoft.testplatform.testhost/17.12.0/microsoft.testplatform.testhost.17.12.0.nupkg 1115ms
           OK https://api.nuget.org/v3-flatcontainer/xunit.assert/2.9.2/xunit.assert.2.9.2.nupkg 1024ms
           GET https://api.nuget.org/v3-flatcontainer/newtonsoft.json/index.json
           GET https://api.nuget.org/v3-flatcontainer/microsoft.testplatform.objectmodel/index.json
           OK https://api.nuget.org/v3-flatcontainer/avalonia.controls.colorpicker/11.2.5/avalonia.controls.colorpicker.11.2.5.nupkg 921ms
           OK https://api.nuget.org/v3-flatcontainer/xunit.core/2.9.2/xunit.core.2.9.2.nupkg 1229ms
           OK https://api.nuget.org/v3-flatcontainer/xunit.analyzers/1.16.0/xunit.analyzers.1.16.0.nupkg 1195ms
           OK https://api.nuget.org/v3-flatcontainer/system.text.json/9.0.4/system.text.json.9.0.4.nupkg 927ms
           OK https://api.nuget.org/v3-flatcontainer/avalonia.controls.colorpicker/11.3.6/avalonia.controls.colorpicker.11.3.6.nupkg 1144ms
           OK https://api.nuget.org/v3-flatcontainer/castle.core/5.1.1/castle.core.5.1.1.nupkg 1285ms
           GET https://api.nuget.org/v3-flatcontainer/xunit.extensibility.execution/index.json
           GET https://api.nuget.org/v3-flatcontainer/xunit.extensibility.core/index.json
           GET https://api.nuget.org/v3-flatcontainer/system.diagnostics.eventlog/index.json
           GET https://api.nuget.org/v3-flatcontainer/avalonia.controls.datagrid/11.2.5/avalonia.controls.datagrid.11.2.5.nupkg
           GET https://api.nuget.org/v3-flatcontainer/avalonia/11.2.5/avalonia.11.2.5.nupkg
           GET https://api.nuget.org/v3-flatcontainer/avalonia/11.3.0/avalonia.11.3.0.nupkg
           GET https://api.nuget.org/v3-flatcontainer/microsoft.extensions.dependencyinjection/7.0.0/microsoft.extensions.dependencyinjection.7.0.0.nupkg
           OK https://api.nuget.org/v3-flatcontainer/system.reactive/6.0.1/system.reactive.6.0.1.nupkg 1201ms
           OK https://api.nuget.org/v3-flatcontainer/avalonia.themes.simple/11.3.6/avalonia.themes.simple.11.3.6.nupkg 1110ms
           OK https://api.nuget.org/v3-flatcontainer/splat/14.8.6/splat.14.8.6.nupkg 1132ms
           OK https://api.nuget.org/v3-flatcontainer/dynamicdata/8.4.1/dynamicdata.8.4.1.nupkg 1082ms
           GET https://api.nuget.org/v3-flatcontainer/system.reactive/6.0.0/system.reactive.6.0.0.nupkg
           OK https://api.nuget.org/v3-flatcontainer/skiasharp/index.json 959ms
           GET https://api.nuget.org/v3-flatcontainer/skiasharp/2.88.9/skiasharp.2.88.9.nupkg
           OK https://api.nuget.org/v3-flatcontainer/system.componentmodel.annotations/5.0.0/system.componentmodel.annotations.5.0.0.nupkg 1022ms
           OK https://api.nuget.org/v3-flatcontainer/splat/15.1.1/splat.15.1.1.nupkg 1355ms
           GET https://api.nuget.org/v3-flatcontainer/microsoft.extensions.primitives/index.json
           OK https://api.nuget.org/v3-flatcontainer/harfbuzzsharp.nativeassets.linux/index.json 1045ms
           GET https://api.nuget.org/v3-flatcontainer/harfbuzzsharp.nativeassets.linux/8.3.1.1/harfbuzzsharp.nativeassets.linux.8.3.1.1.nupkg
           OK https://api.nuget.org/v3-flatcontainer/avalonia.freedesktop/index.json 1200ms
           GET https://api.nuget.org/v3-flatcontainer/avalonia.freedesktop/11.3.6/avalonia.freedesktop.11.3.6.nupkg
           OK https://api.nuget.org/v3-flatcontainer/skiasharp.nativeassets.linux/index.json 1119ms
           GET https://api.nuget.org/v3-flatcontainer/skiasharp.nativeassets.linux/2.88.9/skiasharp.nativeassets.linux.2.88.9.nupkg
           OK https://api.nuget.org/v3-flatcontainer/harfbuzzsharp.nativeassets.webassembly/index.json 1162ms
           GET https://api.nuget.org/v3-flatcontainer/harfbuzzsharp.nativeassets.webassembly/8.3.1.1/harfbuzzsharp.nativeassets.webassembly.8.3.1.1.nupkg
           OK https://api.nuget.org/v3-flatcontainer/skiasharp.nativeassets.webassembly/index.json 1174ms
           GET https://api.nuget.org/v3-flatcontainer/skiasharp.nativeassets.webassembly/2.88.9/skiasharp.nativeassets.webassembly.2.88.9.nupkg
           OK https://api.nuget.org/v3-flatcontainer/projektanker.icons.avalonia/9.6.2/projektanker.icons.avalonia.9.6.2.nupkg 1125ms
           GET https://api.nuget.org/v3-flatcontainer/system.io.pipelines/index.json
           GET https://api.nuget.org/v3-flatcontainer/system.text.encodings.web/index.json
           OK https://api.nuget.org/v3-flatcontainer/avalonia.angle.windows.natives/index.json 1152ms
           GET https://api.nuget.org/v3-flatcontainer/avalonia.angle.windows.natives/2.1.25547.20250602/avalonia.angle.windows.natives.2.1.25547.20250602.nupkg
           OK https://api.nuget.org/v3-flatcontainer/system.security.cryptography.protecteddata/index.json 1140ms
           GET https://api.nuget.org/v3-flatcontainer/system.security.cryptography.protecteddata/4.4.0/system.security.cryptography.protecteddata.4.4.0.nupkg
           OK https://api.nuget.org/v3-flatcontainer/newtonsoft.json/index.json 984ms
           GET https://api.nuget.org/v3-flatcontainer/newtonsoft.json/13.0.1/newtonsoft.json.13.0.1.nupkg
           OK https://api.nuget.org/v3-flatcontainer/microsoft.testplatform.objectmodel/index.json 1058ms
           GET https://api.nuget.org/v3-flatcontainer/microsoft.testplatform.objectmodel/17.12.0/microsoft.testplatform.objectmodel.17.12.0.nupkg
           OK https://api.nuget.org/v3-flatcontainer/xunit.extensibility.execution/index.json 781ms
           GET https://api.nuget.org/v3-flatcontainer/xunit.extensibility.execution/2.9.2/xunit.extensibility.execution.2.9.2.nupkg
         Installed Microsoft.Extensions.DependencyInjection.Abstractions 8.0.0 from https://api.nuget.org/v3/index.json to /home/runner/.nuget/packages/microsoft.extensions.dependencyinjection.abstractions/8.0.0 with content hash cjWrLkJXK0rs4zofsK4bSdg+jhDLTaxrkXu4gS6Y7MAlCvRyNNgwY/lJi5RDlQOnSZweHqoyvgvbdvQsRIW+hg==.
           OK https://api.nuget.org/v3-flatcontainer/avalonia/11.2.5/avalonia.11.2.5.nupkg 847ms
           OK https://api.nuget.org/v3-flatcontainer/microsoft.extensions.dependencyinjection/7.0.0/microsoft.extensions.dependencyinjection.7.0.0.nupkg 848ms
         Installed Microsoft.Extensions.Logging.Abstractions 8.0.0 from https://api.nuget.org/v3/index.json to /home/runner/.nuget/packages/microsoft.extensions.logging.abstractions/8.0.0 with content hash arDBqTgFCyS0EvRV7O3MZturChstm50OJ0y9bDJvAcmEPJm0FFpFyjU/JLYyStNGGey081DvnQYlncNX5SJJGA==.
           OK https://api.nuget.org/v3-flatcontainer/system.diagnostics.eventlog/index.json 941ms
           GET https://api.nuget.org/v3-flatcontainer/system.diagnostics.eventlog/6.0.0/system.diagnostics.eventlog.6.0.0.nupkg
           GET https://api.nuget.org/v3/vulnerabilities/index.json
           OK https://api.nuget.org/v3-flatcontainer/avalonia.controls.datagrid/11.2.5/avalonia.controls.datagrid.11.2.5.nupkg 954ms
           OK https://api.nuget.org/v3-flatcontainer/avalonia/11.3.0/avalonia.11.3.0.nupkg 962ms
           OK https://api.nuget.org/v3-flatcontainer/xunit.extensibility.core/index.json 986ms
           GET https://api.nuget.org/v3-flatcontainer/xunit.extensibility.core/2.9.2/xunit.extensibility.core.2.9.2.nupkg
           OK https://api.nuget.org/v3-flatcontainer/harfbuzzsharp/index.json 1710ms
           GET https://api.nuget.org/v3-flatcontainer/harfbuzzsharp/8.3.1.1/harfbuzzsharp.8.3.1.1.nupkg
           OK https://api.nuget.org/v3-flatcontainer/system.reactive/6.0.0/system.reactive.6.0.0.nupkg 805ms
           OK https://api.nuget.org/v3-flatcontainer/harfbuzzsharp.nativeassets.linux/8.3.1.1/harfbuzzsharp.nativeassets.linux.8.3.1.1.nupkg 781ms
           OK https://api.nuget.org/v3-flatcontainer/microsoft.extensions.primitives/index.json 966ms
           GET https://api.nuget.org/v3-flatcontainer/microsoft.extensions.primitives/8.0.0/microsoft.extensions.primitives.8.0.0.nupkg
           OK https://api.nuget.org/v3-flatcontainer/skiasharp/2.88.9/skiasharp.2.88.9.nupkg 1085ms
           OK https://api.nuget.org/v3-flatcontainer/skiasharp.nativeassets.linux/2.88.9/skiasharp.nativeassets.linux.2.88.9.nupkg 952ms
           OK https://api.nuget.org/v3-flatcontainer/system.security.cryptography.protecteddata/4.4.0/system.security.cryptography.protecteddata.4.4.0.nupkg 1014ms
           OK https://api.nuget.org/v3-flatcontainer/system.text.encodings.web/index.json 1114ms
           GET https://api.nuget.org/v3-flatcontainer/system.text.encodings.web/9.0.4/system.text.encodings.web.9.0.4.nupkg
           OK https://api.nuget.org/v3-flatcontainer/avalonia.freedesktop/11.3.6/avalonia.freedesktop.11.3.6.nupkg 1252ms
           GET https://api.nuget.org/v3-flatcontainer/tmds.dbus.protocol/index.json
           OK https://api.nuget.org/v3-flatcontainer/system.io.pipelines/index.json 1263ms
           GET https://api.nuget.org/v3-flatcontainer/system.io.pipelines/9.0.4/system.io.pipelines.9.0.4.nupkg
           OK https://api.nuget.org/v3-flatcontainer/avalonia.angle.windows.natives/2.1.25547.20250602/avalonia.angle.windows.natives.2.1.25547.20250602.nupkg 1268ms
           OK https://api.nuget.org/v3-flatcontainer/microsoft.testplatform.objectmodel/17.12.0/microsoft.testplatform.objectmodel.17.12.0.nupkg 1216ms
           OK https://api.nuget.org/v3-flatcontainer/system.diagnostics.eventlog/6.0.0/system.diagnostics.eventlog.6.0.0.nupkg 1072ms
           GET https://api.nuget.org/v3-flatcontainer/system.reflection.metadata/index.json
           OK https://api.nuget.org/v3/vulnerabilities/index.json 1072ms
           OK https://api.nuget.org/v3-flatcontainer/newtonsoft.json/13.0.1/newtonsoft.json.13.0.1.nupkg 1363ms
           OK https://api.nuget.org/v3-flatcontainer/microsoft.extensions.primitives/8.0.0/microsoft.extensions.primitives.8.0.0.nupkg 725ms
           OK https://api.nuget.org/v3-flatcontainer/xunit.extensibility.core/2.9.2/xunit.extensibility.core.2.9.2.nupkg 1057ms
           GET https://api.nuget.org/v3-vulnerabilities/2025.10.08.05.30.15/vulnerability.base.json
           GET https://api.nuget.org/v3-vulnerabilities/2025.10.08.05.30.15/2025.10.09.23.30.20/vulnerability.update.json
           OK https://api.nuget.org/v3-flatcontainer/skiasharp.nativeassets.webassembly/2.88.9/skiasharp.nativeassets.webassembly.2.88.9.nupkg 1586ms
           GET https://api.nuget.org/v3-flatcontainer/xunit.abstractions/index.json
           OK https://api.nuget.org/v3-flatcontainer/xunit.extensibility.execution/2.9.2/xunit.extensibility.execution.2.9.2.nupkg 1300ms
           OK https://api.nuget.org/v3-flatcontainer/harfbuzzsharp.nativeassets.webassembly/8.3.1.1/harfbuzzsharp.nativeassets.webassembly.8.3.1.1.nupkg 1610ms
           OK https://api.nuget.org/v3-flatcontainer/harfbuzzsharp/8.3.1.1/harfbuzzsharp.8.3.1.1.nupkg 1059ms
           GET https://api.nuget.org/v3-flatcontainer/avalonia/11.2.8/avalonia.11.2.8.nupkg
           GET https://api.nuget.org/v3-flatcontainer/harfbuzzsharp.nativeassets.win32/index.json
           GET https://api.nuget.org/v3-flatcontainer/harfbuzzsharp.nativeassets.macos/index.json
           GET https://api.nuget.org/v3-flatcontainer/skiasharp.nativeassets.macos/index.json
           GET https://api.nuget.org/v3-flatcontainer/skiasharp.nativeassets.win32/index.json
           OK https://api.nuget.org/v3-flatcontainer/system.text.encodings.web/9.0.4/system.text.encodings.web.9.0.4.nupkg 573ms
           OK https://api.nuget.org/v3-flatcontainer/tmds.dbus.protocol/index.json 572ms
           GET https://api.nuget.org/v3-flatcontainer/tmds.dbus.protocol/0.21.2/tmds.dbus.protocol.0.21.2.nupkg
           OK https://api.nuget.org/v3-vulnerabilities/2025.10.08.05.30.15/vulnerability.base.json 295ms
           OK https://api.nuget.org/v3-flatcontainer/system.io.pipelines/9.0.4/system.io.pipelines.9.0.4.nupkg 605ms
           OK https://api.nuget.org/v3-flatcontainer/system.reflection.metadata/index.json 505ms
           GET https://api.nuget.org/v3-flatcontainer/system.reflection.metadata/1.6.0/system.reflection.metadata.1.6.0.nupkg
           OK https://api.nuget.org/v3-vulnerabilities/2025.10.08.05.30.15/2025.10.09.23.30.20/vulnerability.update.json 552ms
           OK https://api.nuget.org/v3-flatcontainer/avalonia/11.2.8/avalonia.11.2.8.nupkg 587ms
           OK https://api.nuget.org/v3-flatcontainer/harfbuzzsharp.nativeassets.macos/index.json 575ms
           GET https://api.nuget.org/v3-flatcontainer/harfbuzzsharp.nativeassets.macos/8.3.1.1/harfbuzzsharp.nativeassets.macos.8.3.1.1.nupkg
         Generating MSBuild file /home/runner/work/S7-Tools/S7-Tools/src/S7Tools.Core/obj/S7Tools.Core.csproj.nuget.g.props.
         Generating MSBuild file /home/runner/work/S7-Tools/S7-Tools/src/S7Tools.Core/obj/S7Tools.Core.csproj.nuget.g.targets.
         Writing assets file to disk. Path: /home/runner/work/S7-Tools/S7-Tools/src/S7Tools.Core/obj/project.assets.json
           OK https://api.nuget.org/v3-flatcontainer/harfbuzzsharp.nativeassets.win32/index.json 611ms
           GET https://api.nuget.org/v3-flatcontainer/harfbuzzsharp.nativeassets.win32/8.3.1.1/harfbuzzsharp.nativeassets.win32.8.3.1.1.nupkg
         Restored /home/runner/work/S7-Tools/S7-Tools/src/S7Tools.Core/S7Tools.Core.csproj (in 8.86 sec).
         Restoring packages for /home/runner/work/S7-Tools/S7-Tools/tests/S7Tools.Infrastructure.Logging.Tests/S7Tools.Infrastructure.Logging.Tests.csproj...
           GET https://api.nuget.org/v3-flatcontainer/microsoft.extensions.logging/8.0.1/microsoft.extensions.logging.8.0.1.nupkg
           OK https://api.nuget.org/v3-flatcontainer/skiasharp.nativeassets.win32/index.json 580ms
           GET https://api.nuget.org/v3-flatcontainer/skiasharp.nativeassets.win32/2.88.9/skiasharp.nativeassets.win32.2.88.9.nupkg
           OK https://api.nuget.org/v3-flatcontainer/xunit.abstractions/index.json 846ms
           GET https://api.nuget.org/v3-flatcontainer/xunit.abstractions/2.0.3/xunit.abstractions.2.0.3.nupkg
           OK https://api.nuget.org/v3-flatcontainer/skiasharp.nativeassets.macos/index.json 759ms
           GET https://api.nuget.org/v3-flatcontainer/skiasharp.nativeassets.macos/2.88.9/skiasharp.nativeassets.macos.2.88.9.nupkg
           OK https://api.nuget.org/v3-flatcontainer/tmds.dbus.protocol/0.21.2/tmds.dbus.protocol.0.21.2.nupkg 722ms
           OK https://api.nuget.org/v3-flatcontainer/harfbuzzsharp.nativeassets.win32/8.3.1.1/harfbuzzsharp.nativeassets.win32.8.3.1.1.nupkg 293ms
           GET https://api.nuget.org/v3-flatcontainer/system.io.pipelines/8.0.0/system.io.pipelines.8.0.0.nupkg
           OK https://api.nuget.org/v3-flatcontainer/xunit.abstractions/2.0.3/xunit.abstractions.2.0.3.nupkg 191ms
           OK https://api.nuget.org/v3-flatcontainer/system.reflection.metadata/1.6.0/system.reflection.metadata.1.6.0.nupkg 595ms
           OK https://api.nuget.org/v3-flatcontainer/skiasharp.nativeassets.win32/2.88.9/skiasharp.nativeassets.win32.2.88.9.nupkg 402ms
         Installed Microsoft.TestPlatform.ObjectModel 17.12.0 from https://api.nuget.org/v3/index.json to /home/runner/.nuget/packages/microsoft.testplatform.objectmodel/17.12.0 with content hash TDqkTKLfQuAaPcEb3pDDWnh7b3SyZF+/W9OZvWFp6eJCIiiYFdSB6taE2I6tWrFw5ywhzOb6sreoGJTI6m3rSQ==.
           OK https://api.nuget.org/v3-flatcontainer/harfbuzzsharp.nativeassets.macos/8.3.1.1/harfbuzzsharp.nativeassets.macos.8.3.1.1.nupkg 568ms
           OK https://api.nuget.org/v3-flatcontainer/skiasharp.nativeassets.macos/2.88.9/skiasharp.nativeassets.macos.2.88.9.nupkg 362ms
           OK https://api.nuget.org/v3-flatcontainer/microsoft.extensions.logging/8.0.1/microsoft.extensions.logging.8.0.1.nupkg 599ms
           OK https://api.nuget.org/v3-flatcontainer/system.io.pipelines/8.0.0/system.io.pipelines.8.0.0.nupkg 295ms
           GET https://api.nuget.org/v3-flatcontainer/microsoft.extensions.options/8.0.2/microsoft.extensions.options.8.0.2.nupkg
           GET https://api.nuget.org/v3-flatcontainer/microsoft.extensions.logging.abstractions/8.0.2/microsoft.extensions.logging.abstractions.8.0.2.nupkg
           GET https://api.nuget.org/v3-flatcontainer/microsoft.extensions.dependencyinjection/8.0.1/microsoft.extensions.dependencyinjection.8.0.1.nupkg
         Installed Tmds.DBus.Protocol 0.21.2 from https://api.nuget.org/v3/index.json to /home/runner/.nuget/packages/tmds.dbus.protocol/0.21.2 with content hash ScSMrUrrw8px4kK1Glh0fZv/HQUlg1078bNXNPfRPKQ3WbRzV9HpsydYEOgSoMK5LWICMf2bMwIFH0pGjxjcMA==.
         Installed Microsoft.Extensions.Options 8.0.0 from https://api.nuget.org/v3/index.json to /home/runner/.nuget/packages/microsoft.extensions.options/8.0.0 with content hash JOVOfqpnqlVLUzINQ2fox8evY2SKLYJ3BV8QDe/Jyp21u1T7r45x/R/5QdteURMR5r01GxeJSBBUOCOyaNXA3g==.
         Installed Microsoft.Extensions.Logging 8.0.0 from https://api.nuget.org/v3/index.json to /home/runner/.nuget/packages/microsoft.extensions.logging/8.0.0 with content hash tvRkov9tAJ3xP51LCv3FJ2zINmv1P8Hi8lhhtcKGqM+ImiTCC84uOPEI4z8Cdq2C3o9e+Aa0Gw0rmrsJD77W+w==.
         Installed xunit.assert 2.9.2 from https://api.nuget.org/v3/index.json to /home/runner/.nuget/packages/xunit.assert/2.9.2 with content hash QkNBAQG4pa66cholm28AxijBjrmki98/vsEh4Sx5iplzotvPgpiotcxqJQMRC8d7RV7nIT8ozh97957hDnZwsQ==.
         Installed xunit.runner.visualstudio 2.8.2 from https://api.nuget.org/v3/index.json to /home/runner/.nuget/packages/xunit.runner.visualstudio/2.8.2 with content hash vm1tbfXhFmjFMUmS4M0J0ASXz3/U5XvXBa6DOQUL3fEz4Vt6YPhv+ESCarx6M6D+9kJkJYZKCNvJMas1+nVfmQ==.
         Installed SkiaSharp.NativeAssets.Win32 2.88.9 from https://api.nuget.org/v3/index.json to /home/runner/.nuget/packages/skiasharp.nativeassets.win32/2.88.9 with content hash wb2kYgU7iy84nQLYZwMeJXixvK++GoIuECjU4ECaUKNuflyRlJKyiRhN1MAHswvlvzuvkrjRWlK0Za6+kYQK7w==.
           OK https://api.nuget.org/v3-flatcontainer/microsoft.extensions.options/8.0.2/microsoft.extensions.options.8.0.2.nupkg 452ms
           OK https://api.nuget.org/v3-flatcontainer/microsoft.extensions.logging.abstractions/8.0.2/microsoft.extensions.logging.abstractions.8.0.2.nupkg 438ms
           OK https://api.nuget.org/v3-flatcontainer/microsoft.extensions.dependencyinjection/8.0.1/microsoft.extensions.dependencyinjection.8.0.1.nupkg 434ms
           GET https://api.nuget.org/v3-flatcontainer/microsoft.extensions.dependencyinjection.abstractions/8.0.2/microsoft.extensions.dependencyinjection.abstractions.8.0.2.nupkg
         Installed Avalonia.Diagnostics 11.3.6 from https://api.nuget.org/v3/index.json to /home/runner/.nuget/packages/avalonia.diagnostics/11.3.6 with content hash iOGrfU/0TudsfHARpsreVt5V1oaer838IghYdgZjlOvGKmh5J1uc5GOSBmBodUpuPDE78wmdVrJZLC57qsndzg==.
         Installed System.Text.Encodings.Web 9.0.4 from https://api.nuget.org/v3/index.json to /home/runner/.nuget/packages/system.text.encodings.web/9.0.4 with content hash V+5cCPpk1S2ngekUs9nDrQLHGiWFZMg8BthADQr+Fwi59a8DdHFu26S2oi9Bfgv+d67bqmkPqctJXMEXiimXUg==.
         Installed Microsoft.TestPlatform.TestHost 17.12.0 from https://api.nuget.org/v3/index.json to /home/runner/.nuget/packages/microsoft.testplatform.testhost/17.12.0 with content hash MiPEJQNyADfwZ4pJNpQex+t9/jOClBGMiCiVVFuELCMSX2nmNfvUor3uFVxNNCg30uxDP8JDYfPnMXQzsfzYyg==.
         Installed xunit.core 2.9.2 from https://api.nuget.org/v3/index.json to /home/runner/.nuget/packages/xunit.core/2.9.2 with content hash O6RrNSdmZ0xgEn5kT927PNwog5vxTtKrWMihhhrT0Sg9jQ7iBDciYOwzBgP2krBEk5/GBXI18R1lKvmnxGcb4w==.
         Installed System.Text.Json 9.0.4 from https://api.nuget.org/v3/index.json to /home/runner/.nuget/packages/system.text.json/9.0.4 with content hash pYtmpcO6R3Ef1XilZEHgXP2xBPVORbYEzRP7dl0IAAbN8Dm+kfwio8aCKle97rAWXOExr292MuxWYurIuwN62g==.
         Installed xunit.extensibility.core 2.9.2 from https://api.nuget.org/v3/index.json to /home/runner/.nuget/packages/xunit.extensibility.core/2.9.2 with content hash Ol+KlBJz1x8BrdnhN2DeOuLrr1I/cTwtHCggL9BvYqFuVd/TUSzxNT5O0NxCIXth30bsKxgMfdqLTcORtM52yQ==.
         Installed Avalonia.X11 11.3.6 from https://api.nuget.org/v3/index.json to /home/runner/.nuget/packages/avalonia.x11/11.3.6 with content hash 6NKE1py4zbkMJg++2rMJHyjEXNo2JU0Nj9nEMnXh2gyHyfclhULIGIqmpsLvJ7Ljv1+6iLDqArCFRn+mi1hANw==.
         Installed Avalonia.Skia 11.3.6 from https://api.nuget.org/v3/index.json to /home/runner/.nuget/packages/avalonia.skia/11.3.6 with content hash qM1qGCUxPpheLwQ6gr+I4h2dhFz3L9Apa1MhiUsUELzSI6FqfzX2+67M8f/6gOHAtrjwxkjpanNW6eF9zW+g7Q==.
         Installed Avalonia.Themes.Simple 11.3.6 from https://api.nuget.org/v3/index.json to /home/runner/.nuget/packages/avalonia.themes.simple/11.3.6 with content hash MuwYjUI9qMdu7TYyJbBntWlZRJWi6QmAYhMEBEdDgiEO0yUpTiKNLpYSn+MS8Xh9Jm9N4krclBigW7FYJkqLOA==.
         Installed Avalonia.Native 11.3.6 from https://api.nuget.org/v3/index.json to /home/runner/.nuget/packages/avalonia.native/11.3.6 with content hash QaIKZLfquJ12Rpwo9pQ2V24TfpJI2tQJeYe235G4cJnI3d699DvMUcntQA1VLDCwAK3xHOSTyoN737oU3f9ErQ==.
         Installed Avalonia.Themes.Fluent 11.3.6 from https://api.nuget.org/v3/index.json to /home/runner/.nuget/packages/avalonia.themes.fluent/11.3.6 with content hash YQ3x66qgMqDxbQoLTqYKGA7yXnxi8fzDL9+CITPrXrVZimlemWmjYqE0NWgd2c78gpp7dNEV4eYzwbbr8bH+9A==.
         Installed Splat 15.1.1 from https://api.nuget.org/v3/index.json to /home/runner/.nuget/packages/splat/15.1.1 with content hash RHDTdF90FwVbRia2cmuIzkiVoETqnXSB2dDBBi/I35HWXqv4OKGqoMcfcd6obMvO2OmmY5PjU1M62K8LkJafAA==.
         Installed Avalonia.Controls.DataGrid 11.3.6 from https://api.nuget.org/v3/index.json to /home/runner/.nuget/packages/avalonia.controls.datagrid/11.3.6 with content hash +zKAPaJOatN9o65v8fSAwZeDsBdIIBz+6lDfAwYaCUzlBw15aFGI57fGYyf4titVajjUi3ljhuzUgDTEo0mTww==.
         Installed ReactiveUI 20.1.1 from https://api.nuget.org/v3/index.json to /home/runner/.nuget/packages/reactiveui/20.1.1 with content hash 9hNPknWjijnaSWs6auypoXqUptPZcRpUypF+cf1zD50fgW+SEoQda502N3fVZ2eWPcaiUad+z6GaLwOWmUVHNw==.
         Installed Avalonia.Controls.ColorPicker 11.3.6 from https://api.nuget.org/v3/index.json to /home/runner/.nuget/packages/avalonia.controls.colorpicker/11.3.6 with content hash zgJFM7P7hOS9qcuSUqL2tjBFIsi03qiwAztYjtjtKjfBvLBOrVcmL5qHwjfjeLRLtjHprjMraAHtu3O2vi+51g==.
         Installed Avalonia.Fonts.Inter 11.3.6 from https://api.nuget.org/v3/index.json to /home/runner/.nuget/packages/avalonia.fonts.inter/11.3.6 with content hash ASuCuosS8elNsRxNpdZE/UrmMSh1wtwoqRDEgpdcbVuMRUH/8ElCur5PdyWhJSwIit/YXaS+xb2xQAGOnvT45w==.
         Installed Avalonia.Skia 11.2.5 from https://api.nuget.org/v3/index.json to /home/runner/.nuget/packages/avalonia.skia/11.2.5 with content hash rUjWmLtx2E95DyzUzHGx7PBQwr+sa0Tt64Jd72s3eEALLQU13RUnwqHkUZv0g8uzNRTsWcKHden4eIyCc+dcNQ==.
         Installed Avalonia.Angle.Windows.Natives 2.1.25547.20250602 from https://api.nuget.org/v3/index.json to /home/runner/.nuget/packages/avalonia.angle.windows.natives/2.1.25547.20250602 with content hash ZL0VLc4s9rvNNFt19Pxm5UNAkmKNylugAwJPX9ulXZ6JWs/l6XZihPWWTyezaoNOVyEPU8YbURtW7XMAtqXH5A==.
         Installed HarfBuzzSharp 8.3.1.1 from https://api.nuget.org/v3/index.json to /home/runner/.nuget/packages/harfbuzzsharp/8.3.1.1 with content hash tLZN66oe/uiRPTZfrCU4i8ScVGwqHNh5MHrXj0yVf4l7Mz0FhTGnQ71RGySROTmdognAs0JtluHkL41pIabWuQ==.
         Installed Avalonia.Remote.Protocol 11.3.6 from https://api.nuget.org/v3/index.json to /home/runner/.nuget/packages/avalonia.remote.protocol/11.3.6 with content hash i1lW1ZA5Ghe19kbPiC2pMq48P/9CcOWi8hFj0Y8UZr/czCQok3YJRwU5z8vKsJ5xsMvzpPf+GO/6Qu9Dy2yLvg==.
         Installed Projektanker.Icons.Avalonia 9.6.2 from https://api.nuget.org/v3/index.json to /home/runner/.nuget/packages/projektanker.icons.avalonia/9.6.2 with content hash AFPMAp41KvbZCpvo5uS83KVFVVDe6nfWSSmefeP3MBDT1eZosKObcXhNI1BAyt4CDPAaB7dUWaOPAYanzk5ybQ==.
         Installed xunit.analyzers 1.16.0 from https://api.nuget.org/v3/index.json to /home/runner/.nuget/packages/xunit.analyzers/1.16.0 with content hash hptYM7vGr46GUIgZt21YHO4rfuBAQS2eINbFo16CV/Dqq+24Tp+P5gDCACu1AbFfW4Sp/WRfDPSK8fmUUb8s0Q==.
         Installed System.IO.Pipelines 8.0.0 from https://api.nuget.org/v3/index.json to /home/runner/.nuget/packages/system.io.pipelines/8.0.0 with content hash FHNOatmUq0sqJOkTx+UF/9YK1f180cnW5FVqnQMvYUN0elp6wFzbtPSiqbo1/ru8ICp43JM1i7kKkk6GsNGHlA==.
         Installed HarfBuzzSharp.NativeAssets.macOS 8.3.1.1 from https://api.nuget.org/v3/index.json to /home/runner/.nuget/packages/harfbuzzsharp.nativeassets.macos/8.3.1.1 with content hash jbtCsgftcaFLCA13tVKo5iWdElJScrulLTKJre36O4YQTIlwDtPPqhRZNk+Y0vv4D1gxbscasGRucUDfS44ofQ==.
         Installed Avalonia.ReactiveUI 11.3.6 from https://api.nuget.org/v3/index.json to /home/runner/.nuget/packages/avalonia.reactiveui/11.3.6 with content hash TV2pPlqKhe9gdcbzidQnnn1nQLrEJW6tUI1ky9btPlilWBxaOciCiK6nxEzqW3bdSAzuMkX6TQcLfFFgGEz5JA==.
         Installed Projektanker.Icons.Avalonia.FontAwesome 9.6.2 from https://api.nuget.org/v3/index.json to /home/runner/.nuget/packages/projektanker.icons.avalonia.fontawesome/9.6.2 with content hash mFDatxzoIUvBIHtPo45kX2sufhp+qf6L3I5WT/shUXrfbKbvIff4dtfjqFWCK2Z3RH31l0I9L7UHY5VLYsqX2g==.
         Installed Microsoft.NET.Test.Sdk 17.12.0 from https://api.nuget.org/v3/index.json to /home/runner/.nuget/packages/microsoft.net.test.sdk/17.12.0 with content hash kt/PKBZ91rFCWxVIJZSgVLk+YR+4KxTuHf799ho8WNiK5ZQpJNAEZCAWX86vcKrs+DiYjiibpYKdGZP6+/N17w==.
         Installed xunit.extensibility.execution 2.9.2 from https://api.nuget.org/v3/index.json to /home/runner/.nuget/packages/xunit.extensibility.execution/2.9.2 with content hash rKMpq4GsIUIJibXuZoZ8lYp5EpROlnYaRpwu9Zr0sRZXE7JqJfEEbCsUriZqB+ByXCLFBJyjkTRULMdC+U566g==.
         Installed System.IO.Pipelines 9.0.4 from https://api.nuget.org/v3/index.json to /home/runner/.nuget/packages/system.io.pipelines/9.0.4 with content hash luF2Xba+lTe2GOoNQdZLe8q7K6s7nSpWZl9jIwWNMszN4/Yv0lmxk9HISgMmwdyZ83i3UhAGXaSY9o6IJBUuuA==.
         Installed Microsoft.Extensions.DependencyInjection 8.0.0 from https://api.nuget.org/v3/index.json to /home/runner/.nuget/packages/microsoft.extensions.dependencyinjection/8.0.0 with content hash V8S3bsm50ig6JSyrbcJJ8bW2b9QLGouz+G1miK3UTaOWmMtFwNNNzUf4AleyDWUmTrWMLNnFSLEQtxmxgNQnNQ==.
         Installed CommunityToolkit.Mvvm 8.2.0 from https://api.nuget.org/v3/index.json to /home/runner/.nuget/packages/communitytoolkit.mvvm/8.2.0 with content hash F883u+B0AVUkRZS+VQBiZEJiqlGiiQhGA8Ejy1/Y8fl4ecBmSd+HYuDso0iiUhh+UxRDjp2aTQ7jGkuL2S4NrA==.
         Installed FluentAvaloniaUI 2.4.0 from https://api.nuget.org/v3/index.json to /home/runner/.nuget/packages/fluentavaloniaui/2.4.0 with content hash KWpXexfCgDcVNanzzR+QXQKk300Xd9rImAZkMIrCG3TdKZ+s9sdMW3JfvKJWpzS74Y3JSZkY67Ngeh5nbtEtEw==.
         Installed System.Diagnostics.EventLog 6.0.0 from https://api.nuget.org/v3/index.json to /home/runner/.nuget/packages/system.diagnostics.eventlog/6.0.0 with content hash lcyUiXTsETK2ALsZrX+nWuHSIQeazhqPphLfaRxzdGaG93+0kELqpgEHtwWOlQe7+jSFnKwaCAgL4kjeZCQJnw==.
         Installed SkiaSharp 2.88.9 from https://api.nuget.org/v3/index.json to /home/runner/.nuget/packages/skiasharp/2.88.9 with content hash 3MD5VHjXXieSHCleRLuaTXmL2pD0mB7CcOB1x2kA1I4bhptf4e3R27iM93264ZYuAq6mkUyX5XbcxnZvMJYc1Q==.
         Installed Avalonia 11.3.6 from https://api.nuget.org/v3/index.json to /home/runner/.nuget/packages/avalonia/11.3.6 with content hash h8V6Cmklaak2h+WVp5gcsprwmrCLQylfNmIQnOQyiETzOazKGmFhlcf+K9zoupxfkhOQXsbSJpb/elyCkrjlig==.
         Installed Avalonia 11.2.8 from https://api.nuget.org/v3/index.json to /home/runner/.nuget/packages/avalonia/11.2.8 with content hash zvrffaxj4Jl8yhJ74jrHRTJG2EJM2j9LyXbw2FVk3jhU35Zq7JP+NIBHNW6FCMS1L+bCsrt750wNVjqWPFAYaQ==.
         Installed HarfBuzzSharp.NativeAssets.WebAssembly 8.3.1.1 from https://api.nuget.org/v3/index.json to /home/runner/.nuget/packages/harfbuzzsharp.nativeassets.webassembly/8.3.1.1 with content hash loJweK2u/mH/3C2zBa0ggJlITIszOkK64HLAZB7FUT670dTg965whLFYHDQo69NmC4+d9UN0icLC9VHidXaVCA==.
         Installed MicroCom.Runtime 0.11.0 from https://api.nuget.org/v3/index.json to /home/runner/.nuget/packages/microcom.runtime/0.11.0 with content hash MEnrZ3UIiH40hjzMDsxrTyi8dtqB5ziv3iBeeU4bXsL/7NLSal9F1lZKpK+tfBRnUoDSdtcW3KufE4yhATOMCA==.
         Installed Avalonia.Controls.ColorPicker 11.2.5 from https://api.nuget.org/v3/index.json to /home/runner/.nuget/packages/avalonia.controls.colorpicker/11.2.5 with content hash m7jIdyoPVIhypn6CwoCHWmg3LW3XY29he+E/gTFYUnT/b3otLuUlIF/6ylburCoclhBFLnN5RmuWqCGYJ/LY0g==.
         Installed SkiaSharp.NativeAssets.Linux 2.88.9 from https://api.nuget.org/v3/index.json to /home/runner/.nuget/packages/skiasharp.nativeassets.linux/2.88.9 with content hash cWSaJKVPWAaT/WIn9c8T5uT/l4ETwHxNJTkEOtNKjphNo8AW6TF9O32aRkxqw3l8GUdUo66Bu7EiqtFh/XG0Zg==.
         Installed Avalonia.BuildServices 0.0.31 from https://api.nuget.org/v3/index.json to /home/runner/.nuget/packages/avalonia.buildservices/0.0.31 with content hash KmCN6Hc+45q4OnF10ge450yVUvWuxU6bdQiyKqiSvrHKpahNrEdk0kG6Ip6GHk2SKOCttGQuA206JVdkldEENg==.
         Installed DynamicData 8.4.1 from https://api.nuget.org/v3/index.json to /home/runner/.nuget/packages/dynamicdata/8.4.1 with content hash Mn1+fU/jqxgONEJq8KLQPGWEi7g/hUVTbjZyn4QM0sWWDAVOHPO9WjXWORSykwdfg/6S3GM15qsfz+2EvO+QAQ==.
         Installed Avalonia.FreeDesktop 11.3.6 from https://api.nuget.org/v3/index.json to /home/runner/.nuget/packages/avalonia.freedesktop/11.3.6 with content hash vI+m3r5GRoF0CS1EpMG+gx9qCQVkCwlsHyW6+UWxNNpL2IZ9S3zPt/GNgG6vFrhZpBTsoG+OZnZ9XPRT+KkqUw==.
         Installed NSubstitute 5.1.0 from https://api.nuget.org/v3/index.json to /home/runner/.nuget/packages/nsubstitute/5.1.0 with content hash ZCqOP3Kpp2ea7QcLyjMU4wzE+0wmrMN35PQMsdPOHYc2IrvjmusG9hICOiqiOTPKN0gJon6wyCn6ZuGHdNs9hQ==.
           OK https://api.nuget.org/v3-flatcontainer/microsoft.extensions.dependencyinjection.abstractions/8.0.2/microsoft.extensions.dependencyinjection.abstractions.8.0.2.nupkg 1421ms
         Installed Splat.Microsoft.Extensions.DependencyInjection 14.8.6 from https://api.nuget.org/v3/index.json to /home/runner/.nuget/packages/splat.microsoft.extensions.dependencyinjection/14.8.6 with content hash Uxm3NpzA3bsGnDz5ZkOyBxVuz/sVEaA+ysMYaZ5HfOVtmroyDu1EbLfMaz6Nsq7u6etYhgHd46PseyKkp2g9Vw==.
         Installed Splat 14.8.6 from https://api.nuget.org/v3/index.json to /home/runner/.nuget/packages/splat/14.8.6 with content hash NsCqUnPHLJQaEyP55RhOKPGB/3c9McWCodjR3OMazs39ghYBeyWqrUm2WsTDiTUoI1Bd0lmCkkF0hbmM1xeBgw==.
         Installed HarfBuzzSharp.NativeAssets.Win32 8.3.1.1 from https://api.nuget.org/v3/index.json to /home/runner/.nuget/packages/harfbuzzsharp.nativeassets.win32/8.3.1.1 with content hash UsJtQsfAJoFDZrXc4hCUfRPMqccfKZ0iumJ/upcUjz/cmsTgVFGNEL5yaJWmkqsuFYdMWbj/En5/kS4PFl9hBA==.
         Installed System.Security.Cryptography.ProtectedData 4.4.0 from https://api.nuget.org/v3/index.json to /home/runner/.nuget/packages/system.security.cryptography.protecteddata/4.4.0 with content hash cJV7ScGW7EhatRsjehfvvYVBvtiSMKgN8bOVI0bQhnF5bU7vnHVIsH49Kva7i7GWaWYvmEzkYVk1TC+gZYBEog==.
         Installed xunit 2.9.2 from https://api.nuget.org/v3/index.json to /home/runner/.nuget/packages/xunit/2.9.2 with content hash 7LhFS2N9Z6Xgg8aE5lY95cneYivRMfRI8v+4PATa4S64D5Z/Plkg0qa8dTRHSiGRgVZ/CL2gEfJDE5AUhOX+2Q==.
         Installed Avalonia.Desktop 11.3.6 from https://api.nuget.org/v3/index.json to /home/runner/.nuget/packages/avalonia.desktop/11.3.6 with content hash +r/3tPkf2E7rxbKYYd5bRq9vdaPCvuhf+PAKFmKqdQrzjWPSP4/Dg0VDIcgPsv+A2Tq82x67ZUJGQyhiLfsMVQ==.
         Installed Avalonia.Controls.DataGrid 11.2.5 from https://api.nuget.org/v3/index.json to /home/runner/.nuget/packages/avalonia.controls.datagrid/11.2.5 with content hash XziirhxOoHhoFyfMFpS1Ka9GrewoMPTvA9nE/70OfxREwLUxiJLJwA5N7F8+C5DpRfHVZj9zZV2WdOn4tVXSag==.
         Installed System.Reflection.Metadata 1.6.0 from https://api.nuget.org/v3/index.json to /home/runner/.nuget/packages/system.reflection.metadata/1.6.0 with content hash COC1aiAJjCoA5GBF+QKL2uLqEBew4JsCkQmoHKbN3TlOZKa2fKLz5CpiRQKDz0RsAOEGsVKqOD5bomsXq/4STQ==.
         Installed coverlet.collector 6.0.2 from https://api.nuget.org/v3/index.json to /home/runner/.nuget/packages/coverlet.collector/6.0.2 with content hash bJShQ6uWRTQ100ZeyiMqcFlhP7WJ+bCuabUs885dJiBEzMsJMSFr7BOyeCw4rgvQokteGi5rKQTlkhfQPUXg2A==.
         Installed System.ComponentModel.Annotations 5.0.0 from https://api.nuget.org/v3/index.json to /home/runner/.nuget/packages/system.componentmodel.annotations/5.0.0 with content hash dMkqfy2el8A8/I76n2Hi1oBFEbG1SfxD2l5nhwXV3XjlnOmwxJlQbYpJH4W51odnU9sARCSAgv7S3CyAFMkpYg==.
         Installed Microsoft.Extensions.DependencyInjection.Abstractions 8.0.2 from https://api.nuget.org/v3/index.json to /home/runner/.nuget/packages/microsoft.extensions.dependencyinjection.abstractions/8.0.2 with content hash 3iE7UF7MQkCv1cxzCahz+Y/guQbTqieyxyaWKhrRO91itI9cOKO76OHeQDahqG4MmW5umr3CcCvGmK92lWNlbg==.
         Installed FluentAssertions 6.12.0 from https://api.nuget.org/v3/index.json to /home/runner/.nuget/packages/fluentassertions/6.12.0 with content hash ZXhHT2YwP9lajrwSKbLlFqsmCCvFJMoRSK9t7sImfnCyd0OB3MhgxdoMcVqxbq1iyxD6mD2fiackWmBb7ayiXQ==.
         Installed System.Reactive 6.0.0 from https://api.nuget.org/v3/index.json to /home/runner/.nuget/packages/system.reactive/6.0.0 with content hash 31kfaW4ZupZzPsI5PVe77VhnvFF55qgma7KZr/E0iFTs6fmdhhG8j0mgEx620iLTey1EynOkEfnyTjtNEpJzGw==.
         Installed Moq 4.20.70 from https://api.nuget.org/v3/index.json to /home/runner/.nuget/packages/moq/4.20.70 with content hash 4rNnAwdpXJBuxqrOCzCyICXHSImOTRktCgCWXWykuF1qwoIsVvEnR7PjbMk/eLOxWvhmj5Kwt+kDV3RGUYcNwg==.
         Installed SkiaSharp.NativeAssets.macOS 2.88.9 from https://api.nuget.org/v3/index.json to /home/runner/.nuget/packages/skiasharp.nativeassets.macos/2.88.9 with content hash Nv5spmKc4505Ep7oUoJ5vp3KweFpeNqxpyGDWyeEPTX2uR6S6syXIm3gj75dM0YJz7NPvcix48mR5laqs8dPuA==.
         Installed Microsoft.CodeCoverage 17.12.0 from https://api.nuget.org/v3/index.json to /home/runner/.nuget/packages/microsoft.codecoverage/17.12.0 with content hash 4svMznBd5JM21JIG2xZKGNanAHNXplxf/kQDFfLHXQ3OnpJkayRK/TjacFjA+EYmoyuNXHo/sOETEfcYtAzIrA==.
         Installed Newtonsoft.Json 13.0.1 from https://api.nuget.org/v3/index.json to /home/runner/.nuget/packages/newtonsoft.json/13.0.1 with content hash ppPFpBcvxdsfUonNcvITKqLl3bqxWbDCZIzDWHzjpdAHRFfZe0Dw9HmA0+za13IdyrgJwpkDTDA9fHaxOrt20A==.
         Installed xunit.abstractions 2.0.3 from https://api.nuget.org/v3/index.json to /home/runner/.nuget/packages/xunit.abstractions/2.0.3 with content hash pot1I4YOxlWjIb5jmwvvQNbTrZ3lJQ+jUGkGjWE3hEFM0l5gOnBWS+H3qsex68s5cO52g+44vpGzhAt+42vwKg==.
         Installed Castle.Core 5.1.1 from https://api.nuget.org/v3/index.json to /home/runner/.nuget/packages/castle.core/5.1.1 with content hash rpYtIczkzGpf+EkZgDr9CClTdemhsrwA/W5hMoPjLkRFnXzH44zDLoovXeKtmxb1ykXK9aJVODSpiJml8CTw2g==.
         Installed Avalonia.Xaml.Interactivity 11.3.0.6 from https://api.nuget.org/v3/index.json to /home/runner/.nuget/packages/avalonia.xaml.interactivity/11.3.0.6 with content hash G5zKVK44HjaSXm+DHDukYa04NltlrV9adKAzIwxItcQVVtkqxXBWXv3829xqBc4Ulbt/qbq59qRD4aOxSPWP4Q==.
         Installed Microsoft.Extensions.DependencyInjection 7.0.0 from https://api.nuget.org/v3/index.json to /home/runner/.nuget/packages/microsoft.extensions.dependencyinjection/7.0.0 with content hash elNeOmkeX3eDVG6pYVeV82p29hr+UKDaBhrZyWvWLw/EVZSYEkZlQdkp0V39k/Xehs2Qa0mvoCvkVj3eQxNQ1Q==.
         Installed HarfBuzzSharp.NativeAssets.Linux 8.3.1.1 from https://api.nuget.org/v3/index.json to /home/runner/.nuget/packages/harfbuzzsharp.nativeassets.linux/8.3.1.1 with content hash 3EZ1mpIiKWRLL5hUYA82ZHteeDIVaEA/Z0rA/wU6tjx6crcAkJnBPwDXZugBSfo8+J3EznvRJf49uMsqYfKrHg==.
         Installed System.Configuration.ConfigurationManager 4.4.0 from https://api.nuget.org/v3/index.json to /home/runner/.nuget/packages/system.configuration.configurationmanager/4.4.0 with content hash gWwQv/Ug1qWJmHCmN17nAbxJYmQBM/E94QxKLksvUiiKB1Ld3Sc/eK1lgmbSjDFxkQhVuayI/cGFZhpBSodLrg==.
         Installed Avalonia.Win32 11.3.6 from https://api.nuget.org/v3/index.json to /home/runner/.nuget/packages/avalonia.win32/11.3.6 with content hash KHft8utwz5ktcwHdEAwAPfNGdwqoE0qrwVmPjGYggqJAI4PuaiATkdSObSCXfxRVs2H9aqVB8hiEVB+9rvkxYw==.
         Installed Microsoft.Extensions.Logging 8.0.1 from https://api.nuget.org/v3/index.json to /home/runner/.nuget/packages/microsoft.extensions.logging/8.0.1 with content hash 4x+pzsQEbqxhNf1QYRr5TDkLP9UsLT3A6MdRKDDEgrW7h1ljiEPgTNhKYUhNCCAaVpQECVQ+onA91PTPnIp6Lw==.
         Installed Microsoft.Extensions.DependencyInjection 8.0.1 from https://api.nuget.org/v3/index.json to /home/runner/.nuget/packages/microsoft.extensions.dependencyinjection/8.0.1 with content hash BmANAnR5Xd4Oqw7yQ75xOAYODybZQRzdeNucg7kS5wWKd2PNnMdYtJ2Vciy0QLylRmv42DGl5+AFL9izA6F1Rw==.
         Installed Microsoft.Extensions.Options 8.0.2 from https://api.nuget.org/v3/index.json to /home/runner/.nuget/packages/microsoft.extensions.options/8.0.2 with content hash dWGKvhFybsaZpGmzkGCbNNwBD1rVlWzrZKANLW/CcbFJpCEceMCGzT7zZwHOGBCbwM0SzBuceMj5HN1LKV1QqA==.
         Installed Microsoft.Extensions.Primitives 8.0.0 from https://api.nuget.org/v3/index.json to /home/runner/.nuget/packages/microsoft.extensions.primitives/8.0.0 with content hash bXJEZrW9ny8vjMF1JV253WeLhpEVzFo1lyaZu1vQ4ZxWUlVvknZ/+ftFgVheLubb4eZPSwwxBeqS1JkCOjxd8g==.
         Generating MSBuild file /home/runner/work/S7-Tools/S7-Tools/tests/S7Tools.Core.Tests/obj/S7Tools.Core.Tests.csproj.nuget.g.props.
         Generating MSBuild file /home/runner/work/S7-Tools/S7-Tools/tests/S7Tools.Core.Tests/obj/S7Tools.Core.Tests.csproj.nuget.g.targets.
         Writing assets file to disk. Path: /home/runner/work/S7-Tools/S7-Tools/tests/S7Tools.Core.Tests/obj/project.assets.json
         Restored /home/runner/work/S7-Tools/S7-Tools/tests/S7Tools.Core.Tests/S7Tools.Core.Tests.csproj (in 12.08 sec).
         Installed System.Reactive 6.0.1 from https://api.nuget.org/v3/index.json to /home/runner/.nuget/packages/system.reactive/6.0.1 with content hash rHaWtKDwCi9qJ3ObKo8LHPMuuwv33YbmQi7TcUK1C264V3MFnOr5Im7QgCTdLniztP3GJyeiSg5x8NqYJFqRmg==.
         Restoring packages for /home/runner/work/S7-Tools/S7-Tools/src/S7Tools.Infrastructure.Logging/S7Tools.Infrastructure.Logging.csproj...
         Installed Microsoft.Extensions.Logging.Abstractions 8.0.2 from https://api.nuget.org/v3/index.json to /home/runner/.nuget/packages/microsoft.extensions.logging.abstractions/8.0.2 with content hash nroMDjS7hNBPtkZqVBbSiQaQjWRDxITI8Y7XnDs97rqG3EbzVTNLZQf7bIeUJcaHOV8bca47s1Uxq94+2oGdxA==.
         Generating MSBuild file /home/runner/work/S7-Tools/S7-Tools/src/S7Tools.Infrastructure.Logging/obj/S7Tools.Infrastructure.Logging.csproj.nuget.g.props.
         Generating MSBuild file /home/runner/work/S7-Tools/S7-Tools/src/S7Tools.Infrastructure.Logging/obj/S7Tools.Infrastructure.Logging.csproj.nuget.g.targets.
         Writing assets file to disk. Path: /home/runner/work/S7-Tools/S7-Tools/src/S7Tools.Infrastructure.Logging/obj/project.assets.json
         Restored /home/runner/work/S7-Tools/S7-Tools/src/S7Tools.Infrastructure.Logging/S7Tools.Infrastructure.Logging.csproj (in 11 ms).
         Generating MSBuild file /home/runner/work/S7-Tools/S7-Tools/tests/S7Tools.Infrastructure.Logging.Tests/obj/S7Tools.Infrastructure.Logging.Tests.csproj.nuget.g.props.
         Generating MSBuild file /home/runner/work/S7-Tools/S7-Tools/tests/S7Tools.Infrastructure.Logging.Tests/obj/S7Tools.Infrastructure.Logging.Tests.csproj.nuget.g.targets.
         Writing assets file to disk. Path: /home/runner/work/S7-Tools/S7-Tools/tests/S7Tools.Infrastructure.Logging.Tests/obj/project.assets.json
         Restored /home/runner/work/S7-Tools/S7-Tools/tests/S7Tools.Infrastructure.Logging.Tests/S7Tools.Infrastructure.Logging.Tests.csproj (in 3.25 sec).
         Installed Avalonia 11.3.0 from https://api.nuget.org/v3/index.json to /home/runner/.nuget/packages/avalonia/11.3.0 with content hash /j8J0QcekWFBl+DE/4g8WeSGwUK11auhh5d1o5pfOgi5gMrG6V9QdTsPv0ZCDL73c7dJwwL1BZn1WrhE11I76g==.
         Installed Avalonia 11.2.5 from https://api.nuget.org/v3/index.json to /home/runner/.nuget/packages/avalonia/11.2.5 with content hash drAn4ymqy6c1AWIzpQIFLIQjPx9p7Ffsu+7bYy4vV8MtvmgiQ2s6R5HvmNuWheUtpHyhnowVQoOdJQl5uS6a+A==.
         Installed SkiaSharp.NativeAssets.WebAssembly 2.88.9 from https://api.nuget.org/v3/index.json to /home/runner/.nuget/packages/skiasharp.nativeassets.webassembly/2.88.9 with content hash kt06RccBHSnAs2wDYdBSfsjIDbY3EpsOVqnlDgKdgvyuRA8ZFDaHRdWNx1VHjGgYzmnFCGiTJBnXFl5BqGwGnA==.
         Generating MSBuild file /home/runner/work/S7-Tools/S7-Tools/src/S7Tools/obj/S7Tools.csproj.nuget.g.props.
         Generating MSBuild file /home/runner/work/S7-Tools/S7-Tools/src/S7Tools/obj/S7Tools.csproj.nuget.g.targets.
         Generating MSBuild file /home/runner/work/S7-Tools/S7-Tools/tests/S7Tools.Tests/obj/S7Tools.Tests.csproj.nuget.g.props.
         Writing assets file to disk. Path: /home/runner/work/S7-Tools/S7-Tools/src/S7Tools/obj/project.assets.json
         Generating MSBuild file /home/runner/work/S7-Tools/S7-Tools/tests/S7Tools.Tests/obj/S7Tools.Tests.csproj.nuget.g.targets.
         Writing assets file to disk. Path: /home/runner/work/S7-Tools/S7-Tools/tests/S7Tools.Tests/obj/project.assets.json
         Restored /home/runner/work/S7-Tools/S7-Tools/src/S7Tools/S7Tools.csproj (in 13.19 sec).
         Restored /home/runner/work/S7-Tools/S7-Tools/tests/S7Tools.Tests/S7Tools.Tests.csproj (in 13.19 sec).
         
         NuGet Config files used:
             /home/runner/.nuget/NuGet/NuGet.Config
         
         Feeds used:
             https://api.nuget.org/v3/index.json
         
         Installed:
             2 package(s) to /home/runner/work/S7-Tools/S7-Tools/src/S7Tools.Core/S7Tools.Core.csproj
             23 package(s) to /home/runner/work/S7-Tools/S7-Tools/tests/S7Tools.Core.Tests/S7Tools.Core.Tests.csproj
             5 package(s) to /home/runner/work/S7-Tools/S7-Tools/src/S7Tools.Infrastructure.Logging/S7Tools.Infrastructure.Logging.csproj
             30 package(s) to /home/runner/work/S7-Tools/S7-Tools/tests/S7Tools.Infrastructure.Logging.Tests/S7Tools.Infrastructure.Logging.Tests.csproj
             54 package(s) to /home/runner/work/S7-Tools/S7-Tools/src/S7Tools/S7Tools.csproj
             81 package(s) to /home/runner/work/S7-Tools/S7-Tools/tests/S7Tools.Tests/S7Tools.Tests.csproj
     1>Done Building Project "/home/runner/work/S7-Tools/S7-Tools/src/S7Tools.sln" (Restore target(s)).
   1:2>Project "/home/runner/work/S7-Tools/S7-Tools/src/S7Tools.sln" on node 1 (default targets).
     1>ValidateSolutionConfiguration:
         Building solution configuration "Debug|Any CPU".
   1:2>Project "/home/runner/work/S7-Tools/S7-Tools/src/S7Tools.sln" (1:2) is building "/home/runner/work/S7-Tools/S7-Tools/src/S7Tools.Infrastructure.Logging/S7Tools.Infrastructure.Logging.csproj" (5:8) on node 4 (default targets).
     5>PrepareForBuild:
         Creating directory "bin/Debug/net8.0/".
         Creating directory "obj/Debug/net8.0/".
         Creating directory "/home/runner/work/S7-Tools/S7-Tools/src/S7Tools.Infrastructure.Logging/obj/Debug/net8.0/refint/".
         Creating directory "obj/Debug/net8.0/ref".
   1:2>Project "/home/runner/work/S7-Tools/S7-Tools/src/S7Tools.sln" (1:2) is building "/home/runner/work/S7-Tools/S7-Tools/src/S7Tools.Core/S7Tools.Core.csproj" (4:8) on node 3 (default targets).
     4>PrepareForBuild:
         Creating directory "bin/Debug/net8.0/".
         Creating directory "obj/Debug/net8.0/".
         Creating directory "/home/runner/work/S7-Tools/S7-Tools/src/S7Tools.Core/obj/Debug/net8.0/refint/".
         Creating directory "obj/Debug/net8.0/ref".
   1:2>Project "/home/runner/work/S7-Tools/S7-Tools/src/S7Tools.sln" (1:2) is building "/home/runner/work/S7-Tools/S7-Tools/src/S7Tools/S7Tools.csproj" (2:7) on node 2 (default targets).
     2>PrepareForBuild:
         Creating directory "bin/Debug/net8.0/".
         Creating directory "obj/Debug/net8.0/".
         Creating directory "/home/runner/work/S7-Tools/S7-Tools/src/S7Tools/obj/Debug/net8.0/refint/".
         Creating directory "obj/Debug/net8.0/ref".
   1:2>Project "/home/runner/work/S7-Tools/S7-Tools/src/S7Tools.sln" (1:2) is building "/home/runner/work/S7-Tools/S7-Tools/tests/S7Tools.Tests/S7Tools.Tests.csproj" (7:6) on node 1 (default targets).
     7>PrepareForBuild:
         Creating directory "bin/Debug/net8.0/".
         Creating directory "obj/Debug/net8.0/".
         Creating directory "/home/runner/work/S7-Tools/S7-Tools/tests/S7Tools.Tests/obj/Debug/net8.0/refint/".
         Creating directory "obj/Debug/net8.0/ref".
   1:2>Project "/home/runner/work/S7-Tools/S7-Tools/src/S7Tools.sln" (1:2) is building "/home/runner/work/S7-Tools/S7-Tools/tests/S7Tools.Infrastructure.Logging.Tests/S7Tools.Infrastructure.Logging.Tests.csproj" (6:6) on node 1 (default targets).
     6>PrepareForBuild:
         Creating directory "bin/Debug/net8.0/".
         Creating directory "obj/Debug/net8.0/".
         Creating directory "/home/runner/work/S7-Tools/S7-Tools/tests/S7Tools.Infrastructure.Logging.Tests/obj/Debug/net8.0/refint/".
         Creating directory "obj/Debug/net8.0/ref".
   1:2>Project "/home/runner/work/S7-Tools/S7-Tools/src/S7Tools.sln" (1:2) is building "/home/runner/work/S7-Tools/S7-Tools/tests/S7Tools.Core.Tests/S7Tools.Core.Tests.csproj" (3:6) on node 2 (default targets).
     3>PrepareForBuild:
         Creating directory "bin/Debug/net8.0/".
         Creating directory "obj/Debug/net8.0/".
         Creating directory "/home/runner/work/S7-Tools/S7-Tools/tests/S7Tools.Core.Tests/obj/Debug/net8.0/refint/".
         Creating directory "obj/Debug/net8.0/ref".
     4>_GenerateSourceLinkFile:
         Updating Source Link file 'obj/Debug/net8.0/S7Tools.Core.sourcelink.json'.
     5>_GenerateSourceLinkFile:
         Updating Source Link file 'obj/Debug/net8.0/S7Tools.Infrastructure.Logging.sourcelink.json'.
       CoreCompile:
         /usr/share/dotnet/dotnet exec "/usr/share/dotnet/sdk/9.0.305/Roslyn/bincore/csc.dll" /noconfig /unsafe- /checked- /nowarn:1701,1702,1701,1702 /fullpaths /nostdlib+ /errorreport:prompt /warn:8 /doc:obj/Debug/net8.0/S7Tools.Infrastructure.Logging.xml /define:TRACE;DEBUG;NET;NET8_0;NETCOREAPP;NET5_0_OR_GREATER;NET6_0_OR_GREATER;NET7_0_OR_GREATER;NET8_0_OR_GREATER;NETCOREAPP1_0_OR_GREATER;NETCOREAPP1_1_OR_GREATER;NETCOREAPP2_0_OR_GREATER;NETCOREAPP2_1_OR_GREATER;NETCOREAPP2_2_OR_GREATER;NETCOREAPP3_0_OR_GREATER;NETCOREAPP3_1_OR_GREATER /highentropyva+ /nullable:enable /reference:/usr/share/dotnet/packs/Microsoft.NETCore.App.Ref/8.0.20/ref/net8.0/Microsoft.CSharp.dll /reference:/home/runner/.nuget/packages/microsoft.extensions.dependencyinjection.abstractions/8.0.0/lib/net8.0/Microsoft.Extensions.DependencyInjection.Abstractions.dll /reference:/home/runner/.nuget/packages/microsoft.extensions.dependencyinjection/8.0.0/lib/net8.0/Microsoft.Extensions.DependencyInjection.dll /reference:/home/runner/.nuget/packages/microsoft.extensions.logging.abstractions/8.0.0/lib/net8.0/Microsoft.Extensions.Logging.Abstractions.dll /reference:/home/runner/.nuget/packages/microsoft.extensions.logging/8.0.0/lib/net8.0/Microsoft.Extensions.Logging.dll /reference:/home/runner/.nuget/packages/microsoft.extensions.options/8.0.0/lib/net8.0/Microsoft.Extensions.Options.dll /reference:/home/runner/.nuget/packages/microsoft.extensions.primitives/8.0.0/lib/net8.0/Microsoft.Extensions.Primitives.dll /reference:/usr/share/dotnet/packs/Microsoft.NETCore.App.Ref/8.0.20/ref/net8.0/Microsoft.VisualBasic.Core.dll /reference:/usr/share/dotnet/packs/Microsoft.NETCore.App.Ref/8.0.20/ref/net8.0/Microsoft.VisualBasic.dll /reference:/usr/share/dotnet/packs/Microsoft.NETCore.App.Ref/8.0.20/ref/net8.0/Microsoft.Win32.Primitives.dll /reference:/usr/share/dotnet/packs/Microsoft.NETCore.App.Ref/8.0.20/ref/net8.0/Microsoft.Win32.Registry.dll /reference:/usr/share/dotnet/packs/Microsoft.NETCore.App.Ref/8.0.20/ref/net8.0/mscorlib.dll /reference:/usr/share/dotnet/packs/Microsoft.NETCore.App.Ref/8.0.20/ref/net8.0/netstandard.dll /reference:/usr/share/dotnet/packs/Microsoft.NETCore.App.Ref/8.0.20/ref/net8.0/System.AppContext.dll /reference:/usr/share/dotnet/packs/Microsoft.NETCore.App.Ref/8.0.20/ref/net8.0/System.Buffers.dll /reference:/usr/share/dotnet/packs/Microsoft.NETCore.App.Ref/8.0.20/ref/net8.0/System.Collections.Concurrent.dll /reference:/usr/share/dotnet/packs/Microsoft.NETCore.App.Ref/8.0.20/ref/net8.0/System.Collections.dll /reference:/usr/share/dotnet/packs/Microsoft.NETCore.App.Ref/8.0.20/ref/net8.0/System.Collections.Immutable.dll /reference:/usr/share/dotnet/packs/Microsoft.NETCore.App.Ref/8.0.20/ref/net8.0/System.Collections.NonGeneric.dll /reference:/usr/share/dotnet/packs/Microsoft.NETCore.App.Ref/8.0.20/ref/net8.0/System.Collections.Specialized.dll /reference:/usr/share/dotnet/packs/Microsoft.NETCore.App.Ref/8.0.20/ref/net8.0/System.ComponentModel.Annotations.dll /reference:/usr/share/dotnet/packs/Microsoft.NETCore.App.Ref/8.0.20/ref/net8.0/System.ComponentModel.DataAnnotations.dll /reference:/usr/share/dotnet/packs/Microsoft.NETCore.App.Ref/8.0.20/ref/net8.0/System.ComponentModel.dll /reference:/usr/share/dotnet/packs/Microsoft.NETCore.App.Ref/8.0.20/ref/net8.0/System.ComponentModel.EventBasedAsync.dll /reference:/usr/share/dotnet/packs/Microsoft.NETCore.App.Ref/8.0.20/ref/net8.0/System.ComponentModel.Primitives.dll /reference:/usr/share/dotnet/packs/Microsoft.NETCore.App.Ref/8.0.20/ref/net8.0/System.ComponentModel.TypeConverter.dll /reference:/usr/share/dotnet/packs/Microsoft.NETCore.App.Ref/8.0.20/ref/net8.0/System.Configuration.dll /reference:/usr/share/dotnet/packs/Microsoft.NETCore.App.Ref/8.0.20/ref/net8.0/System.Console.dll /reference:/usr/share/dotnet/packs/Microsoft.NETCore.App.Ref/8.0.20/ref/net8.0/System.Core.dll /reference:/usr/share/dotnet/packs/Microsoft.NETCore.App.Ref/8.0.20/ref/net8.0/System.Data.Common.dll /reference:/usr/share/dotnet/packs/Microsoft.NETCore.App.Ref/8.0.20/ref/net8.0/System.Data.DataSetExtensions.dll /reference:/usr/share/dotnet/packs/Microsoft.NETCore.App.Ref/8.0.20/ref/net8.0/System.Data.dll /reference:/usr/share/dotnet/packs/Microsoft.NETCore.App.Ref/8.0.20/ref/net8.0/System.Diagnostics.Contracts.dll /reference:/usr/share/dotnet/packs/Microsoft.NETCore.App.Ref/8.0.20/ref/net8.0/System.Diagnostics.Debug.dll /reference:/usr/share/dotnet/packs/Microsoft.NETCore.App.Ref/8.0.20/ref/net8.0/System.Diagnostics.DiagnosticSource.dll /reference:/usr/share/dotnet/packs/Microsoft.NETCore.App.Ref/8.0.20/ref/net8.0/System.Diagnostics.FileVersionInfo.dll /reference:/usr/share/dotnet/packs/Microsoft.NETCore.App.Ref/8.0.20/ref/net8.0/System.Diagnostics.Process.dll /reference:/usr/share/dotnet/packs/Microsoft.NETCore.App.Ref/8.0.20/ref/net8.0/System.Diagnostics.StackTrace.dll /reference:/usr/share/dotnet/packs/Microsoft.NETCore.App.Ref/8.0.20/ref/net8.0/System.Diagnostics.TextWriterTraceListener.dll /reference:/usr/share/dotnet/packs/Microsoft.NETCore.App.Ref/8.0.20/ref/net8.0/System.Diagnostics.Tools.dll /reference:/usr/share/dotnet/packs/Microsoft.NETCore.App.Ref/8.0.20/ref/net8.0/System.Diagnostics.TraceSource.dll /reference:/usr/share/dotnet/packs/Microsoft.NETCore.App.Ref/8.0.20/ref/net8.0/System.Diagnostics.Tracing.dll /reference:/usr/share/dotnet/packs/Microsoft.NETCore.App.Ref/8.0.20/ref/net8.0/System.dll /reference:/usr/share/dotnet/packs/Microsoft.NETCore.App.Ref/8.0.20/ref/net8.0/System.Drawing.dll /reference:/usr/share/dotnet/packs/Microsoft.NETCore.App.Ref/8.0.20/ref/net8.0/System.Drawing.Primitives.dll /reference:/usr/share/dotnet/packs/Microsoft.NETCore.App.Ref/8.0.20/ref/net8.0/System.Dynamic.Runtime.dll /reference:/usr/share/dotnet/packs/Microsoft.NETCore.App.Ref/8.0.20/ref/net8.0/System.Formats.Asn1.dll /reference:/usr/share/dotnet/packs/Microsoft.NETCore.App.Ref/8.0.20/ref/net8.0/System.Formats.Tar.dll /reference:/usr/share/dotnet/packs/Microsoft.NETCore.App.Ref/8.0.20/ref/net8.0/System.Globalization.Calendars.dll /reference:/usr/share/dotnet/packs/Microsoft.NETCore.App.Ref/8.0.20/ref/net8.0/System.Globalization.dll /reference:/usr/share/dotnet/packs/Microsoft.NETCore.App.Ref/8.0.20/ref/net8.0/System.Globalization.Extensions.dll /reference:/usr/share/dotnet/packs/Microsoft.NETCore.App.Ref/8.0.20/ref/net8.0/System.IO.Compression.Brotli.dll /reference:/usr/share/dotnet/packs/Microsoft.NETCore.App.Ref/8.0.20/ref/net8.0/System.IO.Compression.dll /reference:/usr/share/dotnet/packs/Microsoft.NETCore.App.Ref/8.0.20/ref/net8.0/System.IO.Compression.FileSystem.dll /reference:/usr/share/dotnet/packs/Microsoft.NETCore.App.Ref/8.0.20/ref/net8.0/System.IO.Compression.ZipFile.dll /reference:/usr/share/dotnet/packs/Microsoft.NETCore.App.Ref/8.0.20/ref/net8.0/System.IO.dll /reference:/usr/share/dotnet/packs/Microsoft.NETCore.App.Ref/8.0.20/ref/net8.0/System.IO.FileSystem.AccessControl.dll /reference:/usr/share/dotnet/packs/Microsoft.NETCore.App.Ref/8.0.20/ref/net8.0/System.IO.FileSystem.dll /reference:/usr/share/dotnet/packs/Microsoft.NETCore.App.Ref/8.0.20/ref/net8.0/System.IO.FileSystem.DriveInfo.dll /reference:/usr/share/dotnet/packs/Microsoft.NETCore.App.Ref/8.0.20/ref/net8.0/System.IO.FileSystem.Primitives.dll /reference:/usr/share/dotnet/packs/Microsoft.NETCore.App.Ref/8.0.20/ref/net8.0/System.IO.FileSystem.Watcher.dll /reference:/usr/share/dotnet/packs/Microsoft.NETCore.App.Ref/8.0.20/ref/net8.0/System.IO.IsolatedStorage.dll /reference:/usr/share/dotnet/packs/Microsoft.NETCore.App.Ref/8.0.20/ref/net8.0/System.IO.MemoryMappedFiles.dll /reference:/usr/share/dotnet/packs/Microsoft.NETCore.App.Ref/8.0.20/ref/net8.0/System.IO.Pipes.AccessControl.dll /reference:/usr/share/dotnet/packs/Microsoft.NETCore.App.Ref/8.0.20/ref/net8.0/System.IO.Pipes.dll /reference:/usr/share/dotnet/packs/Microsoft.NETCore.App.Ref/8.0.20/ref/net8.0/System.IO.UnmanagedMemoryStream.dll /reference:/usr/share/dotnet/packs/Microsoft.NETCore.App.Ref/8.0.20/ref/net8.0/System.Linq.dll /reference:/usr/share/dotnet/packs/Microsoft.NETCore.App.Ref/8.0.20/ref/net8.0/System.Linq.Expressions.dll /reference:/usr/share/dotnet/packs/Microsoft.NETCore.App.Ref/8.0.20/ref/net8.0/System.Linq.Parallel.dll /reference:/usr/share/dotnet/packs/Microsoft.NETCore.App.Ref/8.0.20/ref/net8.0/System.Linq.Queryable.dll /reference:/usr/share/dotnet/packs/Microsoft.NETCore.App.Ref/8.0.20/ref/net8.0/System.Memory.dll /reference:/usr/share/dotnet/packs/Microsoft.NETCore.App.Ref/8.0.20/ref/net8.0/System.Net.dll /reference:/usr/share/dotnet/packs/Microsoft.NETCore.App.Ref/8.0.20/ref/net8.0/System.Net.Http.dll /reference:/usr/share/dotnet/packs/Microsoft.NETCore.App.Ref/8.0.20/ref/net8.0/System.Net.Http.Json.dll /reference:/usr/share/dotnet/packs/Microsoft.NETCore.App.Ref/8.0.20/ref/net8.0/System.Net.HttpListener.dll /reference:/usr/share/dotnet/packs/Microsoft.NETCore.App.Ref/8.0.20/ref/net8.0/System.Net.Mail.dll /reference:/usr/share/dotnet/packs/Microsoft.NETCore.App.Ref/8.0.20/ref/net8.0/System.Net.NameResolution.dll /reference:/usr/share/dotnet/packs/Microsoft.NETCore.App.Ref/8.0.20/ref/net8.0/System.Net.NetworkInformation.dll /reference:/usr/share/dotnet/packs/Microsoft.NETCore.App.Ref/8.0.20/ref/net8.0/System.Net.Ping.dll /reference:/usr/share/dotnet/packs/Microsoft.NETCore.App.Ref/8.0.20/ref/net8.0/System.Net.Primitives.dll /reference:/usr/share/dotnet/packs/Microsoft.NETCore.App.Ref/8.0.20/ref/net8.0/System.Net.Quic.dll /reference:/usr/share/dotnet/packs/Microsoft.NETCore.App.Ref/8.0.20/ref/net8.0/System.Net.Requests.dll /reference:/usr/share/dotnet/packs/Microsoft.NETCore.App.Ref/8.0.20/ref/net8.0/System.Net.Security.dll /reference:/usr/share/dotnet/packs/Microsoft.NETCore.App.Ref/8.0.20/ref/net8.0/System.Net.ServicePoint.dll /reference:/usr/share/dotnet/packs/Microsoft.NETCore.App.Ref/8.0.20/ref/net8.0/System.Net.Sockets.dll /reference:/usr/share/dotnet/packs/Microsoft.NETCore.App.Ref/8.0.20/ref/net8.0/System.Net.WebClient.dll /reference:/usr/share/dotnet/packs/Microsoft.NETCore.App.Ref/8.0.20/ref/net8.0/System.Net.WebHeaderCollection.dll /reference:/usr/share/dotnet/packs/Microsoft.NETCore.App.Ref/8.0.20/ref/net8.0/System.Net.WebProxy.dll /reference:/usr/share/dotnet/packs/Microsoft.NETCore.App.Ref/8.0.20/ref/net8.0/System.Net.WebSockets.Client.dll /reference:/usr/share/dotnet/packs/Microsoft.NETCore.App.Ref/8.0.20/ref/net8.0/System.Net.WebSockets.dll /reference:/usr/share/dotnet/packs/Microsoft.NETCore.App.Ref/8.0.20/ref/net8.0/System.Numerics.dll /reference:/usr/share/dotnet/packs/Microsoft.NETCore.App.Ref/8.0.20/ref/net8.0/System.Numerics.Vectors.dll /reference:/usr/share/dotnet/packs/Microsoft.NETCore.App.Ref/8.0.20/ref/net8.0/System.ObjectModel.dll /reference:/usr/share/dotnet/packs/Microsoft.NETCore.App.Ref/8.0.20/ref/net8.0/System.Reflection.DispatchProxy.dll /reference:/usr/share/dotnet/packs/Microsoft.NETCore.App.Ref/8.0.20/ref/net8.0/System.Reflection.dll /reference:/usr/share/dotnet/packs/Microsoft.NETCore.App.Ref/8.0.20/ref/net8.0/System.Reflection.Emit.dll /reference:/usr/share/dotnet/packs/Microsoft.NETCore.App.Ref/8.0.20/ref/net8.0/System.Reflection.Emit.ILGeneration.dll /reference:/usr/share/dotnet/packs/Microsoft.NETCore.App.Ref/8.0.20/ref/net8.0/System.Reflection.Emit.Lightweight.dll /reference:/usr/share/dotnet/packs/Microsoft.NETCore.App.Ref/8.0.20/ref/net8.0/System.Reflection.Extensions.dll /reference:/usr/share/dotnet/packs/Microsoft.NETCore.App.Ref/8.0.20/ref/net8.0/System.Reflection.Metadata.dll /reference:/usr/share/dotnet/packs/Microsoft.NETCore.App.Ref/8.0.20/ref/net8.0/System.Reflection.Primitives.dll /reference:/usr/share/dotnet/packs/Microsoft.NETCore.App.Ref/8.0.20/ref/net8.0/System.Reflection.TypeExtensions.dll /reference:/usr/share/dotnet/packs/Microsoft.NETCore.App.Ref/8.0.20/ref/net8.0/System.Resources.Reader.dll /reference:/usr/share/dotnet/packs/Microsoft.NETCore.App.Ref/8.0.20/ref/net8.0/System.Resources.ResourceManager.dll /reference:/usr/share/dotnet/packs/Microsoft.NETCore.App.Ref/8.0.20/ref/net8.0/System.Resources.Writer.dll /reference:/usr/share/dotnet/packs/Microsoft.NETCore.App.Ref/8.0.20/ref/net8.0/System.Runtime.CompilerServices.Unsafe.dll /reference:/usr/share/dotnet/packs/Microsoft.NETCore.App.Ref/8.0.20/ref/net8.0/System.Runtime.CompilerServices.VisualC.dll /reference:/usr/share/dotnet/packs/Microsoft.NETCore.App.Ref/8.0.20/ref/net8.0/System.Runtime.dll /reference:/usr/share/dotnet/packs/Microsoft.NETCore.App.Ref/8.0.20/ref/net8.0/System.Runtime.Extensions.dll /reference:/usr/share/dotnet/packs/Microsoft.NETCore.App.Ref/8.0.20/ref/net8.0/System.Runtime.Handles.dll /reference:/usr/share/dotnet/packs/Microsoft.NETCore.App.Ref/8.0.20/ref/net8.0/System.Runtime.InteropServices.dll /reference:/usr/share/dotnet/packs/Microsoft.NETCore.App.Ref/8.0.20/ref/net8.0/System.Runtime.InteropServices.JavaScript.dll /reference:/usr/share/dotnet/packs/Microsoft.NETCore.App.Ref/8.0.20/ref/net8.0/System.Runtime.InteropServices.RuntimeInformation.dll /reference:/usr/share/dotnet/packs/Microsoft.NETCore.App.Ref/8.0.20/ref/net8.0/System.Runtime.Intrinsics.dll /reference:/usr/share/dotnet/packs/Microsoft.NETCore.App.Ref/8.0.20/ref/net8.0/System.Runtime.Loader.dll /reference:/usr/share/dotnet/packs/Microsoft.NETCore.App.Ref/8.0.20/ref/net8.0/System.Runtime.Numerics.dll /reference:/usr/share/dotnet/packs/Microsoft.NETCore.App.Ref/8.0.20/ref/net8.0/System.Runtime.Serialization.dll /reference:/usr/share/dotnet/packs/Microsoft.NETCore.App.Ref/8.0.20/ref/net8.0/System.Runtime.Serialization.Formatters.dll /reference:/usr/share/dotnet/packs/Microsoft.NETCore.App.Ref/8.0.20/ref/net8.0/System.Runtime.Serialization.Json.dll /reference:/usr/share/dotnet/packs/Microsoft.NETCore.App.Ref/8.0.20/ref/net8.0/System.Runtime.Serialization.Primitives.dll /reference:/usr/share/dotnet/packs/Microsoft.NETCore.App.Ref/8.0.20/ref/net8.0/System.Runtime.Serialization.Xml.dll /reference:/usr/share/dotnet/packs/Microsoft.NETCore.App.Ref/8.0.20/ref/net8.0/System.Security.AccessControl.dll /reference:/usr/share/dotnet/packs/Microsoft.NETCore.App.Ref/8.0.20/ref/net8.0/System.Security.Claims.dll /reference:/usr/share/dotnet/packs/Microsoft.NETCore.App.Ref/8.0.20/ref/net8.0/System.Security.Cryptography.Algorithms.dll /reference:/usr/share/dotnet/packs/Microsoft.NETCore.App.Ref/8.0.20/ref/net8.0/System.Security.Cryptography.Cng.dll /reference:/usr/share/dotnet/packs/Microsoft.NETCore.App.Ref/8.0.20/ref/net8.0/System.Security.Cryptography.Csp.dll /reference:/usr/share/dotnet/packs/Microsoft.NETCore.App.Ref/8.0.20/ref/net8.0/System.Security.Cryptography.dll /reference:/usr/share/dotnet/packs/Microsoft.NETCore.App.Ref/8.0.20/ref/net8.0/System.Security.Cryptography.Encoding.dll /reference:/usr/share/dotnet/packs/Microsoft.NETCore.App.Ref/8.0.20/ref/net8.0/System.Security.Cryptography.OpenSsl.dll /reference:/usr/share/dotnet/packs/Microsoft.NETCore.App.Ref/8.0.20/ref/net8.0/System.Security.Cryptography.Primitives.dll /reference:/usr/share/dotnet/packs/Microsoft.NETCore.App.Ref/8.0.20/ref/net8.0/System.Security.Cryptography.X509Certificates.dll /reference:/usr/share/dotnet/packs/Microsoft.NETCore.App.Ref/8.0.20/ref/net8.0/System.Security.dll /reference:/usr/share/dotnet/packs/Microsoft.NETCore.App.Ref/8.0.20/ref/net8.0/System.Security.Principal.dll /reference:/usr/share/dotnet/packs/Microsoft.NETCore.App.Ref/8.0.20/ref/net8.0/System.Security.Principal.Windows.dll /reference:/usr/share/dotnet/packs/Microsoft.NETCore.App.Ref/8.0.20/ref/net8.0/System.Security.SecureString.dll /reference:/usr/share/dotnet/packs/Microsoft.NETCore.App.Ref/8.0.20/ref/net8.0/System.ServiceModel.Web.dll /reference:/usr/share/dotnet/packs/Microsoft.NETCore.App.Ref/8.0.20/ref/net8.0/System.ServiceProcess.dll /reference:/usr/share/dotnet/packs/Microsoft.NETCore.App.Ref/8.0.20/ref/net8.0/System.Text.Encoding.CodePages.dll /reference:/usr/share/dotnet/packs/Microsoft.NETCore.App.Ref/8.0.20/ref/net8.0/System.Text.Encoding.dll /reference:/usr/share/dotnet/packs/Microsoft.NETCore.App.Ref/8.0.20/ref/net8.0/System.Text.Encoding.Extensions.dll /reference:/usr/share/dotnet/packs/Microsoft.NETCore.App.Ref/8.0.20/ref/net8.0/System.Text.Encodings.Web.dll /reference:/usr/share/dotnet/packs/Microsoft.NETCore.App.Ref/8.0.20/ref/net8.0/System.Text.Json.dll /reference:/usr/share/dotnet/packs/Microsoft.NETCore.App.Ref/8.0.20/ref/net8.0/System.Text.RegularExpressions.dll /reference:/usr/share/dotnet/packs/Microsoft.NETCore.App.Ref/8.0.20/ref/net8.0/System.Threading.Channels.dll /reference:/usr/share/dotnet/packs/Microsoft.NETCore.App.Ref/8.0.20/ref/net8.0/System.Threading.dll /reference:/usr/share/dotnet/packs/Microsoft.NETCore.App.Ref/8.0.20/ref/net8.0/System.Threading.Overlapped.dll /reference:/usr/share/dotnet/packs/Microsoft.NETCore.App.Ref/8.0.20/ref/net8.0/System.Threading.Tasks.Dataflow.dll /reference:/usr/share/dotnet/packs/Microsoft.NETCore.App.Ref/8.0.20/ref/net8.0/System.Threading.Tasks.dll /reference:/usr/share/dotnet/packs/Microsoft.NETCore.App.Ref/8.0.20/ref/net8.0/System.Threading.Tasks.Extensions.dll /reference:/usr/share/dotnet/packs/Microsoft.NETCore.App.Ref/8.0.20/ref/net8.0/System.Threading.Tasks.Parallel.dll /reference:/usr/share/dotnet/packs/Microsoft.NETCore.App.Ref/8.0.20/ref/net8.0/System.Threading.Thread.dll /reference:/usr/share/dotnet/packs/Microsoft.NETCore.App.Ref/8.0.20/ref/net8.0/System.Threading.ThreadPool.dll /reference:/usr/share/dotnet/packs/Microsoft.NETCore.App.Ref/8.0.20/ref/net8.0/System.Threading.Timer.dll /reference:/usr/share/dotnet/packs/Microsoft.NETCore.App.Ref/8.0.20/ref/net8.0/System.Transactions.dll /reference:/usr/share/dotnet/packs/Microsoft.NETCore.App.Ref/8.0.20/ref/net8.0/System.Transactions.Local.dll /reference:/usr/share/dotnet/packs/Microsoft.NETCore.App.Ref/8.0.20/ref/net8.0/System.ValueTuple.dll /reference:/usr/share/dotnet/packs/Microsoft.NETCore.App.Ref/8.0.20/ref/net8.0/System.Web.dll /reference:/usr/share/dotnet/packs/Microsoft.NETCore.App.Ref/8.0.20/ref/net8.0/System.Web.HttpUtility.dll /reference:/usr/share/dotnet/packs/Microsoft.NETCore.App.Ref/8.0.20/ref/net8.0/System.Windows.dll /reference:/usr/share/dotnet/packs/Microsoft.NETCore.App.Ref/8.0.20/ref/net8.0/System.Xml.dll /reference:/usr/share/dotnet/packs/Microsoft.NETCore.App.Ref/8.0.20/ref/net8.0/System.Xml.Linq.dll /reference:/usr/share/dotnet/packs/Microsoft.NETCore.App.Ref/8.0.20/ref/net8.0/System.Xml.ReaderWriter.dll /reference:/usr/share/dotnet/packs/Microsoft.NETCore.App.Ref/8.0.20/ref/net8.0/System.Xml.Serialization.dll /reference:/usr/share/dotnet/packs/Microsoft.NETCore.App.Ref/8.0.20/ref/net8.0/System.Xml.XDocument.dll /reference:/usr/share/dotnet/packs/Microsoft.NETCore.App.Ref/8.0.20/ref/net8.0/System.Xml.XmlDocument.dll /reference:/usr/share/dotnet/packs/Microsoft.NETCore.App.Ref/8.0.20/ref/net8.0/System.Xml.XmlSerializer.dll /reference:/usr/share/dotnet/packs/Microsoft.NETCore.App.Ref/8.0.20/ref/net8.0/System.Xml.XPath.dll /reference:/usr/share/dotnet/packs/Microsoft.NETCore.App.Ref/8.0.20/ref/net8.0/System.Xml.XPath.XDocument.dll /reference:/usr/share/dotnet/packs/Microsoft.NETCore.App.Ref/8.0.20/ref/net8.0/WindowsBase.dll /debug+ /debug:portable /filealign:512 /optimize- /out:obj/Debug/net8.0/S7Tools.Infrastructure.Logging.dll /refout:obj/Debug/net8.0/refint/S7Tools.Infrastructure.Logging.dll /target:library /warnaserror- /utf8output /deterministic+ /sourcelink:obj/Debug/net8.0/S7Tools.Infrastructure.Logging.sourcelink.json /langversion:latest /embed:obj/Debug/net8.0/S7Tools.Infrastructure.Logging.GlobalUsings.g.cs /embed:"obj/Debug/net8.0/.NETCoreApp,Version=v8.0.AssemblyAttributes.cs" /embed:obj/Debug/net8.0/S7Tools.Infrastructure.Logging.AssemblyInfo.cs /analyzerconfig:/home/runner/work/S7-Tools/S7-Tools/.editorconfig /analyzerconfig:obj/Debug/net8.0/S7Tools.Infrastructure.Logging.GeneratedMSBuildEditorConfig.editorconfig /analyzerconfig:/usr/share/dotnet/sdk/9.0.305/Sdks/Microsoft.NET.Sdk/analyzers/build/config/analysislevel_8_default.globalconfig /analyzer:/usr/share/dotnet/sdk/9.0.305/Sdks/Microsoft.NET.Sdk/targets/../analyzers/Microsoft.CodeAnalysis.CSharp.NetAnalyzers.dll /analyzer:/usr/share/dotnet/sdk/9.0.305/Sdks/Microsoft.NET.Sdk/targets/../analyzers/Microsoft.CodeAnalysis.NetAnalyzers.dll /analyzer:/home/runner/.nuget/packages/microsoft.extensions.logging.abstractions/8.0.0/analyzers/dotnet/roslyn4.4/cs/Microsoft.Extensions.Logging.Generators.dll /analyzer:/home/runner/.nuget/packages/microsoft.extensions.options/8.0.0/analyzers/dotnet/roslyn4.4/cs/Microsoft.Extensions.Options.SourceGeneration.dll /analyzer:/usr/share/dotnet/packs/Microsoft.NETCore.App.Ref/8.0.20/analyzers/dotnet/cs/Microsoft.Interop.ComInterfaceGenerator.dll /analyzer:/usr/share/dotnet/packs/Microsoft.NETCore.App.Ref/8.0.20/analyzers/dotnet/cs/Microsoft.Interop.JavaScript.JSImportGenerator.dll /analyzer:/usr/share/dotnet/packs/Microsoft.NETCore.App.Ref/8.0.20/analyzers/dotnet/cs/Microsoft.Interop.LibraryImportGenerator.dll /analyzer:/usr/share/dotnet/packs/Microsoft.NETCore.App.Ref/8.0.20/analyzers/dotnet/cs/Microsoft.Interop.SourceGeneration.dll /analyzer:/usr/share/dotnet/packs/Microsoft.NETCore.App.Ref/8.0.20/analyzers/dotnet/cs/System.Text.Json.SourceGeneration.dll /analyzer:/usr/share/dotnet/packs/Microsoft.NETCore.App.Ref/8.0.20/analyzers/dotnet/cs/System.Text.RegularExpressions.Generator.dll Core/Configuration/DataStoreLoggerConfiguration.cs Core/Models/LogDataStoreOptions.cs Core/Models/LogEntryColor.cs Core/Models/LogModel.cs Core/Storage/ILogDataStore.cs Core/Storage/LogDataStore.cs Providers/Extensions/LoggingServiceCollectionExtensions.cs Providers/Microsoft/DataStoreLogger.cs Providers/Microsoft/DataStoreLoggerProvider.cs obj/Debug/net8.0/S7Tools.Infrastructure.Logging.GlobalUsings.g.cs "obj/Debug/net8.0/.NETCoreApp,Version=v8.0.AssemblyAttributes.cs" obj/Debug/net8.0/S7Tools.Infrastructure.Logging.AssemblyInfo.cs /warnaserror+:NU1605,SYSLIB0011 /warnaserror-:CS8618,CS8625,CS8603,CS8604,CS8602,CS8600,CS8601,CS8765
     4>CoreCompile:
         /usr/share/dotnet/dotnet exec "/usr/share/dotnet/sdk/9.0.305/Roslyn/bincore/csc.dll" /noconfig /unsafe- /checked- /nowarn:1701,1702,1701,1702 /fullpaths /nostdlib+ /errorreport:prompt /warn:8 /doc:obj/Debug/net8.0/S7Tools.Core.xml /define:TRACE;DEBUG;NET;NET8_0;NETCOREAPP;NET5_0_OR_GREATER;NET6_0_OR_GREATER;NET7_0_OR_GREATER;NET8_0_OR_GREATER;NETCOREAPP1_0_OR_GREATER;NETCOREAPP1_1_OR_GREATER;NETCOREAPP2_0_OR_GREATER;NETCOREAPP2_1_OR_GREATER;NETCOREAPP2_2_OR_GREATER;NETCOREAPP3_0_OR_GREATER;NETCOREAPP3_1_OR_GREATER /highentropyva+ /nullable:enable /reference:/usr/share/dotnet/packs/Microsoft.NETCore.App.Ref/8.0.20/ref/net8.0/Microsoft.CSharp.dll /reference:/home/runner/.nuget/packages/microsoft.extensions.dependencyinjection.abstractions/8.0.0/lib/net8.0/Microsoft.Extensions.DependencyInjection.Abstractions.dll /reference:/home/runner/.nuget/packages/microsoft.extensions.logging.abstractions/8.0.0/lib/net8.0/Microsoft.Extensions.Logging.Abstractions.dll /reference:/usr/share/dotnet/packs/Microsoft.NETCore.App.Ref/8.0.20/ref/net8.0/Microsoft.VisualBasic.Core.dll /reference:/usr/share/dotnet/packs/Microsoft.NETCore.App.Ref/8.0.20/ref/net8.0/Microsoft.VisualBasic.dll /reference:/usr/share/dotnet/packs/Microsoft.NETCore.App.Ref/8.0.20/ref/net8.0/Microsoft.Win32.Primitives.dll /reference:/usr/share/dotnet/packs/Microsoft.NETCore.App.Ref/8.0.20/ref/net8.0/Microsoft.Win32.Registry.dll /reference:/usr/share/dotnet/packs/Microsoft.NETCore.App.Ref/8.0.20/ref/net8.0/mscorlib.dll /reference:/usr/share/dotnet/packs/Microsoft.NETCore.App.Ref/8.0.20/ref/net8.0/netstandard.dll /reference:/usr/share/dotnet/packs/Microsoft.NETCore.App.Ref/8.0.20/ref/net8.0/System.AppContext.dll /reference:/usr/share/dotnet/packs/Microsoft.NETCore.App.Ref/8.0.20/ref/net8.0/System.Buffers.dll /reference:/usr/share/dotnet/packs/Microsoft.NETCore.App.Ref/8.0.20/ref/net8.0/System.Collections.Concurrent.dll /reference:/usr/share/dotnet/packs/Microsoft.NETCore.App.Ref/8.0.20/ref/net8.0/System.Collections.dll /reference:/usr/share/dotnet/packs/Microsoft.NETCore.App.Ref/8.0.20/ref/net8.0/System.Collections.Immutable.dll /reference:/usr/share/dotnet/packs/Microsoft.NETCore.App.Ref/8.0.20/ref/net8.0/System.Collections.NonGeneric.dll /reference:/usr/share/dotnet/packs/Microsoft.NETCore.App.Ref/8.0.20/ref/net8.0/System.Collections.Specialized.dll /reference:/usr/share/dotnet/packs/Microsoft.NETCore.App.Ref/8.0.20/ref/net8.0/System.ComponentModel.Annotations.dll /reference:/usr/share/dotnet/packs/Microsoft.NETCore.App.Ref/8.0.20/ref/net8.0/System.ComponentModel.DataAnnotations.dll /reference:/usr/share/dotnet/packs/Microsoft.NETCore.App.Ref/8.0.20/ref/net8.0/System.ComponentModel.dll /reference:/usr/share/dotnet/packs/Microsoft.NETCore.App.Ref/8.0.20/ref/net8.0/System.ComponentModel.EventBasedAsync.dll /reference:/usr/share/dotnet/packs/Microsoft.NETCore.App.Ref/8.0.20/ref/net8.0/System.ComponentModel.Primitives.dll /reference:/usr/share/dotnet/packs/Microsoft.NETCore.App.Ref/8.0.20/ref/net8.0/System.ComponentModel.TypeConverter.dll /reference:/usr/share/dotnet/packs/Microsoft.NETCore.App.Ref/8.0.20/ref/net8.0/System.Configuration.dll /reference:/usr/share/dotnet/packs/Microsoft.NETCore.App.Ref/8.0.20/ref/net8.0/System.Console.dll /reference:/usr/share/dotnet/packs/Microsoft.NETCore.App.Ref/8.0.20/ref/net8.0/System.Core.dll /reference:/usr/share/dotnet/packs/Microsoft.NETCore.App.Ref/8.0.20/ref/net8.0/System.Data.Common.dll /reference:/usr/share/dotnet/packs/Microsoft.NETCore.App.Ref/8.0.20/ref/net8.0/System.Data.DataSetExtensions.dll /reference:/usr/share/dotnet/packs/Microsoft.NETCore.App.Ref/8.0.20/ref/net8.0/System.Data.dll /reference:/usr/share/dotnet/packs/Microsoft.NETCore.App.Ref/8.0.20/ref/net8.0/System.Diagnostics.Contracts.dll /reference:/usr/share/dotnet/packs/Microsoft.NETCore.App.Ref/8.0.20/ref/net8.0/System.Diagnostics.Debug.dll /reference:/usr/share/dotnet/packs/Microsoft.NETCore.App.Ref/8.0.20/ref/net8.0/System.Diagnostics.DiagnosticSource.dll /reference:/usr/share/dotnet/packs/Microsoft.NETCore.App.Ref/8.0.20/ref/net8.0/System.Diagnostics.FileVersionInfo.dll /reference:/usr/share/dotnet/packs/Microsoft.NETCore.App.Ref/8.0.20/ref/net8.0/System.Diagnostics.Process.dll /reference:/usr/share/dotnet/packs/Microsoft.NETCore.App.Ref/8.0.20/ref/net8.0/System.Diagnostics.StackTrace.dll /reference:/usr/share/dotnet/packs/Microsoft.NETCore.App.Ref/8.0.20/ref/net8.0/System.Diagnostics.TextWriterTraceListener.dll /reference:/usr/share/dotnet/packs/Microsoft.NETCore.App.Ref/8.0.20/ref/net8.0/System.Diagnostics.Tools.dll /reference:/usr/share/dotnet/packs/Microsoft.NETCore.App.Ref/8.0.20/ref/net8.0/System.Diagnostics.TraceSource.dll /reference:/usr/share/dotnet/packs/Microsoft.NETCore.App.Ref/8.0.20/ref/net8.0/System.Diagnostics.Tracing.dll /reference:/usr/share/dotnet/packs/Microsoft.NETCore.App.Ref/8.0.20/ref/net8.0/System.dll /reference:/usr/share/dotnet/packs/Microsoft.NETCore.App.Ref/8.0.20/ref/net8.0/System.Drawing.dll /reference:/usr/share/dotnet/packs/Microsoft.NETCore.App.Ref/8.0.20/ref/net8.0/System.Drawing.Primitives.dll /reference:/usr/share/dotnet/packs/Microsoft.NETCore.App.Ref/8.0.20/ref/net8.0/System.Dynamic.Runtime.dll /reference:/usr/share/dotnet/packs/Microsoft.NETCore.App.Ref/8.0.20/ref/net8.0/System.Formats.Asn1.dll /reference:/usr/share/dotnet/packs/Microsoft.NETCore.App.Ref/8.0.20/ref/net8.0/System.Formats.Tar.dll /reference:/usr/share/dotnet/packs/Microsoft.NETCore.App.Ref/8.0.20/ref/net8.0/System.Globalization.Calendars.dll /reference:/usr/share/dotnet/packs/Microsoft.NETCore.App.Ref/8.0.20/ref/net8.0/System.Globalization.dll /reference:/usr/share/dotnet/packs/Microsoft.NETCore.App.Ref/8.0.20/ref/net8.0/System.Globalization.Extensions.dll /reference:/usr/share/dotnet/packs/Microsoft.NETCore.App.Ref/8.0.20/ref/net8.0/System.IO.Compression.Brotli.dll /reference:/usr/share/dotnet/packs/Microsoft.NETCore.App.Ref/8.0.20/ref/net8.0/System.IO.Compression.dll /reference:/usr/share/dotnet/packs/Microsoft.NETCore.App.Ref/8.0.20/ref/net8.0/System.IO.Compression.FileSystem.dll /reference:/usr/share/dotnet/packs/Microsoft.NETCore.App.Ref/8.0.20/ref/net8.0/System.IO.Compression.ZipFile.dll /reference:/usr/share/dotnet/packs/Microsoft.NETCore.App.Ref/8.0.20/ref/net8.0/System.IO.dll /reference:/usr/share/dotnet/packs/Microsoft.NETCore.App.Ref/8.0.20/ref/net8.0/System.IO.FileSystem.AccessControl.dll /reference:/usr/share/dotnet/packs/Microsoft.NETCore.App.Ref/8.0.20/ref/net8.0/System.IO.FileSystem.dll /reference:/usr/share/dotnet/packs/Microsoft.NETCore.App.Ref/8.0.20/ref/net8.0/System.IO.FileSystem.DriveInfo.dll /reference:/usr/share/dotnet/packs/Microsoft.NETCore.App.Ref/8.0.20/ref/net8.0/System.IO.FileSystem.Primitives.dll /reference:/usr/share/dotnet/packs/Microsoft.NETCore.App.Ref/8.0.20/ref/net8.0/System.IO.FileSystem.Watcher.dll /reference:/usr/share/dotnet/packs/Microsoft.NETCore.App.Ref/8.0.20/ref/net8.0/System.IO.IsolatedStorage.dll /reference:/usr/share/dotnet/packs/Microsoft.NETCore.App.Ref/8.0.20/ref/net8.0/System.IO.MemoryMappedFiles.dll /reference:/usr/share/dotnet/packs/Microsoft.NETCore.App.Ref/8.0.20/ref/net8.0/System.IO.Pipes.AccessControl.dll /reference:/usr/share/dotnet/packs/Microsoft.NETCore.App.Ref/8.0.20/ref/net8.0/System.IO.Pipes.dll /reference:/usr/share/dotnet/packs/Microsoft.NETCore.App.Ref/8.0.20/ref/net8.0/System.IO.UnmanagedMemoryStream.dll /reference:/usr/share/dotnet/packs/Microsoft.NETCore.App.Ref/8.0.20/ref/net8.0/System.Linq.dll /reference:/usr/share/dotnet/packs/Microsoft.NETCore.App.Ref/8.0.20/ref/net8.0/System.Linq.Expressions.dll /reference:/usr/share/dotnet/packs/Microsoft.NETCore.App.Ref/8.0.20/ref/net8.0/System.Linq.Parallel.dll /reference:/usr/share/dotnet/packs/Microsoft.NETCore.App.Ref/8.0.20/ref/net8.0/System.Linq.Queryable.dll /reference:/usr/share/dotnet/packs/Microsoft.NETCore.App.Ref/8.0.20/ref/net8.0/System.Memory.dll /reference:/usr/share/dotnet/packs/Microsoft.NETCore.App.Ref/8.0.20/ref/net8.0/System.Net.dll /reference:/usr/share/dotnet/packs/Microsoft.NETCore.App.Ref/8.0.20/ref/net8.0/System.Net.Http.dll /reference:/usr/share/dotnet/packs/Microsoft.NETCore.App.Ref/8.0.20/ref/net8.0/System.Net.Http.Json.dll /reference:/usr/share/dotnet/packs/Microsoft.NETCore.App.Ref/8.0.20/ref/net8.0/System.Net.HttpListener.dll /reference:/usr/share/dotnet/packs/Microsoft.NETCore.App.Ref/8.0.20/ref/net8.0/System.Net.Mail.dll /reference:/usr/share/dotnet/packs/Microsoft.NETCore.App.Ref/8.0.20/ref/net8.0/System.Net.NameResolution.dll /reference:/usr/share/dotnet/packs/Microsoft.NETCore.App.Ref/8.0.20/ref/net8.0/System.Net.NetworkInformation.dll /reference:/usr/share/dotnet/packs/Microsoft.NETCore.App.Ref/8.0.20/ref/net8.0/System.Net.Ping.dll /reference:/usr/share/dotnet/packs/Microsoft.NETCore.App.Ref/8.0.20/ref/net8.0/System.Net.Primitives.dll /reference:/usr/share/dotnet/packs/Microsoft.NETCore.App.Ref/8.0.20/ref/net8.0/System.Net.Quic.dll /reference:/usr/share/dotnet/packs/Microsoft.NETCore.App.Ref/8.0.20/ref/net8.0/System.Net.Requests.dll /reference:/usr/share/dotnet/packs/Microsoft.NETCore.App.Ref/8.0.20/ref/net8.0/System.Net.Security.dll /reference:/usr/share/dotnet/packs/Microsoft.NETCore.App.Ref/8.0.20/ref/net8.0/System.Net.ServicePoint.dll /reference:/usr/share/dotnet/packs/Microsoft.NETCore.App.Ref/8.0.20/ref/net8.0/System.Net.Sockets.dll /reference:/usr/share/dotnet/packs/Microsoft.NETCore.App.Ref/8.0.20/ref/net8.0/System.Net.WebClient.dll /reference:/usr/share/dotnet/packs/Microsoft.NETCore.App.Ref/8.0.20/ref/net8.0/System.Net.WebHeaderCollection.dll /reference:/usr/share/dotnet/packs/Microsoft.NETCore.App.Ref/8.0.20/ref/net8.0/System.Net.WebProxy.dll /reference:/usr/share/dotnet/packs/Microsoft.NETCore.App.Ref/8.0.20/ref/net8.0/System.Net.WebSockets.Client.dll /reference:/usr/share/dotnet/packs/Microsoft.NETCore.App.Ref/8.0.20/ref/net8.0/System.Net.WebSockets.dll /reference:/usr/share/dotnet/packs/Microsoft.NETCore.App.Ref/8.0.20/ref/net8.0/System.Numerics.dll /reference:/usr/share/dotnet/packs/Microsoft.NETCore.App.Ref/8.0.20/ref/net8.0/System.Numerics.Vectors.dll /reference:/usr/share/dotnet/packs/Microsoft.NETCore.App.Ref/8.0.20/ref/net8.0/System.ObjectModel.dll /reference:/usr/share/dotnet/packs/Microsoft.NETCore.App.Ref/8.0.20/ref/net8.0/System.Reflection.DispatchProxy.dll /reference:/usr/share/dotnet/packs/Microsoft.NETCore.App.Ref/8.0.20/ref/net8.0/System.Reflection.dll /reference:/usr/share/dotnet/packs/Microsoft.NETCore.App.Ref/8.0.20/ref/net8.0/System.Reflection.Emit.dll /reference:/usr/share/dotnet/packs/Microsoft.NETCore.App.Ref/8.0.20/ref/net8.0/System.Reflection.Emit.ILGeneration.dll /reference:/usr/share/dotnet/packs/Microsoft.NETCore.App.Ref/8.0.20/ref/net8.0/System.Reflection.Emit.Lightweight.dll /reference:/usr/share/dotnet/packs/Microsoft.NETCore.App.Ref/8.0.20/ref/net8.0/System.Reflection.Extensions.dll /reference:/usr/share/dotnet/packs/Microsoft.NETCore.App.Ref/8.0.20/ref/net8.0/System.Reflection.Metadata.dll /reference:/usr/share/dotnet/packs/Microsoft.NETCore.App.Ref/8.0.20/ref/net8.0/System.Reflection.Primitives.dll /reference:/usr/share/dotnet/packs/Microsoft.NETCore.App.Ref/8.0.20/ref/net8.0/System.Reflection.TypeExtensions.dll /reference:/usr/share/dotnet/packs/Microsoft.NETCore.App.Ref/8.0.20/ref/net8.0/System.Resources.Reader.dll /reference:/usr/share/dotnet/packs/Microsoft.NETCore.App.Ref/8.0.20/ref/net8.0/System.Resources.ResourceManager.dll /reference:/usr/share/dotnet/packs/Microsoft.NETCore.App.Ref/8.0.20/ref/net8.0/System.Resources.Writer.dll /reference:/usr/share/dotnet/packs/Microsoft.NETCore.App.Ref/8.0.20/ref/net8.0/System.Runtime.CompilerServices.Unsafe.dll /reference:/usr/share/dotnet/packs/Microsoft.NETCore.App.Ref/8.0.20/ref/net8.0/System.Runtime.CompilerServices.VisualC.dll /reference:/usr/share/dotnet/packs/Microsoft.NETCore.App.Ref/8.0.20/ref/net8.0/System.Runtime.dll /reference:/usr/share/dotnet/packs/Microsoft.NETCore.App.Ref/8.0.20/ref/net8.0/System.Runtime.Extensions.dll /reference:/usr/share/dotnet/packs/Microsoft.NETCore.App.Ref/8.0.20/ref/net8.0/System.Runtime.Handles.dll /reference:/usr/share/dotnet/packs/Microsoft.NETCore.App.Ref/8.0.20/ref/net8.0/System.Runtime.InteropServices.dll /reference:/usr/share/dotnet/packs/Microsoft.NETCore.App.Ref/8.0.20/ref/net8.0/System.Runtime.InteropServices.JavaScript.dll /reference:/usr/share/dotnet/packs/Microsoft.NETCore.App.Ref/8.0.20/ref/net8.0/System.Runtime.InteropServices.RuntimeInformation.dll /reference:/usr/share/dotnet/packs/Microsoft.NETCore.App.Ref/8.0.20/ref/net8.0/System.Runtime.Intrinsics.dll /reference:/usr/share/dotnet/packs/Microsoft.NETCore.App.Ref/8.0.20/ref/net8.0/System.Runtime.Loader.dll /reference:/usr/share/dotnet/packs/Microsoft.NETCore.App.Ref/8.0.20/ref/net8.0/System.Runtime.Numerics.dll /reference:/usr/share/dotnet/packs/Microsoft.NETCore.App.Ref/8.0.20/ref/net8.0/System.Runtime.Serialization.dll /reference:/usr/share/dotnet/packs/Microsoft.NETCore.App.Ref/8.0.20/ref/net8.0/System.Runtime.Serialization.Formatters.dll /reference:/usr/share/dotnet/packs/Microsoft.NETCore.App.Ref/8.0.20/ref/net8.0/System.Runtime.Serialization.Json.dll /reference:/usr/share/dotnet/packs/Microsoft.NETCore.App.Ref/8.0.20/ref/net8.0/System.Runtime.Serialization.Primitives.dll /reference:/usr/share/dotnet/packs/Microsoft.NETCore.App.Ref/8.0.20/ref/net8.0/System.Runtime.Serialization.Xml.dll /reference:/usr/share/dotnet/packs/Microsoft.NETCore.App.Ref/8.0.20/ref/net8.0/System.Security.AccessControl.dll /reference:/usr/share/dotnet/packs/Microsoft.NETCore.App.Ref/8.0.20/ref/net8.0/System.Security.Claims.dll /reference:/usr/share/dotnet/packs/Microsoft.NETCore.App.Ref/8.0.20/ref/net8.0/System.Security.Cryptography.Algorithms.dll /reference:/usr/share/dotnet/packs/Microsoft.NETCore.App.Ref/8.0.20/ref/net8.0/System.Security.Cryptography.Cng.dll /reference:/usr/share/dotnet/packs/Microsoft.NETCore.App.Ref/8.0.20/ref/net8.0/System.Security.Cryptography.Csp.dll /reference:/usr/share/dotnet/packs/Microsoft.NETCore.App.Ref/8.0.20/ref/net8.0/System.Security.Cryptography.dll /reference:/usr/share/dotnet/packs/Microsoft.NETCore.App.Ref/8.0.20/ref/net8.0/System.Security.Cryptography.Encoding.dll /reference:/usr/share/dotnet/packs/Microsoft.NETCore.App.Ref/8.0.20/ref/net8.0/System.Security.Cryptography.OpenSsl.dll /reference:/usr/share/dotnet/packs/Microsoft.NETCore.App.Ref/8.0.20/ref/net8.0/System.Security.Cryptography.Primitives.dll /reference:/usr/share/dotnet/packs/Microsoft.NETCore.App.Ref/8.0.20/ref/net8.0/System.Security.Cryptography.X509Certificates.dll /reference:/usr/share/dotnet/packs/Microsoft.NETCore.App.Ref/8.0.20/ref/net8.0/System.Security.dll /reference:/usr/share/dotnet/packs/Microsoft.NETCore.App.Ref/8.0.20/ref/net8.0/System.Security.Principal.dll /reference:/usr/share/dotnet/packs/Microsoft.NETCore.App.Ref/8.0.20/ref/net8.0/System.Security.Principal.Windows.dll /reference:/usr/share/dotnet/packs/Microsoft.NETCore.App.Ref/8.0.20/ref/net8.0/System.Security.SecureString.dll /reference:/usr/share/dotnet/packs/Microsoft.NETCore.App.Ref/8.0.20/ref/net8.0/System.ServiceModel.Web.dll /reference:/usr/share/dotnet/packs/Microsoft.NETCore.App.Ref/8.0.20/ref/net8.0/System.ServiceProcess.dll /reference:/usr/share/dotnet/packs/Microsoft.NETCore.App.Ref/8.0.20/ref/net8.0/System.Text.Encoding.CodePages.dll /reference:/usr/share/dotnet/packs/Microsoft.NETCore.App.Ref/8.0.20/ref/net8.0/System.Text.Encoding.dll /reference:/usr/share/dotnet/packs/Microsoft.NETCore.App.Ref/8.0.20/ref/net8.0/System.Text.Encoding.Extensions.dll /reference:/usr/share/dotnet/packs/Microsoft.NETCore.App.Ref/8.0.20/ref/net8.0/System.Text.Encodings.Web.dll /reference:/usr/share/dotnet/packs/Microsoft.NETCore.App.Ref/8.0.20/ref/net8.0/System.Text.Json.dll /reference:/usr/share/dotnet/packs/Microsoft.NETCore.App.Ref/8.0.20/ref/net8.0/System.Text.RegularExpressions.dll /reference:/usr/share/dotnet/packs/Microsoft.NETCore.App.Ref/8.0.20/ref/net8.0/System.Threading.Channels.dll /reference:/usr/share/dotnet/packs/Microsoft.NETCore.App.Ref/8.0.20/ref/net8.0/System.Threading.dll /reference:/usr/share/dotnet/packs/Microsoft.NETCore.App.Ref/8.0.20/ref/net8.0/System.Threading.Overlapped.dll /reference:/usr/share/dotnet/packs/Microsoft.NETCore.App.Ref/8.0.20/ref/net8.0/System.Threading.Tasks.Dataflow.dll /reference:/usr/share/dotnet/packs/Microsoft.NETCore.App.Ref/8.0.20/ref/net8.0/System.Threading.Tasks.dll /reference:/usr/share/dotnet/packs/Microsoft.NETCore.App.Ref/8.0.20/ref/net8.0/System.Threading.Tasks.Extensions.dll /reference:/usr/share/dotnet/packs/Microsoft.NETCore.App.Ref/8.0.20/ref/net8.0/System.Threading.Tasks.Parallel.dll /reference:/usr/share/dotnet/packs/Microsoft.NETCore.App.Ref/8.0.20/ref/net8.0/System.Threading.Thread.dll /reference:/usr/share/dotnet/packs/Microsoft.NETCore.App.Ref/8.0.20/ref/net8.0/System.Threading.ThreadPool.dll /reference:/usr/share/dotnet/packs/Microsoft.NETCore.App.Ref/8.0.20/ref/net8.0/System.Threading.Timer.dll /reference:/usr/share/dotnet/packs/Microsoft.NETCore.App.Ref/8.0.20/ref/net8.0/System.Transactions.dll /reference:/usr/share/dotnet/packs/Microsoft.NETCore.App.Ref/8.0.20/ref/net8.0/System.Transactions.Local.dll /reference:/usr/share/dotnet/packs/Microsoft.NETCore.App.Ref/8.0.20/ref/net8.0/System.ValueTuple.dll /reference:/usr/share/dotnet/packs/Microsoft.NETCore.App.Ref/8.0.20/ref/net8.0/System.Web.dll /reference:/usr/share/dotnet/packs/Microsoft.NETCore.App.Ref/8.0.20/ref/net8.0/System.Web.HttpUtility.dll /reference:/usr/share/dotnet/packs/Microsoft.NETCore.App.Ref/8.0.20/ref/net8.0/System.Windows.dll /reference:/usr/share/dotnet/packs/Microsoft.NETCore.App.Ref/8.0.20/ref/net8.0/System.Xml.dll /reference:/usr/share/dotnet/packs/Microsoft.NETCore.App.Ref/8.0.20/ref/net8.0/System.Xml.Linq.dll /reference:/usr/share/dotnet/packs/Microsoft.NETCore.App.Ref/8.0.20/ref/net8.0/System.Xml.ReaderWriter.dll /reference:/usr/share/dotnet/packs/Microsoft.NETCore.App.Ref/8.0.20/ref/net8.0/System.Xml.Serialization.dll /reference:/usr/share/dotnet/packs/Microsoft.NETCore.App.Ref/8.0.20/ref/net8.0/System.Xml.XDocument.dll /reference:/usr/share/dotnet/packs/Microsoft.NETCore.App.Ref/8.0.20/ref/net8.0/System.Xml.XmlDocument.dll /reference:/usr/share/dotnet/packs/Microsoft.NETCore.App.Ref/8.0.20/ref/net8.0/System.Xml.XmlSerializer.dll /reference:/usr/share/dotnet/packs/Microsoft.NETCore.App.Ref/8.0.20/ref/net8.0/System.Xml.XPath.dll /reference:/usr/share/dotnet/packs/Microsoft.NETCore.App.Ref/8.0.20/ref/net8.0/System.Xml.XPath.XDocument.dll /reference:/usr/share/dotnet/packs/Microsoft.NETCore.App.Ref/8.0.20/ref/net8.0/WindowsBase.dll /debug+ /debug:portable /filealign:512 /optimize- /out:obj/Debug/net8.0/S7Tools.Core.dll /refout:obj/Debug/net8.0/refint/S7Tools.Core.dll /target:library /warnaserror- /utf8output /deterministic+ /sourcelink:obj/Debug/net8.0/S7Tools.Core.sourcelink.json /langversion:latest /embed:obj/Debug/net8.0/S7Tools.Core.GlobalUsings.g.cs /embed:"obj/Debug/net8.0/.NETCoreApp,Version=v8.0.AssemblyAttributes.cs" /embed:obj/Debug/net8.0/S7Tools.Core.AssemblyInfo.cs /analyzerconfig:/home/runner/work/S7-Tools/S7-Tools/.editorconfig /analyzerconfig:obj/Debug/net8.0/S7Tools.Core.GeneratedMSBuildEditorConfig.editorconfig /analyzerconfig:/usr/share/dotnet/sdk/9.0.305/Sdks/Microsoft.NET.Sdk/analyzers/build/config/analysislevel_8_default.globalconfig /analyzer:/usr/share/dotnet/sdk/9.0.305/Sdks/Microsoft.NET.Sdk/targets/../analyzers/Microsoft.CodeAnalysis.CSharp.NetAnalyzers.dll /analyzer:/usr/share/dotnet/sdk/9.0.305/Sdks/Microsoft.NET.Sdk/targets/../analyzers/Microsoft.CodeAnalysis.NetAnalyzers.dll /analyzer:/home/runner/.nuget/packages/microsoft.extensions.logging.abstractions/8.0.0/analyzers/dotnet/roslyn4.4/cs/Microsoft.Extensions.Logging.Generators.dll /analyzer:/usr/share/dotnet/packs/Microsoft.NETCore.App.Ref/8.0.20/analyzers/dotnet/cs/Microsoft.Interop.ComInterfaceGenerator.dll /analyzer:/usr/share/dotnet/packs/Microsoft.NETCore.App.Ref/8.0.20/analyzers/dotnet/cs/Microsoft.Interop.JavaScript.JSImportGenerator.dll /analyzer:/usr/share/dotnet/packs/Microsoft.NETCore.App.Ref/8.0.20/analyzers/dotnet/cs/Microsoft.Interop.LibraryImportGenerator.dll /analyzer:/usr/share/dotnet/packs/Microsoft.NETCore.App.Ref/8.0.20/analyzers/dotnet/cs/Microsoft.Interop.SourceGeneration.dll /analyzer:/usr/share/dotnet/packs/Microsoft.NETCore.App.Ref/8.0.20/analyzers/dotnet/cs/System.Text.Json.SourceGeneration.dll /analyzer:/usr/share/dotnet/packs/Microsoft.NETCore.App.Ref/8.0.20/analyzers/dotnet/cs/System.Text.RegularExpressions.Generator.dll Commands/BaseCommandHandler.cs Commands/ClearLogsCommand.cs Commands/DeleteLogEntryCommand.cs Commands/ExportLogsCommand.cs Commands/FilterLogsCommand.cs Commands/ICommand.cs Commands/ICommandDispatcher.cs Commands/ICommandHandler.cs Commands/ImportLogsCommand.cs Factories/BaseFactory.cs Factories/IFactory.cs Logging/IStructuredLogger.cs Models/Common/Result.cs Models/SerialPortConfiguration.cs Models/SerialPortProfile.cs Models/SerialPortSettings.cs Models/Tag.cs Models/Validators/PlcAddressValidator.cs Models/ValueObjects/PlcAddress.cs Models/ValueObjects/TagValue.cs Resources/InMemoryResourceManager.cs Resources/IResourceManager.cs Resources/ResourceManager.cs Services/Interfaces/IS7ConnectionProvider.cs Services/Interfaces/ISerialPortProfileService.cs Services/Interfaces/ISerialPortService.cs Services/Interfaces/ITagRepository.cs Validation/BaseValidator.cs Validation/IValidator.cs Validation/NullLogger.cs Validation/ValidationService.cs obj/Debug/net8.0/S7Tools.Core.GlobalUsings.g.cs "obj/Debug/net8.0/.NETCoreApp,Version=v8.0.AssemblyAttributes.cs" obj/Debug/net8.0/S7Tools.Core.AssemblyInfo.cs /warnaserror+:NU1605,SYSLIB0011 /warnaserror-:CS8618,CS8625,CS8603,CS8604,CS8602,CS8600,CS8601,CS8765
     5>/home/runner/work/S7-Tools/S7-Tools/src/S7Tools.Infrastructure.Logging/Providers/Microsoft/DataStoreLogger.cs(147,32): warning CA1805: Member '_disposed' is explicitly initialized to its default value (https://learn.microsoft.com/dotnet/fundamentals/code-analysis/quality-rules/ca1805) [/home/runner/work/S7-Tools/S7-Tools/src/S7Tools.Infrastructure.Logging/S7Tools.Infrastructure.Logging.csproj]
         CompilerServer: server - server processed compilation - S7Tools.Infrastructure.Logging (net8.0)
     5>CopyFilesToOutputDirectory:
         Copying file from "/home/runner/work/S7-Tools/S7-Tools/src/S7Tools.Infrastructure.Logging/obj/Debug/net8.0/S7Tools.Infrastructure.Logging.dll" to "/home/runner/work/S7-Tools/S7-Tools/src/S7Tools.Infrastructure.Logging/bin/Debug/net8.0/S7Tools.Infrastructure.Logging.dll".
         Copying reference assembly from "obj/Debug/net8.0/refint/S7Tools.Infrastructure.Logging.dll" to "/home/runner/work/S7-Tools/S7-Tools/src/S7Tools.Infrastructure.Logging/obj/Debug/net8.0/ref/S7Tools.Infrastructure.Logging.dll".
         S7Tools.Infrastructure.Logging -> /home/runner/work/S7-Tools/S7-Tools/src/S7Tools.Infrastructure.Logging/bin/Debug/net8.0/S7Tools.Infrastructure.Logging.dll
         Copying file from "/home/runner/work/S7-Tools/S7-Tools/src/S7Tools.Infrastructure.Logging/obj/Debug/net8.0/S7Tools.Infrastructure.Logging.pdb" to "/home/runner/work/S7-Tools/S7-Tools/src/S7Tools.Infrastructure.Logging/bin/Debug/net8.0/S7Tools.Infrastructure.Logging.pdb".
         Copying file from "/home/runner/work/S7-Tools/S7-Tools/src/S7Tools.Infrastructure.Logging/obj/Debug/net8.0/S7Tools.Infrastructure.Logging.xml" to "/home/runner/work/S7-Tools/S7-Tools/src/S7Tools.Infrastructure.Logging/bin/Debug/net8.0/S7Tools.Infrastructure.Logging.xml".
     5>Done Building Project "/home/runner/work/S7-Tools/S7-Tools/src/S7Tools.Infrastructure.Logging/S7Tools.Infrastructure.Logging.csproj" (default targets).
     4>/home/runner/work/S7-Tools/S7-Tools/src/S7Tools.Core/Validation/NullLogger.cs(14,21): warning CS8767: Nullability of reference types in type of parameter 'exception' of 'void NullLogger.Log<TState>(LogLevel logLevel, EventId eventId, TState state, Exception exception, Func<TState, Exception, string> formatter)' doesn't match implicitly implemented member 'void ILogger.Log<TState>(LogLevel logLevel, EventId eventId, TState state, Exception? exception, Func<TState, Exception?, string> formatter)' (possibly because of nullability attributes). [/home/runner/work/S7-Tools/S7-Tools/src/S7Tools.Core/S7Tools.Core.csproj]
     4>/home/runner/work/S7-Tools/S7-Tools/src/S7Tools.Core/Validation/NullLogger.cs(12,28): warning CS8633: Nullability in constraints for type parameter 'TState' of method 'NullLogger.BeginScope<TState>(TState)' doesn't match the constraints for type parameter 'TState' of interface method 'ILogger.BeginScope<TState>(TState)'. Consider using an explicit interface implementation instead. [/home/runner/work/S7-Tools/S7-Tools/src/S7Tools.Core/S7Tools.Core.csproj]
     4>/home/runner/work/S7-Tools/S7-Tools/src/S7Tools.Core/Models/Validators/PlcAddressValidator.cs(12,12): warning CS1591: Missing XML comment for publicly visible type or member 'PlcAddressValidator.PlcAddressValidator()' [/home/runner/work/S7-Tools/S7-Tools/src/S7Tools.Core/S7Tools.Core.csproj]
     4>/home/runner/work/S7-Tools/S7-Tools/src/S7Tools.Core/Validation/NullLogger.cs(10,43): warning CS1591: Missing XML comment for publicly visible type or member 'NullLogger.Instance' [/home/runner/work/S7-Tools/S7-Tools/src/S7Tools.Core/S7Tools.Core.csproj]
     4>/home/runner/work/S7-Tools/S7-Tools/src/S7Tools.Core/Validation/NullLogger.cs(12,28): warning CS1591: Missing XML comment for publicly visible type or member 'NullLogger.BeginScope<TState>(TState)' [/home/runner/work/S7-Tools/S7-Tools/src/S7Tools.Core/S7Tools.Core.csproj]
     4>/home/runner/work/S7-Tools/S7-Tools/src/S7Tools.Core/Validation/NullLogger.cs(13,21): warning CS1591: Missing XML comment for publicly visible type or member 'NullLogger.IsEnabled(LogLevel)' [/home/runner/work/S7-Tools/S7-Tools/src/S7Tools.Core/S7Tools.Core.csproj]
     4>/home/runner/work/S7-Tools/S7-Tools/src/S7Tools.Core/Validation/NullLogger.cs(14,21): warning CS1591: Missing XML comment for publicly visible type or member 'NullLogger.Log<TState>(LogLevel, EventId, TState, Exception, Func<TState, Exception, string>)' [/home/runner/work/S7-Tools/S7-Tools/src/S7Tools.Core/S7Tools.Core.csproj]
     4>/home/runner/work/S7-Tools/S7-Tools/src/S7Tools.Core/Validation/ValidationService.cs(15,29): warning CS1591: Missing XML comment for publicly visible type or member 'ValidationService.Validate<T>(T)' [/home/runner/work/S7-Tools/S7-Tools/src/S7Tools.Core/S7Tools.Core.csproj]
     4>/home/runner/work/S7-Tools/S7-Tools/src/S7Tools.Core/Validation/ValidationService.cs(21,41): warning CS1591: Missing XML comment for publicly visible type or member 'ValidationService.ValidateAsync<T>(T, CancellationToken)' [/home/runner/work/S7-Tools/S7-Tools/src/S7Tools.Core/S7Tools.Core.csproj]
     4>/home/runner/work/S7-Tools/S7-Tools/src/S7Tools.Core/Validation/ValidationService.cs(29,17): warning CS1591: Missing XML comment for publicly visible type or member 'ValidationService.RegisterValidator<T>(IValidator<T>)' [/home/runner/work/S7-Tools/S7-Tools/src/S7Tools.Core/S7Tools.Core.csproj]
     4>/home/runner/work/S7-Tools/S7-Tools/src/S7Tools.Core/Validation/ValidationService.cs(34,17): warning CS1591: Missing XML comment for publicly visible type or member 'ValidationService.UnregisterValidator<T>()' [/home/runner/work/S7-Tools/S7-Tools/src/S7Tools.Core/S7Tools.Core.csproj]
     4>/home/runner/work/S7-Tools/S7-Tools/src/S7Tools.Core/Resources/ResourceManager.cs(13,12): warning CS1591: Missing XML comment for publicly visible type or member 'ResourceManager.ResourceManager()' [/home/runner/work/S7-Tools/S7-Tools/src/S7Tools.Core/S7Tools.Core.csproj]
     4>/home/runner/work/S7-Tools/S7-Tools/src/S7Tools.Core/Resources/ResourceManager.cs(14,12): warning CS1591: Missing XML comment for publicly visible type or member 'ResourceManager.ResourceManager(CultureInfo)' [/home/runner/work/S7-Tools/S7-Tools/src/S7Tools.Core/S7Tools.Core.csproj]
     4>/home/runner/work/S7-Tools/S7-Tools/src/S7Tools.Core/Resources/ResourceManager.cs(19,24): warning CS1591: Missing XML comment for publicly visible type or member 'ResourceManager.CurrentCulture' [/home/runner/work/S7-Tools/S7-Tools/src/S7Tools.Core/S7Tools.Core.csproj]
     4>/home/runner/work/S7-Tools/S7-Tools/src/S7Tools.Core/Resources/ResourceManager.cs(20,19): warning CS1591: Missing XML comment for publicly visible type or member 'ResourceManager.GetString(string)' [/home/runner/work/S7-Tools/S7-Tools/src/S7Tools.Core/S7Tools.Core.csproj]
     4>/home/runner/work/S7-Tools/S7-Tools/src/S7Tools.Core/Resources/ResourceManager.cs(21,19): warning CS1591: Missing XML comment for publicly visible type or member 'ResourceManager.GetString(string, params object[])' [/home/runner/work/S7-Tools/S7-Tools/src/S7Tools.Core/S7Tools.Core.csproj]
     4>/home/runner/work/S7-Tools/S7-Tools/src/S7Tools.Core/Resources/ResourceManager.cs(22,19): warning CS1591: Missing XML comment for publicly visible type or member 'ResourceManager.GetString(string, CultureInfo)' [/home/runner/work/S7-Tools/S7-Tools/src/S7Tools.Core/S7Tools.Core.csproj]
     4>/home/runner/work/S7-Tools/S7-Tools/src/S7Tools.Core/Resources/ResourceManager.cs(23,19): warning CS1591: Missing XML comment for publicly visible type or member 'ResourceManager.GetString(string, CultureInfo, params object[])' [/home/runner/work/S7-Tools/S7-Tools/src/S7Tools.Core/S7Tools.Core.csproj]
     4>/home/runner/work/S7-Tools/S7-Tools/src/S7Tools.Core/Resources/ResourceManager.cs(24,17): warning CS1591: Missing XML comment for publicly visible type or member 'ResourceManager.HasResource(string)' [/home/runner/work/S7-Tools/S7-Tools/src/S7Tools.Core/S7Tools.Core.csproj]
     4>/home/runner/work/S7-Tools/S7-Tools/src/S7Tools.Core/Resources/ResourceManager.cs(25,17): warning CS1591: Missing XML comment for publicly visible type or member 'ResourceManager.HasResource(string, CultureInfo)' [/home/runner/work/S7-Tools/S7-Tools/src/S7Tools.Core/S7Tools.Core.csproj]
     4>/home/runner/work/S7-Tools/S7-Tools/src/S7Tools.Core/Resources/ResourceManager.cs(26,32): warning CS1591: Missing XML comment for publicly visible type or member 'ResourceManager.GetAvailableKeys()' [/home/runner/work/S7-Tools/S7-Tools/src/S7Tools.Core/S7Tools.Core.csproj]
     4>/home/runner/work/S7-Tools/S7-Tools/src/S7Tools.Core/Resources/ResourceManager.cs(27,37): warning CS1591: Missing XML comment for publicly visible type or member 'ResourceManager.GetSupportedCultures()' [/home/runner/work/S7-Tools/S7-Tools/src/S7Tools.Core/S7Tools.Core.csproj]
     4>/home/runner/work/S7-Tools/S7-Tools/src/S7Tools.Core/Resources/ResourceManager.cs(28,17): warning CS1591: Missing XML comment for publicly visible type or member 'ResourceManager.SetCurrentCulture(CultureInfo)' [/home/runner/work/S7-Tools/S7-Tools/src/S7Tools.Core/S7Tools.Core.csproj]
     4>/home/runner/work/S7-Tools/S7-Tools/src/S7Tools.Core/Resources/ResourceManager.cs(29,17): warning CS1591: Missing XML comment for publicly visible type or member 'ResourceManager.AddOrUpdate(string, string, CultureInfo?)' [/home/runner/work/S7-Tools/S7-Tools/src/S7Tools.Core/S7Tools.Core.csproj]
     4>/home/runner/work/S7-Tools/S7-Tools/src/S7Tools.Core/Models/SerialPortConfiguration.cs(68,41): warning CA1805: Member 'OddParity' is explicitly initialized to its default value (https://learn.microsoft.com/dotnet/fundamentals/code-analysis/quality-rules/ca1805) [/home/runner/work/S7-Tools/S7-Tools/src/S7Tools.Core/S7Tools.Core.csproj]
     4>/home/runner/work/S7-Tools/S7-Tools/src/S7Tools.Core/Factories/BaseFactory.cs(36,9): warning CA2214: Do not call overridable methods in constructors (https://learn.microsoft.com/dotnet/fundamentals/code-analysis/quality-rules/ca2214) [/home/runner/work/S7-Tools/S7-Tools/src/S7Tools.Core/S7Tools.Core.csproj]
     4>/home/runner/work/S7-Tools/S7-Tools/src/S7Tools.Core/Factories/BaseFactory.cs(140,9): warning CA2214: Do not call overridable methods in constructors (https://learn.microsoft.com/dotnet/fundamentals/code-analysis/quality-rules/ca2214) [/home/runner/work/S7-Tools/S7-Tools/src/S7Tools.Core/S7Tools.Core.csproj]
     4>/home/runner/work/S7-Tools/S7-Tools/src/S7Tools.Core/Validation/BaseValidator.cs(34,9): warning CA2214: Do not call overridable methods in constructors (https://learn.microsoft.com/dotnet/fundamentals/code-analysis/quality-rules/ca2214) [/home/runner/work/S7-Tools/S7-Tools/src/S7Tools.Core/S7Tools.Core.csproj]
         CompilerServer: server - server processed compilation - S7Tools.Core (net8.0)
     4>CopyFilesToOutputDirectory:
         Copying file from "/home/runner/work/S7-Tools/S7-Tools/src/S7Tools.Core/obj/Debug/net8.0/S7Tools.Core.dll" to "/home/runner/work/S7-Tools/S7-Tools/src/S7Tools.Core/bin/Debug/net8.0/S7Tools.Core.dll".
         Copying reference assembly from "obj/Debug/net8.0/refint/S7Tools.Core.dll" to "/home/runner/work/S7-Tools/S7-Tools/src/S7Tools.Core/obj/Debug/net8.0/ref/S7Tools.Core.dll".
         S7Tools.Core -> /home/runner/work/S7-Tools/S7-Tools/src/S7Tools.Core/bin/Debug/net8.0/S7Tools.Core.dll
         Copying file from "/home/runner/work/S7-Tools/S7-Tools/src/S7Tools.Core/obj/Debug/net8.0/S7Tools.Core.pdb" to "/home/runner/work/S7-Tools/S7-Tools/src/S7Tools.Core/bin/Debug/net8.0/S7Tools.Core.pdb".
         Copying file from "/home/runner/work/S7-Tools/S7-Tools/src/S7Tools.Core/obj/Debug/net8.0/S7Tools.Core.xml" to "/home/runner/work/S7-Tools/S7-Tools/src/S7Tools.Core/bin/Debug/net8.0/S7Tools.Core.xml".
     4>Done Building Project "/home/runner/work/S7-Tools/S7-Tools/src/S7Tools.Core/S7Tools.Core.csproj" (default targets).
     6>_GenerateSourceLinkFile:
         Updating Source Link file 'obj/Debug/net8.0/S7Tools.Infrastructure.Logging.Tests.sourcelink.json'.
     2>_GenerateAvaloniaResourcesDependencyCache:
         Creating directory "obj/Debug/net8.0//Avalonia".
     6>CoreCompile:
         /usr/share/dotnet/dotnet exec "/usr/share/dotnet/sdk/9.0.305/Roslyn/bincore/csc.dll" /noconfig /unsafe- /checked- /nowarn:1701,1702,1701,1702 /fullpaths /nostdlib+ /errorreport:prompt /warn:8 /doc:obj/Debug/net8.0/S7Tools.Infrastructure.Logging.Tests.xml /define:TRACE;DEBUG;NET;NET8_0;NETCOREAPP;NET5_0_OR_GREATER;NET6_0_OR_GREATER;NET7_0_OR_GREATER;NET8_0_OR_GREATER;NETCOREAPP1_0_OR_GREATER;NETCOREAPP1_1_OR_GREATER;NETCOREAPP2_0_OR_GREATER;NETCOREAPP2_1_OR_GREATER;NETCOREAPP2_2_OR_GREATER;NETCOREAPP3_0_OR_GREATER;NETCOREAPP3_1_OR_GREATER /highentropyva+ /nullable:enable /reference:/home/runner/.nuget/packages/castle.core/5.1.1/lib/net6.0/Castle.Core.dll /reference:/home/runner/.nuget/packages/fluentassertions/6.12.0/lib/net6.0/FluentAssertions.dll /reference:/usr/share/dotnet/packs/Microsoft.NETCore.App.Ref/8.0.20/ref/net8.0/Microsoft.CSharp.dll /reference:/home/runner/.nuget/packages/microsoft.extensions.dependencyinjection.abstractions/8.0.2/lib/net8.0/Microsoft.Extensions.DependencyInjection.Abstractions.dll /reference:/home/runner/.nuget/packages/microsoft.extensions.dependencyinjection/8.0.1/lib/net8.0/Microsoft.Extensions.DependencyInjection.dll /reference:/home/runner/.nuget/packages/microsoft.extensions.logging.abstractions/8.0.2/lib/net8.0/Microsoft.Extensions.Logging.Abstractions.dll /reference:/home/runner/.nuget/packages/microsoft.extensions.logging/8.0.1/lib/net8.0/Microsoft.Extensions.Logging.dll /reference:/home/runner/.nuget/packages/microsoft.extensions.options/8.0.2/lib/net8.0/Microsoft.Extensions.Options.dll /reference:/home/runner/.nuget/packages/microsoft.extensions.primitives/8.0.0/lib/net8.0/Microsoft.Extensions.Primitives.dll /reference:/home/runner/.nuget/packages/microsoft.testplatform.testhost/17.12.0/lib/netcoreapp3.1/Microsoft.TestPlatform.CommunicationUtilities.dll /reference:/home/runner/.nuget/packages/microsoft.testplatform.testhost/17.12.0/lib/netcoreapp3.1/Microsoft.TestPlatform.CoreUtilities.dll /reference:/home/runner/.nuget/packages/microsoft.testplatform.testhost/17.12.0/lib/netcoreapp3.1/Microsoft.TestPlatform.CrossPlatEngine.dll /reference:/home/runner/.nuget/packages/microsoft.testplatform.testhost/17.12.0/lib/netcoreapp3.1/Microsoft.TestPlatform.PlatformAbstractions.dll /reference:/home/runner/.nuget/packages/microsoft.testplatform.testhost/17.12.0/lib/netcoreapp3.1/Microsoft.TestPlatform.Utilities.dll /reference:/usr/share/dotnet/packs/Microsoft.NETCore.App.Ref/8.0.20/ref/net8.0/Microsoft.VisualBasic.Core.dll /reference:/usr/share/dotnet/packs/Microsoft.NETCore.App.Ref/8.0.20/ref/net8.0/Microsoft.VisualBasic.dll /reference:/home/runner/.nuget/packages/microsoft.codecoverage/17.12.0/lib/netcoreapp3.1/Microsoft.VisualStudio.CodeCoverage.Shim.dll /reference:/home/runner/.nuget/packages/microsoft.testplatform.testhost/17.12.0/lib/netcoreapp3.1/Microsoft.VisualStudio.TestPlatform.Common.dll /reference:/home/runner/.nuget/packages/microsoft.testplatform.testhost/17.12.0/lib/netcoreapp3.1/Microsoft.VisualStudio.TestPlatform.ObjectModel.dll /reference:/usr/share/dotnet/packs/Microsoft.NETCore.App.Ref/8.0.20/ref/net8.0/Microsoft.Win32.Primitives.dll /reference:/usr/share/dotnet/packs/Microsoft.NETCore.App.Ref/8.0.20/ref/net8.0/Microsoft.Win32.Registry.dll /reference:/home/runner/.nuget/packages/moq/4.20.70/lib/net6.0/Moq.dll /reference:/usr/share/dotnet/packs/Microsoft.NETCore.App.Ref/8.0.20/ref/net8.0/mscorlib.dll /reference:/usr/share/dotnet/packs/Microsoft.NETCore.App.Ref/8.0.20/ref/net8.0/netstandard.dll /reference:/home/runner/.nuget/packages/newtonsoft.json/13.0.1/lib/netstandard2.0/Newtonsoft.Json.dll /reference:/home/runner/work/S7-Tools/S7-Tools/src/S7Tools.Infrastructure.Logging/obj/Debug/net8.0/ref/S7Tools.Infrastructure.Logging.dll /reference:/usr/share/dotnet/packs/Microsoft.NETCore.App.Ref/8.0.20/ref/net8.0/System.AppContext.dll /reference:/usr/share/dotnet/packs/Microsoft.NETCore.App.Ref/8.0.20/ref/net8.0/System.Buffers.dll /reference:/usr/share/dotnet/packs/Microsoft.NETCore.App.Ref/8.0.20/ref/net8.0/System.Collections.Concurrent.dll /reference:/usr/share/dotnet/packs/Microsoft.NETCore.App.Ref/8.0.20/ref/net8.0/System.Collections.dll /reference:/usr/share/dotnet/packs/Microsoft.NETCore.App.Ref/8.0.20/ref/net8.0/System.Collections.Immutable.dll /reference:/usr/share/dotnet/packs/Microsoft.NETCore.App.Ref/8.0.20/ref/net8.0/System.Collections.NonGeneric.dll /reference:/usr/share/dotnet/packs/Microsoft.NETCore.App.Ref/8.0.20/ref/net8.0/System.Collections.Specialized.dll /reference:/usr/share/dotnet/packs/Microsoft.NETCore.App.Ref/8.0.20/ref/net8.0/System.ComponentModel.Annotations.dll /reference:/usr/share/dotnet/packs/Microsoft.NETCore.App.Ref/8.0.20/ref/net8.0/System.ComponentModel.DataAnnotations.dll /reference:/usr/share/dotnet/packs/Microsoft.NETCore.App.Ref/8.0.20/ref/net8.0/System.ComponentModel.dll /reference:/usr/share/dotnet/packs/Microsoft.NETCore.App.Ref/8.0.20/ref/net8.0/System.ComponentModel.EventBasedAsync.dll /reference:/usr/share/dotnet/packs/Microsoft.NETCore.App.Ref/8.0.20/ref/net8.0/System.ComponentModel.Primitives.dll /reference:/usr/share/dotnet/packs/Microsoft.NETCore.App.Ref/8.0.20/ref/net8.0/System.ComponentModel.TypeConverter.dll /reference:/home/runner/.nuget/packages/system.configuration.configurationmanager/4.4.0/ref/netstandard2.0/System.Configuration.ConfigurationManager.dll /reference:/usr/share/dotnet/packs/Microsoft.NETCore.App.Ref/8.0.20/ref/net8.0/System.Configuration.dll /reference:/usr/share/dotnet/packs/Microsoft.NETCore.App.Ref/8.0.20/ref/net8.0/System.Console.dll /reference:/usr/share/dotnet/packs/Microsoft.NETCore.App.Ref/8.0.20/ref/net8.0/System.Core.dll /reference:/usr/share/dotnet/packs/Microsoft.NETCore.App.Ref/8.0.20/ref/net8.0/System.Data.Common.dll /reference:/usr/share/dotnet/packs/Microsoft.NETCore.App.Ref/8.0.20/ref/net8.0/System.Data.DataSetExtensions.dll /reference:/usr/share/dotnet/packs/Microsoft.NETCore.App.Ref/8.0.20/ref/net8.0/System.Data.dll /reference:/usr/share/dotnet/packs/Microsoft.NETCore.App.Ref/8.0.20/ref/net8.0/System.Diagnostics.Contracts.dll /reference:/usr/share/dotnet/packs/Microsoft.NETCore.App.Ref/8.0.20/ref/net8.0/System.Diagnostics.Debug.dll /reference:/usr/share/dotnet/packs/Microsoft.NETCore.App.Ref/8.0.20/ref/net8.0/System.Diagnostics.DiagnosticSource.dll /reference:/home/runner/.nuget/packages/system.diagnostics.eventlog/6.0.0/lib/net6.0/System.Diagnostics.EventLog.dll /reference:/usr/share/dotnet/packs/Microsoft.NETCore.App.Ref/8.0.20/ref/net8.0/System.Diagnostics.FileVersionInfo.dll /reference:/usr/share/dotnet/packs/Microsoft.NETCore.App.Ref/8.0.20/ref/net8.0/System.Diagnostics.Process.dll /reference:/usr/share/dotnet/packs/Microsoft.NETCore.App.Ref/8.0.20/ref/net8.0/System.Diagnostics.StackTrace.dll /reference:/usr/share/dotnet/packs/Microsoft.NETCore.App.Ref/8.0.20/ref/net8.0/System.Diagnostics.TextWriterTraceListener.dll /reference:/usr/share/dotnet/packs/Microsoft.NETCore.App.Ref/8.0.20/ref/net8.0/System.Diagnostics.Tools.dll /reference:/usr/share/dotnet/packs/Microsoft.NETCore.App.Ref/8.0.20/ref/net8.0/System.Diagnostics.TraceSource.dll /reference:/usr/share/dotnet/packs/Microsoft.NETCore.App.Ref/8.0.20/ref/net8.0/System.Diagnostics.Tracing.dll /reference:/usr/share/dotnet/packs/Microsoft.NETCore.App.Ref/8.0.20/ref/net8.0/System.dll /reference:/usr/share/dotnet/packs/Microsoft.NETCore.App.Ref/8.0.20/ref/net8.0/System.Drawing.dll /reference:/usr/share/dotnet/packs/Microsoft.NETCore.App.Ref/8.0.20/ref/net8.0/System.Drawing.Primitives.dll /reference:/usr/share/dotnet/packs/Microsoft.NETCore.App.Ref/8.0.20/ref/net8.0/System.Dynamic.Runtime.dll /reference:/usr/share/dotnet/packs/Microsoft.NETCore.App.Ref/8.0.20/ref/net8.0/System.Formats.Asn1.dll /reference:/usr/share/dotnet/packs/Microsoft.NETCore.App.Ref/8.0.20/ref/net8.0/System.Formats.Tar.dll /reference:/usr/share/dotnet/packs/Microsoft.NETCore.App.Ref/8.0.20/ref/net8.0/System.Globalization.Calendars.dll /reference:/usr/share/dotnet/packs/Microsoft.NETCore.App.Ref/8.0.20/ref/net8.0/System.Globalization.dll /reference:/usr/share/dotnet/packs/Microsoft.NETCore.App.Ref/8.0.20/ref/net8.0/System.Globalization.Extensions.dll /reference:/usr/share/dotnet/packs/Microsoft.NETCore.App.Ref/8.0.20/ref/net8.0/System.IO.Compression.Brotli.dll /reference:/usr/share/dotnet/packs/Microsoft.NETCore.App.Ref/8.0.20/ref/net8.0/System.IO.Compression.dll /reference:/usr/share/dotnet/packs/Microsoft.NETCore.App.Ref/8.0.20/ref/net8.0/System.IO.Compression.FileSystem.dll /reference:/usr/share/dotnet/packs/Microsoft.NETCore.App.Ref/8.0.20/ref/net8.0/System.IO.Compression.ZipFile.dll /reference:/usr/share/dotnet/packs/Microsoft.NETCore.App.Ref/8.0.20/ref/net8.0/System.IO.dll /reference:/usr/share/dotnet/packs/Microsoft.NETCore.App.Ref/8.0.20/ref/net8.0/System.IO.FileSystem.AccessControl.dll /reference:/usr/share/dotnet/packs/Microsoft.NETCore.App.Ref/8.0.20/ref/net8.0/System.IO.FileSystem.dll /reference:/usr/share/dotnet/packs/Microsoft.NETCore.App.Ref/8.0.20/ref/net8.0/System.IO.FileSystem.DriveInfo.dll /reference:/usr/share/dotnet/packs/Microsoft.NETCore.App.Ref/8.0.20/ref/net8.0/System.IO.FileSystem.Primitives.dll /reference:/usr/share/dotnet/packs/Microsoft.NETCore.App.Ref/8.0.20/ref/net8.0/System.IO.FileSystem.Watcher.dll /reference:/usr/share/dotnet/packs/Microsoft.NETCore.App.Ref/8.0.20/ref/net8.0/System.IO.IsolatedStorage.dll /reference:/usr/share/dotnet/packs/Microsoft.NETCore.App.Ref/8.0.20/ref/net8.0/System.IO.MemoryMappedFiles.dll /reference:/usr/share/dotnet/packs/Microsoft.NETCore.App.Ref/8.0.20/ref/net8.0/System.IO.Pipes.AccessControl.dll /reference:/usr/share/dotnet/packs/Microsoft.NETCore.App.Ref/8.0.20/ref/net8.0/System.IO.Pipes.dll /reference:/usr/share/dotnet/packs/Microsoft.NETCore.App.Ref/8.0.20/ref/net8.0/System.IO.UnmanagedMemoryStream.dll /reference:/usr/share/dotnet/packs/Microsoft.NETCore.App.Ref/8.0.20/ref/net8.0/System.Linq.dll /reference:/usr/share/dotnet/packs/Microsoft.NETCore.App.Ref/8.0.20/ref/net8.0/System.Linq.Expressions.dll /reference:/usr/share/dotnet/packs/Microsoft.NETCore.App.Ref/8.0.20/ref/net8.0/System.Linq.Parallel.dll /reference:/usr/share/dotnet/packs/Microsoft.NETCore.App.Ref/8.0.20/ref/net8.0/System.Linq.Queryable.dll /reference:/usr/share/dotnet/packs/Microsoft.NETCore.App.Ref/8.0.20/ref/net8.0/System.Memory.dll /reference:/usr/share/dotnet/packs/Microsoft.NETCore.App.Ref/8.0.20/ref/net8.0/System.Net.dll /reference:/usr/share/dotnet/packs/Microsoft.NETCore.App.Ref/8.0.20/ref/net8.0/System.Net.Http.dll /reference:/usr/share/dotnet/packs/Microsoft.NETCore.App.Ref/8.0.20/ref/net8.0/System.Net.Http.Json.dll /reference:/usr/share/dotnet/packs/Microsoft.NETCore.App.Ref/8.0.20/ref/net8.0/System.Net.HttpListener.dll /reference:/usr/share/dotnet/packs/Microsoft.NETCore.App.Ref/8.0.20/ref/net8.0/System.Net.Mail.dll /reference:/usr/share/dotnet/packs/Microsoft.NETCore.App.Ref/8.0.20/ref/net8.0/System.Net.NameResolution.dll /reference:/usr/share/dotnet/packs/Microsoft.NETCore.App.Ref/8.0.20/ref/net8.0/System.Net.NetworkInformation.dll /reference:/usr/share/dotnet/packs/Microsoft.NETCore.App.Ref/8.0.20/ref/net8.0/System.Net.Ping.dll /reference:/usr/share/dotnet/packs/Microsoft.NETCore.App.Ref/8.0.20/ref/net8.0/System.Net.Primitives.dll /reference:/usr/share/dotnet/packs/Microsoft.NETCore.App.Ref/8.0.20/ref/net8.0/System.Net.Quic.dll /reference:/usr/share/dotnet/packs/Microsoft.NETCore.App.Ref/8.0.20/ref/net8.0/System.Net.Requests.dll /reference:/usr/share/dotnet/packs/Microsoft.NETCore.App.Ref/8.0.20/ref/net8.0/System.Net.Security.dll /reference:/usr/share/dotnet/packs/Microsoft.NETCore.App.Ref/8.0.20/ref/net8.0/System.Net.ServicePoint.dll /reference:/usr/share/dotnet/packs/Microsoft.NETCore.App.Ref/8.0.20/ref/net8.0/System.Net.Sockets.dll /reference:/usr/share/dotnet/packs/Microsoft.NETCore.App.Ref/8.0.20/ref/net8.0/System.Net.WebClient.dll /reference:/usr/share/dotnet/packs/Microsoft.NETCore.App.Ref/8.0.20/ref/net8.0/System.Net.WebHeaderCollection.dll /reference:/usr/share/dotnet/packs/Microsoft.NETCore.App.Ref/8.0.20/ref/net8.0/System.Net.WebProxy.dll /reference:/usr/share/dotnet/packs/Microsoft.NETCore.App.Ref/8.0.20/ref/net8.0/System.Net.WebSockets.Client.dll /reference:/usr/share/dotnet/packs/Microsoft.NETCore.App.Ref/8.0.20/ref/net8.0/System.Net.WebSockets.dll /reference:/usr/share/dotnet/packs/Microsoft.NETCore.App.Ref/8.0.20/ref/net8.0/System.Numerics.dll /reference:/usr/share/dotnet/packs/Microsoft.NETCore.App.Ref/8.0.20/ref/net8.0/System.Numerics.Vectors.dll /reference:/usr/share/dotnet/packs/Microsoft.NETCore.App.Ref/8.0.20/ref/net8.0/System.ObjectModel.dll /reference:/usr/share/dotnet/packs/Microsoft.NETCore.App.Ref/8.0.20/ref/net8.0/System.Reflection.DispatchProxy.dll /reference:/usr/share/dotnet/packs/Microsoft.NETCore.App.Ref/8.0.20/ref/net8.0/System.Reflection.dll /reference:/usr/share/dotnet/packs/Microsoft.NETCore.App.Ref/8.0.20/ref/net8.0/System.Reflection.Emit.dll /reference:/usr/share/dotnet/packs/Microsoft.NETCore.App.Ref/8.0.20/ref/net8.0/System.Reflection.Emit.ILGeneration.dll /reference:/usr/share/dotnet/packs/Microsoft.NETCore.App.Ref/8.0.20/ref/net8.0/System.Reflection.Emit.Lightweight.dll /reference:/usr/share/dotnet/packs/Microsoft.NETCore.App.Ref/8.0.20/ref/net8.0/System.Reflection.Extensions.dll /reference:/usr/share/dotnet/packs/Microsoft.NETCore.App.Ref/8.0.20/ref/net8.0/System.Reflection.Metadata.dll /reference:/usr/share/dotnet/packs/Microsoft.NETCore.App.Ref/8.0.20/ref/net8.0/System.Reflection.Primitives.dll /reference:/usr/share/dotnet/packs/Microsoft.NETCore.App.Ref/8.0.20/ref/net8.0/System.Reflection.TypeExtensions.dll /reference:/usr/share/dotnet/packs/Microsoft.NETCore.App.Ref/8.0.20/ref/net8.0/System.Resources.Reader.dll /reference:/usr/share/dotnet/packs/Microsoft.NETCore.App.Ref/8.0.20/ref/net8.0/System.Resources.ResourceManager.dll /reference:/usr/share/dotnet/packs/Microsoft.NETCore.App.Ref/8.0.20/ref/net8.0/System.Resources.Writer.dll /reference:/usr/share/dotnet/packs/Microsoft.NETCore.App.Ref/8.0.20/ref/net8.0/System.Runtime.CompilerServices.Unsafe.dll /reference:/usr/share/dotnet/packs/Microsoft.NETCore.App.Ref/8.0.20/ref/net8.0/System.Runtime.CompilerServices.VisualC.dll /reference:/usr/share/dotnet/packs/Microsoft.NETCore.App.Ref/8.0.20/ref/net8.0/System.Runtime.dll /reference:/usr/share/dotnet/packs/Microsoft.NETCore.App.Ref/8.0.20/ref/net8.0/System.Runtime.Extensions.dll /reference:/usr/share/dotnet/packs/Microsoft.NETCore.App.Ref/8.0.20/ref/net8.0/System.Runtime.Handles.dll /reference:/usr/share/dotnet/packs/Microsoft.NETCore.App.Ref/8.0.20/ref/net8.0/System.Runtime.InteropServices.dll /reference:/usr/share/dotnet/packs/Microsoft.NETCore.App.Ref/8.0.20/ref/net8.0/System.Runtime.InteropServices.JavaScript.dll /reference:/usr/share/dotnet/packs/Microsoft.NETCore.App.Ref/8.0.20/ref/net8.0/System.Runtime.InteropServices.RuntimeInformation.dll /reference:/usr/share/dotnet/packs/Microsoft.NETCore.App.Ref/8.0.20/ref/net8.0/System.Runtime.Intrinsics.dll /reference:/usr/share/dotnet/packs/Microsoft.NETCore.App.Ref/8.0.20/ref/net8.0/System.Runtime.Loader.dll /reference:/usr/share/dotnet/packs/Microsoft.NETCore.App.Ref/8.0.20/ref/net8.0/System.Runtime.Numerics.dll /reference:/usr/share/dotnet/packs/Microsoft.NETCore.App.Ref/8.0.20/ref/net8.0/System.Runtime.Serialization.dll /reference:/usr/share/dotnet/packs/Microsoft.NETCore.App.Ref/8.0.20/ref/net8.0/System.Runtime.Serialization.Formatters.dll /reference:/usr/share/dotnet/packs/Microsoft.NETCore.App.Ref/8.0.20/ref/net8.0/System.Runtime.Serialization.Json.dll /reference:/usr/share/dotnet/packs/Microsoft.NETCore.App.Ref/8.0.20/ref/net8.0/System.Runtime.Serialization.Primitives.dll /reference:/usr/share/dotnet/packs/Microsoft.NETCore.App.Ref/8.0.20/ref/net8.0/System.Runtime.Serialization.Xml.dll /reference:/usr/share/dotnet/packs/Microsoft.NETCore.App.Ref/8.0.20/ref/net8.0/System.Security.AccessControl.dll /reference:/usr/share/dotnet/packs/Microsoft.NETCore.App.Ref/8.0.20/ref/net8.0/System.Security.Claims.dll /reference:/usr/share/dotnet/packs/Microsoft.NETCore.App.Ref/8.0.20/ref/net8.0/System.Security.Cryptography.Algorithms.dll /reference:/usr/share/dotnet/packs/Microsoft.NETCore.App.Ref/8.0.20/ref/net8.0/System.Security.Cryptography.Cng.dll /reference:/usr/share/dotnet/packs/Microsoft.NETCore.App.Ref/8.0.20/ref/net8.0/System.Security.Cryptography.Csp.dll /reference:/usr/share/dotnet/packs/Microsoft.NETCore.App.Ref/8.0.20/ref/net8.0/System.Security.Cryptography.dll /reference:/usr/share/dotnet/packs/Microsoft.NETCore.App.Ref/8.0.20/ref/net8.0/System.Security.Cryptography.Encoding.dll /reference:/usr/share/dotnet/packs/Microsoft.NETCore.App.Ref/8.0.20/ref/net8.0/System.Security.Cryptography.OpenSsl.dll /reference:/usr/share/dotnet/packs/Microsoft.NETCore.App.Ref/8.0.20/ref/net8.0/System.Security.Cryptography.Primitives.dll /reference:/usr/share/dotnet/packs/Microsoft.NETCore.App.Ref/8.0.20/ref/net8.0/System.Security.Cryptography.X509Certificates.dll /reference:/usr/share/dotnet/packs/Microsoft.NETCore.App.Ref/8.0.20/ref/net8.0/System.Security.dll /reference:/usr/share/dotnet/packs/Microsoft.NETCore.App.Ref/8.0.20/ref/net8.0/System.Security.Principal.dll /reference:/usr/share/dotnet/packs/Microsoft.NETCore.App.Ref/8.0.20/ref/net8.0/System.Security.Principal.Windows.dll /reference:/usr/share/dotnet/packs/Microsoft.NETCore.App.Ref/8.0.20/ref/net8.0/System.Security.SecureString.dll /reference:/usr/share/dotnet/packs/Microsoft.NETCore.App.Ref/8.0.20/ref/net8.0/System.ServiceModel.Web.dll /reference:/usr/share/dotnet/packs/Microsoft.NETCore.App.Ref/8.0.20/ref/net8.0/System.ServiceProcess.dll /reference:/usr/share/dotnet/packs/Microsoft.NETCore.App.Ref/8.0.20/ref/net8.0/System.Text.Encoding.CodePages.dll /reference:/usr/share/dotnet/packs/Microsoft.NETCore.App.Ref/8.0.20/ref/net8.0/System.Text.Encoding.dll /reference:/usr/share/dotnet/packs/Microsoft.NETCore.App.Ref/8.0.20/ref/net8.0/System.Text.Encoding.Extensions.dll /reference:/usr/share/dotnet/packs/Microsoft.NETCore.App.Ref/8.0.20/ref/net8.0/System.Text.Encodings.Web.dll /reference:/usr/share/dotnet/packs/Microsoft.NETCore.App.Ref/8.0.20/ref/net8.0/System.Text.Json.dll /reference:/usr/share/dotnet/packs/Microsoft.NETCore.App.Ref/8.0.20/ref/net8.0/System.Text.RegularExpressions.dll /reference:/usr/share/dotnet/packs/Microsoft.NETCore.App.Ref/8.0.20/ref/net8.0/System.Threading.Channels.dll /reference:/usr/share/dotnet/packs/Microsoft.NETCore.App.Ref/8.0.20/ref/net8.0/System.Threading.dll /reference:/usr/share/dotnet/packs/Microsoft.NETCore.App.Ref/8.0.20/ref/net8.0/System.Threading.Overlapped.dll /reference:/usr/share/dotnet/packs/Microsoft.NETCore.App.Ref/8.0.20/ref/net8.0/System.Threading.Tasks.Dataflow.dll /reference:/usr/share/dotnet/packs/Microsoft.NETCore.App.Ref/8.0.20/ref/net8.0/System.Threading.Tasks.dll /reference:/usr/share/dotnet/packs/Microsoft.NETCore.App.Ref/8.0.20/ref/net8.0/System.Threading.Tasks.Extensions.dll /reference:/usr/share/dotnet/packs/Microsoft.NETCore.App.Ref/8.0.20/ref/net8.0/System.Threading.Tasks.Parallel.dll /reference:/usr/share/dotnet/packs/Microsoft.NETCore.App.Ref/8.0.20/ref/net8.0/System.Threading.Thread.dll /reference:/usr/share/dotnet/packs/Microsoft.NETCore.App.Ref/8.0.20/ref/net8.0/System.Threading.ThreadPool.dll /reference:/usr/share/dotnet/packs/Microsoft.NETCore.App.Ref/8.0.20/ref/net8.0/System.Threading.Timer.dll /reference:/usr/share/dotnet/packs/Microsoft.NETCore.App.Ref/8.0.20/ref/net8.0/System.Transactions.dll /reference:/usr/share/dotnet/packs/Microsoft.NETCore.App.Ref/8.0.20/ref/net8.0/System.Transactions.Local.dll /reference:/usr/share/dotnet/packs/Microsoft.NETCore.App.Ref/8.0.20/ref/net8.0/System.ValueTuple.dll /reference:/usr/share/dotnet/packs/Microsoft.NETCore.App.Ref/8.0.20/ref/net8.0/System.Web.dll /reference:/usr/share/dotnet/packs/Microsoft.NETCore.App.Ref/8.0.20/ref/net8.0/System.Web.HttpUtility.dll /reference:/usr/share/dotnet/packs/Microsoft.NETCore.App.Ref/8.0.20/ref/net8.0/System.Windows.dll /reference:/usr/share/dotnet/packs/Microsoft.NETCore.App.Ref/8.0.20/ref/net8.0/System.Xml.dll /reference:/usr/share/dotnet/packs/Microsoft.NETCore.App.Ref/8.0.20/ref/net8.0/System.Xml.Linq.dll /reference:/usr/share/dotnet/packs/Microsoft.NETCore.App.Ref/8.0.20/ref/net8.0/System.Xml.ReaderWriter.dll /reference:/usr/share/dotnet/packs/Microsoft.NETCore.App.Ref/8.0.20/ref/net8.0/System.Xml.Serialization.dll /reference:/usr/share/dotnet/packs/Microsoft.NETCore.App.Ref/8.0.20/ref/net8.0/System.Xml.XDocument.dll /reference:/usr/share/dotnet/packs/Microsoft.NETCore.App.Ref/8.0.20/ref/net8.0/System.Xml.XmlDocument.dll /reference:/usr/share/dotnet/packs/Microsoft.NETCore.App.Ref/8.0.20/ref/net8.0/System.Xml.XmlSerializer.dll /reference:/usr/share/dotnet/packs/Microsoft.NETCore.App.Ref/8.0.20/ref/net8.0/System.Xml.XPath.dll /reference:/usr/share/dotnet/packs/Microsoft.NETCore.App.Ref/8.0.20/ref/net8.0/System.Xml.XPath.XDocument.dll /reference:/home/runner/.nuget/packages/microsoft.testplatform.testhost/17.12.0/lib/netcoreapp3.1/testhost.dll /reference:/usr/share/dotnet/packs/Microsoft.NETCore.App.Ref/8.0.20/ref/net8.0/WindowsBase.dll /reference:/home/runner/.nuget/packages/xunit.abstractions/2.0.3/lib/netstandard2.0/xunit.abstractions.dll /reference:/home/runner/.nuget/packages/xunit.assert/2.9.2/lib/net6.0/xunit.assert.dll /reference:/home/runner/.nuget/packages/xunit.extensibility.core/2.9.2/lib/netstandard1.1/xunit.core.dll /reference:/home/runner/.nuget/packages/xunit.extensibility.execution/2.9.2/lib/netstandard1.1/xunit.execution.dotnet.dll /debug+ /debug:portable /filealign:512 /optimize- /out:obj/Debug/net8.0/S7Tools.Infrastructure.Logging.Tests.dll /refout:obj/Debug/net8.0/refint/S7Tools.Infrastructure.Logging.Tests.dll /target:exe /warnaserror- /utf8output /deterministic+ /sourcelink:obj/Debug/net8.0/S7Tools.Infrastructure.Logging.Tests.sourcelink.json /langversion:12.0 /embed:/home/runner/.nuget/packages/microsoft.net.test.sdk/17.12.0/build/netcoreapp3.1/Microsoft.NET.Test.Sdk.Program.cs /embed:obj/Debug/net8.0/S7Tools.Infrastructure.Logging.Tests.GlobalUsings.g.cs /embed:"obj/Debug/net8.0/.NETCoreApp,Version=v8.0.AssemblyAttributes.cs" /embed:obj/Debug/net8.0/S7Tools.Infrastructure.Logging.Tests.AssemblyInfo.cs /analyzerconfig:/home/runner/work/S7-Tools/S7-Tools/.editorconfig /analyzerconfig:obj/Debug/net8.0/S7Tools.Infrastructure.Logging.Tests.GeneratedMSBuildEditorConfig.editorconfig /analyzerconfig:/usr/share/dotnet/sdk/9.0.305/Sdks/Microsoft.NET.Sdk/analyzers/build/config/analysislevel_8_default.globalconfig /analyzer:/usr/share/dotnet/sdk/9.0.305/Sdks/Microsoft.NET.Sdk/targets/../analyzers/Microsoft.CodeAnalysis.CSharp.NetAnalyzers.dll /analyzer:/usr/share/dotnet/sdk/9.0.305/Sdks/Microsoft.NET.Sdk/targets/../analyzers/Microsoft.CodeAnalysis.NetAnalyzers.dll /analyzer:/home/runner/.nuget/packages/microsoft.extensions.logging.abstractions/8.0.2/analyzers/dotnet/roslyn4.4/cs/Microsoft.Extensions.Logging.Generators.dll /analyzer:/home/runner/.nuget/packages/microsoft.extensions.options/8.0.2/analyzers/dotnet/roslyn4.4/cs/Microsoft.Extensions.Options.SourceGeneration.dll /analyzer:/home/runner/.nuget/packages/xunit.analyzers/1.16.0/analyzers/dotnet/cs/xunit.analyzers.dll /analyzer:/home/runner/.nuget/packages/xunit.analyzers/1.16.0/analyzers/dotnet/cs/xunit.analyzers.fixes.dll /analyzer:/usr/share/dotnet/packs/Microsoft.NETCore.App.Ref/8.0.20/analyzers/dotnet/cs/Microsoft.Interop.ComInterfaceGenerator.dll /analyzer:/usr/share/dotnet/packs/Microsoft.NETCore.App.Ref/8.0.20/analyzers/dotnet/cs/Microsoft.Interop.JavaScript.JSImportGenerator.dll /analyzer:/usr/share/dotnet/packs/Microsoft.NETCore.App.Ref/8.0.20/analyzers/dotnet/cs/Microsoft.Interop.LibraryImportGenerator.dll /analyzer:/usr/share/dotnet/packs/Microsoft.NETCore.App.Ref/8.0.20/analyzers/dotnet/cs/Microsoft.Interop.SourceGeneration.dll /analyzer:/usr/share/dotnet/packs/Microsoft.NETCore.App.Ref/8.0.20/analyzers/dotnet/cs/System.Text.Json.SourceGeneration.dll /analyzer:/usr/share/dotnet/packs/Microsoft.NETCore.App.Ref/8.0.20/analyzers/dotnet/cs/System.Text.RegularExpressions.Generator.dll Core/Storage/LogDataStoreTests.cs GlobalUsings.cs /home/runner/.nuget/packages/microsoft.net.test.sdk/17.12.0/build/netcoreapp3.1/Microsoft.NET.Test.Sdk.Program.cs obj/Debug/net8.0/S7Tools.Infrastructure.Logging.Tests.GlobalUsings.g.cs "obj/Debug/net8.0/.NETCoreApp,Version=v8.0.AssemblyAttributes.cs" obj/Debug/net8.0/S7Tools.Infrastructure.Logging.Tests.AssemblyInfo.cs /warnaserror+:NU1605,SYSLIB0011 /warnaserror-:CS8618,CS8625,CS8603,CS8604,CS8602,CS8600,CS8601,CS8765
     2>CoreResGen:
         resgen.exe /useSourcePath /r:/home/runner/.nuget/packages/avalonia/11.3.6/ref/net8.0/Avalonia.Base.dll /r:/home/runner/.nuget/packages/avalonia.controls.colorpicker/11.3.6/lib/net8.0/Avalonia.Controls.ColorPicker.dll /r:/home/runner/.nuget/packages/avalonia.controls.datagrid/11.3.6/lib/net8.0/Avalonia.Controls.DataGrid.dll /r:/home/runner/.nuget/packages/avalonia/11.3.6/ref/net8.0/Avalonia.Controls.dll /r:/home/runner/.nuget/packages/avalonia/11.3.6/ref/net8.0/Avalonia.DesignerSupport.dll /r:/home/runner/.nuget/packages/avalonia.desktop/11.3.6/lib/net8.0/Avalonia.Desktop.dll /r:/home/runner/.nuget/packages/avalonia.diagnostics/11.3.6/lib/net8.0/Avalonia.Diagnostics.dll /r:/home/runner/.nuget/packages/avalonia/11.3.6/ref/net8.0/Avalonia.Dialogs.dll /r:/home/runner/.nuget/packages/avalonia/11.3.6/ref/net8.0/Avalonia.dll /r:/home/runner/.nuget/packages/avalonia.fonts.inter/11.3.6/lib/net8.0/Avalonia.Fonts.Inter.dll /r:/home/runner/.nuget/packages/avalonia.freedesktop/11.3.6/lib/net8.0/Avalonia.FreeDesktop.dll /r:/home/runner/.nuget/packages/avalonia/11.3.6/ref/net8.0/Avalonia.Markup.dll /r:/home/runner/.nuget/packages/avalonia/11.3.6/ref/net8.0/Avalonia.Markup.Xaml.dll /r:/home/runner/.nuget/packages/avalonia/11.3.6/ref/net8.0/Avalonia.Metal.dll /r:/home/runner/.nuget/packages/avalonia/11.3.6/ref/net8.0/Avalonia.MicroCom.dll /r:/home/runner/.nuget/packages/avalonia.native/11.3.6/lib/net8.0/Avalonia.Native.dll /r:/home/runner/.nuget/packages/avalonia/11.3.6/ref/net8.0/Avalonia.OpenGL.dll /r:/home/runner/.nuget/packages/avalonia.reactiveui/11.3.6/lib/net8.0/Avalonia.ReactiveUI.dll /r:/home/runner/.nuget/packages/avalonia.remote.protocol/11.3.6/lib/net8.0/Avalonia.Remote.Protocol.dll /r:/home/runner/.nuget/packages/avalonia.skia/11.3.6/lib/net8.0/Avalonia.Skia.dll /r:/home/runner/.nuget/packages/avalonia.themes.fluent/11.3.6/lib/net8.0/Avalonia.Themes.Fluent.dll /r:/home/runner/.nuget/packages/avalonia.themes.simple/11.3.6/lib/net8.0/Avalonia.Themes.Simple.dll /r:/home/runner/.nuget/packages/avalonia/11.3.6/ref/net8.0/Avalonia.Vulkan.dll /r:/home/runner/.nuget/packages/avalonia.win32/11.3.6/lib/net8.0/Avalonia.Win32.Automation.dll /r:/home/runner/.nuget/packages/avalonia.win32/11.3.6/lib/net8.0/Avalonia.Win32.dll /r:/home/runner/.nuget/packages/avalonia.x11/11.3.6/lib/net8.0/Avalonia.X11.dll /r:/home/runner/.nuget/packages/avalonia.xaml.interactivity/11.3.0.6/lib/net8.0/Avalonia.Xaml.Interactivity.dll /r:/home/runner/.nuget/packages/communitytoolkit.mvvm/8.2.0/lib/net6.0/CommunityToolkit.Mvvm.dll /r:/home/runner/.nuget/packages/dynamicdata/8.4.1/lib/net8.0/DynamicData.dll /r:/home/runner/.nuget/packages/fluentavaloniaui/2.4.0/lib/net6.0/FluentAvalonia.dll /r:/home/runner/.nuget/packages/harfbuzzsharp/8.3.1.1/lib/net8.0/HarfBuzzSharp.dll /r:/home/runner/.nuget/packages/microcom.runtime/0.11.0/lib/net5.0/MicroCom.Runtime.dll /r:/usr/share/dotnet/packs/Microsoft.NETCore.App.Ref/8.0.20/ref/net8.0/Microsoft.CSharp.dll /r:/home/runner/.nuget/packages/microsoft.extensions.dependencyinjection.abstractions/8.0.0/lib/net8.0/Microsoft.Extensions.DependencyInjection.Abstractions.dll /r:/home/runner/.nuget/packages/microsoft.extensions.dependencyinjection/8.0.0/lib/net8.0/Microsoft.Extensions.DependencyInjection.dll /r:/home/runner/.nuget/packages/microsoft.extensions.logging.abstractions/8.0.0/lib/net8.0/Microsoft.Extensions.Logging.Abstractions.dll /r:/home/runner/.nuget/packages/microsoft.extensions.logging/8.0.0/lib/net8.0/Microsoft.Extensions.Logging.dll /r:/home/runner/.nuget/packages/microsoft.extensions.options/8.0.0/lib/net8.0/Microsoft.Extensions.Options.dll /r:/home/runner/.nuget/packages/microsoft.extensions.primitives/8.0.0/lib/net8.0/Microsoft.Extensions.Primitives.dll /r:/usr/share/dotnet/packs/Microsoft.NETCore.App.Ref/8.0.20/ref/net8.0/Microsoft.VisualBasic.Core.dll /r:/usr/share/dotnet/packs/Microsoft.NETCore.App.Ref/8.0.20/ref/net8.0/Microsoft.VisualBasic.dll /r:/usr/share/dotnet/packs/Microsoft.NETCore.App.Ref/8.0.20/ref/net8.0/Microsoft.Win32.Primitives.dll /r:/usr/share/dotnet/packs/Microsoft.NETCore.App.Ref/8.0.20/ref/net8.0/Microsoft.Win32.Registry.dll /r:/usr/share/dotnet/packs/Microsoft.NETCore.App.Ref/8.0.20/ref/net8.0/mscorlib.dll /r:/usr/share/dotnet/packs/Microsoft.NETCore.App.Ref/8.0.20/ref/net8.0/netstandard.dll /r:/home/runner/.nuget/packages/projektanker.icons.avalonia/9.6.2/lib/netstandard2.0/Projektanker.Icons.Avalonia.dll /r:/home/runner/.nuget/packages/projektanker.icons.avalonia.fontawesome/9.6.2/lib/netstandard2.0/Projektanker.Icons.Avalonia.FontAwesome.dll /r:/home/runner/.nuget/packages/reactiveui/20.1.1/lib/net8.0/ReactiveUI.dll /r:/home/runner/work/S7-Tools/S7-Tools/src/S7Tools.Core/obj/Debug/net8.0/ref/S7Tools.Core.dll /r:/home/runner/work/S7-Tools/S7-Tools/src/S7Tools.Infrastructure.Logging/obj/Debug/net8.0/ref/S7Tools.Infrastructure.Logging.dll /r:/home/runner/.nuget/packages/skiasharp/2.88.9/lib/net6.0/SkiaSharp.dll /r:/home/runner/.nuget/packages/splat/15.1.1/lib/net8.0/Splat.dll /r:/home/runner/.nuget/packages/splat.microsoft.extensions.dependencyinjection/14.8.6/lib/net7.0/Splat.Microsoft.Extensions.DependencyInjection.dll /r:/usr/share/dotnet/packs/Microsoft.NETCore.App.Ref/8.0.20/ref/net8.0/System.AppContext.dll /r:/usr/share/dotnet/packs/Microsoft.NETCore.App.Ref/8.0.20/ref/net8.0/System.Buffers.dll /r:/usr/share/dotnet/packs/Microsoft.NETCore.App.Ref/8.0.20/ref/net8.0/System.Collections.Concurrent.dll /r:/usr/share/dotnet/packs/Microsoft.NETCore.App.Ref/8.0.20/ref/net8.0/System.Collections.dll /r:/usr/share/dotnet/packs/Microsoft.NETCore.App.Ref/8.0.20/ref/net8.0/System.Collections.Immutable.dll /r:/usr/share/dotnet/packs/Microsoft.NETCore.App.Ref/8.0.20/ref/net8.0/System.Collections.NonGeneric.dll /r:/usr/share/dotnet/packs/Microsoft.NETCore.App.Ref/8.0.20/ref/net8.0/System.Collections.Specialized.dll /r:/usr/share/dotnet/packs/Microsoft.NETCore.App.Ref/8.0.20/ref/net8.0/System.ComponentModel.Annotations.dll /r:/usr/share/dotnet/packs/Microsoft.NETCore.App.Ref/8.0.20/ref/net8.0/System.ComponentModel.DataAnnotations.dll /r:/usr/share/dotnet/packs/Microsoft.NETCore.App.Ref/8.0.20/ref/net8.0/System.ComponentModel.dll /r:/usr/share/dotnet/packs/Microsoft.NETCore.App.Ref/8.0.20/ref/net8.0/System.ComponentModel.EventBasedAsync.dll /r:/usr/share/dotnet/packs/Microsoft.NETCore.App.Ref/8.0.20/ref/net8.0/System.ComponentModel.Primitives.dll /r:/usr/share/dotnet/packs/Microsoft.NETCore.App.Ref/8.0.20/ref/net8.0/System.ComponentModel.TypeConverter.dll /r:/usr/share/dotnet/packs/Microsoft.NETCore.App.Ref/8.0.20/ref/net8.0/System.Configuration.dll /r:/usr/share/dotnet/packs/Microsoft.NETCore.App.Ref/8.0.20/ref/net8.0/System.Console.dll /r:/usr/share/dotnet/packs/Microsoft.NETCore.App.Ref/8.0.20/ref/net8.0/System.Core.dll /r:/usr/share/dotnet/packs/Microsoft.NETCore.App.Ref/8.0.20/ref/net8.0/System.Data.Common.dll /r:/usr/share/dotnet/packs/Microsoft.NETCore.App.Ref/8.0.20/ref/net8.0/System.Data.DataSetExtensions.dll /r:/usr/share/dotnet/packs/Microsoft.NETCore.App.Ref/8.0.20/ref/net8.0/System.Data.dll /r:/usr/share/dotnet/packs/Microsoft.NETCore.App.Ref/8.0.20/ref/net8.0/System.Diagnostics.Contracts.dll /r:/usr/share/dotnet/packs/Microsoft.NETCore.App.Ref/8.0.20/ref/net8.0/System.Diagnostics.Debug.dll /r:/usr/share/dotnet/packs/Microsoft.NETCore.App.Ref/8.0.20/ref/net8.0/System.Diagnostics.DiagnosticSource.dll /r:/usr/share/dotnet/packs/Microsoft.NETCore.App.Ref/8.0.20/ref/net8.0/System.Diagnostics.FileVersionInfo.dll /r:/usr/share/dotnet/packs/Microsoft.NETCore.App.Ref/8.0.20/ref/net8.0/System.Diagnostics.Process.dll /r:/usr/share/dotnet/packs/Microsoft.NETCore.App.Ref/8.0.20/ref/net8.0/System.Diagnostics.StackTrace.dll /r:/usr/share/dotnet/packs/Microsoft.NETCore.App.Ref/8.0.20/ref/net8.0/System.Diagnostics.TextWriterTraceListener.dll /r:/usr/share/dotnet/packs/Microsoft.NETCore.App.Ref/8.0.20/ref/net8.0/System.Diagnostics.Tools.dll /r:/usr/share/dotnet/packs/Microsoft.NETCore.App.Ref/8.0.20/ref/net8.0/System.Diagnostics.TraceSource.dll /r:/usr/share/dotnet/packs/Microsoft.NETCore.App.Ref/8.0.20/ref/net8.0/System.Diagnostics.Tracing.dll /r:/usr/share/dotnet/packs/Microsoft.NETCore.App.Ref/8.0.20/ref/net8.0/System.dll /r:/usr/share/dotnet/packs/Microsoft.NETCore.App.Ref/8.0.20/ref/net8.0/System.Drawing.dll /r:/usr/share/dotnet/packs/Microsoft.NETCore.App.Ref/8.0.20/ref/net8.0/System.Drawing.Primitives.dll /r:/usr/share/dotnet/packs/Microsoft.NETCore.App.Ref/8.0.20/ref/net8.0/System.Dynamic.Runtime.dll /r:/usr/share/dotnet/packs/Microsoft.NETCore.App.Ref/8.0.20/ref/net8.0/System.Formats.Asn1.dll /r:/usr/share/dotnet/packs/Microsoft.NETCore.App.Ref/8.0.20/ref/net8.0/System.Formats.Tar.dll /r:/usr/share/dotnet/packs/Microsoft.NETCore.App.Ref/8.0.20/ref/net8.0/System.Globalization.Calendars.dll /r:/usr/share/dotnet/packs/Microsoft.NETCore.App.Ref/8.0.20/ref/net8.0/System.Globalization.dll /r:/usr/share/dotnet/packs/Microsoft.NETCore.App.Ref/8.0.20/ref/net8.0/System.Globalization.Extensions.dll /r:/usr/share/dotnet/packs/Microsoft.NETCore.App.Ref/8.0.20/ref/net8.0/System.IO.Compression.Brotli.dll /r:/usr/share/dotnet/packs/Microsoft.NETCore.App.Ref/8.0.20/ref/net8.0/System.IO.Compression.dll /r:/usr/share/dotnet/packs/Microsoft.NETCore.App.Ref/8.0.20/ref/net8.0/System.IO.Compression.FileSystem.dll /r:/usr/share/dotnet/packs/Microsoft.NETCore.App.Ref/8.0.20/ref/net8.0/System.IO.Compression.ZipFile.dll /r:/usr/share/dotnet/packs/Microsoft.NETCore.App.Ref/8.0.20/ref/net8.0/System.IO.dll /r:/usr/share/dotnet/packs/Microsoft.NETCore.App.Ref/8.0.20/ref/net8.0/System.IO.FileSystem.AccessControl.dll /r:/usr/share/dotnet/packs/Microsoft.NETCore.App.Ref/8.0.20/ref/net8.0/System.IO.FileSystem.dll /r:/usr/share/dotnet/packs/Microsoft.NETCore.App.Ref/8.0.20/ref/net8.0/System.IO.FileSystem.DriveInfo.dll /r:/usr/share/dotnet/packs/Microsoft.NETCore.App.Ref/8.0.20/ref/net8.0/System.IO.FileSystem.Primitives.dll /r:/usr/share/dotnet/packs/Microsoft.NETCore.App.Ref/8.0.20/ref/net8.0/System.IO.FileSystem.Watcher.dll /r:/usr/share/dotnet/packs/Microsoft.NETCore.App.Ref/8.0.20/ref/net8.0/System.IO.IsolatedStorage.dll /r:/usr/share/dotnet/packs/Microsoft.NETCore.App.Ref/8.0.20/ref/net8.0/System.IO.MemoryMappedFiles.dll /r:/home/runner/.nuget/packages/system.io.pipelines/9.0.4/lib/net8.0/System.IO.Pipelines.dll /r:/usr/share/dotnet/packs/Microsoft.NETCore.App.Ref/8.0.20/ref/net8.0/System.IO.Pipes.AccessControl.dll /r:/usr/share/dotnet/packs/Microsoft.NETCore.App.Ref/8.0.20/ref/net8.0/System.IO.Pipes.dll /r:/usr/share/dotnet/packs/Microsoft.NETCore.App.Ref/8.0.20/ref/net8.0/System.IO.UnmanagedMemoryStream.dll /r:/usr/share/dotnet/packs/Microsoft.NETCore.App.Ref/8.0.20/ref/net8.0/System.Linq.dll /r:/usr/share/dotnet/packs/Microsoft.NETCore.App.Ref/8.0.20/ref/net8.0/System.Linq.Expressions.dll /r:/usr/share/dotnet/packs/Microsoft.NETCore.App.Ref/8.0.20/ref/net8.0/System.Linq.Parallel.dll /r:/usr/share/dotnet/packs/Microsoft.NETCore.App.Ref/8.0.20/ref/net8.0/System.Linq.Queryable.dll /r:/usr/share/dotnet/packs/Microsoft.NETCore.App.Ref/8.0.20/ref/net8.0/System.Memory.dll /r:/usr/share/dotnet/packs/Microsoft.NETCore.App.Ref/8.0.20/ref/net8.0/System.Net.dll /r:/usr/share/dotnet/packs/Microsoft.NETCore.App.Ref/8.0.20/ref/net8.0/System.Net.Http.dll /r:/usr/share/dotnet/packs/Microsoft.NETCore.App.Ref/8.0.20/ref/net8.0/System.Net.Http.Json.dll /r:/usr/share/dotnet/packs/Microsoft.NETCore.App.Ref/8.0.20/ref/net8.0/System.Net.HttpListener.dll /r:/usr/share/dotnet/packs/Microsoft.NETCore.App.Ref/8.0.20/ref/net8.0/System.Net.Mail.dll /r:/usr/share/dotnet/packs/Microsoft.NETCore.App.Ref/8.0.20/ref/net8.0/System.Net.NameResolution.dll /r:/usr/share/dotnet/packs/Microsoft.NETCore.App.Ref/8.0.20/ref/net8.0/System.Net.NetworkInformation.dll /r:/usr/share/dotnet/packs/Microsoft.NETCore.App.Ref/8.0.20/ref/net8.0/System.Net.Ping.dll /r:/usr/share/dotnet/packs/Microsoft.NETCore.App.Ref/8.0.20/ref/net8.0/System.Net.Primitives.dll /r:/usr/share/dotnet/packs/Microsoft.NETCore.App.Ref/8.0.20/ref/net8.0/System.Net.Quic.dll /r:/usr/share/dotnet/packs/Microsoft.NETCore.App.Ref/8.0.20/ref/net8.0/System.Net.Requests.dll /r:/usr/share/dotnet/packs/Microsoft.NETCore.App.Ref/8.0.20/ref/net8.0/System.Net.Security.dll /r:/usr/share/dotnet/packs/Microsoft.NETCore.App.Ref/8.0.20/ref/net8.0/System.Net.ServicePoint.dll /r:/usr/share/dotnet/packs/Microsoft.NETCore.App.Ref/8.0.20/ref/net8.0/System.Net.Sockets.dll /r:/usr/share/dotnet/packs/Microsoft.NETCore.App.Ref/8.0.20/ref/net8.0/System.Net.WebClient.dll /r:/usr/share/dotnet/packs/Microsoft.NETCore.App.Ref/8.0.20/ref/net8.0/System.Net.WebHeaderCollection.dll /r:/usr/share/dotnet/packs/Microsoft.NETCore.App.Ref/8.0.20/ref/net8.0/System.Net.WebProxy.dll /r:/usr/share/dotnet/packs/Microsoft.NETCore.App.Ref/8.0.20/ref/net8.0/System.Net.WebSockets.Client.dll /r:/usr/share/dotnet/packs/Microsoft.NETCore.App.Ref/8.0.20/ref/net8.0/System.Net.WebSockets.dll /r:/usr/share/dotnet/packs/Microsoft.NETCore.App.Ref/8.0.20/ref/net8.0/System.Numerics.dll /r:/usr/share/dotnet/packs/Microsoft.NETCore.App.Ref/8.0.20/ref/net8.0/System.Numerics.Vectors.dll /r:/usr/share/dotnet/packs/Microsoft.NETCore.App.Ref/8.0.20/ref/net8.0/System.ObjectModel.dll /r:/home/runner/.nuget/packages/system.reactive/6.0.1/lib/net6.0/System.Reactive.dll /r:/usr/share/dotnet/packs/Microsoft.NETCore.App.Ref/8.0.20/ref/net8.0/System.Reflection.DispatchProxy.dll /r:/usr/share/dotnet/packs/Microsoft.NETCore.App.Ref/8.0.20/ref/net8.0/System.Reflection.dll /r:/usr/share/dotnet/packs/Microsoft.NETCore.App.Ref/8.0.20/ref/net8.0/System.Reflection.Emit.dll /r:/usr/share/dotnet/packs/Microsoft.NETCore.App.Ref/8.0.20/ref/net8.0/System.Reflection.Emit.ILGeneration.dll /r:/usr/share/dotnet/packs/Microsoft.NETCore.App.Ref/8.0.20/ref/net8.0/System.Reflection.Emit.Lightweight.dll /r:/usr/share/dotnet/packs/Microsoft.NETCore.App.Ref/8.0.20/ref/net8.0/System.Reflection.Extensions.dll /r:/usr/share/dotnet/packs/Microsoft.NETCore.App.Ref/8.0.20/ref/net8.0/System.Reflection.Metadata.dll /r:/usr/share/dotnet/packs/Microsoft.NETCore.App.Ref/8.0.20/ref/net8.0/System.Reflection.Primitives.dll /r:/usr/share/dotnet/packs/Microsoft.NETCore.App.Ref/8.0.20/ref/net8.0/System.Reflection.TypeExtensions.dll /r:/usr/share/dotnet/packs/Microsoft.NETCore.App.Ref/8.0.20/ref/net8.0/System.Resources.Reader.dll /r:/usr/share/dotnet/packs/Microsoft.NETCore.App.Ref/8.0.20/ref/net8.0/System.Resources.ResourceManager.dll /r:/usr/share/dotnet/packs/Microsoft.NETCore.App.Ref/8.0.20/ref/net8.0/System.Resources.Writer.dll /r:/usr/share/dotnet/packs/Microsoft.NETCore.App.Ref/8.0.20/ref/net8.0/System.Runtime.CompilerServices.Unsafe.dll /r:/usr/share/dotnet/packs/Microsoft.NETCore.App.Ref/8.0.20/ref/net8.0/System.Runtime.CompilerServices.VisualC.dll /r:/usr/share/dotnet/packs/Microsoft.NETCore.App.Ref/8.0.20/ref/net8.0/System.Runtime.dll /r:/usr/share/dotnet/packs/Microsoft.NETCore.App.Ref/8.0.20/ref/net8.0/System.Runtime.Extensions.dll /r:/usr/share/dotnet/packs/Microsoft.NETCore.App.Ref/8.0.20/ref/net8.0/System.Runtime.Handles.dll /r:/usr/share/dotnet/packs/Microsoft.NETCore.App.Ref/8.0.20/ref/net8.0/System.Runtime.InteropServices.dll /r:/usr/share/dotnet/packs/Microsoft.NETCore.App.Ref/8.0.20/ref/net8.0/System.Runtime.InteropServices.JavaScript.dll /r:/usr/share/dotnet/packs/Microsoft.NETCore.App.Ref/8.0.20/ref/net8.0/System.Runtime.InteropServices.RuntimeInformation.dll /r:/usr/share/dotnet/packs/Microsoft.NETCore.App.Ref/8.0.20/ref/net8.0/System.Runtime.Intrinsics.dll /r:/usr/share/dotnet/packs/Microsoft.NETCore.App.Ref/8.0.20/ref/net8.0/System.Runtime.Loader.dll /r:/usr/share/dotnet/packs/Microsoft.NETCore.App.Ref/8.0.20/ref/net8.0/System.Runtime.Numerics.dll /r:/usr/share/dotnet/packs/Microsoft.NETCore.App.Ref/8.0.20/ref/net8.0/System.Runtime.Serialization.dll /r:/usr/share/dotnet/packs/Microsoft.NETCore.App.Ref/8.0.20/ref/net8.0/System.Runtime.Serialization.Formatters.dll /r:/usr/share/dotnet/packs/Microsoft.NETCore.App.Ref/8.0.20/ref/net8.0/System.Runtime.Serialization.Json.dll /r:/usr/share/dotnet/packs/Microsoft.NETCore.App.Ref/8.0.20/ref/net8.0/System.Runtime.Serialization.Primitives.dll /r:/usr/share/dotnet/packs/Microsoft.NETCore.App.Ref/8.0.20/ref/net8.0/System.Runtime.Serialization.Xml.dll /r:/usr/share/dotnet/packs/Microsoft.NETCore.App.Ref/8.0.20/ref/net8.0/System.Security.AccessControl.dll /r:/usr/share/dotnet/packs/Microsoft.NETCore.App.Ref/8.0.20/ref/net8.0/System.Security.Claims.dll /r:/usr/share/dotnet/packs/Microsoft.NETCore.App.Ref/8.0.20/ref/net8.0/System.Security.Cryptography.Algorithms.dll /r:/usr/share/dotnet/packs/Microsoft.NETCore.App.Ref/8.0.20/ref/net8.0/System.Security.Cryptography.Cng.dll /r:/usr/share/dotnet/packs/Microsoft.NETCore.App.Ref/8.0.20/ref/net8.0/System.Security.Cryptography.Csp.dll /r:/usr/share/dotnet/packs/Microsoft.NETCore.App.Ref/8.0.20/ref/net8.0/System.Security.Cryptography.dll /r:/usr/share/dotnet/packs/Microsoft.NETCore.App.Ref/8.0.20/ref/net8.0/System.Security.Cryptography.Encoding.dll /r:/usr/share/dotnet/packs/Microsoft.NETCore.App.Ref/8.0.20/ref/net8.0/System.Security.Cryptography.OpenSsl.dll /r:/usr/share/dotnet/packs/Microsoft.NETCore.App.Ref/8.0.20/ref/net8.0/System.Security.Cryptography.Primitives.dll /r:/usr/share/dotnet/packs/Microsoft.NETCore.App.Ref/8.0.20/ref/net8.0/System.Security.Cryptography.X509Certificates.dll /r:/usr/share/dotnet/packs/Microsoft.NETCore.App.Ref/8.0.20/ref/net8.0/System.Security.dll /r:/usr/share/dotnet/packs/Microsoft.NETCore.App.Ref/8.0.20/ref/net8.0/System.Security.Principal.dll /r:/usr/share/dotnet/packs/Microsoft.NETCore.App.Ref/8.0.20/ref/net8.0/System.Security.Principal.Windows.dll /r:/usr/share/dotnet/packs/Microsoft.NETCore.App.Ref/8.0.20/ref/net8.0/System.Security.SecureString.dll /r:/usr/share/dotnet/packs/Microsoft.NETCore.App.Ref/8.0.20/ref/net8.0/System.ServiceModel.Web.dll /r:/usr/share/dotnet/packs/Microsoft.NETCore.App.Ref/8.0.20/ref/net8.0/System.ServiceProcess.dll /r:/usr/share/dotnet/packs/Microsoft.NETCore.App.Ref/8.0.20/ref/net8.0/System.Text.Encoding.CodePages.dll /r:/usr/share/dotnet/packs/Microsoft.NETCore.App.Ref/8.0.20/ref/net8.0/System.Text.Encoding.dll /r:/usr/share/dotnet/packs/Microsoft.NETCore.App.Ref/8.0.20/ref/net8.0/System.Text.Encoding.Extensions.dll /r:/home/runner/.nuget/packages/system.text.encodings.web/9.0.4/lib/net8.0/System.Text.Encodings.Web.dll /r:/home/runner/.nuget/packages/system.text.json/9.0.4/lib/net8.0/System.Text.Json.dll /r:/usr/share/dotnet/packs/Microsoft.NETCore.App.Ref/8.0.20/ref/net8.0/System.Text.RegularExpressions.dll /r:/usr/share/dotnet/packs/Microsoft.NETCore.App.Ref/8.0.20/ref/net8.0/System.Threading.Channels.dll /r:/usr/share/dotnet/packs/Microsoft.NETCore.App.Ref/8.0.20/ref/net8.0/System.Threading.dll /r:/usr/share/dotnet/packs/Microsoft.NETCore.App.Ref/8.0.20/ref/net8.0/System.Threading.Overlapped.dll /r:/usr/share/dotnet/packs/Microsoft.NETCore.App.Ref/8.0.20/ref/net8.0/System.Threading.Tasks.Dataflow.dll /r:/usr/share/dotnet/packs/Microsoft.NETCore.App.Ref/8.0.20/ref/net8.0/System.Threading.Tasks.dll /r:/usr/share/dotnet/packs/Microsoft.NETCore.App.Ref/8.0.20/ref/net8.0/System.Threading.Tasks.Extensions.dll /r:/usr/share/dotnet/packs/Microsoft.NETCore.App.Ref/8.0.20/ref/net8.0/System.Threading.Tasks.Parallel.dll /r:/usr/share/dotnet/packs/Microsoft.NETCore.App.Ref/8.0.20/ref/net8.0/System.Threading.Thread.dll /r:/usr/share/dotnet/packs/Microsoft.NETCore.App.Ref/8.0.20/ref/net8.0/System.Threading.ThreadPool.dll /r:/usr/share/dotnet/packs/Microsoft.NETCore.App.Ref/8.0.20/ref/net8.0/System.Threading.Timer.dll /r:/usr/share/dotnet/packs/Microsoft.NETCore.App.Ref/8.0.20/ref/net8.0/System.Transactions.dll /r:/usr/share/dotnet/packs/Microsoft.NETCore.App.Ref/8.0.20/ref/net8.0/System.Transactions.Local.dll /r:/usr/share/dotnet/packs/Microsoft.NETCore.App.Ref/8.0.20/ref/net8.0/System.ValueTuple.dll /r:/usr/share/dotnet/packs/Microsoft.NETCore.App.Ref/8.0.20/ref/net8.0/System.Web.dll /r:/usr/share/dotnet/packs/Microsoft.NETCore.App.Ref/8.0.20/ref/net8.0/System.Web.HttpUtility.dll /r:/usr/share/dotnet/packs/Microsoft.NETCore.App.Ref/8.0.20/ref/net8.0/System.Windows.dll /r:/usr/share/dotnet/packs/Microsoft.NETCore.App.Ref/8.0.20/ref/net8.0/System.Xml.dll /r:/usr/share/dotnet/packs/Microsoft.NETCore.App.Ref/8.0.20/ref/net8.0/System.Xml.Linq.dll /r:/usr/share/dotnet/packs/Microsoft.NETCore.App.Ref/8.0.20/ref/net8.0/System.Xml.ReaderWriter.dll /r:/usr/share/dotnet/packs/Microsoft.NETCore.App.Ref/8.0.20/ref/net8.0/System.Xml.Serialization.dll /r:/usr/share/dotnet/packs/Microsoft.NETCore.App.Ref/8.0.20/ref/net8.0/System.Xml.XDocument.dll /r:/usr/share/dotnet/packs/Microsoft.NETCore.App.Ref/8.0.20/ref/net8.0/System.Xml.XmlDocument.dll /r:/usr/share/dotnet/packs/Microsoft.NETCore.App.Ref/8.0.20/ref/net8.0/System.Xml.XmlSerializer.dll /r:/usr/share/dotnet/packs/Microsoft.NETCore.App.Ref/8.0.20/ref/net8.0/System.Xml.XPath.dll /r:/usr/share/dotnet/packs/Microsoft.NETCore.App.Ref/8.0.20/ref/net8.0/System.Xml.XPath.XDocument.dll /r:/home/runner/.nuget/packages/tmds.dbus.protocol/0.21.2/lib/net8.0/Tmds.DBus.Protocol.dll /r:/usr/share/dotnet/packs/Microsoft.NETCore.App.Ref/8.0.20/ref/net8.0/WindowsBase.dll /compile Resources/Strings/UIStrings.resx,obj/Debug/net8.0/S7Tools.Resources.Strings.UIStrings.resources
         Processing resource file "Resources/Strings/UIStrings.resx" into "obj/Debug/net8.0/S7Tools.Resources.Strings.UIStrings.resources".
       _GenerateSourceLinkFile:
         Updating Source Link file 'obj/Debug/net8.0/S7Tools.sourcelink.json'.
       CoreCompile:
         /usr/share/dotnet/dotnet exec "/usr/share/dotnet/sdk/9.0.305/Roslyn/bincore/csc.dll" /noconfig /unsafe- /checked- /nowarn:1701,1702,1701,1702 /fullpaths /nostdlib+ /errorreport:prompt /warn:8 /doc:obj/Debug/net8.0/S7Tools.xml /define:TRACE;DEBUG;NET;NET8_0;NETCOREAPP;NET5_0_OR_GREATER;NET6_0_OR_GREATER;NET7_0_OR_GREATER;NET8_0_OR_GREATER;NETCOREAPP1_0_OR_GREATER;NETCOREAPP1_1_OR_GREATER;NETCOREAPP2_0_OR_GREATER;NETCOREAPP2_1_OR_GREATER;NETCOREAPP2_2_OR_GREATER;NETCOREAPP3_0_OR_GREATER;NETCOREAPP3_1_OR_GREATER /highentropyva+ /nullable:enable /reference:/home/runner/.nuget/packages/avalonia/11.3.6/ref/net8.0/Avalonia.Base.dll /reference:/home/runner/.nuget/packages/avalonia.controls.colorpicker/11.3.6/lib/net8.0/Avalonia.Controls.ColorPicker.dll /reference:/home/runner/.nuget/packages/avalonia.controls.datagrid/11.3.6/lib/net8.0/Avalonia.Controls.DataGrid.dll /reference:/home/runner/.nuget/packages/avalonia/11.3.6/ref/net8.0/Avalonia.Controls.dll /reference:/home/runner/.nuget/packages/avalonia/11.3.6/ref/net8.0/Avalonia.DesignerSupport.dll /reference:/home/runner/.nuget/packages/avalonia.desktop/11.3.6/lib/net8.0/Avalonia.Desktop.dll /reference:/home/runner/.nuget/packages/avalonia.diagnostics/11.3.6/lib/net8.0/Avalonia.Diagnostics.dll /reference:/home/runner/.nuget/packages/avalonia/11.3.6/ref/net8.0/Avalonia.Dialogs.dll /reference:/home/runner/.nuget/packages/avalonia/11.3.6/ref/net8.0/Avalonia.dll /reference:/home/runner/.nuget/packages/avalonia.fonts.inter/11.3.6/lib/net8.0/Avalonia.Fonts.Inter.dll /reference:/home/runner/.nuget/packages/avalonia.freedesktop/11.3.6/lib/net8.0/Avalonia.FreeDesktop.dll /reference:/home/runner/.nuget/packages/avalonia/11.3.6/ref/net8.0/Avalonia.Markup.dll /reference:/home/runner/.nuget/packages/avalonia/11.3.6/ref/net8.0/Avalonia.Markup.Xaml.dll /reference:/home/runner/.nuget/packages/avalonia/11.3.6/ref/net8.0/Avalonia.Metal.dll /reference:/home/runner/.nuget/packages/avalonia/11.3.6/ref/net8.0/Avalonia.MicroCom.dll /reference:/home/runner/.nuget/packages/avalonia.native/11.3.6/lib/net8.0/Avalonia.Native.dll /reference:/home/runner/.nuget/packages/avalonia/11.3.6/ref/net8.0/Avalonia.OpenGL.dll /reference:/home/runner/.nuget/packages/avalonia.reactiveui/11.3.6/lib/net8.0/Avalonia.ReactiveUI.dll /reference:/home/runner/.nuget/packages/avalonia.remote.protocol/11.3.6/lib/net8.0/Avalonia.Remote.Protocol.dll /reference:/home/runner/.nuget/packages/avalonia.skia/11.3.6/lib/net8.0/Avalonia.Skia.dll /reference:/home/runner/.nuget/packages/avalonia.themes.fluent/11.3.6/lib/net8.0/Avalonia.Themes.Fluent.dll /reference:/home/runner/.nuget/packages/avalonia.themes.simple/11.3.6/lib/net8.0/Avalonia.Themes.Simple.dll /reference:/home/runner/.nuget/packages/avalonia/11.3.6/ref/net8.0/Avalonia.Vulkan.dll /reference:/home/runner/.nuget/packages/avalonia.win32/11.3.6/lib/net8.0/Avalonia.Win32.Automation.dll /reference:/home/runner/.nuget/packages/avalonia.win32/11.3.6/lib/net8.0/Avalonia.Win32.dll /reference:/home/runner/.nuget/packages/avalonia.x11/11.3.6/lib/net8.0/Avalonia.X11.dll /reference:/home/runner/.nuget/packages/avalonia.xaml.interactivity/11.3.0.6/lib/net8.0/Avalonia.Xaml.Interactivity.dll /reference:/home/runner/.nuget/packages/communitytoolkit.mvvm/8.2.0/lib/net6.0/CommunityToolkit.Mvvm.dll /reference:/home/runner/.nuget/packages/dynamicdata/8.4.1/lib/net8.0/DynamicData.dll /reference:/home/runner/.nuget/packages/fluentavaloniaui/2.4.0/lib/net6.0/FluentAvalonia.dll /reference:/home/runner/.nuget/packages/harfbuzzsharp/8.3.1.1/lib/net8.0/HarfBuzzSharp.dll /reference:/home/runner/.nuget/packages/microcom.runtime/0.11.0/lib/net5.0/MicroCom.Runtime.dll /reference:/usr/share/dotnet/packs/Microsoft.NETCore.App.Ref/8.0.20/ref/net8.0/Microsoft.CSharp.dll /reference:/home/runner/.nuget/packages/microsoft.extensions.dependencyinjection.abstractions/8.0.0/lib/net8.0/Microsoft.Extensions.DependencyInjection.Abstractions.dll /reference:/home/runner/.nuget/packages/microsoft.extensions.dependencyinjection/8.0.0/lib/net8.0/Microsoft.Extensions.DependencyInjection.dll /reference:/home/runner/.nuget/packages/microsoft.extensions.logging.abstractions/8.0.0/lib/net8.0/Microsoft.Extensions.Logging.Abstractions.dll /reference:/home/runner/.nuget/packages/microsoft.extensions.logging/8.0.0/lib/net8.0/Microsoft.Extensions.Logging.dll /reference:/home/runner/.nuget/packages/microsoft.extensions.options/8.0.0/lib/net8.0/Microsoft.Extensions.Options.dll /reference:/home/runner/.nuget/packages/microsoft.extensions.primitives/8.0.0/lib/net8.0/Microsoft.Extensions.Primitives.dll /reference:/usr/share/dotnet/packs/Microsoft.NETCore.App.Ref/8.0.20/ref/net8.0/Microsoft.VisualBasic.Core.dll /reference:/usr/share/dotnet/packs/Microsoft.NETCore.App.Ref/8.0.20/ref/net8.0/Microsoft.VisualBasic.dll /reference:/usr/share/dotnet/packs/Microsoft.NETCore.App.Ref/8.0.20/ref/net8.0/Microsoft.Win32.Primitives.dll /reference:/usr/share/dotnet/packs/Microsoft.NETCore.App.Ref/8.0.20/ref/net8.0/Microsoft.Win32.Registry.dll /reference:/usr/share/dotnet/packs/Microsoft.NETCore.App.Ref/8.0.20/ref/net8.0/mscorlib.dll /reference:/usr/share/dotnet/packs/Microsoft.NETCore.App.Ref/8.0.20/ref/net8.0/netstandard.dll /reference:/home/runner/.nuget/packages/projektanker.icons.avalonia/9.6.2/lib/netstandard2.0/Projektanker.Icons.Avalonia.dll /reference:/home/runner/.nuget/packages/projektanker.icons.avalonia.fontawesome/9.6.2/lib/netstandard2.0/Projektanker.Icons.Avalonia.FontAwesome.dll /reference:/home/runner/.nuget/packages/reactiveui/20.1.1/lib/net8.0/ReactiveUI.dll /reference:/home/runner/work/S7-Tools/S7-Tools/src/S7Tools.Core/obj/Debug/net8.0/ref/S7Tools.Core.dll /reference:/home/runner/work/S7-Tools/S7-Tools/src/S7Tools.Infrastructure.Logging/obj/Debug/net8.0/ref/S7Tools.Infrastructure.Logging.dll /reference:/home/runner/.nuget/packages/skiasharp/2.88.9/lib/net6.0/SkiaSharp.dll /reference:/home/runner/.nuget/packages/splat/15.1.1/lib/net8.0/Splat.dll /reference:/home/runner/.nuget/packages/splat.microsoft.extensions.dependencyinjection/14.8.6/lib/net7.0/Splat.Microsoft.Extensions.DependencyInjection.dll /reference:/usr/share/dotnet/packs/Microsoft.NETCore.App.Ref/8.0.20/ref/net8.0/System.AppContext.dll /reference:/usr/share/dotnet/packs/Microsoft.NETCore.App.Ref/8.0.20/ref/net8.0/System.Buffers.dll /reference:/usr/share/dotnet/packs/Microsoft.NETCore.App.Ref/8.0.20/ref/net8.0/System.Collections.Concurrent.dll /reference:/usr/share/dotnet/packs/Microsoft.NETCore.App.Ref/8.0.20/ref/net8.0/System.Collections.dll /reference:/usr/share/dotnet/packs/Microsoft.NETCore.App.Ref/8.0.20/ref/net8.0/System.Collections.Immutable.dll /reference:/usr/share/dotnet/packs/Microsoft.NETCore.App.Ref/8.0.20/ref/net8.0/System.Collections.NonGeneric.dll /reference:/usr/share/dotnet/packs/Microsoft.NETCore.App.Ref/8.0.20/ref/net8.0/System.Collections.Specialized.dll /reference:/usr/share/dotnet/packs/Microsoft.NETCore.App.Ref/8.0.20/ref/net8.0/System.ComponentModel.Annotations.dll /reference:/usr/share/dotnet/packs/Microsoft.NETCore.App.Ref/8.0.20/ref/net8.0/System.ComponentModel.DataAnnotations.dll /reference:/usr/share/dotnet/packs/Microsoft.NETCore.App.Ref/8.0.20/ref/net8.0/System.ComponentModel.dll /reference:/usr/share/dotnet/packs/Microsoft.NETCore.App.Ref/8.0.20/ref/net8.0/System.ComponentModel.EventBasedAsync.dll /reference:/usr/share/dotnet/packs/Microsoft.NETCore.App.Ref/8.0.20/ref/net8.0/System.ComponentModel.Primitives.dll /reference:/usr/share/dotnet/packs/Microsoft.NETCore.App.Ref/8.0.20/ref/net8.0/System.ComponentModel.TypeConverter.dll /reference:/usr/share/dotnet/packs/Microsoft.NETCore.App.Ref/8.0.20/ref/net8.0/System.Configuration.dll /reference:/usr/share/dotnet/packs/Microsoft.NETCore.App.Ref/8.0.20/ref/net8.0/System.Console.dll /reference:/usr/share/dotnet/packs/Microsoft.NETCore.App.Ref/8.0.20/ref/net8.0/System.Core.dll /reference:/usr/share/dotnet/packs/Microsoft.NETCore.App.Ref/8.0.20/ref/net8.0/System.Data.Common.dll /reference:/usr/share/dotnet/packs/Microsoft.NETCore.App.Ref/8.0.20/ref/net8.0/System.Data.DataSetExtensions.dll /reference:/usr/share/dotnet/packs/Microsoft.NETCore.App.Ref/8.0.20/ref/net8.0/System.Data.dll /reference:/usr/share/dotnet/packs/Microsoft.NETCore.App.Ref/8.0.20/ref/net8.0/System.Diagnostics.Contracts.dll /reference:/usr/share/dotnet/packs/Microsoft.NETCore.App.Ref/8.0.20/ref/net8.0/System.Diagnostics.Debug.dll /reference:/usr/share/dotnet/packs/Microsoft.NETCore.App.Ref/8.0.20/ref/net8.0/System.Diagnostics.DiagnosticSource.dll /reference:/usr/share/dotnet/packs/Microsoft.NETCore.App.Ref/8.0.20/ref/net8.0/System.Diagnostics.FileVersionInfo.dll /reference:/usr/share/dotnet/packs/Microsoft.NETCore.App.Ref/8.0.20/ref/net8.0/System.Diagnostics.Process.dll /reference:/usr/share/dotnet/packs/Microsoft.NETCore.App.Ref/8.0.20/ref/net8.0/System.Diagnostics.StackTrace.dll /reference:/usr/share/dotnet/packs/Microsoft.NETCore.App.Ref/8.0.20/ref/net8.0/System.Diagnostics.TextWriterTraceListener.dll /reference:/usr/share/dotnet/packs/Microsoft.NETCore.App.Ref/8.0.20/ref/net8.0/System.Diagnostics.Tools.dll /reference:/usr/share/dotnet/packs/Microsoft.NETCore.App.Ref/8.0.20/ref/net8.0/System.Diagnostics.TraceSource.dll /reference:/usr/share/dotnet/packs/Microsoft.NETCore.App.Ref/8.0.20/ref/net8.0/System.Diagnostics.Tracing.dll /reference:/usr/share/dotnet/packs/Microsoft.NETCore.App.Ref/8.0.20/ref/net8.0/System.dll /reference:/usr/share/dotnet/packs/Microsoft.NETCore.App.Ref/8.0.20/ref/net8.0/System.Drawing.dll /reference:/usr/share/dotnet/packs/Microsoft.NETCore.App.Ref/8.0.20/ref/net8.0/System.Drawing.Primitives.dll /reference:/usr/share/dotnet/packs/Microsoft.NETCore.App.Ref/8.0.20/ref/net8.0/System.Dynamic.Runtime.dll /reference:/usr/share/dotnet/packs/Microsoft.NETCore.App.Ref/8.0.20/ref/net8.0/System.Formats.Asn1.dll /reference:/usr/share/dotnet/packs/Microsoft.NETCore.App.Ref/8.0.20/ref/net8.0/System.Formats.Tar.dll /reference:/usr/share/dotnet/packs/Microsoft.NETCore.App.Ref/8.0.20/ref/net8.0/System.Globalization.Calendars.dll /reference:/usr/share/dotnet/packs/Microsoft.NETCore.App.Ref/8.0.20/ref/net8.0/System.Globalization.dll /reference:/usr/share/dotnet/packs/Microsoft.NETCore.App.Ref/8.0.20/ref/net8.0/System.Globalization.Extensions.dll /reference:/usr/share/dotnet/packs/Microsoft.NETCore.App.Ref/8.0.20/ref/net8.0/System.IO.Compression.Brotli.dll /reference:/usr/share/dotnet/packs/Microsoft.NETCore.App.Ref/8.0.20/ref/net8.0/System.IO.Compression.dll /reference:/usr/share/dotnet/packs/Microsoft.NETCore.App.Ref/8.0.20/ref/net8.0/System.IO.Compression.FileSystem.dll /reference:/usr/share/dotnet/packs/Microsoft.NETCore.App.Ref/8.0.20/ref/net8.0/System.IO.Compression.ZipFile.dll /reference:/usr/share/dotnet/packs/Microsoft.NETCore.App.Ref/8.0.20/ref/net8.0/System.IO.dll /reference:/usr/share/dotnet/packs/Microsoft.NETCore.App.Ref/8.0.20/ref/net8.0/System.IO.FileSystem.AccessControl.dll /reference:/usr/share/dotnet/packs/Microsoft.NETCore.App.Ref/8.0.20/ref/net8.0/System.IO.FileSystem.dll /reference:/usr/share/dotnet/packs/Microsoft.NETCore.App.Ref/8.0.20/ref/net8.0/System.IO.FileSystem.DriveInfo.dll /reference:/usr/share/dotnet/packs/Microsoft.NETCore.App.Ref/8.0.20/ref/net8.0/System.IO.FileSystem.Primitives.dll /reference:/usr/share/dotnet/packs/Microsoft.NETCore.App.Ref/8.0.20/ref/net8.0/System.IO.FileSystem.Watcher.dll /reference:/usr/share/dotnet/packs/Microsoft.NETCore.App.Ref/8.0.20/ref/net8.0/System.IO.IsolatedStorage.dll /reference:/usr/share/dotnet/packs/Microsoft.NETCore.App.Ref/8.0.20/ref/net8.0/System.IO.MemoryMappedFiles.dll /reference:/home/runner/.nuget/packages/system.io.pipelines/9.0.4/lib/net8.0/System.IO.Pipelines.dll /reference:/usr/share/dotnet/packs/Microsoft.NETCore.App.Ref/8.0.20/ref/net8.0/System.IO.Pipes.AccessControl.dll /reference:/usr/share/dotnet/packs/Microsoft.NETCore.App.Ref/8.0.20/ref/net8.0/System.IO.Pipes.dll /reference:/usr/share/dotnet/packs/Microsoft.NETCore.App.Ref/8.0.20/ref/net8.0/System.IO.UnmanagedMemoryStream.dll /reference:/usr/share/dotnet/packs/Microsoft.NETCore.App.Ref/8.0.20/ref/net8.0/System.Linq.dll /reference:/usr/share/dotnet/packs/Microsoft.NETCore.App.Ref/8.0.20/ref/net8.0/System.Linq.Expressions.dll /reference:/usr/share/dotnet/packs/Microsoft.NETCore.App.Ref/8.0.20/ref/net8.0/System.Linq.Parallel.dll /reference:/usr/share/dotnet/packs/Microsoft.NETCore.App.Ref/8.0.20/ref/net8.0/System.Linq.Queryable.dll /reference:/usr/share/dotnet/packs/Microsoft.NETCore.App.Ref/8.0.20/ref/net8.0/System.Memory.dll /reference:/usr/share/dotnet/packs/Microsoft.NETCore.App.Ref/8.0.20/ref/net8.0/System.Net.dll /reference:/usr/share/dotnet/packs/Microsoft.NETCore.App.Ref/8.0.20/ref/net8.0/System.Net.Http.dll /reference:/usr/share/dotnet/packs/Microsoft.NETCore.App.Ref/8.0.20/ref/net8.0/System.Net.Http.Json.dll /reference:/usr/share/dotnet/packs/Microsoft.NETCore.App.Ref/8.0.20/ref/net8.0/System.Net.HttpListener.dll /reference:/usr/share/dotnet/packs/Microsoft.NETCore.App.Ref/8.0.20/ref/net8.0/System.Net.Mail.dll /reference:/usr/share/dotnet/packs/Microsoft.NETCore.App.Ref/8.0.20/ref/net8.0/System.Net.NameResolution.dll /reference:/usr/share/dotnet/packs/Microsoft.NETCore.App.Ref/8.0.20/ref/net8.0/System.Net.NetworkInformation.dll /reference:/usr/share/dotnet/packs/Microsoft.NETCore.App.Ref/8.0.20/ref/net8.0/System.Net.Ping.dll /reference:/usr/share/dotnet/packs/Microsoft.NETCore.App.Ref/8.0.20/ref/net8.0/System.Net.Primitives.dll /reference:/usr/share/dotnet/packs/Microsoft.NETCore.App.Ref/8.0.20/ref/net8.0/System.Net.Quic.dll /reference:/usr/share/dotnet/packs/Microsoft.NETCore.App.Ref/8.0.20/ref/net8.0/System.Net.Requests.dll /reference:/usr/share/dotnet/packs/Microsoft.NETCore.App.Ref/8.0.20/ref/net8.0/System.Net.Security.dll /reference:/usr/share/dotnet/packs/Microsoft.NETCore.App.Ref/8.0.20/ref/net8.0/System.Net.ServicePoint.dll /reference:/usr/share/dotnet/packs/Microsoft.NETCore.App.Ref/8.0.20/ref/net8.0/System.Net.Sockets.dll /reference:/usr/share/dotnet/packs/Microsoft.NETCore.App.Ref/8.0.20/ref/net8.0/System.Net.WebClient.dll /reference:/usr/share/dotnet/packs/Microsoft.NETCore.App.Ref/8.0.20/ref/net8.0/System.Net.WebHeaderCollection.dll /reference:/usr/share/dotnet/packs/Microsoft.NETCore.App.Ref/8.0.20/ref/net8.0/System.Net.WebProxy.dll /reference:/usr/share/dotnet/packs/Microsoft.NETCore.App.Ref/8.0.20/ref/net8.0/System.Net.WebSockets.Client.dll /reference:/usr/share/dotnet/packs/Microsoft.NETCore.App.Ref/8.0.20/ref/net8.0/System.Net.WebSockets.dll /reference:/usr/share/dotnet/packs/Microsoft.NETCore.App.Ref/8.0.20/ref/net8.0/System.Numerics.dll /reference:/usr/share/dotnet/packs/Microsoft.NETCore.App.Ref/8.0.20/ref/net8.0/System.Numerics.Vectors.dll /reference:/usr/share/dotnet/packs/Microsoft.NETCore.App.Ref/8.0.20/ref/net8.0/System.ObjectModel.dll /reference:/home/runner/.nuget/packages/system.reactive/6.0.1/lib/net6.0/System.Reactive.dll /reference:/usr/share/dotnet/packs/Microsoft.NETCore.App.Ref/8.0.20/ref/net8.0/System.Reflection.DispatchProxy.dll /reference:/usr/share/dotnet/packs/Microsoft.NETCore.App.Ref/8.0.20/ref/net8.0/System.Reflection.dll /reference:/usr/share/dotnet/packs/Microsoft.NETCore.App.Ref/8.0.20/ref/net8.0/System.Reflection.Emit.dll /reference:/usr/share/dotnet/packs/Microsoft.NETCore.App.Ref/8.0.20/ref/net8.0/System.Reflection.Emit.ILGeneration.dll /reference:/usr/share/dotnet/packs/Microsoft.NETCore.App.Ref/8.0.20/ref/net8.0/System.Reflection.Emit.Lightweight.dll /reference:/usr/share/dotnet/packs/Microsoft.NETCore.App.Ref/8.0.20/ref/net8.0/System.Reflection.Extensions.dll /reference:/usr/share/dotnet/packs/Microsoft.NETCore.App.Ref/8.0.20/ref/net8.0/System.Reflection.Metadata.dll /reference:/usr/share/dotnet/packs/Microsoft.NETCore.App.Ref/8.0.20/ref/net8.0/System.Reflection.Primitives.dll /reference:/usr/share/dotnet/packs/Microsoft.NETCore.App.Ref/8.0.20/ref/net8.0/System.Reflection.TypeExtensions.dll /reference:/usr/share/dotnet/packs/Microsoft.NETCore.App.Ref/8.0.20/ref/net8.0/System.Resources.Reader.dll /reference:/usr/share/dotnet/packs/Microsoft.NETCore.App.Ref/8.0.20/ref/net8.0/System.Resources.ResourceManager.dll /reference:/usr/share/dotnet/packs/Microsoft.NETCore.App.Ref/8.0.20/ref/net8.0/System.Resources.Writer.dll /reference:/usr/share/dotnet/packs/Microsoft.NETCore.App.Ref/8.0.20/ref/net8.0/System.Runtime.CompilerServices.Unsafe.dll /reference:/usr/share/dotnet/packs/Microsoft.NETCore.App.Ref/8.0.20/ref/net8.0/System.Runtime.CompilerServices.VisualC.dll /reference:/usr/share/dotnet/packs/Microsoft.NETCore.App.Ref/8.0.20/ref/net8.0/System.Runtime.dll /reference:/usr/share/dotnet/packs/Microsoft.NETCore.App.Ref/8.0.20/ref/net8.0/System.Runtime.Extensions.dll /reference:/usr/share/dotnet/packs/Microsoft.NETCore.App.Ref/8.0.20/ref/net8.0/System.Runtime.Handles.dll /reference:/usr/share/dotnet/packs/Microsoft.NETCore.App.Ref/8.0.20/ref/net8.0/System.Runtime.InteropServices.dll /reference:/usr/share/dotnet/packs/Microsoft.NETCore.App.Ref/8.0.20/ref/net8.0/System.Runtime.InteropServices.JavaScript.dll /reference:/usr/share/dotnet/packs/Microsoft.NETCore.App.Ref/8.0.20/ref/net8.0/System.Runtime.InteropServices.RuntimeInformation.dll /reference:/usr/share/dotnet/packs/Microsoft.NETCore.App.Ref/8.0.20/ref/net8.0/System.Runtime.Intrinsics.dll /reference:/usr/share/dotnet/packs/Microsoft.NETCore.App.Ref/8.0.20/ref/net8.0/System.Runtime.Loader.dll /reference:/usr/share/dotnet/packs/Microsoft.NETCore.App.Ref/8.0.20/ref/net8.0/System.Runtime.Numerics.dll /reference:/usr/share/dotnet/packs/Microsoft.NETCore.App.Ref/8.0.20/ref/net8.0/System.Runtime.Serialization.dll /reference:/usr/share/dotnet/packs/Microsoft.NETCore.App.Ref/8.0.20/ref/net8.0/System.Runtime.Serialization.Formatters.dll /reference:/usr/share/dotnet/packs/Microsoft.NETCore.App.Ref/8.0.20/ref/net8.0/System.Runtime.Serialization.Json.dll /reference:/usr/share/dotnet/packs/Microsoft.NETCore.App.Ref/8.0.20/ref/net8.0/System.Runtime.Serialization.Primitives.dll /reference:/usr/share/dotnet/packs/Microsoft.NETCore.App.Ref/8.0.20/ref/net8.0/System.Runtime.Serialization.Xml.dll /reference:/usr/share/dotnet/packs/Microsoft.NETCore.App.Ref/8.0.20/ref/net8.0/System.Security.AccessControl.dll /reference:/usr/share/dotnet/packs/Microsoft.NETCore.App.Ref/8.0.20/ref/net8.0/System.Security.Claims.dll /reference:/usr/share/dotnet/packs/Microsoft.NETCore.App.Ref/8.0.20/ref/net8.0/System.Security.Cryptography.Algorithms.dll /reference:/usr/share/dotnet/packs/Microsoft.NETCore.App.Ref/8.0.20/ref/net8.0/System.Security.Cryptography.Cng.dll /reference:/usr/share/dotnet/packs/Microsoft.NETCore.App.Ref/8.0.20/ref/net8.0/System.Security.Cryptography.Csp.dll /reference:/usr/share/dotnet/packs/Microsoft.NETCore.App.Ref/8.0.20/ref/net8.0/System.Security.Cryptography.dll /reference:/usr/share/dotnet/packs/Microsoft.NETCore.App.Ref/8.0.20/ref/net8.0/System.Security.Cryptography.Encoding.dll /reference:/usr/share/dotnet/packs/Microsoft.NETCore.App.Ref/8.0.20/ref/net8.0/System.Security.Cryptography.OpenSsl.dll /reference:/usr/share/dotnet/packs/Microsoft.NETCore.App.Ref/8.0.20/ref/net8.0/System.Security.Cryptography.Primitives.dll /reference:/usr/share/dotnet/packs/Microsoft.NETCore.App.Ref/8.0.20/ref/net8.0/System.Security.Cryptography.X509Certificates.dll /reference:/usr/share/dotnet/packs/Microsoft.NETCore.App.Ref/8.0.20/ref/net8.0/System.Security.dll /reference:/usr/share/dotnet/packs/Microsoft.NETCore.App.Ref/8.0.20/ref/net8.0/System.Security.Principal.dll /reference:/usr/share/dotnet/packs/Microsoft.NETCore.App.Ref/8.0.20/ref/net8.0/System.Security.Principal.Windows.dll /reference:/usr/share/dotnet/packs/Microsoft.NETCore.App.Ref/8.0.20/ref/net8.0/System.Security.SecureString.dll /reference:/usr/share/dotnet/packs/Microsoft.NETCore.App.Ref/8.0.20/ref/net8.0/System.ServiceModel.Web.dll /reference:/usr/share/dotnet/packs/Microsoft.NETCore.App.Ref/8.0.20/ref/net8.0/System.ServiceProcess.dll /reference:/usr/share/dotnet/packs/Microsoft.NETCore.App.Ref/8.0.20/ref/net8.0/System.Text.Encoding.CodePages.dll /reference:/usr/share/dotnet/packs/Microsoft.NETCore.App.Ref/8.0.20/ref/net8.0/System.Text.Encoding.dll /reference:/usr/share/dotnet/packs/Microsoft.NETCore.App.Ref/8.0.20/ref/net8.0/System.Text.Encoding.Extensions.dll /reference:/home/runner/.nuget/packages/system.text.encodings.web/9.0.4/lib/net8.0/System.Text.Encodings.Web.dll /reference:/home/runner/.nuget/packages/system.text.json/9.0.4/lib/net8.0/System.Text.Json.dll /reference:/usr/share/dotnet/packs/Microsoft.NETCore.App.Ref/8.0.20/ref/net8.0/System.Text.RegularExpressions.dll /reference:/usr/share/dotnet/packs/Microsoft.NETCore.App.Ref/8.0.20/ref/net8.0/System.Threading.Channels.dll /reference:/usr/share/dotnet/packs/Microsoft.NETCore.App.Ref/8.0.20/ref/net8.0/System.Threading.dll /reference:/usr/share/dotnet/packs/Microsoft.NETCore.App.Ref/8.0.20/ref/net8.0/System.Threading.Overlapped.dll /reference:/usr/share/dotnet/packs/Microsoft.NETCore.App.Ref/8.0.20/ref/net8.0/System.Threading.Tasks.Dataflow.dll /reference:/usr/share/dotnet/packs/Microsoft.NETCore.App.Ref/8.0.20/ref/net8.0/System.Threading.Tasks.dll /reference:/usr/share/dotnet/packs/Microsoft.NETCore.App.Ref/8.0.20/ref/net8.0/System.Threading.Tasks.Extensions.dll /reference:/usr/share/dotnet/packs/Microsoft.NETCore.App.Ref/8.0.20/ref/net8.0/System.Threading.Tasks.Parallel.dll /reference:/usr/share/dotnet/packs/Microsoft.NETCore.App.Ref/8.0.20/ref/net8.0/System.Threading.Thread.dll /reference:/usr/share/dotnet/packs/Microsoft.NETCore.App.Ref/8.0.20/ref/net8.0/System.Threading.ThreadPool.dll /reference:/usr/share/dotnet/packs/Microsoft.NETCore.App.Ref/8.0.20/ref/net8.0/System.Threading.Timer.dll /reference:/usr/share/dotnet/packs/Microsoft.NETCore.App.Ref/8.0.20/ref/net8.0/System.Transactions.dll /reference:/usr/share/dotnet/packs/Microsoft.NETCore.App.Ref/8.0.20/ref/net8.0/System.Transactions.Local.dll /reference:/usr/share/dotnet/packs/Microsoft.NETCore.App.Ref/8.0.20/ref/net8.0/System.ValueTuple.dll /reference:/usr/share/dotnet/packs/Microsoft.NETCore.App.Ref/8.0.20/ref/net8.0/System.Web.dll /reference:/usr/share/dotnet/packs/Microsoft.NETCore.App.Ref/8.0.20/ref/net8.0/System.Web.HttpUtility.dll /reference:/usr/share/dotnet/packs/Microsoft.NETCore.App.Ref/8.0.20/ref/net8.0/System.Windows.dll /reference:/usr/share/dotnet/packs/Microsoft.NETCore.App.Ref/8.0.20/ref/net8.0/System.Xml.dll /reference:/usr/share/dotnet/packs/Microsoft.NETCore.App.Ref/8.0.20/ref/net8.0/System.Xml.Linq.dll /reference:/usr/share/dotnet/packs/Microsoft.NETCore.App.Ref/8.0.20/ref/net8.0/System.Xml.ReaderWriter.dll /reference:/usr/share/dotnet/packs/Microsoft.NETCore.App.Ref/8.0.20/ref/net8.0/System.Xml.Serialization.dll /reference:/usr/share/dotnet/packs/Microsoft.NETCore.App.Ref/8.0.20/ref/net8.0/System.Xml.XDocument.dll /reference:/usr/share/dotnet/packs/Microsoft.NETCore.App.Ref/8.0.20/ref/net8.0/System.Xml.XmlDocument.dll /reference:/usr/share/dotnet/packs/Microsoft.NETCore.App.Ref/8.0.20/ref/net8.0/System.Xml.XmlSerializer.dll /reference:/usr/share/dotnet/packs/Microsoft.NETCore.App.Ref/8.0.20/ref/net8.0/System.Xml.XPath.dll /reference:/usr/share/dotnet/packs/Microsoft.NETCore.App.Ref/8.0.20/ref/net8.0/System.Xml.XPath.XDocument.dll /reference:/home/runner/.nuget/packages/tmds.dbus.protocol/0.21.2/lib/net8.0/Tmds.DBus.Protocol.dll /reference:/usr/share/dotnet/packs/Microsoft.NETCore.App.Ref/8.0.20/ref/net8.0/WindowsBase.dll /debug+ /debug:portable /filealign:512 /optimize- /out:obj/Debug/net8.0/S7Tools.dll /refout:obj/Debug/net8.0/refint/S7Tools.dll /resource:obj/Debug/net8.0/S7Tools.Resources.Strings.UIStrings.resources /resource:obj/Debug/net8.0//Avalonia/resources,"!AvaloniaResources" /target:winexe /warnaserror- /utf8output /win32manifest:app.manifest /deterministic+ /sourcelink:obj/Debug/net8.0/S7Tools.sourcelink.json /langversion:latest /embed:obj/Debug/net8.0/S7Tools.GlobalUsings.g.cs /embed:"obj/Debug/net8.0/.NETCoreApp,Version=v8.0.AssemblyAttributes.cs" /embed:obj/Debug/net8.0/S7Tools.AssemblyInfo.cs /analyzerconfig:/home/runner/work/S7-Tools/S7-Tools/.editorconfig /analyzerconfig:obj/Debug/net8.0/S7Tools.GeneratedMSBuildEditorConfig.editorconfig /analyzerconfig:/usr/share/dotnet/sdk/9.0.305/Sdks/Microsoft.NET.Sdk/analyzers/build/config/analysislevel_8_default.globalconfig /analyzer:/usr/share/dotnet/sdk/9.0.305/Sdks/Microsoft.NET.Sdk/targets/../analyzers/Microsoft.CodeAnalysis.CSharp.NetAnalyzers.dll /analyzer:/usr/share/dotnet/sdk/9.0.305/Sdks/Microsoft.NET.Sdk/targets/../analyzers/Microsoft.CodeAnalysis.NetAnalyzers.dll /analyzer:/home/runner/.nuget/packages/avalonia/11.3.6/analyzers/dotnet/cs/Avalonia.Analyzers.dll /analyzer:/home/runner/.nuget/packages/avalonia/11.3.6/analyzers/dotnet/cs/Avalonia.Generators.dll /analyzer:/home/runner/.nuget/packages/communitytoolkit.mvvm/8.2.0/analyzers/dotnet/roslyn4.3/cs/CommunityToolkit.Mvvm.CodeFixers.dll /analyzer:/home/runner/.nuget/packages/communitytoolkit.mvvm/8.2.0/analyzers/dotnet/roslyn4.3/cs/CommunityToolkit.Mvvm.SourceGenerators.dll /analyzer:/home/runner/.nuget/packages/microsoft.extensions.logging.abstractions/8.0.0/analyzers/dotnet/roslyn4.4/cs/Microsoft.Extensions.Logging.Generators.dll /analyzer:/home/runner/.nuget/packages/microsoft.extensions.options/8.0.0/analyzers/dotnet/roslyn4.4/cs/Microsoft.Extensions.Options.SourceGeneration.dll /analyzer:/home/runner/.nuget/packages/system.text.json/9.0.4/analyzers/dotnet/roslyn4.4/cs/System.Text.Json.SourceGeneration.dll /analyzer:/usr/share/dotnet/packs/Microsoft.NETCore.App.Ref/8.0.20/analyzers/dotnet/cs/Microsoft.Interop.ComInterfaceGenerator.dll /analyzer:/usr/share/dotnet/packs/Microsoft.NETCore.App.Ref/8.0.20/analyzers/dotnet/cs/Microsoft.Interop.JavaScript.JSImportGenerator.dll /analyzer:/usr/share/dotnet/packs/Microsoft.NETCore.App.Ref/8.0.20/analyzers/dotnet/cs/Microsoft.Interop.LibraryImportGenerator.dll /analyzer:/usr/share/dotnet/packs/Microsoft.NETCore.App.Ref/8.0.20/analyzers/dotnet/cs/Microsoft.Interop.SourceGeneration.dll /analyzer:/usr/share/dotnet/packs/Microsoft.NETCore.App.Ref/8.0.20/analyzers/dotnet/cs/System.Text.RegularExpressions.Generator.dll /additionalfile:App.axaml /additionalfile:Styles/Styles.axaml /additionalfile:Views/AboutView.axaml /additionalfile:Views/AdvancedSettingsView.axaml /additionalfile:Views/AppearanceSettingsView.axaml /additionalfile:Views/CommandDemoView.axaml /additionalfile:Views/ConfirmationDialog.axaml /additionalfile:Views/ConnectionsView.axaml /additionalfile:Views/GeneralSettingsView.axaml /additionalfile:Views/HomeView.axaml /additionalfile:Views/InputDialog.axaml /additionalfile:Views/LoggingSettingsView.axaml /additionalfile:Views/LoggingTestView.axaml /additionalfile:Views/LogViewerView.axaml /additionalfile:Views/MainWindow.axaml /additionalfile:Views/PlcInputView.axaml /additionalfile:Views/ResourceDemoView.axaml /additionalfile:Views/SerialPortsSettingsView.axaml /additionalfile:Views/SettingsCategoriesView.axaml /additionalfile:Views/SettingsConfigView.axaml /additionalfile:Views/SettingsView.axaml App.axaml.cs Converters/BooleanToColorConverter.cs Converters/BooleanToInverseBooleanConverter.cs Converters/BooleanToVisibilityConverter.cs Converters/DateTimeOffsetToDateTimeConverter.cs Converters/GridLengthToDoubleConverter.cs Converters/ObjectConverters.cs Converters/StringEqualsConverter.cs Extensions/ServiceCollectionExtensions.cs Models/ApplicationSettings.cs Models/ConfirmationRequest.cs Models/InputRequest.cs Models/LoggingSettings.cs Models/PanelTabItem.cs Program.cs Resources/ResourceManager.cs Resources/Strings/UIStrings.Designer.cs Resources/UIStrings.cs Services/ActivityBarService.cs Services/AvaloniaFileDialogService.cs Services/AvaloniaUIThreadService.cs Services/ClipboardService.cs Services/CommandDispatcher.cs Services/DesignTimeViewModelFactory.cs Services/DialogService.cs Services/EnhancedViewModelFactory.cs Services/FileLogWriter.cs Services/GreetingService.cs Services/Interfaces/IActivityBarService.cs Services/Interfaces/IClipboardService.cs Services/Interfaces/IDialogService.cs Services/Interfaces/IFileDialogService.cs Services/Interfaces/IGreetingService.cs Services/Interfaces/ILayoutService.cs Services/Interfaces/ILocalizationService.cs Services/Interfaces/ILogExportService.cs Services/Interfaces/ISettingsService.cs Services/Interfaces/IThemeService.cs Services/Interfaces/IUIThreadService.cs Services/Interfaces/IViewModelFactory.cs Services/LayoutService.cs Services/LocalizationService.cs Services/LogExportService.cs Services/PlcDataService.cs Services/SerialPortProfileService.cs Services/SerialPortService.cs Services/SettingsService.cs Services/StructuredLogger.cs Services/ThemeService.cs Services/ValidationService.cs Services/ViewModelFactory.cs ViewLocator.cs ViewModels/AboutViewModel.cs ViewModels/AdvancedSettingsViewModel.cs ViewModels/AppearanceSettingsViewModel.cs ViewModels/BottomPanelViewModel.cs ViewModels/CommandDemoViewModel.cs ViewModels/ConfirmationDialogViewModel.cs ViewModels/ConnectionsViewModel.cs ViewModels/GeneralSettingsViewModel.cs ViewModels/HomeViewModel.cs ViewModels/InputDialogViewModel.cs ViewModels/LoggingSettingsViewModel.cs ViewModels/LogViewerViewModel.cs ViewModels/MainWindowViewModel.cs ViewModels/NavigationItemViewModel.cs ViewModels/NavigationViewModel.cs ViewModels/PlcInputViewModel.cs ViewModels/ResourceDemoViewModel.cs ViewModels/SerialPortProfileViewModel.cs ViewModels/SerialPortScannerViewModel.cs ViewModels/SerialPortsSettingsViewModel.cs ViewModels/SettingsManagementViewModel.cs ViewModels/SettingsViewModel.cs ViewModels/TabViewModel.cs ViewModels/ViewModelBase.cs Views/AboutView.axaml.cs Views/AdvancedSettingsView.axaml.cs Views/AppearanceSettingsView.axaml.cs Views/CloseApplicationBehavior.cs Views/CommandDemoView.axaml.cs Views/ConfirmationDialog.axaml.cs Views/ConnectionsView.axaml.cs Views/GeneralSettingsView.axaml.cs Views/HomeView.axaml.cs Views/InputDialog.axaml.cs Views/LoggingSettingsView.axaml.cs Views/LoggingTestView.axaml.cs Views/LogViewerView.axaml.cs Views/MainWindow.axaml.cs Views/PlcInputView.axaml.cs Views/ResourceDemoView.axaml.cs Views/SerialPortsSettingsView.axaml.cs Views/SettingsCategoriesView.axaml.cs Views/SettingsConfigView.axaml.cs Views/SettingsView.axaml.cs obj/Debug/net8.0/S7Tools.GlobalUsings.g.cs "obj/Debug/net8.0/.NETCoreApp,Version=v8.0.AssemblyAttributes.cs" obj/Debug/net8.0/S7Tools.AssemblyInfo.cs /warnaserror+:NU1605,SYSLIB0011 /warnaserror-:CS8618,CS8625,CS8603,CS8604,CS8602,CS8600,CS8601,CS8765
     6>/home/runner/work/S7-Tools/S7-Tools/tests/S7Tools.Infrastructure.Logging.Tests/Core/Storage/LogDataStoreTests.cs(18,12): warning CS1591: Missing XML comment for publicly visible type or member 'LogDataStoreTests.LogDataStoreTests()' [/home/runner/work/S7-Tools/S7-Tools/tests/S7Tools.Infrastructure.Logging.Tests/S7Tools.Infrastructure.Logging.Tests.csproj]
     6>/home/runner/work/S7-Tools/S7-Tools/tests/S7Tools.Infrastructure.Logging.Tests/Core/Storage/LogDataStoreTests.cs(25,17): warning CS1591: Missing XML comment for publicly visible type or member 'LogDataStoreTests.Constructor_WithValidOptions_ShouldInitializeCorrectly()' [/home/runner/work/S7-Tools/S7-Tools/tests/S7Tools.Infrastructure.Logging.Tests/S7Tools.Infrastructure.Logging.Tests.csproj]
     6>/home/runner/work/S7-Tools/S7-Tools/tests/S7Tools.Infrastructure.Logging.Tests/Core/Storage/LogDataStoreTests.cs(35,17): warning CS1591: Missing XML comment for publicly visible type or member 'LogDataStoreTests.Constructor_WithNullOptions_ShouldThrowArgumentNullException()' [/home/runner/work/S7-Tools/S7-Tools/tests/S7Tools.Infrastructure.Logging.Tests/S7Tools.Infrastructure.Logging.Tests.csproj]
     6>/home/runner/work/S7-Tools/S7-Tools/tests/S7Tools.Infrastructure.Logging.Tests/Core/Storage/LogDataStoreTests.cs(43,17): warning CS1591: Missing XML comment for publicly visible type or member 'LogDataStoreTests.AddEntry_WithValidEntry_ShouldAddToBuffer()' [/home/runner/work/S7-Tools/S7-Tools/tests/S7Tools.Infrastructure.Logging.Tests/S7Tools.Infrastructure.Logging.Tests.csproj]
     6>/home/runner/work/S7-Tools/S7-Tools/tests/S7Tools.Infrastructure.Logging.Tests/Core/Storage/LogDataStoreTests.cs(59,17): warning CS1591: Missing XML comment for publicly visible type or member 'LogDataStoreTests.AddEntry_WithNullEntry_ShouldThrowArgumentNullException()' [/home/runner/work/S7-Tools/S7-Tools/tests/S7Tools.Infrastructure.Logging.Tests/S7Tools.Infrastructure.Logging.Tests.csproj]
     6>/home/runner/work/S7-Tools/S7-Tools/tests/S7Tools.Infrastructure.Logging.Tests/Core/Storage/LogDataStoreTests.cs(67,17): warning CS1591: Missing XML comment for publicly visible type or member 'LogDataStoreTests.AddEntry_WhenBufferIsFull_ShouldOverwriteOldestEntry()' [/home/runner/work/S7-Tools/S7-Tools/tests/S7Tools.Infrastructure.Logging.Tests/S7Tools.Infrastructure.Logging.Tests.csproj]
     6>/home/runner/work/S7-Tools/S7-Tools/tests/S7Tools.Infrastructure.Logging.Tests/Core/Storage/LogDataStoreTests.cs(94,17): warning CS1591: Missing XML comment for publicly visible type or member 'LogDataStoreTests.AddEntry_ShouldRaisePropertyChangedEvents()' [/home/runner/work/S7-Tools/S7-Tools/tests/S7Tools.Infrastructure.Logging.Tests/S7Tools.Infrastructure.Logging.Tests.csproj]
     6>/home/runner/work/S7-Tools/S7-Tools/tests/S7Tools.Infrastructure.Logging.Tests/Core/Storage/LogDataStoreTests.cs(112,17): warning CS1591: Missing XML comment for publicly visible type or member 'LogDataStoreTests.AddEntry_ShouldRaiseCollectionChangedEvent()' [/home/runner/work/S7-Tools/S7-Tools/tests/S7Tools.Infrastructure.Logging.Tests/S7Tools.Infrastructure.Logging.Tests.csproj]
     6>/home/runner/work/S7-Tools/S7-Tools/tests/S7Tools.Infrastructure.Logging.Tests/Core/Storage/LogDataStoreTests.cs(132,17): warning CS1591: Missing XML comment for publicly visible type or member 'LogDataStoreTests.AddEntries_WithValidEntries_ShouldAddAllToBuffer()' [/home/runner/work/S7-Tools/S7-Tools/tests/S7Tools.Infrastructure.Logging.Tests/S7Tools.Infrastructure.Logging.Tests.csproj]
     6>/home/runner/work/S7-Tools/S7-Tools/tests/S7Tools.Infrastructure.Logging.Tests/Core/Storage/LogDataStoreTests.cs(152,17): warning CS1591: Missing XML comment for publicly visible type or member 'LogDataStoreTests.AddEntries_WithNullCollection_ShouldThrowArgumentNullException()' [/home/runner/work/S7-Tools/S7-Tools/tests/S7Tools.Infrastructure.Logging.Tests/S7Tools.Infrastructure.Logging.Tests.csproj]
     6>/home/runner/work/S7-Tools/S7-Tools/tests/S7Tools.Infrastructure.Logging.Tests/Core/Storage/LogDataStoreTests.cs(160,17): warning CS1591: Missing XML comment for publicly visible type or member 'LogDataStoreTests.AddEntries_WithEmptyCollection_ShouldNotChangeBuffer()' [/home/runner/work/S7-Tools/S7-Tools/tests/S7Tools.Infrastructure.Logging.Tests/S7Tools.Infrastructure.Logging.Tests.csproj]
     6>/home/runner/work/S7-Tools/S7-Tools/tests/S7Tools.Infrastructure.Logging.Tests/Core/Storage/LogDataStoreTests.cs(171,17): warning CS1591: Missing XML comment for publicly visible type or member 'LogDataStoreTests.Clear_ShouldRemoveAllEntries()' [/home/runner/work/S7-Tools/S7-Tools/tests/S7Tools.Infrastructure.Logging.Tests/S7Tools.Infrastructure.Logging.Tests.csproj]
     6>/home/runner/work/S7-Tools/S7-Tools/tests/S7Tools.Infrastructure.Logging.Tests/Core/Storage/LogDataStoreTests.cs(191,17): warning CS1591: Missing XML comment for publicly visible type or member 'LogDataStoreTests.Clear_ShouldRaiseNotificationEvents()' [/home/runner/work/S7-Tools/S7-Tools/tests/S7Tools.Infrastructure.Logging.Tests/S7Tools.Infrastructure.Logging.Tests.csproj]
     6>/home/runner/work/S7-Tools/S7-Tools/tests/S7Tools.Infrastructure.Logging.Tests/Core/Storage/LogDataStoreTests.cs(214,17): warning CS1591: Missing XML comment for publicly visible type or member 'LogDataStoreTests.GetFilteredEntries_WithValidFilter_ShouldReturnMatchingEntries()' [/home/runner/work/S7-Tools/S7-Tools/tests/S7Tools.Infrastructure.Logging.Tests/S7Tools.Infrastructure.Logging.Tests.csproj]
     6>/home/runner/work/S7-Tools/S7-Tools/tests/S7Tools.Infrastructure.Logging.Tests/Core/Storage/LogDataStoreTests.cs(234,17): warning CS1591: Missing XML comment for publicly visible type or member 'LogDataStoreTests.GetFilteredEntries_WithNullFilter_ShouldThrowArgumentNullException()' [/home/runner/work/S7-Tools/S7-Tools/tests/S7Tools.Infrastructure.Logging.Tests/S7Tools.Infrastructure.Logging.Tests.csproj]
     6>/home/runner/work/S7-Tools/S7-Tools/tests/S7Tools.Infrastructure.Logging.Tests/Core/Storage/LogDataStoreTests.cs(242,17): warning CS1591: Missing XML comment for publicly visible type or member 'LogDataStoreTests.GetEntriesInTimeRange_WithValidRange_ShouldReturnMatchingEntries()' [/home/runner/work/S7-Tools/S7-Tools/tests/S7Tools.Infrastructure.Logging.Tests/S7Tools.Infrastructure.Logging.Tests.csproj]
     6>/home/runner/work/S7-Tools/S7-Tools/tests/S7Tools.Infrastructure.Logging.Tests/Core/Storage/LogDataStoreTests.cs(265,23): warning CS1591: Missing XML comment for publicly visible type or member 'LogDataStoreTests.ExportAsync_WithTextFormat_ShouldReturnFormattedText()' [/home/runner/work/S7-Tools/S7-Tools/tests/S7Tools.Infrastructure.Logging.Tests/S7Tools.Infrastructure.Logging.Tests.csproj]
     6>/home/runner/work/S7-Tools/S7-Tools/tests/S7Tools.Infrastructure.Logging.Tests/Core/Storage/LogDataStoreTests.cs(281,23): warning CS1591: Missing XML comment for publicly visible type or member 'LogDataStoreTests.ExportAsync_WithJsonFormat_ShouldReturnValidJson()' [/home/runner/work/S7-Tools/S7-Tools/tests/S7Tools.Infrastructure.Logging.Tests/S7Tools.Infrastructure.Logging.Tests.csproj]
     6>/home/runner/work/S7-Tools/S7-Tools/tests/S7Tools.Infrastructure.Logging.Tests/Core/Storage/LogDataStoreTests.cs(297,23): warning CS1591: Missing XML comment for publicly visible type or member 'LogDataStoreTests.ExportAsync_WithCsvFormat_ShouldReturnCsvData()' [/home/runner/work/S7-Tools/S7-Tools/tests/S7Tools.Infrastructure.Logging.Tests/S7Tools.Infrastructure.Logging.Tests.csproj]
     6>/home/runner/work/S7-Tools/S7-Tools/tests/S7Tools.Infrastructure.Logging.Tests/Core/Storage/LogDataStoreTests.cs(314,23): warning CS1591: Missing XML comment for publicly visible type or member 'LogDataStoreTests.ExportAsync_WithInvalidFormat_ShouldDefaultToText()' [/home/runner/work/S7-Tools/S7-Tools/tests/S7Tools.Infrastructure.Logging.Tests/S7Tools.Infrastructure.Logging.Tests.csproj]
     6>/home/runner/work/S7-Tools/S7-Tools/tests/S7Tools.Infrastructure.Logging.Tests/Core/Storage/LogDataStoreTests.cs(330,17): warning CS1591: Missing XML comment for publicly visible type or member 'LogDataStoreTests.ThreadSafety_ConcurrentAddOperations_ShouldHandleCorrectly()' [/home/runner/work/S7-Tools/S7-Tools/tests/S7Tools.Infrastructure.Logging.Tests/S7Tools.Infrastructure.Logging.Tests.csproj]
     6>/home/runner/work/S7-Tools/S7-Tools/tests/S7Tools.Infrastructure.Logging.Tests/Core/Storage/LogDataStoreTests.cs(360,17): warning CS1591: Missing XML comment for publicly visible type or member 'LogDataStoreTests.Dispose_ShouldCleanupResources()' [/home/runner/work/S7-Tools/S7-Tools/tests/S7Tools.Infrastructure.Logging.Tests/S7Tools.Infrastructure.Logging.Tests.csproj]
     6>/home/runner/work/S7-Tools/S7-Tools/tests/S7Tools.Infrastructure.Logging.Tests/Core/Storage/LogDataStoreTests.cs(378,17): warning CS1591: Missing XML comment for publicly visible type or member 'LogDataStoreTests.Dispose_CalledMultipleTimes_ShouldNotThrow()' [/home/runner/work/S7-Tools/S7-Tools/tests/S7Tools.Infrastructure.Logging.Tests/S7Tools.Infrastructure.Logging.Tests.csproj]
     6>/home/runner/work/S7-Tools/S7-Tools/tests/S7Tools.Infrastructure.Logging.Tests/Core/Storage/LogDataStoreTests.cs(406,17): warning CS1591: Missing XML comment for publicly visible type or member 'LogDataStoreTests.Dispose()' [/home/runner/work/S7-Tools/S7-Tools/tests/S7Tools.Infrastructure.Logging.Tests/S7Tools.Infrastructure.Logging.Tests.csproj]
     6>/home/runner/work/S7-Tools/S7-Tools/tests/S7Tools.Infrastructure.Logging.Tests/Core/Storage/LogDataStoreTests.cs(13,14): warning CA1063: Provide an overridable implementation of Dispose(bool) on 'LogDataStoreTests' or mark the type as sealed. A call to Dispose(false) should only clean up native resources. A call to Dispose(true) should clean up both managed and native resources. (https://learn.microsoft.com/dotnet/fundamentals/code-analysis/quality-rules/ca1063) [/home/runner/work/S7-Tools/S7-Tools/tests/S7Tools.Infrastructure.Logging.Tests/S7Tools.Infrastructure.Logging.Tests.csproj]
     6>/home/runner/work/S7-Tools/S7-Tools/tests/S7Tools.Infrastructure.Logging.Tests/Core/Storage/LogDataStoreTests.cs(406,17): warning CA1063: Modify 'LogDataStoreTests.Dispose' so that it calls Dispose(true), then calls GC.SuppressFinalize on the current object instance ('this' or 'Me' in Visual Basic), and then returns (https://learn.microsoft.com/dotnet/fundamentals/code-analysis/quality-rules/ca1063) [/home/runner/work/S7-Tools/S7-Tools/tests/S7Tools.Infrastructure.Logging.Tests/S7Tools.Infrastructure.Logging.Tests.csproj]
     6>/home/runner/work/S7-Tools/S7-Tools/tests/S7Tools.Infrastructure.Logging.Tests/Core/Storage/LogDataStoreTests.cs(351,14): warning xUnit1031: Test methods should not use blocking task operations, as they can cause deadlocks. Use an async test method and await instead. (https://xunit.net/xunit.analyzers/rules/xUnit1031) [/home/runner/work/S7-Tools/S7-Tools/tests/S7Tools.Infrastructure.Logging.Tests/S7Tools.Infrastructure.Logging.Tests.csproj]
         CompilerServer: server - server processed compilation - S7Tools.Infrastructure.Logging.Tests (net8.0)
     6>_CopyFilesMarkedCopyLocal:
         Copying file from "/home/runner/.nuget/packages/fluentassertions/6.12.0/lib/net6.0/FluentAssertions.dll" to "/home/runner/work/S7-Tools/S7-Tools/tests/S7Tools.Infrastructure.Logging.Tests/bin/Debug/net8.0/FluentAssertions.dll".
         Copying file from "/home/runner/.nuget/packages/microsoft.codecoverage/17.12.0/lib/netcoreapp3.1/Microsoft.VisualStudio.CodeCoverage.Shim.dll" to "/home/runner/work/S7-Tools/S7-Tools/tests/S7Tools.Infrastructure.Logging.Tests/bin/Debug/net8.0/Microsoft.VisualStudio.CodeCoverage.Shim.dll".
         Copying file from "/home/runner/.nuget/packages/castle.core/5.1.1/lib/net6.0/Castle.Core.dll" to "/home/runner/work/S7-Tools/S7-Tools/tests/S7Tools.Infrastructure.Logging.Tests/bin/Debug/net8.0/Castle.Core.dll".
         Copying file from "/home/runner/.nuget/packages/microsoft.extensions.dependencyinjection/8.0.1/lib/net8.0/Microsoft.Extensions.DependencyInjection.dll" to "/home/runner/work/S7-Tools/S7-Tools/tests/S7Tools.Infrastructure.Logging.Tests/bin/Debug/net8.0/Microsoft.Extensions.DependencyInjection.dll".
         Copying file from "/home/runner/.nuget/packages/microsoft.extensions.dependencyinjection.abstractions/8.0.2/lib/net8.0/Microsoft.Extensions.DependencyInjection.Abstractions.dll" to "/home/runner/work/S7-Tools/S7-Tools/tests/S7Tools.Infrastructure.Logging.Tests/bin/Debug/net8.0/Microsoft.Extensions.DependencyInjection.Abstractions.dll".
         Copying file from "/home/runner/.nuget/packages/microsoft.extensions.logging.abstractions/8.0.2/lib/net8.0/Microsoft.Extensions.Logging.Abstractions.dll" to "/home/runner/work/S7-Tools/S7-Tools/tests/S7Tools.Infrastructure.Logging.Tests/bin/Debug/net8.0/Microsoft.Extensions.Logging.Abstractions.dll".
         Copying file from "/home/runner/.nuget/packages/microsoft.extensions.logging/8.0.1/lib/net8.0/Microsoft.Extensions.Logging.dll" to "/home/runner/work/S7-Tools/S7-Tools/tests/S7Tools.Infrastructure.Logging.Tests/bin/Debug/net8.0/Microsoft.Extensions.Logging.dll".
         Copying file from "/home/runner/.nuget/packages/microsoft.extensions.primitives/8.0.0/lib/net8.0/Microsoft.Extensions.Primitives.dll" to "/home/runner/work/S7-Tools/S7-Tools/tests/S7Tools.Infrastructure.Logging.Tests/bin/Debug/net8.0/Microsoft.Extensions.Primitives.dll".
         Copying file from "/home/runner/.nuget/packages/microsoft.extensions.options/8.0.2/lib/net8.0/Microsoft.Extensions.Options.dll" to "/home/runner/work/S7-Tools/S7-Tools/tests/S7Tools.Infrastructure.Logging.Tests/bin/Debug/net8.0/Microsoft.Extensions.Options.dll".
         Copying file from "/home/runner/.nuget/packages/microsoft.testplatform.objectmodel/17.12.0/lib/netcoreapp3.1/Microsoft.TestPlatform.CoreUtilities.dll" to "/home/runner/work/S7-Tools/S7-Tools/tests/S7Tools.Infrastructure.Logging.Tests/bin/Debug/net8.0/Microsoft.TestPlatform.CoreUtilities.dll".
         Copying file from "/home/runner/.nuget/packages/microsoft.testplatform.objectmodel/17.12.0/lib/netcoreapp3.1/Microsoft.VisualStudio.TestPlatform.ObjectModel.dll" to "/home/runner/work/S7-Tools/S7-Tools/tests/S7Tools.Infrastructure.Logging.Tests/bin/Debug/net8.0/Microsoft.VisualStudio.TestPlatform.ObjectModel.dll".
         Copying file from "/home/runner/.nuget/packages/microsoft.testplatform.objectmodel/17.12.0/lib/netcoreapp3.1/Microsoft.TestPlatform.PlatformAbstractions.dll" to "/home/runner/work/S7-Tools/S7-Tools/tests/S7Tools.Infrastructure.Logging.Tests/bin/Debug/net8.0/Microsoft.TestPlatform.PlatformAbstractions.dll".
         Copying file from "/home/runner/.nuget/packages/microsoft.testplatform.testhost/17.12.0/lib/netcoreapp3.1/Microsoft.TestPlatform.Utilities.dll" to "/home/runner/work/S7-Tools/S7-Tools/tests/S7Tools.Infrastructure.Logging.Tests/bin/Debug/net8.0/Microsoft.TestPlatform.Utilities.dll".
         Copying file from "/home/runner/.nuget/packages/microsoft.testplatform.testhost/17.12.0/lib/netcoreapp3.1/Microsoft.TestPlatform.CrossPlatEngine.dll" to "/home/runner/work/S7-Tools/S7-Tools/tests/S7Tools.Infrastructure.Logging.Tests/bin/Debug/net8.0/Microsoft.TestPlatform.CrossPlatEngine.dll".
         Copying file from "/home/runner/.nuget/packages/microsoft.testplatform.testhost/17.12.0/lib/netcoreapp3.1/Microsoft.VisualStudio.TestPlatform.Common.dll" to "/home/runner/work/S7-Tools/S7-Tools/tests/S7Tools.Infrastructure.Logging.Tests/bin/Debug/net8.0/Microsoft.VisualStudio.TestPlatform.Common.dll".
         Copying file from "/home/runner/.nuget/packages/microsoft.testplatform.testhost/17.12.0/lib/netcoreapp3.1/Microsoft.TestPlatform.CommunicationUtilities.dll" to "/home/runner/work/S7-Tools/S7-Tools/tests/S7Tools.Infrastructure.Logging.Tests/bin/Debug/net8.0/Microsoft.TestPlatform.CommunicationUtilities.dll".
         Copying file from "/home/runner/.nuget/packages/microsoft.testplatform.testhost/17.12.0/lib/netcoreapp3.1/testhost.dll" to "/home/runner/work/S7-Tools/S7-Tools/tests/S7Tools.Infrastructure.Logging.Tests/bin/Debug/net8.0/testhost.dll".
         Copying file from "/home/runner/.nuget/packages/moq/4.20.70/lib/net6.0/Moq.dll" to "/home/runner/work/S7-Tools/S7-Tools/tests/S7Tools.Infrastructure.Logging.Tests/bin/Debug/net8.0/Moq.dll".
         Copying file from "/home/runner/.nuget/packages/newtonsoft.json/13.0.1/lib/netstandard2.0/Newtonsoft.Json.dll" to "/home/runner/work/S7-Tools/S7-Tools/tests/S7Tools.Infrastructure.Logging.Tests/bin/Debug/net8.0/Newtonsoft.Json.dll".
         Copying file from "/home/runner/.nuget/packages/system.configuration.configurationmanager/4.4.0/lib/netstandard2.0/System.Configuration.ConfigurationManager.dll" to "/home/runner/work/S7-Tools/S7-Tools/tests/S7Tools.Infrastructure.Logging.Tests/bin/Debug/net8.0/System.Configuration.ConfigurationManager.dll".
         Copying file from "/home/runner/.nuget/packages/system.diagnostics.eventlog/6.0.0/lib/net6.0/System.Diagnostics.EventLog.dll" to "/home/runner/work/S7-Tools/S7-Tools/tests/S7Tools.Infrastructure.Logging.Tests/bin/Debug/net8.0/System.Diagnostics.EventLog.dll".
         Copying file from "/home/runner/.nuget/packages/system.security.cryptography.protecteddata/4.4.0/lib/netstandard2.0/System.Security.Cryptography.ProtectedData.dll" to "/home/runner/work/S7-Tools/S7-Tools/tests/S7Tools.Infrastructure.Logging.Tests/bin/Debug/net8.0/System.Security.Cryptography.ProtectedData.dll".
         Copying file from "/home/runner/.nuget/packages/xunit.abstractions/2.0.3/lib/netstandard2.0/xunit.abstractions.dll" to "/home/runner/work/S7-Tools/S7-Tools/tests/S7Tools.Infrastructure.Logging.Tests/bin/Debug/net8.0/xunit.abstractions.dll".
         Copying file from "/home/runner/.nuget/packages/xunit.assert/2.9.2/lib/net6.0/xunit.assert.dll" to "/home/runner/work/S7-Tools/S7-Tools/tests/S7Tools.Infrastructure.Logging.Tests/bin/Debug/net8.0/xunit.assert.dll".
         Copying file from "/home/runner/.nuget/packages/xunit.extensibility.core/2.9.2/lib/netstandard1.1/xunit.core.dll" to "/home/runner/work/S7-Tools/S7-Tools/tests/S7Tools.Infrastructure.Logging.Tests/bin/Debug/net8.0/xunit.core.dll".
         Copying file from "/home/runner/.nuget/packages/xunit.extensibility.execution/2.9.2/lib/netstandard1.1/xunit.execution.dotnet.dll" to "/home/runner/work/S7-Tools/S7-Tools/tests/S7Tools.Infrastructure.Logging.Tests/bin/Debug/net8.0/xunit.execution.dotnet.dll".
         Creating directory "bin/Debug/net8.0/cs".
         Creating directory "bin/Debug/net8.0/cs".
         Copying file from "/home/runner/.nuget/packages/microsoft.testplatform.objectmodel/17.12.0/lib/netcoreapp3.1/cs/Microsoft.VisualStudio.TestPlatform.ObjectModel.resources.dll" to "/home/runner/work/S7-Tools/S7-Tools/tests/S7Tools.Infrastructure.Logging.Tests/bin/Debug/net8.0/cs/Microsoft.VisualStudio.TestPlatform.ObjectModel.resources.dll".
         Copying file from "/home/runner/.nuget/packages/microsoft.testplatform.objectmodel/17.12.0/lib/netcoreapp3.1/cs/Microsoft.TestPlatform.CoreUtilities.resources.dll" to "/home/runner/work/S7-Tools/S7-Tools/tests/S7Tools.Infrastructure.Logging.Tests/bin/Debug/net8.0/cs/Microsoft.TestPlatform.CoreUtilities.resources.dll".
         Creating directory "bin/Debug/net8.0/de".
         Creating directory "bin/Debug/net8.0/de".
         Copying file from "/home/runner/.nuget/packages/microsoft.testplatform.objectmodel/17.12.0/lib/netcoreapp3.1/de/Microsoft.VisualStudio.TestPlatform.ObjectModel.resources.dll" to "/home/runner/work/S7-Tools/S7-Tools/tests/S7Tools.Infrastructure.Logging.Tests/bin/Debug/net8.0/de/Microsoft.VisualStudio.TestPlatform.ObjectModel.resources.dll".
         Copying file from "/home/runner/.nuget/packages/microsoft.testplatform.objectmodel/17.12.0/lib/netcoreapp3.1/de/Microsoft.TestPlatform.CoreUtilities.resources.dll" to "/home/runner/work/S7-Tools/S7-Tools/tests/S7Tools.Infrastructure.Logging.Tests/bin/Debug/net8.0/de/Microsoft.TestPlatform.CoreUtilities.resources.dll".
         Creating directory "bin/Debug/net8.0/es".
         Copying file from "/home/runner/.nuget/packages/microsoft.testplatform.objectmodel/17.12.0/lib/netcoreapp3.1/es/Microsoft.TestPlatform.CoreUtilities.resources.dll" to "/home/runner/work/S7-Tools/S7-Tools/tests/S7Tools.Infrastructure.Logging.Tests/bin/Debug/net8.0/es/Microsoft.TestPlatform.CoreUtilities.resources.dll".
         Creating directory "bin/Debug/net8.0/fr".
         Copying file from "/home/runner/.nuget/packages/microsoft.testplatform.objectmodel/17.12.0/lib/netcoreapp3.1/fr/Microsoft.TestPlatform.CoreUtilities.resources.dll" to "/home/runner/work/S7-Tools/S7-Tools/tests/S7Tools.Infrastructure.Logging.Tests/bin/Debug/net8.0/fr/Microsoft.TestPlatform.CoreUtilities.resources.dll".
         Copying file from "/home/runner/.nuget/packages/microsoft.testplatform.objectmodel/17.12.0/lib/netcoreapp3.1/fr/Microsoft.VisualStudio.TestPlatform.ObjectModel.resources.dll" to "/home/runner/work/S7-Tools/S7-Tools/tests/S7Tools.Infrastructure.Logging.Tests/bin/Debug/net8.0/fr/Microsoft.VisualStudio.TestPlatform.ObjectModel.resources.dll".
         Copying file from "/home/runner/.nuget/packages/microsoft.testplatform.objectmodel/17.12.0/lib/netcoreapp3.1/es/Microsoft.VisualStudio.TestPlatform.ObjectModel.resources.dll" to "/home/runner/work/S7-Tools/S7-Tools/tests/S7Tools.Infrastructure.Logging.Tests/bin/Debug/net8.0/es/Microsoft.VisualStudio.TestPlatform.ObjectModel.resources.dll".
         Creating directory "bin/Debug/net8.0/it".
         Creating directory "bin/Debug/net8.0/it".
         Copying file from "/home/runner/.nuget/packages/microsoft.testplatform.objectmodel/17.12.0/lib/netcoreapp3.1/it/Microsoft.TestPlatform.CoreUtilities.resources.dll" to "/home/runner/work/S7-Tools/S7-Tools/tests/S7Tools.Infrastructure.Logging.Tests/bin/Debug/net8.0/it/Microsoft.TestPlatform.CoreUtilities.resources.dll".
         Copying file from "/home/runner/.nuget/packages/microsoft.testplatform.objectmodel/17.12.0/lib/netcoreapp3.1/it/Microsoft.VisualStudio.TestPlatform.ObjectModel.resources.dll" to "/home/runner/work/S7-Tools/S7-Tools/tests/S7Tools.Infrastructure.Logging.Tests/bin/Debug/net8.0/it/Microsoft.VisualStudio.TestPlatform.ObjectModel.resources.dll".
         Creating directory "bin/Debug/net8.0/ja".
         Creating directory "bin/Debug/net8.0/ja".
         Copying file from "/home/runner/.nuget/packages/microsoft.testplatform.objectmodel/17.12.0/lib/netcoreapp3.1/ja/Microsoft.TestPlatform.CoreUtilities.resources.dll" to "/home/runner/work/S7-Tools/S7-Tools/tests/S7Tools.Infrastructure.Logging.Tests/bin/Debug/net8.0/ja/Microsoft.TestPlatform.CoreUtilities.resources.dll".
         Copying file from "/home/runner/.nuget/packages/microsoft.testplatform.objectmodel/17.12.0/lib/netcoreapp3.1/ja/Microsoft.VisualStudio.TestPlatform.ObjectModel.resources.dll" to "/home/runner/work/S7-Tools/S7-Tools/tests/S7Tools.Infrastructure.Logging.Tests/bin/Debug/net8.0/ja/Microsoft.VisualStudio.TestPlatform.ObjectModel.resources.dll".
         Creating directory "bin/Debug/net8.0/ko".
         Creating directory "bin/Debug/net8.0/ko".
         Creating directory "bin/Debug/net8.0/pl".
         Copying file from "/home/runner/.nuget/packages/microsoft.testplatform.objectmodel/17.12.0/lib/netcoreapp3.1/ko/Microsoft.VisualStudio.TestPlatform.ObjectModel.resources.dll" to "/home/runner/work/S7-Tools/S7-Tools/tests/S7Tools.Infrastructure.Logging.Tests/bin/Debug/net8.0/ko/Microsoft.VisualStudio.TestPlatform.ObjectModel.resources.dll".
         Creating directory "bin/Debug/net8.0/pl".
         Copying file from "/home/runner/.nuget/packages/microsoft.testplatform.objectmodel/17.12.0/lib/netcoreapp3.1/pl/Microsoft.TestPlatform.CoreUtilities.resources.dll" to "/home/runner/work/S7-Tools/S7-Tools/tests/S7Tools.Infrastructure.Logging.Tests/bin/Debug/net8.0/pl/Microsoft.TestPlatform.CoreUtilities.resources.dll".
         Creating directory "bin/Debug/net8.0/pt-BR".
         Creating directory "bin/Debug/net8.0/pt-BR".
         Copying file from "/home/runner/.nuget/packages/microsoft.testplatform.objectmodel/17.12.0/lib/netcoreapp3.1/pt-BR/Microsoft.TestPlatform.CoreUtilities.resources.dll" to "/home/runner/work/S7-Tools/S7-Tools/tests/S7Tools.Infrastructure.Logging.Tests/bin/Debug/net8.0/pt-BR/Microsoft.TestPlatform.CoreUtilities.resources.dll".
         Copying file from "/home/runner/.nuget/packages/microsoft.testplatform.objectmodel/17.12.0/lib/netcoreapp3.1/pt-BR/Microsoft.VisualStudio.TestPlatform.ObjectModel.resources.dll" to "/home/runner/work/S7-Tools/S7-Tools/tests/S7Tools.Infrastructure.Logging.Tests/bin/Debug/net8.0/pt-BR/Microsoft.VisualStudio.TestPlatform.ObjectModel.resources.dll".
         Creating directory "bin/Debug/net8.0/ru".
         Copying file from "/home/runner/.nuget/packages/microsoft.testplatform.objectmodel/17.12.0/lib/netcoreapp3.1/ru/Microsoft.TestPlatform.CoreUtilities.resources.dll" to "/home/runner/work/S7-Tools/S7-Tools/tests/S7Tools.Infrastructure.Logging.Tests/bin/Debug/net8.0/ru/Microsoft.TestPlatform.CoreUtilities.resources.dll".
         Copying file from "/home/runner/.nuget/packages/microsoft.testplatform.objectmodel/17.12.0/lib/netcoreapp3.1/ru/Microsoft.VisualStudio.TestPlatform.ObjectModel.resources.dll" to "/home/runner/work/S7-Tools/S7-Tools/tests/S7Tools.Infrastructure.Logging.Tests/bin/Debug/net8.0/ru/Microsoft.VisualStudio.TestPlatform.ObjectModel.resources.dll".
         Copying file from "/home/runner/.nuget/packages/microsoft.testplatform.objectmodel/17.12.0/lib/netcoreapp3.1/pl/Microsoft.VisualStudio.TestPlatform.ObjectModel.resources.dll" to "/home/runner/work/S7-Tools/S7-Tools/tests/S7Tools.Infrastructure.Logging.Tests/bin/Debug/net8.0/pl/Microsoft.VisualStudio.TestPlatform.ObjectModel.resources.dll".
         Creating directory "bin/Debug/net8.0/tr".
         Creating directory "bin/Debug/net8.0/tr".
         Copying file from "/home/runner/.nuget/packages/microsoft.testplatform.objectmodel/17.12.0/lib/netcoreapp3.1/tr/Microsoft.VisualStudio.TestPlatform.ObjectModel.resources.dll" to "/home/runner/work/S7-Tools/S7-Tools/tests/S7Tools.Infrastructure.Logging.Tests/bin/Debug/net8.0/tr/Microsoft.VisualStudio.TestPlatform.ObjectModel.resources.dll".
         Creating directory "bin/Debug/net8.0/zh-Hans".
         Copying file from "/home/runner/.nuget/packages/microsoft.testplatform.objectmodel/17.12.0/lib/netcoreapp3.1/zh-Hans/Microsoft.TestPlatform.CoreUtilities.resources.dll" to "/home/runner/work/S7-Tools/S7-Tools/tests/S7Tools.Infrastructure.Logging.Tests/bin/Debug/net8.0/zh-Hans/Microsoft.TestPlatform.CoreUtilities.resources.dll".
         Copying file from "/home/runner/.nuget/packages/microsoft.testplatform.objectmodel/17.12.0/lib/netcoreapp3.1/zh-Hans/Microsoft.VisualStudio.TestPlatform.ObjectModel.resources.dll" to "/home/runner/work/S7-Tools/S7-Tools/tests/S7Tools.Infrastructure.Logging.Tests/bin/Debug/net8.0/zh-Hans/Microsoft.VisualStudio.TestPlatform.ObjectModel.resources.dll".
         Creating directory "bin/Debug/net8.0/zh-Hant".
         Copying file from "/home/runner/.nuget/packages/microsoft.testplatform.objectmodel/17.12.0/lib/netcoreapp3.1/zh-Hant/Microsoft.TestPlatform.CoreUtilities.resources.dll" to "/home/runner/work/S7-Tools/S7-Tools/tests/S7Tools.Infrastructure.Logging.Tests/bin/Debug/net8.0/zh-Hant/Microsoft.TestPlatform.CoreUtilities.resources.dll".
         Copying file from "/home/runner/.nuget/packages/microsoft.testplatform.objectmodel/17.12.0/lib/netcoreapp3.1/tr/Microsoft.TestPlatform.CoreUtilities.resources.dll" to "/home/runner/work/S7-Tools/S7-Tools/tests/S7Tools.Infrastructure.Logging.Tests/bin/Debug/net8.0/tr/Microsoft.TestPlatform.CoreUtilities.resources.dll".
         Copying file from "/home/runner/.nuget/packages/microsoft.testplatform.objectmodel/17.12.0/lib/netcoreapp3.1/ko/Microsoft.TestPlatform.CoreUtilities.resources.dll" to "/home/runner/work/S7-Tools/S7-Tools/tests/S7Tools.Infrastructure.Logging.Tests/bin/Debug/net8.0/ko/Microsoft.TestPlatform.CoreUtilities.resources.dll".
         Copying file from "/home/runner/.nuget/packages/microsoft.testplatform.testhost/17.12.0/lib/netcoreapp3.1/cs/Microsoft.TestPlatform.CommunicationUtilities.resources.dll" to "/home/runner/work/S7-Tools/S7-Tools/tests/S7Tools.Infrastructure.Logging.Tests/bin/Debug/net8.0/cs/Microsoft.TestPlatform.CommunicationUtilities.resources.dll".
         Copying file from "/home/runner/.nuget/packages/microsoft.testplatform.testhost/17.12.0/lib/netcoreapp3.1/cs/Microsoft.TestPlatform.CrossPlatEngine.resources.dll" to "/home/runner/work/S7-Tools/S7-Tools/tests/S7Tools.Infrastructure.Logging.Tests/bin/Debug/net8.0/cs/Microsoft.TestPlatform.CrossPlatEngine.resources.dll".
         Copying file from "/home/runner/.nuget/packages/microsoft.testplatform.testhost/17.12.0/lib/netcoreapp3.1/cs/Microsoft.VisualStudio.TestPlatform.Common.resources.dll" to "/home/runner/work/S7-Tools/S7-Tools/tests/S7Tools.Infrastructure.Logging.Tests/bin/Debug/net8.0/cs/Microsoft.VisualStudio.TestPlatform.Common.resources.dll".
         Copying file from "/home/runner/.nuget/packages/microsoft.testplatform.objectmodel/17.12.0/lib/netcoreapp3.1/zh-Hant/Microsoft.VisualStudio.TestPlatform.ObjectModel.resources.dll" to "/home/runner/work/S7-Tools/S7-Tools/tests/S7Tools.Infrastructure.Logging.Tests/bin/Debug/net8.0/zh-Hant/Microsoft.VisualStudio.TestPlatform.ObjectModel.resources.dll".
         Copying file from "/home/runner/.nuget/packages/microsoft.testplatform.testhost/17.12.0/lib/netcoreapp3.1/de/Microsoft.TestPlatform.CrossPlatEngine.resources.dll" to "/home/runner/work/S7-Tools/S7-Tools/tests/S7Tools.Infrastructure.Logging.Tests/bin/Debug/net8.0/de/Microsoft.TestPlatform.CrossPlatEngine.resources.dll".
         Copying file from "/home/runner/.nuget/packages/microsoft.testplatform.testhost/17.12.0/lib/netcoreapp3.1/de/Microsoft.VisualStudio.TestPlatform.Common.resources.dll" to "/home/runner/work/S7-Tools/S7-Tools/tests/S7Tools.Infrastructure.Logging.Tests/bin/Debug/net8.0/de/Microsoft.VisualStudio.TestPlatform.Common.resources.dll".
         Copying file from "/home/runner/.nuget/packages/microsoft.testplatform.testhost/17.12.0/lib/netcoreapp3.1/es/Microsoft.TestPlatform.CommunicationUtilities.resources.dll" to "/home/runner/work/S7-Tools/S7-Tools/tests/S7Tools.Infrastructure.Logging.Tests/bin/Debug/net8.0/es/Microsoft.TestPlatform.CommunicationUtilities.resources.dll".
         Copying file from "/home/runner/.nuget/packages/microsoft.testplatform.testhost/17.12.0/lib/netcoreapp3.1/es/Microsoft.TestPlatform.CrossPlatEngine.resources.dll" to "/home/runner/work/S7-Tools/S7-Tools/tests/S7Tools.Infrastructure.Logging.Tests/bin/Debug/net8.0/es/Microsoft.TestPlatform.CrossPlatEngine.resources.dll".
         Copying file from "/home/runner/.nuget/packages/microsoft.testplatform.testhost/17.12.0/lib/netcoreapp3.1/fr/Microsoft.TestPlatform.CommunicationUtilities.resources.dll" to "/home/runner/work/S7-Tools/S7-Tools/tests/S7Tools.Infrastructure.Logging.Tests/bin/Debug/net8.0/fr/Microsoft.TestPlatform.CommunicationUtilities.resources.dll".
         Copying file from "/home/runner/.nuget/packages/microsoft.testplatform.testhost/17.12.0/lib/netcoreapp3.1/es/Microsoft.VisualStudio.TestPlatform.Common.resources.dll" to "/home/runner/work/S7-Tools/S7-Tools/tests/S7Tools.Infrastructure.Logging.Tests/bin/Debug/net8.0/es/Microsoft.VisualStudio.TestPlatform.Common.resources.dll".
         Copying file from "/home/runner/.nuget/packages/microsoft.testplatform.testhost/17.12.0/lib/netcoreapp3.1/fr/Microsoft.TestPlatform.CrossPlatEngine.resources.dll" to "/home/runner/work/S7-Tools/S7-Tools/tests/S7Tools.Infrastructure.Logging.Tests/bin/Debug/net8.0/fr/Microsoft.TestPlatform.CrossPlatEngine.resources.dll".
         Copying file from "/home/runner/.nuget/packages/microsoft.testplatform.testhost/17.12.0/lib/netcoreapp3.1/fr/Microsoft.VisualStudio.TestPlatform.Common.resources.dll" to "/home/runner/work/S7-Tools/S7-Tools/tests/S7Tools.Infrastructure.Logging.Tests/bin/Debug/net8.0/fr/Microsoft.VisualStudio.TestPlatform.Common.resources.dll".
         Copying file from "/home/runner/.nuget/packages/microsoft.testplatform.testhost/17.12.0/lib/netcoreapp3.1/it/Microsoft.TestPlatform.CommunicationUtilities.resources.dll" to "/home/runner/work/S7-Tools/S7-Tools/tests/S7Tools.Infrastructure.Logging.Tests/bin/Debug/net8.0/it/Microsoft.TestPlatform.CommunicationUtilities.resources.dll".
         Copying file from "/home/runner/.nuget/packages/microsoft.testplatform.testhost/17.12.0/lib/netcoreapp3.1/it/Microsoft.TestPlatform.CrossPlatEngine.resources.dll" to "/home/runner/work/S7-Tools/S7-Tools/tests/S7Tools.Infrastructure.Logging.Tests/bin/Debug/net8.0/it/Microsoft.TestPlatform.CrossPlatEngine.resources.dll".
         Copying file from "/home/runner/.nuget/packages/microsoft.testplatform.testhost/17.12.0/lib/netcoreapp3.1/de/Microsoft.TestPlatform.CommunicationUtilities.resources.dll" to "/home/runner/work/S7-Tools/S7-Tools/tests/S7Tools.Infrastructure.Logging.Tests/bin/Debug/net8.0/de/Microsoft.TestPlatform.CommunicationUtilities.resources.dll".
         Copying file from "/home/runner/.nuget/packages/microsoft.testplatform.testhost/17.12.0/lib/netcoreapp3.1/ja/Microsoft.TestPlatform.CommunicationUtilities.resources.dll" to "/home/runner/work/S7-Tools/S7-Tools/tests/S7Tools.Infrastructure.Logging.Tests/bin/Debug/net8.0/ja/Microsoft.TestPlatform.CommunicationUtilities.resources.dll".
         Copying file from "/home/runner/.nuget/packages/microsoft.testplatform.testhost/17.12.0/lib/netcoreapp3.1/ja/Microsoft.TestPlatform.CrossPlatEngine.resources.dll" to "/home/runner/work/S7-Tools/S7-Tools/tests/S7Tools.Infrastructure.Logging.Tests/bin/Debug/net8.0/ja/Microsoft.TestPlatform.CrossPlatEngine.resources.dll".
         Copying file from "/home/runner/.nuget/packages/microsoft.testplatform.testhost/17.12.0/lib/netcoreapp3.1/it/Microsoft.VisualStudio.TestPlatform.Common.resources.dll" to "/home/runner/work/S7-Tools/S7-Tools/tests/S7Tools.Infrastructure.Logging.Tests/bin/Debug/net8.0/it/Microsoft.VisualStudio.TestPlatform.Common.resources.dll".
         Copying file from "/home/runner/.nuget/packages/microsoft.testplatform.testhost/17.12.0/lib/netcoreapp3.1/ja/Microsoft.VisualStudio.TestPlatform.Common.resources.dll" to "/home/runner/work/S7-Tools/S7-Tools/tests/S7Tools.Infrastructure.Logging.Tests/bin/Debug/net8.0/ja/Microsoft.VisualStudio.TestPlatform.Common.resources.dll".
         Copying file from "/home/runner/.nuget/packages/microsoft.testplatform.testhost/17.12.0/lib/netcoreapp3.1/ko/Microsoft.TestPlatform.CommunicationUtilities.resources.dll" to "/home/runner/work/S7-Tools/S7-Tools/tests/S7Tools.Infrastructure.Logging.Tests/bin/Debug/net8.0/ko/Microsoft.TestPlatform.CommunicationUtilities.resources.dll".
         Copying file from "/home/runner/.nuget/packages/microsoft.testplatform.testhost/17.12.0/lib/netcoreapp3.1/ko/Microsoft.TestPlatform.CrossPlatEngine.resources.dll" to "/home/runner/work/S7-Tools/S7-Tools/tests/S7Tools.Infrastructure.Logging.Tests/bin/Debug/net8.0/ko/Microsoft.TestPlatform.CrossPlatEngine.resources.dll".
         Copying file from "/home/runner/.nuget/packages/microsoft.testplatform.testhost/17.12.0/lib/netcoreapp3.1/ko/Microsoft.VisualStudio.TestPlatform.Common.resources.dll" to "/home/runner/work/S7-Tools/S7-Tools/tests/S7Tools.Infrastructure.Logging.Tests/bin/Debug/net8.0/ko/Microsoft.VisualStudio.TestPlatform.Common.resources.dll".
         Copying file from "/home/runner/.nuget/packages/microsoft.testplatform.testhost/17.12.0/lib/netcoreapp3.1/pl/Microsoft.TestPlatform.CommunicationUtilities.resources.dll" to "/home/runner/work/S7-Tools/S7-Tools/tests/S7Tools.Infrastructure.Logging.Tests/bin/Debug/net8.0/pl/Microsoft.TestPlatform.CommunicationUtilities.resources.dll".
         Copying file from "/home/runner/.nuget/packages/microsoft.testplatform.testhost/17.12.0/lib/netcoreapp3.1/pl/Microsoft.TestPlatform.CrossPlatEngine.resources.dll" to "/home/runner/work/S7-Tools/S7-Tools/tests/S7Tools.Infrastructure.Logging.Tests/bin/Debug/net8.0/pl/Microsoft.TestPlatform.CrossPlatEngine.resources.dll".
         Copying file from "/home/runner/.nuget/packages/microsoft.testplatform.testhost/17.12.0/lib/netcoreapp3.1/pt-BR/Microsoft.TestPlatform.CommunicationUtilities.resources.dll" to "/home/runner/work/S7-Tools/S7-Tools/tests/S7Tools.Infrastructure.Logging.Tests/bin/Debug/net8.0/pt-BR/Microsoft.TestPlatform.CommunicationUtilities.resources.dll".
         Copying file from "/home/runner/.nuget/packages/microsoft.testplatform.testhost/17.12.0/lib/netcoreapp3.1/pt-BR/Microsoft.TestPlatform.CrossPlatEngine.resources.dll" to "/home/runner/work/S7-Tools/S7-Tools/tests/S7Tools.Infrastructure.Logging.Tests/bin/Debug/net8.0/pt-BR/Microsoft.TestPlatform.CrossPlatEngine.resources.dll".
         Copying file from "/home/runner/.nuget/packages/microsoft.testplatform.testhost/17.12.0/lib/netcoreapp3.1/pt-BR/Microsoft.VisualStudio.TestPlatform.Common.resources.dll" to "/home/runner/work/S7-Tools/S7-Tools/tests/S7Tools.Infrastructure.Logging.Tests/bin/Debug/net8.0/pt-BR/Microsoft.VisualStudio.TestPlatform.Common.resources.dll".
         Copying file from "/home/runner/.nuget/packages/microsoft.testplatform.testhost/17.12.0/lib/netcoreapp3.1/ru/Microsoft.TestPlatform.CommunicationUtilities.resources.dll" to "/home/runner/work/S7-Tools/S7-Tools/tests/S7Tools.Infrastructure.Logging.Tests/bin/Debug/net8.0/ru/Microsoft.TestPlatform.CommunicationUtilities.resources.dll".
         Copying file from "/home/runner/.nuget/packages/microsoft.testplatform.testhost/17.12.0/lib/netcoreapp3.1/ru/Microsoft.TestPlatform.CrossPlatEngine.resources.dll" to "/home/runner/work/S7-Tools/S7-Tools/tests/S7Tools.Infrastructure.Logging.Tests/bin/Debug/net8.0/ru/Microsoft.TestPlatform.CrossPlatEngine.resources.dll".
         Copying file from "/home/runner/.nuget/packages/microsoft.testplatform.testhost/17.12.0/lib/netcoreapp3.1/ru/Microsoft.VisualStudio.TestPlatform.Common.resources.dll" to "/home/runner/work/S7-Tools/S7-Tools/tests/S7Tools.Infrastructure.Logging.Tests/bin/Debug/net8.0/ru/Microsoft.VisualStudio.TestPlatform.Common.resources.dll".
         Copying file from "/home/runner/.nuget/packages/microsoft.testplatform.testhost/17.12.0/lib/netcoreapp3.1/tr/Microsoft.TestPlatform.CommunicationUtilities.resources.dll" to "/home/runner/work/S7-Tools/S7-Tools/tests/S7Tools.Infrastructure.Logging.Tests/bin/Debug/net8.0/tr/Microsoft.TestPlatform.CommunicationUtilities.resources.dll".
         Copying file from "/home/runner/.nuget/packages/microsoft.testplatform.testhost/17.12.0/lib/netcoreapp3.1/tr/Microsoft.TestPlatform.CrossPlatEngine.resources.dll" to "/home/runner/work/S7-Tools/S7-Tools/tests/S7Tools.Infrastructure.Logging.Tests/bin/Debug/net8.0/tr/Microsoft.TestPlatform.CrossPlatEngine.resources.dll".
         Copying file from "/home/runner/.nuget/packages/microsoft.testplatform.testhost/17.12.0/lib/netcoreapp3.1/tr/Microsoft.VisualStudio.TestPlatform.Common.resources.dll" to "/home/runner/work/S7-Tools/S7-Tools/tests/S7Tools.Infrastructure.Logging.Tests/bin/Debug/net8.0/tr/Microsoft.VisualStudio.TestPlatform.Common.resources.dll".
         Copying file from "/home/runner/.nuget/packages/microsoft.testplatform.testhost/17.12.0/lib/netcoreapp3.1/zh-Hans/Microsoft.TestPlatform.CommunicationUtilities.resources.dll" to "/home/runner/work/S7-Tools/S7-Tools/tests/S7Tools.Infrastructure.Logging.Tests/bin/Debug/net8.0/zh-Hans/Microsoft.TestPlatform.CommunicationUtilities.resources.dll".
         Copying file from "/home/runner/.nuget/packages/microsoft.testplatform.testhost/17.12.0/lib/netcoreapp3.1/zh-Hans/Microsoft.TestPlatform.CrossPlatEngine.resources.dll" to "/home/runner/work/S7-Tools/S7-Tools/tests/S7Tools.Infrastructure.Logging.Tests/bin/Debug/net8.0/zh-Hans/Microsoft.TestPlatform.CrossPlatEngine.resources.dll".
         Copying file from "/home/runner/.nuget/packages/microsoft.testplatform.testhost/17.12.0/lib/netcoreapp3.1/zh-Hans/Microsoft.VisualStudio.TestPlatform.Common.resources.dll" to "/home/runner/work/S7-Tools/S7-Tools/tests/S7Tools.Infrastructure.Logging.Tests/bin/Debug/net8.0/zh-Hans/Microsoft.VisualStudio.TestPlatform.Common.resources.dll".
         Copying file from "/home/runner/.nuget/packages/microsoft.testplatform.testhost/17.12.0/lib/netcoreapp3.1/zh-Hant/Microsoft.TestPlatform.CommunicationUtilities.resources.dll" to "/home/runner/work/S7-Tools/S7-Tools/tests/S7Tools.Infrastructure.Logging.Tests/bin/Debug/net8.0/zh-Hant/Microsoft.TestPlatform.CommunicationUtilities.resources.dll".
         Copying file from "/home/runner/.nuget/packages/microsoft.testplatform.testhost/17.12.0/lib/netcoreapp3.1/zh-Hant/Microsoft.TestPlatform.CrossPlatEngine.resources.dll" to "/home/runner/work/S7-Tools/S7-Tools/tests/S7Tools.Infrastructure.Logging.Tests/bin/Debug/net8.0/zh-Hant/Microsoft.TestPlatform.CrossPlatEngine.resources.dll".
         Copying file from "/home/runner/.nuget/packages/microsoft.testplatform.testhost/17.12.0/lib/netcoreapp3.1/zh-Hant/Microsoft.VisualStudio.TestPlatform.Common.resources.dll" to "/home/runner/work/S7-Tools/S7-Tools/tests/S7Tools.Infrastructure.Logging.Tests/bin/Debug/net8.0/zh-Hant/Microsoft.VisualStudio.TestPlatform.Common.resources.dll".
         Creating directory "bin/Debug/net8.0/runtimes/win/lib/net6.0".
         Creating directory "bin/Debug/net8.0/runtimes/win/lib/net6.0".
         Copying file from "/home/runner/.nuget/packages/system.diagnostics.eventlog/6.0.0/runtimes/win/lib/net6.0/System.Diagnostics.EventLog.dll" to "/home/runner/work/S7-Tools/S7-Tools/tests/S7Tools.Infrastructure.Logging.Tests/bin/Debug/net8.0/runtimes/win/lib/net6.0/System.Diagnostics.EventLog.dll".
         Copying file from "/home/runner/.nuget/packages/system.diagnostics.eventlog/6.0.0/runtimes/win/lib/net6.0/System.Diagnostics.EventLog.Messages.dll" to "/home/runner/work/S7-Tools/S7-Tools/tests/S7Tools.Infrastructure.Logging.Tests/bin/Debug/net8.0/runtimes/win/lib/net6.0/System.Diagnostics.EventLog.Messages.dll".
         Creating directory "bin/Debug/net8.0/runtimes/win/lib/netstandard2.0".
         Copying file from "/home/runner/.nuget/packages/system.security.cryptography.protecteddata/4.4.0/runtimes/win/lib/netstandard2.0/System.Security.Cryptography.ProtectedData.dll" to "/home/runner/work/S7-Tools/S7-Tools/tests/S7Tools.Infrastructure.Logging.Tests/bin/Debug/net8.0/runtimes/win/lib/netstandard2.0/System.Security.Cryptography.ProtectedData.dll".
         Copying file from "/home/runner/work/S7-Tools/S7-Tools/src/S7Tools.Infrastructure.Logging/bin/Debug/net8.0/S7Tools.Infrastructure.Logging.dll" to "/home/runner/work/S7-Tools/S7-Tools/tests/S7Tools.Infrastructure.Logging.Tests/bin/Debug/net8.0/S7Tools.Infrastructure.Logging.dll".
         Copying file from "/home/runner/work/S7-Tools/S7-Tools/src/S7Tools.Infrastructure.Logging/bin/Debug/net8.0/S7Tools.Infrastructure.Logging.xml" to "/home/runner/work/S7-Tools/S7-Tools/tests/S7Tools.Infrastructure.Logging.Tests/bin/Debug/net8.0/S7Tools.Infrastructure.Logging.xml".
         Copying file from "/home/runner/work/S7-Tools/S7-Tools/src/S7Tools.Infrastructure.Logging/bin/Debug/net8.0/S7Tools.Infrastructure.Logging.pdb" to "/home/runner/work/S7-Tools/S7-Tools/tests/S7Tools.Infrastructure.Logging.Tests/bin/Debug/net8.0/S7Tools.Infrastructure.Logging.pdb".
         Copying file from "/home/runner/.nuget/packages/microsoft.testplatform.testhost/17.12.0/lib/netcoreapp3.1/pl/Microsoft.VisualStudio.TestPlatform.Common.resources.dll" to "/home/runner/work/S7-Tools/S7-Tools/tests/S7Tools.Infrastructure.Logging.Tests/bin/Debug/net8.0/pl/Microsoft.VisualStudio.TestPlatform.Common.resources.dll".
         Creating "/home/runner/work/S7-Tools/S7-Tools/tests/S7Tools.Infrastructure.Logging.Tests/obj/Debug/net8.0/S7Tools..F2C90892.Up2Date" because "AlwaysCreate" was specified.
         Touching "/home/runner/work/S7-Tools/S7-Tools/tests/S7Tools.Infrastructure.Logging.Tests/obj/Debug/net8.0/S7Tools..F2C90892.Up2Date".
       _CopyOutOfDateSourceItemsToOutputDirectory:
         Copying file from "/home/runner/.nuget/packages/xunit.runner.visualstudio/2.8.2/build/net6.0/xunit.runner.visualstudio.testadapter.dll" to "/home/runner/work/S7-Tools/S7-Tools/tests/S7Tools.Infrastructure.Logging.Tests/bin/Debug/net8.0/xunit.runner.visualstudio.testadapter.dll".
         Copying file from "/home/runner/.nuget/packages/xunit.runner.visualstudio/2.8.2/build/net6.0/xunit.runner.utility.netcoreapp10.dll" to "/home/runner/work/S7-Tools/S7-Tools/tests/S7Tools.Infrastructure.Logging.Tests/bin/Debug/net8.0/xunit.runner.utility.netcoreapp10.dll".
         Copying file from "/home/runner/.nuget/packages/xunit.runner.visualstudio/2.8.2/build/net6.0/xunit.runner.reporters.netcoreapp10.dll" to "/home/runner/work/S7-Tools/S7-Tools/tests/S7Tools.Infrastructure.Logging.Tests/bin/Debug/net8.0/xunit.runner.reporters.netcoreapp10.dll".
       CopyFilesToOutputDirectory:
         Copying file from "/home/runner/work/S7-Tools/S7-Tools/tests/S7Tools.Infrastructure.Logging.Tests/obj/Debug/net8.0/S7Tools.Infrastructure.Logging.Tests.dll" to "/home/runner/work/S7-Tools/S7-Tools/tests/S7Tools.Infrastructure.Logging.Tests/bin/Debug/net8.0/S7Tools.Infrastructure.Logging.Tests.dll".
         Copying reference assembly from "obj/Debug/net8.0/refint/S7Tools.Infrastructure.Logging.Tests.dll" to "/home/runner/work/S7-Tools/S7-Tools/tests/S7Tools.Infrastructure.Logging.Tests/obj/Debug/net8.0/ref/S7Tools.Infrastructure.Logging.Tests.dll".
         S7Tools.Infrastructure.Logging.Tests -> /home/runner/work/S7-Tools/S7-Tools/tests/S7Tools.Infrastructure.Logging.Tests/bin/Debug/net8.0/S7Tools.Infrastructure.Logging.Tests.dll
         Copying file from "/home/runner/work/S7-Tools/S7-Tools/tests/S7Tools.Infrastructure.Logging.Tests/obj/Debug/net8.0/S7Tools.Infrastructure.Logging.Tests.pdb" to "/home/runner/work/S7-Tools/S7-Tools/tests/S7Tools.Infrastructure.Logging.Tests/bin/Debug/net8.0/S7Tools.Infrastructure.Logging.Tests.pdb".
         Copying file from "/home/runner/work/S7-Tools/S7-Tools/tests/S7Tools.Infrastructure.Logging.Tests/obj/Debug/net8.0/S7Tools.Infrastructure.Logging.Tests.xml" to "/home/runner/work/S7-Tools/S7-Tools/tests/S7Tools.Infrastructure.Logging.Tests/bin/Debug/net8.0/S7Tools.Infrastructure.Logging.Tests.xml".
     6>Done Building Project "/home/runner/work/S7-Tools/S7-Tools/tests/S7Tools.Infrastructure.Logging.Tests/S7Tools.Infrastructure.Logging.Tests.csproj" (default targets).
     2>/home/runner/work/S7-Tools/S7-Tools/src/S7Tools/Resources/ResourceManager.cs(17,30): warning CS0436: The type 'ResourceManager' in '/home/runner/work/S7-Tools/S7-Tools/src/S7Tools/Resources/ResourceManager.cs' conflicts with the imported type 'ResourceManager' in 'S7Tools.Core, Version=1.0.0.0, Culture=neutral, PublicKeyToken=null'. Using the type defined in '/home/runner/work/S7-Tools/S7-Tools/src/S7Tools/Resources/ResourceManager.cs'. [/home/runner/work/S7-Tools/S7-Tools/src/S7Tools/S7Tools.csproj]
     2>/home/runner/work/S7-Tools/S7-Tools/src/S7Tools/Resources/ResourceManager.cs(26,36): warning CS0436: The type 'ResourceManager' in '/home/runner/work/S7-Tools/S7-Tools/src/S7Tools/Resources/ResourceManager.cs' conflicts with the imported type 'ResourceManager' in 'S7Tools.Core, Version=1.0.0.0, Culture=neutral, PublicKeyToken=null'. Using the type defined in '/home/runner/work/S7-Tools/S7-Tools/src/S7Tools/Resources/ResourceManager.cs'. [/home/runner/work/S7-Tools/S7-Tools/src/S7Tools/S7Tools.csproj]
     2>/home/runner/work/S7-Tools/S7-Tools/src/S7Tools/Converters/GridLengthToDoubleConverter.cs(9,23): warning CS8767: Nullability of reference types in type of parameter 'value' of 'object GridLengthToDoubleConverter.Convert(object value, Type targetType, object parameter, CultureInfo culture)' doesn't match implicitly implemented member 'object? IValueConverter.Convert(object? value, Type targetType, object? parameter, CultureInfo culture)' (possibly because of nullability attributes). [/home/runner/work/S7-Tools/S7-Tools/src/S7Tools/S7Tools.csproj]
     2>/home/runner/work/S7-Tools/S7-Tools/src/S7Tools/Converters/GridLengthToDoubleConverter.cs(9,23): warning CS8767: Nullability of reference types in type of parameter 'parameter' of 'object GridLengthToDoubleConverter.Convert(object value, Type targetType, object parameter, CultureInfo culture)' doesn't match implicitly implemented member 'object? IValueConverter.Convert(object? value, Type targetType, object? parameter, CultureInfo culture)' (possibly because of nullability attributes). [/home/runner/work/S7-Tools/S7-Tools/src/S7Tools/S7Tools.csproj]
     2>/home/runner/work/S7-Tools/S7-Tools/src/S7Tools/Converters/GridLengthToDoubleConverter.cs(21,23): warning CS8767: Nullability of reference types in type of parameter 'value' of 'object GridLengthToDoubleConverter.ConvertBack(object value, Type targetType, object parameter, CultureInfo culture)' doesn't match implicitly implemented member 'object? IValueConverter.ConvertBack(object? value, Type targetType, object? parameter, CultureInfo culture)' (possibly because of nullability attributes). [/home/runner/work/S7-Tools/S7-Tools/src/S7Tools/S7Tools.csproj]
     2>/home/runner/work/S7-Tools/S7-Tools/src/S7Tools/Converters/GridLengthToDoubleConverter.cs(21,23): warning CS8767: Nullability of reference types in type of parameter 'parameter' of 'object GridLengthToDoubleConverter.ConvertBack(object value, Type targetType, object parameter, CultureInfo culture)' doesn't match implicitly implemented member 'object? IValueConverter.ConvertBack(object? value, Type targetType, object? parameter, CultureInfo culture)' (possibly because of nullability attributes). [/home/runner/work/S7-Tools/S7-Tools/src/S7Tools/S7Tools.csproj]
     2>/home/runner/work/S7-Tools/S7-Tools/src/S7Tools/ViewModels/LogViewerViewModel.cs(555,44): warning CS8619: Nullability of reference types in value of type 'Task<string>' doesn't match target type 'Task<string?>'. [/home/runner/work/S7-Tools/S7-Tools/src/S7Tools/S7Tools.csproj]
     2>/home/runner/work/S7-Tools/S7-Tools/src/S7Tools/Program.cs(86,46): warning CS8604: Possible null reference argument for parameter 'args' in 'int ClassicDesktopStyleApplicationLifetimeExtensions.StartWithClassicDesktopLifetime(AppBuilder builder, string[] args, Action<IClassicDesktopStyleApplicationLifetime>? lifetimeBuilder = null)'. [/home/runner/work/S7-Tools/S7-Tools/src/S7Tools/S7Tools.csproj]
     2>/home/runner/work/S7-Tools/S7-Tools/src/S7Tools/Resources/ResourceManager.cs(288,24): warning CS0436: The type 'ResourceManager' in '/home/runner/work/S7-Tools/S7-Tools/src/S7Tools/Resources/ResourceManager.cs' conflicts with the imported type 'ResourceManager' in 'S7Tools.Core, Version=1.0.0.0, Culture=neutral, PublicKeyToken=null'. Using the type defined in '/home/runner/work/S7-Tools/S7-Tools/src/S7Tools/Resources/ResourceManager.cs'. [/home/runner/work/S7-Tools/S7-Tools/src/S7Tools/S7Tools.csproj]
     2>/home/runner/work/S7-Tools/S7-Tools/src/S7Tools/ViewModels/SerialPortScannerViewModel.cs(373,48): warning CS8602: Dereference of a possibly null reference. [/home/runner/work/S7-Tools/S7-Tools/src/S7Tools/S7Tools.csproj]
     2>/home/runner/work/S7-Tools/S7-Tools/src/S7Tools/ViewModels/SerialPortScannerViewModel.cs(472,48): warning CS8602: Dereference of a possibly null reference. [/home/runner/work/S7-Tools/S7-Tools/src/S7Tools/S7Tools.csproj]
     2>/home/runner/work/S7-Tools/S7-Tools/src/S7Tools/Services/PlcDataService.cs(233,17): warning CS8602: Dereference of a possibly null reference. [/home/runner/work/S7-Tools/S7-Tools/src/S7Tools/S7Tools.csproj]
     2>/home/runner/work/S7-Tools/S7-Tools/src/S7Tools/Services/PlcDataService.cs(260,60): warning CS8602: Dereference of a possibly null reference. [/home/runner/work/S7-Tools/S7-Tools/src/S7Tools/S7Tools.csproj]
     2>/home/runner/work/S7-Tools/S7-Tools/src/S7Tools/Services/PlcDataService.cs(291,40): warning CS8604: Possible null reference argument for parameter 'item' in 'void List<Tag>.Add(Tag item)'. [/home/runner/work/S7-Tools/S7-Tools/src/S7Tools/S7Tools.csproj]
     2>/home/runner/work/S7-Tools/S7-Tools/src/S7Tools/ViewModels/LogViewerViewModel.cs(509,47): warning CS0067: The event 'DesignTimeLogDataStore.PropertyChanged' is never used [/home/runner/work/S7-Tools/S7-Tools/src/S7Tools/S7Tools.csproj]
     2>/home/runner/work/S7-Tools/S7-Tools/src/S7Tools/ViewModels/LogViewerViewModel.cs(510,86): warning CS0067: The event 'DesignTimeLogDataStore.CollectionChanged' is never used [/home/runner/work/S7-Tools/S7-Tools/src/S7Tools/S7Tools.csproj]
     2>/home/runner/work/S7-Tools/S7-Tools/src/S7Tools/Services/SerialPortService.cs(26,29): warning CS0649: Field 'SerialPortService._monitoringTimer' is never assigned to, and will always have its default value null [/home/runner/work/S7-Tools/S7-Tools/src/S7Tools/S7Tools.csproj]
     2>/home/runner/work/S7-Tools/S7-Tools/src/S7Tools/Converters/BooleanToInverseBooleanConverter.cs(7,14): warning CS1591: Missing XML comment for publicly visible type or member 'BooleanToInverseBooleanConverter' [/home/runner/work/S7-Tools/S7-Tools/src/S7Tools/S7Tools.csproj]
     2>/home/runner/work/S7-Tools/S7-Tools/src/S7Tools/Converters/BooleanToInverseBooleanConverter.cs(9,20): warning CS1591: Missing XML comment for publicly visible type or member 'BooleanToInverseBooleanConverter.Convert(object?, Type, object?, CultureInfo)' [/home/runner/work/S7-Tools/S7-Tools/src/S7Tools/S7Tools.csproj]
     2>/home/runner/work/S7-Tools/S7-Tools/src/S7Tools/Converters/BooleanToInverseBooleanConverter.cs(18,20): warning CS1591: Missing XML comment for publicly visible type or member 'BooleanToInverseBooleanConverter.ConvertBack(object?, Type, object?, CultureInfo)' [/home/runner/work/S7-Tools/S7-Tools/src/S7Tools/S7Tools.csproj]
     2>/home/runner/work/S7-Tools/S7-Tools/src/S7Tools/Converters/BooleanToVisibilityConverter.cs(7,14): warning CS1591: Missing XML comment for publicly visible type or member 'BooleanToVisibilityConverter' [/home/runner/work/S7-Tools/S7-Tools/src/S7Tools/S7Tools.csproj]
     2>/home/runner/work/S7-Tools/S7-Tools/src/S7Tools/Converters/BooleanToVisibilityConverter.cs(9,20): warning CS1591: Missing XML comment for publicly visible type or member 'BooleanToVisibilityConverter.Convert(object?, Type, object?, CultureInfo)' [/home/runner/work/S7-Tools/S7-Tools/src/S7Tools/S7Tools.csproj]
     2>/home/runner/work/S7-Tools/S7-Tools/src/S7Tools/Converters/BooleanToVisibilityConverter.cs(18,20): warning CS1591: Missing XML comment for publicly visible type or member 'BooleanToVisibilityConverter.ConvertBack(object?, Type, object?, CultureInfo)' [/home/runner/work/S7-Tools/S7-Tools/src/S7Tools/S7Tools.csproj]
     2>/home/runner/work/S7-Tools/S7-Tools/src/S7Tools/Converters/GridLengthToDoubleConverter.cs(7,18): warning CS1591: Missing XML comment for publicly visible type or member 'GridLengthToDoubleConverter' [/home/runner/work/S7-Tools/S7-Tools/src/S7Tools/S7Tools.csproj]
     2>/home/runner/work/S7-Tools/S7-Tools/src/S7Tools/Converters/GridLengthToDoubleConverter.cs(9,23): warning CS1591: Missing XML comment for publicly visible type or member 'GridLengthToDoubleConverter.Convert(object, Type, object, CultureInfo)' [/home/runner/work/S7-Tools/S7-Tools/src/S7Tools/S7Tools.csproj]
     2>/home/runner/work/S7-Tools/S7-Tools/src/S7Tools/Converters/GridLengthToDoubleConverter.cs(21,23): warning CS1591: Missing XML comment for publicly visible type or member 'GridLengthToDoubleConverter.ConvertBack(object, Type, object, CultureInfo)' [/home/runner/work/S7-Tools/S7-Tools/src/S7Tools/S7Tools.csproj]
     2>/home/runner/work/S7-Tools/S7-Tools/src/S7Tools/Converters/StringEqualsConverter.cs(6,21): warning CS1591: Missing XML comment for publicly visible type or member 'StringEqualsConverter' [/home/runner/work/S7-Tools/S7-Tools/src/S7Tools/S7Tools.csproj]
     2>/home/runner/work/S7-Tools/S7-Tools/src/S7Tools/Converters/StringEqualsConverter.cs(8,20): warning CS1591: Missing XML comment for publicly visible type or member 'StringEqualsConverter.Convert(object?, Type, object?, CultureInfo)' [/home/runner/work/S7-Tools/S7-Tools/src/S7Tools/S7Tools.csproj]
     2>/home/runner/work/S7-Tools/S7-Tools/src/S7Tools/Converters/StringEqualsConverter.cs(15,20): warning CS1591: Missing XML comment for publicly visible type or member 'StringEqualsConverter.ConvertBack(object?, Type, object?, CultureInfo)' [/home/runner/work/S7-Tools/S7-Tools/src/S7Tools/S7Tools.csproj]
     2>/home/runner/work/S7-Tools/S7-Tools/src/S7Tools/Services/FileLogWriter.cs(23,12): warning CS1591: Missing XML comment for publicly visible type or member 'FileLogWriter.FileLogWriter(ILogDataStore, ISettingsService, ILogger<FileLogWriter>)' [/home/runner/work/S7-Tools/S7-Tools/src/S7Tools/S7Tools.csproj]
     2>/home/runner/work/S7-Tools/S7-Tools/src/S7Tools/Services/FileLogWriter.cs(116,17): warning CS1591: Missing XML comment for publicly visible type or member 'FileLogWriter.Dispose()' [/home/runner/work/S7-Tools/S7-Tools/src/S7Tools/S7Tools.csproj]
     2>/home/runner/work/S7-Tools/S7-Tools/src/S7Tools/ViewLocator.cs(8,14): warning CS1591: Missing XML comment for publicly visible type or member 'ViewLocator' [/home/runner/work/S7-Tools/S7-Tools/src/S7Tools/S7Tools.csproj]
     2>/home/runner/work/S7-Tools/S7-Tools/src/S7Tools/ViewLocator.cs(11,25): warning CS1591: Missing XML comment for publicly visible type or member 'ViewLocator.Build(object?)' [/home/runner/work/S7-Tools/S7-Tools/src/S7Tools/S7Tools.csproj]
     2>/home/runner/work/S7-Tools/S7-Tools/src/S7Tools/ViewLocator.cs(52,17): warning CS1591: Missing XML comment for publicly visible type or member 'ViewLocator.Match(object?)' [/home/runner/work/S7-Tools/S7-Tools/src/S7Tools/S7Tools.csproj]
     2>/home/runner/work/S7-Tools/S7-Tools/src/S7Tools/ViewModels/AboutViewModel.cs(5,14): warning CS1591: Missing XML comment for publicly visible type or member 'AboutViewModel' [/home/runner/work/S7-Tools/S7-Tools/src/S7Tools/S7Tools.csproj]
     2>/home/runner/work/S7-Tools/S7-Tools/src/S7Tools/ViewModels/AboutViewModel.cs(7,19): warning CS1591: Missing XML comment for publicly visible type or member 'AboutViewModel.Greeting' [/home/runner/work/S7-Tools/S7-Tools/src/S7Tools/S7Tools.csproj]
     2>/home/runner/work/S7-Tools/S7-Tools/src/S7Tools/ViewModels/AdvancedSettingsViewModel.cs(19,19): warning CS1591: Missing XML comment for publicly visible type or member 'AdvancedSettingsViewModel.Message' [/home/runner/work/S7-Tools/S7-Tools/src/S7Tools/S7Tools.csproj]
     2>/home/runner/work/S7-Tools/S7-Tools/src/S7Tools/ViewModels/AppearanceSettingsViewModel.cs(19,19): warning CS1591: Missing XML comment for publicly visible type or member 'AppearanceSettingsViewModel.Message' [/home/runner/work/S7-Tools/S7-Tools/src/S7Tools/S7Tools.csproj]
     2>/home/runner/work/S7-Tools/S7-Tools/src/S7Tools/ViewModels/CommandDemoViewModel.cs(15,12): warning CS1591: Missing XML comment for publicly visible type or member 'CommandDemoViewModel.CommandDemoViewModel(IKeyedFactory<string, ICommand>)' [/home/runner/work/S7-Tools/S7-Tools/src/S7Tools/S7Tools.csproj]
     2>/home/runner/work/S7-Tools/S7-Tools/src/S7Tools/ViewModels/GeneralSettingsViewModel.cs(19,19): warning CS1591: Missing XML comment for publicly visible type or member 'GeneralSettingsViewModel.Message' [/home/runner/work/S7-Tools/S7-Tools/src/S7Tools/S7Tools.csproj]
     2>/home/runner/work/S7-Tools/S7-Tools/src/S7Tools/ViewModels/LoggingSettingsViewModel.cs(53,19): warning CS1591: Missing XML comment for publicly visible type or member 'LoggingSettingsViewModel.DefaultLogPath' [/home/runner/work/S7-Tools/S7-Tools/src/S7Tools/S7Tools.csproj]
     2>/home/runner/work/S7-Tools/S7-Tools/src/S7Tools/ViewModels/LoggingSettingsViewModel.cs(60,19): warning CS1591: Missing XML comment for publicly visible type or member 'LoggingSettingsViewModel.ExportPath' [/home/runner/work/S7-Tools/S7-Tools/src/S7Tools/S7Tools.csproj]
     2>/home/runner/work/S7-Tools/S7-Tools/src/S7Tools/ViewModels/LoggingSettingsViewModel.cs(67,19): warning CS1591: Missing XML comment for publicly visible type or member 'LoggingSettingsViewModel.MinimumLogLevel' [/home/runner/work/S7-Tools/S7-Tools/src/S7Tools/S7Tools.csproj]
     2>/home/runner/work/S7-Tools/S7-Tools/src/S7Tools/ViewModels/LoggingSettingsViewModel.cs(74,17): warning CS1591: Missing XML comment for publicly visible type or member 'LoggingSettingsViewModel.AutoScrollLogs' [/home/runner/work/S7-Tools/S7-Tools/src/S7Tools/S7Tools.csproj]
     2>/home/runner/work/S7-Tools/S7-Tools/src/S7Tools/ViewModels/LoggingSettingsViewModel.cs(81,17): warning CS1591: Missing XML comment for publicly visible type or member 'LoggingSettingsViewModel.EnableRollingLogs' [/home/runner/work/S7-Tools/S7-Tools/src/S7Tools/S7Tools.csproj]
     2>/home/runner/work/S7-Tools/S7-Tools/src/S7Tools/ViewModels/LoggingSettingsViewModel.cs(88,17): warning CS1591: Missing XML comment for publicly visible type or member 'LoggingSettingsViewModel.ShowTimestampInLogs' [/home/runner/work/S7-Tools/S7-Tools/src/S7Tools/S7Tools.csproj]
     2>/home/runner/work/S7-Tools/S7-Tools/src/S7Tools/ViewModels/LoggingSettingsViewModel.cs(95,17): warning CS1591: Missing XML comment for publicly visible type or member 'LoggingSettingsViewModel.ShowCategoryInLogs' [/home/runner/work/S7-Tools/S7-Tools/src/S7Tools/S7Tools.csproj]
     2>/home/runner/work/S7-Tools/S7-Tools/src/S7Tools/ViewModels/LoggingSettingsViewModel.cs(102,17): warning CS1591: Missing XML comment for publicly visible type or member 'LoggingSettingsViewModel.ShowLogLevelInLogs' [/home/runner/work/S7-Tools/S7-Tools/src/S7Tools/S7Tools.csproj]
     2>/home/runner/work/S7-Tools/S7-Tools/src/S7Tools/ViewModels/LoggingSettingsViewModel.cs(109,19): warning CS1591: Missing XML comment for publicly visible type or member 'LoggingSettingsViewModel.SettingsStatusMessage' [/home/runner/work/S7-Tools/S7-Tools/src/S7Tools/S7Tools.csproj]
     2>/home/runner/work/S7-Tools/S7-Tools/src/S7Tools/ViewModels/LoggingSettingsViewModel.cs(116,19): warning CS1591: Missing XML comment for publicly visible type or member 'LoggingSettingsViewModel.CurrentSettingsFilePath' [/home/runner/work/S7-Tools/S7-Tools/src/S7Tools/S7Tools.csproj]
     2>/home/runner/work/S7-Tools/S7-Tools/src/S7Tools/ViewModels/LoggingSettingsViewModel.cs(123,21): warning CS1591: Missing XML comment for publicly visible type or member 'LoggingSettingsViewModel.SettingsLastModified' [/home/runner/work/S7-Tools/S7-Tools/src/S7Tools/S7Tools.csproj]
     2>/home/runner/work/S7-Tools/S7-Tools/src/S7Tools/ViewModels/LoggingSettingsViewModel.cs(133,40): warning CS1591: Missing XML comment for publicly visible type or member 'LoggingSettingsViewModel.BrowseDefaultLogPathCommand' [/home/runner/work/S7-Tools/S7-Tools/src/S7Tools/S7Tools.csproj]
     2>/home/runner/work/S7-Tools/S7-Tools/src/S7Tools/ViewModels/LoggingSettingsViewModel.cs(134,40): warning CS1591: Missing XML comment for publicly visible type or member 'LoggingSettingsViewModel.BrowseExportPathCommand' [/home/runner/work/S7-Tools/S7-Tools/src/S7Tools/S7Tools.csproj]
     2>/home/runner/work/S7-Tools/S7-Tools/src/S7Tools/ViewModels/LoggingSettingsViewModel.cs(135,40): warning CS1591: Missing XML comment for publicly visible type or member 'LoggingSettingsViewModel.OpenDefaultLogPathCommand' [/home/runner/work/S7-Tools/S7-Tools/src/S7Tools/S7Tools.csproj]
     2>/home/runner/work/S7-Tools/S7-Tools/src/S7Tools/ViewModels/LoggingSettingsViewModel.cs(136,40): warning CS1591: Missing XML comment for publicly visible type or member 'LoggingSettingsViewModel.OpenExportPathCommand' [/home/runner/work/S7-Tools/S7-Tools/src/S7Tools/S7Tools.csproj]
     2>/home/runner/work/S7-Tools/S7-Tools/src/S7Tools/ViewModels/LoggingSettingsViewModel.cs(137,40): warning CS1591: Missing XML comment for publicly visible type or member 'LoggingSettingsViewModel.SaveSettingsCommand' [/home/runner/work/S7-Tools/S7-Tools/src/S7Tools/S7Tools.csproj]
     2>/home/runner/work/S7-Tools/S7-Tools/src/S7Tools/ViewModels/LoggingSettingsViewModel.cs(138,40): warning CS1591: Missing XML comment for publicly visible type or member 'LoggingSettingsViewModel.LoadSettingsCommand' [/home/runner/work/S7-Tools/S7-Tools/src/S7Tools/S7Tools.csproj]
     2>/home/runner/work/S7-Tools/S7-Tools/src/S7Tools/ViewModels/LoggingSettingsViewModel.cs(139,40): warning CS1591: Missing XML comment for publicly visible type or member 'LoggingSettingsViewModel.ResetSettingsCommand' [/home/runner/work/S7-Tools/S7-Tools/src/S7Tools/S7Tools.csproj]
     2>/home/runner/work/S7-Tools/S7-Tools/src/S7Tools/ViewModels/LoggingSettingsViewModel.cs(140,40): warning CS1591: Missing XML comment for publicly visible type or member 'LoggingSettingsViewModel.OpenSettingsFolderCommand' [/home/runner/work/S7-Tools/S7-Tools/src/S7Tools/S7Tools.csproj]
     2>/home/runner/work/S7-Tools/S7-Tools/src/S7Tools/ViewModels/MainWindowViewModel.cs(70,26): warning CS1573: Parameter 'settingsService' has no matching param tag in the XML comment for 'MainWindowViewModel.MainWindowViewModel(NavigationViewModel, BottomPanelViewModel, SettingsManagementViewModel, IDialogService, IClipboardService, ISettingsService, IFileDialogService?, ILogger<MainWindowViewModel>)' (but other parameters do) [/home/runner/work/S7-Tools/S7-Tools/src/S7Tools/S7Tools.csproj]
     2>/home/runner/work/S7-Tools/S7-Tools/src/S7Tools/ViewModels/MainWindowViewModel.cs(71,29): warning CS1573: Parameter 'fileDialogService' has no matching param tag in the XML comment for 'MainWindowViewModel.MainWindowViewModel(NavigationViewModel, BottomPanelViewModel, SettingsManagementViewModel, IDialogService, IClipboardService, ISettingsService, IFileDialogService?, ILogger<MainWindowViewModel>)' (but other parameters do) [/home/runner/work/S7-Tools/S7-Tools/src/S7Tools/S7Tools.csproj]
     2>/home/runner/work/S7-Tools/S7-Tools/src/S7Tools/ViewModels/NavigationItemViewModel.cs(7,14): warning CS1591: Missing XML comment for publicly visible type or member 'NavigationItemViewModel' [/home/runner/work/S7-Tools/S7-Tools/src/S7Tools/S7Tools.csproj]
     2>/home/runner/work/S7-Tools/S7-Tools/src/S7Tools/ViewModels/NavigationItemViewModel.cs(9,19): warning CS1591: Missing XML comment for publicly visible type or member 'NavigationItemViewModel.Header' [/home/runner/work/S7-Tools/S7-Tools/src/S7Tools/S7Tools.csproj]
     2>/home/runner/work/S7-Tools/S7-Tools/src/S7Tools/ViewModels/NavigationItemViewModel.cs(10,19): warning CS1591: Missing XML comment for publicly visible type or member 'NavigationItemViewModel.Icon' [/home/runner/work/S7-Tools/S7-Tools/src/S7Tools/S7Tools.csproj]
     2>/home/runner/work/S7-Tools/S7-Tools/src/S7Tools/ViewModels/NavigationItemViewModel.cs(11,17): warning CS1591: Missing XML comment for publicly visible type or member 'NavigationItemViewModel.ContentViewModelType' [/home/runner/work/S7-Tools/S7-Tools/src/S7Tools/S7Tools.csproj]
     2>/home/runner/work/S7-Tools/S7-Tools/src/S7Tools/ViewModels/NavigationItemViewModel.cs(13,12): warning CS1591: Missing XML comment for publicly visible type or member 'NavigationItemViewModel.NavigationItemViewModel(string, string, Type)' [/home/runner/work/S7-Tools/S7-Tools/src/S7Tools/S7Tools.csproj]
     2>/home/runner/work/S7-Tools/S7-Tools/src/S7Tools/ViewModels/PlcInputViewModel.cs(23,12): warning CS1591: Missing XML comment for publicly visible type or member 'PlcInputViewModel.PlcInputViewModel(IKeyedFactory<string, IValidator>)' [/home/runner/work/S7-Tools/S7-Tools/src/S7Tools/S7Tools.csproj]
     2>/home/runner/work/S7-Tools/S7-Tools/src/S7Tools/ViewModels/ResourceDemoViewModel.cs(17,12): warning CS1591: Missing XML comment for publicly visible type or member 'ResourceDemoViewModel.ResourceDemoViewModel(IKeyedFactory<string, IResourceManager>)' [/home/runner/work/S7-Tools/S7-Tools/src/S7Tools/S7Tools.csproj]
     2>/home/runner/work/S7-Tools/S7-Tools/src/S7Tools/ViewModels/SerialPortsSettingsViewModel.cs(54,50): warning CS1573: Parameter 'uiThreadService' has no matching param tag in the XML comment for 'SerialPortsSettingsViewModel.SerialPortsSettingsViewModel(ISerialPortProfileService, ISerialPortService, IDialogService, IFileDialogService?, ISettingsService, IUIThreadService, ILogger<SerialPortsSettingsViewModel>)' (but other parameters do) [/home/runner/work/S7-Tools/S7-Tools/src/S7Tools/S7Tools.csproj]
     2>/home/runner/work/S7-Tools/S7-Tools/src/S7Tools/ViewModels/SettingsViewModel.cs(11,14): warning CS1591: Missing XML comment for publicly visible type or member 'SettingsViewModel' [/home/runner/work/S7-Tools/S7-Tools/src/S7Tools/S7Tools.csproj]
     2>/home/runner/work/S7-Tools/S7-Tools/src/S7Tools/ViewModels/SettingsViewModel.cs(16,12): warning CS1591: Missing XML comment for publicly visible type or member 'SettingsViewModel.SettingsViewModel(IServiceProvider)' [/home/runner/work/S7-Tools/S7-Tools/src/S7Tools/S7Tools.csproj]
     2>/home/runner/work/S7-Tools/S7-Tools/src/S7Tools/ViewModels/SettingsViewModel.cs(44,41): warning CS1591: Missing XML comment for publicly visible type or member 'SettingsViewModel.Categories' [/home/runner/work/S7-Tools/S7-Tools/src/S7Tools/S7Tools.csproj]
     2>/home/runner/work/S7-Tools/S7-Tools/src/S7Tools/ViewModels/SettingsViewModel.cs(47,19): warning CS1591: Missing XML comment for publicly visible type or member 'SettingsViewModel.SelectedCategory' [/home/runner/work/S7-Tools/S7-Tools/src/S7Tools/S7Tools.csproj]
     2>/home/runner/work/S7-Tools/S7-Tools/src/S7Tools/ViewModels/SettingsViewModel.cs(58,27): warning CS1591: Missing XML comment for publicly visible type or member 'SettingsViewModel.SelectedCategoryViewModel' [/home/runner/work/S7-Tools/S7-Tools/src/S7Tools/S7Tools.csproj]
     2>/home/runner/work/S7-Tools/S7-Tools/src/S7Tools/ViewModels/SettingsViewModel.cs(64,42): warning CS1591: Missing XML comment for publicly visible type or member 'SettingsViewModel.SelectCategoryCommand' [/home/runner/work/S7-Tools/S7-Tools/src/S7Tools/S7Tools.csproj]
     2>/home/runner/work/S7-Tools/S7-Tools/src/S7Tools/Views/AboutView.axaml.cs(5,22): warning CS1591: Missing XML comment for publicly visible type or member 'AboutView' [/home/runner/work/S7-Tools/S7-Tools/src/S7Tools/S7Tools.csproj]
     2>/home/runner/work/S7-Tools/S7-Tools/src/S7Tools/Views/AboutView.axaml.cs(7,12): warning CS1591: Missing XML comment for publicly visible type or member 'AboutView.AboutView()' [/home/runner/work/S7-Tools/S7-Tools/src/S7Tools/S7Tools.csproj]
     2>/home/runner/work/S7-Tools/S7-Tools/src/S7Tools/Views/CloseApplicationBehavior.cs(18,69): warning CS1591: Missing XML comment for publicly visible type or member 'CloseApplicationBehavior.InteractionProperty' [/home/runner/work/S7-Tools/S7-Tools/src/S7Tools/S7Tools.csproj]
     2>/home/runner/work/S7-Tools/S7-Tools/src/S7Tools/Views/CloseApplicationBehavior.cs(29,29): warning CS1591: Missing XML comment for publicly visible type or member 'CloseApplicationBehavior.OnAttached()' [/home/runner/work/S7-Tools/S7-Tools/src/S7Tools/S7Tools.csproj]
     2>/home/runner/work/S7-Tools/S7-Tools/src/S7Tools/Views/CloseApplicationBehavior.cs(45,29): warning CS1591: Missing XML comment for publicly visible type or member 'CloseApplicationBehavior.OnDetaching()' [/home/runner/work/S7-Tools/S7-Tools/src/S7Tools/S7Tools.csproj]
     2>/home/runner/work/S7-Tools/S7-Tools/src/S7Tools/Views/CommandDemoView.axaml.cs(10,12): warning CS1591: Missing XML comment for publicly visible type or member 'CommandDemoView.CommandDemoView()' [/home/runner/work/S7-Tools/S7-Tools/src/S7Tools/S7Tools.csproj]
     2>/home/runner/work/S7-Tools/S7-Tools/src/S7Tools/Views/ConfirmationDialog.axaml.cs(7,22): warning CS1591: Missing XML comment for publicly visible type or member 'ConfirmationDialog' [/home/runner/work/S7-Tools/S7-Tools/src/S7Tools/S7Tools.csproj]
     2>/home/runner/work/S7-Tools/S7-Tools/src/S7Tools/Views/ConfirmationDialog.axaml.cs(9,12): warning CS1591: Missing XML comment for publicly visible type or member 'ConfirmationDialog.ConfirmationDialog()' [/home/runner/work/S7-Tools/S7-Tools/src/S7Tools/S7Tools.csproj]
     2>/home/runner/work/S7-Tools/S7-Tools/src/S7Tools/Views/ConnectionsView.axaml.cs(5,22): warning CS1591: Missing XML comment for publicly visible type or member 'ConnectionsView' [/home/runner/work/S7-Tools/S7-Tools/src/S7Tools/S7Tools.csproj]
     2>/home/runner/work/S7-Tools/S7-Tools/src/S7Tools/Views/ConnectionsView.axaml.cs(7,12): warning CS1591: Missing XML comment for publicly visible type or member 'ConnectionsView.ConnectionsView()' [/home/runner/work/S7-Tools/S7-Tools/src/S7Tools/S7Tools.csproj]
     2>/home/runner/work/S7-Tools/S7-Tools/src/S7Tools/Views/HomeView.axaml.cs(5,22): warning CS1591: Missing XML comment for publicly visible type or member 'HomeView' [/home/runner/work/S7-Tools/S7-Tools/src/S7Tools/S7Tools.csproj]
     2>/home/runner/work/S7-Tools/S7-Tools/src/S7Tools/Views/HomeView.axaml.cs(7,12): warning CS1591: Missing XML comment for publicly visible type or member 'HomeView.HomeView()' [/home/runner/work/S7-Tools/S7-Tools/src/S7Tools/S7Tools.csproj]
     2>/home/runner/work/S7-Tools/S7-Tools/src/S7Tools/Views/LogViewerView.axaml.cs(23,22): warning CS1572: XML comment has a param tag for 'sender', but there is no parameter by that name [/home/runner/work/S7-Tools/S7-Tools/src/S7Tools/S7Tools.csproj]
     2>/home/runner/work/S7-Tools/S7-Tools/src/S7Tools/Views/LogViewerView.axaml.cs(40,22): warning CS1572: XML comment has a param tag for 'sender', but there is no parameter by that name [/home/runner/work/S7-Tools/S7-Tools/src/S7Tools/S7Tools.csproj]
     2>/home/runner/work/S7-Tools/S7-Tools/src/S7Tools/Views/PlcInputView.axaml.cs(6,22): warning CS1591: Missing XML comment for publicly visible type or member 'PlcInputView' [/home/runner/work/S7-Tools/S7-Tools/src/S7Tools/S7Tools.csproj]
     2>/home/runner/work/S7-Tools/S7-Tools/src/S7Tools/Views/PlcInputView.axaml.cs(8,12): warning CS1591: Missing XML comment for publicly visible type or member 'PlcInputView.PlcInputView()' [/home/runner/work/S7-Tools/S7-Tools/src/S7Tools/S7Tools.csproj]
     2>/home/runner/work/S7-Tools/S7-Tools/src/S7Tools/Views/ResourceDemoView.axaml.cs(10,12): warning CS1591: Missing XML comment for publicly visible type or member 'ResourceDemoView.ResourceDemoView()' [/home/runner/work/S7-Tools/S7-Tools/src/S7Tools/S7Tools.csproj]
     2>CSC : warning CA1824: Mark assemblies with NeutralResourcesLanguageAttribute (https://learn.microsoft.com/dotnet/fundamentals/code-analysis/quality-rules/ca1824) [/home/runner/work/S7-Tools/S7-Tools/src/S7Tools/S7Tools.csproj]
     2>/home/runner/work/S7-Tools/S7-Tools/src/S7Tools/Models/PanelTabItem.cs(13,30): warning CA1805: Member '_isSelected' is explicitly initialized to its default value (https://learn.microsoft.com/dotnet/fundamentals/code-analysis/quality-rules/ca1805) [/home/runner/work/S7-Tools/S7-Tools/src/S7Tools/S7Tools.csproj]
     2>/home/runner/work/S7-Tools/S7-Tools/src/S7Tools/Models/PanelTabItem.cs(15,30): warning CA1805: Member '_isClosable' is explicitly initialized to its default value (https://learn.microsoft.com/dotnet/fundamentals/code-analysis/quality-rules/ca1805) [/home/runner/work/S7-Tools/S7-Tools/src/S7Tools/S7Tools.csproj]
     2>/home/runner/work/S7-Tools/S7-Tools/src/S7Tools/Services/EnhancedViewModelFactory.cs(24,49): warning CA1805: Member 'UseCachedInstance' is explicitly initialized to its default value (https://learn.microsoft.com/dotnet/fundamentals/code-analysis/quality-rules/ca1805) [/home/runner/work/S7-Tools/S7-Tools/src/S7Tools/S7Tools.csproj]
     2>/home/runner/work/S7-Tools/S7-Tools/src/S7Tools/Services/LayoutService.cs(34,42): warning CA1805: Member '_isBottomPanelCollapsed' is explicitly initialized to its default value (https://learn.microsoft.com/dotnet/fundamentals/code-analysis/quality-rules/ca1805) [/home/runner/work/S7-Tools/S7-Tools/src/S7Tools/S7Tools.csproj]
     2>/home/runner/work/S7-Tools/S7-Tools/src/S7Tools/Services/LayoutService.cs(33,38): warning CA1805: Member '_isSidebarCollapsed' is explicitly initialized to its default value (https://learn.microsoft.com/dotnet/fundamentals/code-analysis/quality-rules/ca1805) [/home/runner/work/S7-Tools/S7-Tools/src/S7Tools/S7Tools.csproj]
     2>/home/runner/work/S7-Tools/S7-Tools/src/S7Tools/Services/Interfaces/IActivityBarService.cs(116,30): warning CA1805: Member '_isSelected' is explicitly initialized to its default value (https://learn.microsoft.com/dotnet/fundamentals/code-analysis/quality-rules/ca1805) [/home/runner/work/S7-Tools/S7-Tools/src/S7Tools/S7Tools.csproj]
     2>/home/runner/work/S7-Tools/S7-Tools/src/S7Tools/Services/Interfaces/IActivityBarService.cs(117,24): warning CA1805: Member '_order' is explicitly initialized to its default value (https://learn.microsoft.com/dotnet/fundamentals/code-analysis/quality-rules/ca1805) [/home/runner/work/S7-Tools/S7-Tools/src/S7Tools/S7Tools.csproj]
     2>/home/runner/work/S7-Tools/S7-Tools/src/S7Tools/Services/Interfaces/ILayoutService.cs(208,50): warning CA1805: Member 'IsSidebarCollapsed' is explicitly initialized to its default value (https://learn.microsoft.com/dotnet/fundamentals/code-analysis/quality-rules/ca1805) [/home/runner/work/S7-Tools/S7-Tools/src/S7Tools/S7Tools.csproj]
     2>/home/runner/work/S7-Tools/S7-Tools/src/S7Tools/Services/Interfaces/ILayoutService.cs(213,54): warning CA1805: Member 'IsBottomPanelCollapsed' is explicitly initialized to its default value (https://learn.microsoft.com/dotnet/fundamentals/code-analysis/quality-rules/ca1805) [/home/runner/work/S7-Tools/S7-Tools/src/S7Tools/S7Tools.csproj]
     2>/home/runner/work/S7-Tools/S7-Tools/src/S7Tools/ViewModels/LogViewerViewModel.cs(18,14): warning CA1063: Provide an overridable implementation of Dispose(bool) on 'LogViewerViewModel' or mark the type as sealed. A call to Dispose(false) should only clean up native resources. A call to Dispose(true) should clean up both managed and native resources. (https://learn.microsoft.com/dotnet/fundamentals/code-analysis/quality-rules/ca1063) [/home/runner/work/S7-Tools/S7-Tools/src/S7Tools/S7Tools.csproj]
     2>/home/runner/work/S7-Tools/S7-Tools/src/S7Tools/ViewModels/LogViewerViewModel.cs(207,23): warning CA1819: Properties should not return arrays (https://learn.microsoft.com/dotnet/fundamentals/code-analysis/quality-rules/ca1819) [/home/runner/work/S7-Tools/S7-Tools/src/S7Tools/S7Tools.csproj]
     2>/home/runner/work/S7-Tools/S7-Tools/src/S7Tools/ViewModels/SerialPortProfileViewModel.cs(1044,28): warning CA1805: Member '_disposed' is explicitly initialized to its default value (https://learn.microsoft.com/dotnet/fundamentals/code-analysis/quality-rules/ca1805) [/home/runner/work/S7-Tools/S7-Tools/src/S7Tools/S7Tools.csproj]
     2>/home/runner/work/S7-Tools/S7-Tools/src/S7Tools/ViewModels/SerialPortScannerViewModel.cs(20,14): warning CA1063: Provide an overridable implementation of Dispose(bool) on 'SerialPortScannerViewModel' or mark the type as sealed. A call to Dispose(false) should only clean up native resources. A call to Dispose(true) should clean up both managed and native resources. (https://learn.microsoft.com/dotnet/fundamentals/code-analysis/quality-rules/ca1063) [/home/runner/work/S7-Tools/S7-Tools/src/S7Tools/S7Tools.csproj]
     2>/home/runner/work/S7-Tools/S7-Tools/src/S7Tools/Services/SerialPortService.cs(29,32): warning CA1805: Member '_isMonitoring' is explicitly initialized to its default value (https://learn.microsoft.com/dotnet/fundamentals/code-analysis/quality-rules/ca1805) [/home/runner/work/S7-Tools/S7-Tools/src/S7Tools/S7Tools.csproj]
     2>/home/runner/work/S7-Tools/S7-Tools/src/S7Tools/Views/CloseApplicationBehavior.cs(14,14): warning CA1001: Type 'CloseApplicationBehavior' owns disposable field(s) '_disposables' but is not disposable (https://learn.microsoft.com/dotnet/fundamentals/code-analysis/quality-rules/ca1001) [/home/runner/work/S7-Tools/S7-Tools/src/S7Tools/S7Tools.csproj]
     2>/home/runner/work/S7-Tools/S7-Tools/src/S7Tools/ViewModels/LogViewerViewModel.cs(488,17): warning CA1063: Modify 'LogViewerViewModel.Dispose' so that it calls Dispose(true), then calls GC.SuppressFinalize on the current object instance ('this' or 'Me' in Visual Basic), and then returns (https://learn.microsoft.com/dotnet/fundamentals/code-analysis/quality-rules/ca1063) [/home/runner/work/S7-Tools/S7-Tools/src/S7Tools/S7Tools.csproj]
     2>/home/runner/work/S7-Tools/S7-Tools/src/S7Tools/ViewModels/SerialPortScannerViewModel.cs(684,17): warning CA1063: Modify 'SerialPortScannerViewModel.Dispose' so that it calls Dispose(true), then calls GC.SuppressFinalize on the current object instance ('this' or 'Me' in Visual Basic), and then returns (https://learn.microsoft.com/dotnet/fundamentals/code-analysis/quality-rules/ca1063) [/home/runner/work/S7-Tools/S7-Tools/src/S7Tools/S7Tools.csproj]
     2>/home/runner/work/S7-Tools/S7-Tools/src/S7Tools/Services/SerialPortService.cs(22,14): warning CA1001: Type 'SerialPortService' owns disposable field(s) '_semaphore' but is not disposable (https://learn.microsoft.com/dotnet/fundamentals/code-analysis/quality-rules/ca1001) [/home/runner/work/S7-Tools/S7-Tools/src/S7Tools/S7Tools.csproj]
     2>/home/runner/work/S7-Tools/S7-Tools/src/S7Tools/Services/DesignTimeViewModelFactory.cs(10,16): warning CA1812: 'DesignTimeViewModelFactory' is an internal class that is apparently never instantiated. If so, remove the code from the assembly. If this class is intended to contain only static members, make it 'static' (Module in Visual Basic). (https://learn.microsoft.com/dotnet/fundamentals/code-analysis/quality-rules/ca1812) [/home/runner/work/S7-Tools/S7-Tools/src/S7Tools/S7Tools.csproj]
         CompilerServer: server - server processed compilation - S7Tools (net8.0)
     2>_CopyFilesMarkedCopyLocal:
         Copying file from "/home/runner/.nuget/packages/avalonia/11.3.6/lib/net8.0/Avalonia.Base.dll" to "/home/runner/work/S7-Tools/S7-Tools/src/S7Tools/bin/Debug/net8.0/Avalonia.Base.dll".
         Copying file from "/home/runner/.nuget/packages/avalonia/11.3.6/lib/net8.0/Avalonia.Controls.dll" to "/home/runner/work/S7-Tools/S7-Tools/src/S7Tools/bin/Debug/net8.0/Avalonia.Controls.dll".
         Copying file from "/home/runner/.nuget/packages/avalonia/11.3.6/lib/net8.0/Avalonia.DesignerSupport.dll" to "/home/runner/work/S7-Tools/S7-Tools/src/S7Tools/bin/Debug/net8.0/Avalonia.DesignerSupport.dll".
         Copying file from "/home/runner/.nuget/packages/avalonia/11.3.6/lib/net8.0/Avalonia.Dialogs.dll" to "/home/runner/work/S7-Tools/S7-Tools/src/S7Tools/bin/Debug/net8.0/Avalonia.Dialogs.dll".
         Copying file from "/home/runner/.nuget/packages/avalonia/11.3.6/lib/net8.0/Avalonia.Markup.Xaml.dll" to "/home/runner/work/S7-Tools/S7-Tools/src/S7Tools/bin/Debug/net8.0/Avalonia.Markup.Xaml.dll".
         Copying file from "/home/runner/.nuget/packages/avalonia/11.3.6/lib/net8.0/Avalonia.Markup.dll" to "/home/runner/work/S7-Tools/S7-Tools/src/S7Tools/bin/Debug/net8.0/Avalonia.Markup.dll".
         Copying file from "/home/runner/.nuget/packages/avalonia/11.3.6/lib/net8.0/Avalonia.Metal.dll" to "/home/runner/work/S7-Tools/S7-Tools/src/S7Tools/bin/Debug/net8.0/Avalonia.Metal.dll".
         Copying file from "/home/runner/.nuget/packages/avalonia/11.3.6/lib/net8.0/Avalonia.MicroCom.dll" to "/home/runner/work/S7-Tools/S7-Tools/src/S7Tools/bin/Debug/net8.0/Avalonia.MicroCom.dll".
         Copying file from "/home/runner/.nuget/packages/avalonia/11.3.6/lib/net8.0/Avalonia.OpenGL.dll" to "/home/runner/work/S7-Tools/S7-Tools/src/S7Tools/bin/Debug/net8.0/Avalonia.OpenGL.dll".
         Copying file from "/home/runner/.nuget/packages/avalonia/11.3.6/lib/net8.0/Avalonia.Vulkan.dll" to "/home/runner/work/S7-Tools/S7-Tools/src/S7Tools/bin/Debug/net8.0/Avalonia.Vulkan.dll".
         Copying file from "/home/runner/.nuget/packages/avalonia/11.3.6/lib/net8.0/Avalonia.dll" to "/home/runner/work/S7-Tools/S7-Tools/src/S7Tools/bin/Debug/net8.0/Avalonia.dll".
         Copying file from "/home/runner/.nuget/packages/avalonia.controls.colorpicker/11.3.6/lib/net8.0/Avalonia.Controls.ColorPicker.dll" to "/home/runner/work/S7-Tools/S7-Tools/src/S7Tools/bin/Debug/net8.0/Avalonia.Controls.ColorPicker.dll".
         Copying file from "/home/runner/.nuget/packages/avalonia.controls.datagrid/11.3.6/lib/net8.0/Avalonia.Controls.DataGrid.dll" to "/home/runner/work/S7-Tools/S7-Tools/src/S7Tools/bin/Debug/net8.0/Avalonia.Controls.DataGrid.dll".
         Copying file from "/home/runner/.nuget/packages/avalonia.desktop/11.3.6/lib/net8.0/Avalonia.Desktop.dll" to "/home/runner/work/S7-Tools/S7-Tools/src/S7Tools/bin/Debug/net8.0/Avalonia.Desktop.dll".
         Copying file from "/home/runner/.nuget/packages/avalonia.diagnostics/11.3.6/lib/net8.0/Avalonia.Diagnostics.dll" to "/home/runner/work/S7-Tools/S7-Tools/src/S7Tools/bin/Debug/net8.0/Avalonia.Diagnostics.dll".
         Copying file from "/home/runner/.nuget/packages/avalonia.fonts.inter/11.3.6/lib/net8.0/Avalonia.Fonts.Inter.dll" to "/home/runner/work/S7-Tools/S7-Tools/src/S7Tools/bin/Debug/net8.0/Avalonia.Fonts.Inter.dll".
         Copying file from "/home/runner/.nuget/packages/avalonia.freedesktop/11.3.6/lib/net8.0/Avalonia.FreeDesktop.dll" to "/home/runner/work/S7-Tools/S7-Tools/src/S7Tools/bin/Debug/net8.0/Avalonia.FreeDesktop.dll".
         Copying file from "/home/runner/.nuget/packages/avalonia.native/11.3.6/lib/net8.0/Avalonia.Native.dll" to "/home/runner/work/S7-Tools/S7-Tools/src/S7Tools/bin/Debug/net8.0/Avalonia.Native.dll".
         Copying file from "/home/runner/.nuget/packages/avalonia.reactiveui/11.3.6/lib/net8.0/Avalonia.ReactiveUI.dll" to "/home/runner/work/S7-Tools/S7-Tools/src/S7Tools/bin/Debug/net8.0/Avalonia.ReactiveUI.dll".
         Copying file from "/home/runner/.nuget/packages/avalonia.remote.protocol/11.3.6/lib/net8.0/Avalonia.Remote.Protocol.dll" to "/home/runner/work/S7-Tools/S7-Tools/src/S7Tools/bin/Debug/net8.0/Avalonia.Remote.Protocol.dll".
         Copying file from "/home/runner/.nuget/packages/avalonia.skia/11.3.6/lib/net8.0/Avalonia.Skia.dll" to "/home/runner/work/S7-Tools/S7-Tools/src/S7Tools/bin/Debug/net8.0/Avalonia.Skia.dll".
         Copying file from "/home/runner/.nuget/packages/avalonia.themes.fluent/11.3.6/lib/net8.0/Avalonia.Themes.Fluent.dll" to "/home/runner/work/S7-Tools/S7-Tools/src/S7Tools/bin/Debug/net8.0/Avalonia.Themes.Fluent.dll".
         Copying file from "/home/runner/.nuget/packages/avalonia.themes.simple/11.3.6/lib/net8.0/Avalonia.Themes.Simple.dll" to "/home/runner/work/S7-Tools/S7-Tools/src/S7Tools/bin/Debug/net8.0/Avalonia.Themes.Simple.dll".
         Copying file from "/home/runner/.nuget/packages/avalonia.win32/11.3.6/lib/net8.0/Avalonia.Win32.Automation.dll" to "/home/runner/work/S7-Tools/S7-Tools/src/S7Tools/bin/Debug/net8.0/Avalonia.Win32.Automation.dll".
         Copying file from "/home/runner/.nuget/packages/avalonia.win32/11.3.6/lib/net8.0/Avalonia.Win32.dll" to "/home/runner/work/S7-Tools/S7-Tools/src/S7Tools/bin/Debug/net8.0/Avalonia.Win32.dll".
         Copying file from "/home/runner/.nuget/packages/avalonia.xaml.interactivity/11.3.0.6/lib/net8.0/Avalonia.Xaml.Interactivity.dll" to "/home/runner/work/S7-Tools/S7-Tools/src/S7Tools/bin/Debug/net8.0/Avalonia.Xaml.Interactivity.dll".
         Copying file from "/home/runner/.nuget/packages/avalonia.x11/11.3.6/lib/net8.0/Avalonia.X11.dll" to "/home/runner/work/S7-Tools/S7-Tools/src/S7Tools/bin/Debug/net8.0/Avalonia.X11.dll".
         Copying file from "/home/runner/.nuget/packages/dynamicdata/8.4.1/lib/net8.0/DynamicData.dll" to "/home/runner/work/S7-Tools/S7-Tools/src/S7Tools/bin/Debug/net8.0/DynamicData.dll".
         Copying file from "/home/runner/.nuget/packages/communitytoolkit.mvvm/8.2.0/lib/net6.0/CommunityToolkit.Mvvm.dll" to "/home/runner/work/S7-Tools/S7-Tools/src/S7Tools/bin/Debug/net8.0/CommunityToolkit.Mvvm.dll".
         Copying file from "/home/runner/.nuget/packages/fluentavaloniaui/2.4.0/lib/net6.0/FluentAvalonia.dll" to "/home/runner/work/S7-Tools/S7-Tools/src/S7Tools/bin/Debug/net8.0/FluentAvalonia.dll".
         Copying file from "/home/runner/.nuget/packages/microcom.runtime/0.11.0/lib/net5.0/MicroCom.Runtime.dll" to "/home/runner/work/S7-Tools/S7-Tools/src/S7Tools/bin/Debug/net8.0/MicroCom.Runtime.dll".
         Copying file from "/home/runner/.nuget/packages/harfbuzzsharp/8.3.1.1/lib/net8.0/HarfBuzzSharp.dll" to "/home/runner/work/S7-Tools/S7-Tools/src/S7Tools/bin/Debug/net8.0/HarfBuzzSharp.dll".
         Copying file from "/home/runner/.nuget/packages/microsoft.extensions.dependencyinjection/8.0.0/lib/net8.0/Microsoft.Extensions.DependencyInjection.dll" to "/home/runner/work/S7-Tools/S7-Tools/src/S7Tools/bin/Debug/net8.0/Microsoft.Extensions.DependencyInjection.dll".
         Copying file from "/home/runner/.nuget/packages/microsoft.extensions.dependencyinjection.abstractions/8.0.0/lib/net8.0/Microsoft.Extensions.DependencyInjection.Abstractions.dll" to "/home/runner/work/S7-Tools/S7-Tools/src/S7Tools/bin/Debug/net8.0/Microsoft.Extensions.DependencyInjection.Abstractions.dll".
         Copying file from "/home/runner/.nuget/packages/microsoft.extensions.logging.abstractions/8.0.0/lib/net8.0/Microsoft.Extensions.Logging.Abstractions.dll" to "/home/runner/work/S7-Tools/S7-Tools/src/S7Tools/bin/Debug/net8.0/Microsoft.Extensions.Logging.Abstractions.dll".
         Copying file from "/home/runner/.nuget/packages/microsoft.extensions.logging/8.0.0/lib/net8.0/Microsoft.Extensions.Logging.dll" to "/home/runner/work/S7-Tools/S7-Tools/src/S7Tools/bin/Debug/net8.0/Microsoft.Extensions.Logging.dll".
         Copying file from "/home/runner/.nuget/packages/microsoft.extensions.options/8.0.0/lib/net8.0/Microsoft.Extensions.Options.dll" to "/home/runner/work/S7-Tools/S7-Tools/src/S7Tools/bin/Debug/net8.0/Microsoft.Extensions.Options.dll".
         Copying file from "/home/runner/.nuget/packages/microsoft.extensions.primitives/8.0.0/lib/net8.0/Microsoft.Extensions.Primitives.dll" to "/home/runner/work/S7-Tools/S7-Tools/src/S7Tools/bin/Debug/net8.0/Microsoft.Extensions.Primitives.dll".
         Copying file from "/home/runner/.nuget/packages/projektanker.icons.avalonia/9.6.2/lib/netstandard2.0/Projektanker.Icons.Avalonia.dll" to "/home/runner/work/S7-Tools/S7-Tools/src/S7Tools/bin/Debug/net8.0/Projektanker.Icons.Avalonia.dll".
         Copying file from "/home/runner/.nuget/packages/projektanker.icons.avalonia.fontawesome/9.6.2/lib/netstandard2.0/Projektanker.Icons.Avalonia.FontAwesome.dll" to "/home/runner/work/S7-Tools/S7-Tools/src/S7Tools/bin/Debug/net8.0/Projektanker.Icons.Avalonia.FontAwesome.dll".
         Copying file from "/home/runner/.nuget/packages/reactiveui/20.1.1/lib/net8.0/ReactiveUI.dll" to "/home/runner/work/S7-Tools/S7-Tools/src/S7Tools/bin/Debug/net8.0/ReactiveUI.dll".
         Copying file from "/home/runner/.nuget/packages/skiasharp/2.88.9/lib/net6.0/SkiaSharp.dll" to "/home/runner/work/S7-Tools/S7-Tools/src/S7Tools/bin/Debug/net8.0/SkiaSharp.dll".
         Copying file from "/home/runner/.nuget/packages/splat/15.1.1/lib/net8.0/Splat.dll" to "/home/runner/work/S7-Tools/S7-Tools/src/S7Tools/bin/Debug/net8.0/Splat.dll".
         Copying file from "/home/runner/.nuget/packages/splat.microsoft.extensions.dependencyinjection/14.8.6/lib/net7.0/Splat.Microsoft.Extensions.DependencyInjection.dll" to "/home/runner/work/S7-Tools/S7-Tools/src/S7Tools/bin/Debug/net8.0/Splat.Microsoft.Extensions.DependencyInjection.dll".
         Copying file from "/home/runner/.nuget/packages/system.io.pipelines/9.0.4/lib/net8.0/System.IO.Pipelines.dll" to "/home/runner/work/S7-Tools/S7-Tools/src/S7Tools/bin/Debug/net8.0/System.IO.Pipelines.dll".
         Copying file from "/home/runner/.nuget/packages/system.reactive/6.0.1/lib/net6.0/System.Reactive.dll" to "/home/runner/work/S7-Tools/S7-Tools/src/S7Tools/bin/Debug/net8.0/System.Reactive.dll".
         Copying file from "/home/runner/.nuget/packages/system.text.encodings.web/9.0.4/lib/net8.0/System.Text.Encodings.Web.dll" to "/home/runner/work/S7-Tools/S7-Tools/src/S7Tools/bin/Debug/net8.0/System.Text.Encodings.Web.dll".
         Copying file from "/home/runner/.nuget/packages/system.text.json/9.0.4/lib/net8.0/System.Text.Json.dll" to "/home/runner/work/S7-Tools/S7-Tools/src/S7Tools/bin/Debug/net8.0/System.Text.Json.dll".
         Copying file from "/home/runner/.nuget/packages/tmds.dbus.protocol/0.21.2/lib/net8.0/Tmds.DBus.Protocol.dll" to "/home/runner/work/S7-Tools/S7-Tools/src/S7Tools/bin/Debug/net8.0/Tmds.DBus.Protocol.dll".
         Creating directory "bin/Debug/net8.0/runtimes/win-arm64/native".
         Copying file from "/home/runner/.nuget/packages/avalonia.angle.windows.natives/2.1.25547.20250602/runtimes/win-arm64/native/av_libglesv2.dll" to "/home/runner/work/S7-Tools/S7-Tools/src/S7Tools/bin/Debug/net8.0/runtimes/win-arm64/native/av_libglesv2.dll".
         Creating directory "bin/Debug/net8.0/runtimes/win-x64/native".
         Copying file from "/home/runner/.nuget/packages/avalonia.angle.windows.natives/2.1.25547.20250602/runtimes/win-x64/native/av_libglesv2.dll" to "/home/runner/work/S7-Tools/S7-Tools/src/S7Tools/bin/Debug/net8.0/runtimes/win-x64/native/av_libglesv2.dll".
         Creating directory "bin/Debug/net8.0/runtimes/win-x86/native".
         Creating directory "bin/Debug/net8.0/runtimes/osx/native".
         Copying file from "/home/runner/.nuget/packages/avalonia.native/11.3.6/runtimes/osx/native/libAvaloniaNative.dylib" to "/home/runner/work/S7-Tools/S7-Tools/src/S7Tools/bin/Debug/net8.0/runtimes/osx/native/libAvaloniaNative.dylib".
         Creating directory "bin/Debug/net8.0/runtimes/linux-arm/native".
         Copying file from "/home/runner/.nuget/packages/harfbuzzsharp.nativeassets.linux/8.3.1.1/runtimes/linux-arm/native/libHarfBuzzSharp.so" to "/home/runner/work/S7-Tools/S7-Tools/src/S7Tools/bin/Debug/net8.0/runtimes/linux-arm/native/libHarfBuzzSharp.so".
         Copying file from "/home/runner/.nuget/packages/avalonia.angle.windows.natives/2.1.25547.20250602/runtimes/win-x86/native/av_libglesv2.dll" to "/home/runner/work/S7-Tools/S7-Tools/src/S7Tools/bin/Debug/net8.0/runtimes/win-x86/native/av_libglesv2.dll".
         Creating directory "bin/Debug/net8.0/runtimes/linux-arm64/native".
         Copying file from "/home/runner/.nuget/packages/harfbuzzsharp.nativeassets.linux/8.3.1.1/runtimes/linux-arm64/native/libHarfBuzzSharp.so" to "/home/runner/work/S7-Tools/S7-Tools/src/S7Tools/bin/Debug/net8.0/runtimes/linux-arm64/native/libHarfBuzzSharp.so".
         Creating directory "bin/Debug/net8.0/runtimes/linux-loongarch64/native".
         Copying file from "/home/runner/.nuget/packages/harfbuzzsharp.nativeassets.linux/8.3.1.1/runtimes/linux-loongarch64/native/libHarfBuzzSharp.so" to "/home/runner/work/S7-Tools/S7-Tools/src/S7Tools/bin/Debug/net8.0/runtimes/linux-loongarch64/native/libHarfBuzzSharp.so".
         Creating directory "bin/Debug/net8.0/runtimes/linux-musl-arm/native".
         Copying file from "/home/runner/.nuget/packages/harfbuzzsharp.nativeassets.linux/8.3.1.1/runtimes/linux-musl-arm/native/libHarfBuzzSharp.so" to "/home/runner/work/S7-Tools/S7-Tools/src/S7Tools/bin/Debug/net8.0/runtimes/linux-musl-arm/native/libHarfBuzzSharp.so".
         Creating directory "bin/Debug/net8.0/runtimes/linux-musl-arm64/native".
         Copying file from "/home/runner/.nuget/packages/harfbuzzsharp.nativeassets.linux/8.3.1.1/runtimes/linux-musl-arm64/native/libHarfBuzzSharp.so" to "/home/runner/work/S7-Tools/S7-Tools/src/S7Tools/bin/Debug/net8.0/runtimes/linux-musl-arm64/native/libHarfBuzzSharp.so".
         Creating directory "bin/Debug/net8.0/runtimes/linux-musl-loongarch64/native".
         Copying file from "/home/runner/.nuget/packages/harfbuzzsharp.nativeassets.linux/8.3.1.1/runtimes/linux-musl-loongarch64/native/libHarfBuzzSharp.so" to "/home/runner/work/S7-Tools/S7-Tools/src/S7Tools/bin/Debug/net8.0/runtimes/linux-musl-loongarch64/native/libHarfBuzzSharp.so".
         Creating directory "bin/Debug/net8.0/runtimes/linux-musl-riscv64/native".
         Copying file from "/home/runner/.nuget/packages/harfbuzzsharp.nativeassets.linux/8.3.1.1/runtimes/linux-musl-riscv64/native/libHarfBuzzSharp.so" to "/home/runner/work/S7-Tools/S7-Tools/src/S7Tools/bin/Debug/net8.0/runtimes/linux-musl-riscv64/native/libHarfBuzzSharp.so".
         Creating directory "bin/Debug/net8.0/runtimes/linux-musl-x64/native".
         Copying file from "/home/runner/.nuget/packages/harfbuzzsharp.nativeassets.linux/8.3.1.1/runtimes/linux-musl-x64/native/libHarfBuzzSharp.so" to "/home/runner/work/S7-Tools/S7-Tools/src/S7Tools/bin/Debug/net8.0/runtimes/linux-musl-x64/native/libHarfBuzzSharp.so".
         Creating directory "bin/Debug/net8.0/runtimes/linux-riscv64/native".
         Copying file from "/home/runner/.nuget/packages/harfbuzzsharp.nativeassets.linux/8.3.1.1/runtimes/linux-riscv64/native/libHarfBuzzSharp.so" to "/home/runner/work/S7-Tools/S7-Tools/src/S7Tools/bin/Debug/net8.0/runtimes/linux-riscv64/native/libHarfBuzzSharp.so".
         Creating directory "bin/Debug/net8.0/runtimes/linux-x64/native".
         Creating directory "bin/Debug/net8.0/runtimes/linux-x86/native".
         Copying file from "/home/runner/.nuget/packages/harfbuzzsharp.nativeassets.linux/8.3.1.1/runtimes/linux-x64/native/libHarfBuzzSharp.so" to "/home/runner/work/S7-Tools/S7-Tools/src/S7Tools/bin/Debug/net8.0/runtimes/linux-x64/native/libHarfBuzzSharp.so".
         Copying file from "/home/runner/.nuget/packages/harfbuzzsharp.nativeassets.macos/8.3.1.1/runtimes/osx/native/libHarfBuzzSharp.dylib" to "/home/runner/work/S7-Tools/S7-Tools/src/S7Tools/bin/Debug/net8.0/runtimes/osx/native/libHarfBuzzSharp.dylib".
         Copying file from "/home/runner/.nuget/packages/harfbuzzsharp.nativeassets.linux/8.3.1.1/runtimes/linux-x86/native/libHarfBuzzSharp.so" to "/home/runner/work/S7-Tools/S7-Tools/src/S7Tools/bin/Debug/net8.0/runtimes/linux-x86/native/libHarfBuzzSharp.so".
         Copying file from "/home/runner/.nuget/packages/harfbuzzsharp.nativeassets.win32/8.3.1.1/runtimes/win-arm64/native/libHarfBuzzSharp.dll" to "/home/runner/work/S7-Tools/S7-Tools/src/S7Tools/bin/Debug/net8.0/runtimes/win-arm64/native/libHarfBuzzSharp.dll".
         Copying file from "/home/runner/.nuget/packages/harfbuzzsharp.nativeassets.win32/8.3.1.1/runtimes/win-x64/native/libHarfBuzzSharp.dll" to "/home/runner/work/S7-Tools/S7-Tools/src/S7Tools/bin/Debug/net8.0/runtimes/win-x64/native/libHarfBuzzSharp.dll".
         Copying file from "/home/runner/.nuget/packages/harfbuzzsharp.nativeassets.win32/8.3.1.1/runtimes/win-x86/native/libHarfBuzzSharp.dll" to "/home/runner/work/S7-Tools/S7-Tools/src/S7Tools/bin/Debug/net8.0/runtimes/win-x86/native/libHarfBuzzSharp.dll".
         Copying file from "/home/runner/.nuget/packages/skiasharp.nativeassets.linux/2.88.9/runtimes/linux-arm/native/libSkiaSharp.so" to "/home/runner/work/S7-Tools/S7-Tools/src/S7Tools/bin/Debug/net8.0/runtimes/linux-arm/native/libSkiaSharp.so".
         Copying file from "/home/runner/.nuget/packages/skiasharp.nativeassets.linux/2.88.9/runtimes/linux-arm64/native/libSkiaSharp.so" to "/home/runner/work/S7-Tools/S7-Tools/src/S7Tools/bin/Debug/net8.0/runtimes/linux-arm64/native/libSkiaSharp.so".
         Copying file from "/home/runner/.nuget/packages/skiasharp.nativeassets.linux/2.88.9/runtimes/linux-musl-x64/native/libSkiaSharp.so" to "/home/runner/work/S7-Tools/S7-Tools/src/S7Tools/bin/Debug/net8.0/runtimes/linux-musl-x64/native/libSkiaSharp.so".
         Copying file from "/home/runner/.nuget/packages/skiasharp.nativeassets.linux/2.88.9/runtimes/linux-x64/native/libSkiaSharp.so" to "/home/runner/work/S7-Tools/S7-Tools/src/S7Tools/bin/Debug/net8.0/runtimes/linux-x64/native/libSkiaSharp.so".
         Copying file from "/home/runner/.nuget/packages/skiasharp.nativeassets.macos/2.88.9/runtimes/osx/native/libSkiaSharp.dylib" to "/home/runner/work/S7-Tools/S7-Tools/src/S7Tools/bin/Debug/net8.0/runtimes/osx/native/libSkiaSharp.dylib".
         Copying file from "/home/runner/.nuget/packages/skiasharp.nativeassets.win32/2.88.9/runtimes/win-arm64/native/libSkiaSharp.dll" to "/home/runner/work/S7-Tools/S7-Tools/src/S7Tools/bin/Debug/net8.0/runtimes/win-arm64/native/libSkiaSharp.dll".
         Copying file from "/home/runner/.nuget/packages/skiasharp.nativeassets.win32/2.88.9/runtimes/win-x64/native/libSkiaSharp.dll" to "/home/runner/work/S7-Tools/S7-Tools/src/S7Tools/bin/Debug/net8.0/runtimes/win-x64/native/libSkiaSharp.dll".
         Copying file from "/home/runner/.nuget/packages/skiasharp.nativeassets.win32/2.88.9/runtimes/win-x86/native/libSkiaSharp.dll" to "/home/runner/work/S7-Tools/S7-Tools/src/S7Tools/bin/Debug/net8.0/runtimes/win-x86/native/libSkiaSharp.dll".
         Creating directory "bin/Debug/net8.0/runtimes/browser/lib/net8.0".
         Copying file from "/home/runner/.nuget/packages/system.text.encodings.web/9.0.4/runtimes/browser/lib/net8.0/System.Text.Encodings.Web.dll" to "/home/runner/work/S7-Tools/S7-Tools/src/S7Tools/bin/Debug/net8.0/runtimes/browser/lib/net8.0/System.Text.Encodings.Web.dll".
         Copying file from "/home/runner/work/S7-Tools/S7-Tools/src/S7Tools.Core/bin/Debug/net8.0/S7Tools.Core.dll" to "/home/runner/work/S7-Tools/S7-Tools/src/S7Tools/bin/Debug/net8.0/S7Tools.Core.dll".
         Copying file from "/home/runner/work/S7-Tools/S7-Tools/src/S7Tools.Infrastructure.Logging/bin/Debug/net8.0/S7Tools.Infrastructure.Logging.dll" to "/home/runner/work/S7-Tools/S7-Tools/src/S7Tools/bin/Debug/net8.0/S7Tools.Infrastructure.Logging.dll".
         Copying file from "/home/runner/work/S7-Tools/S7-Tools/src/S7Tools.Core/bin/Debug/net8.0/S7Tools.Core.pdb" to "/home/runner/work/S7-Tools/S7-Tools/src/S7Tools/bin/Debug/net8.0/S7Tools.Core.pdb".
         Copying file from "/home/runner/work/S7-Tools/S7-Tools/src/S7Tools.Core/bin/Debug/net8.0/S7Tools.Core.xml" to "/home/runner/work/S7-Tools/S7-Tools/src/S7Tools/bin/Debug/net8.0/S7Tools.Core.xml".
         Copying file from "/home/runner/work/S7-Tools/S7-Tools/src/S7Tools.Infrastructure.Logging/bin/Debug/net8.0/S7Tools.Infrastructure.Logging.pdb" to "/home/runner/work/S7-Tools/S7-Tools/src/S7Tools/bin/Debug/net8.0/S7Tools.Infrastructure.Logging.pdb".
         Copying file from "/home/runner/work/S7-Tools/S7-Tools/src/S7Tools.Infrastructure.Logging/bin/Debug/net8.0/S7Tools.Infrastructure.Logging.xml" to "/home/runner/work/S7-Tools/S7-Tools/src/S7Tools/bin/Debug/net8.0/S7Tools.Infrastructure.Logging.xml".
         Creating "/home/runner/work/S7-Tools/S7-Tools/src/S7Tools/obj/Debug/net8.0/S7Tools.csproj.Up2Date" because "AlwaysCreate" was specified.
         Touching "/home/runner/work/S7-Tools/S7-Tools/src/S7Tools/obj/Debug/net8.0/S7Tools.csproj.Up2Date".
       _CopyOutOfDateSourceItemsToOutputDirectory:
         Copying file from "/home/runner/work/S7-Tools/S7-Tools/src/S7Tools/obj/Debug/net8.0/apphost" to "/home/runner/work/S7-Tools/S7-Tools/src/S7Tools/bin/Debug/net8.0/S7Tools".
       CopyFilesToOutputDirectory:
         Copying file from "/home/runner/work/S7-Tools/S7-Tools/src/S7Tools/obj/Debug/net8.0/S7Tools.dll" to "/home/runner/work/S7-Tools/S7-Tools/src/S7Tools/bin/Debug/net8.0/S7Tools.dll".
         Copying reference assembly from "obj/Debug/net8.0/refint/S7Tools.dll" to "/home/runner/work/S7-Tools/S7-Tools/src/S7Tools/obj/Debug/net8.0/ref/S7Tools.dll".
         S7Tools -> /home/runner/work/S7-Tools/S7-Tools/src/S7Tools/bin/Debug/net8.0/S7Tools.dll
         Copying file from "/home/runner/work/S7-Tools/S7-Tools/src/S7Tools/obj/Debug/net8.0/S7Tools.pdb" to "/home/runner/work/S7-Tools/S7-Tools/src/S7Tools/bin/Debug/net8.0/S7Tools.pdb".
         Copying file from "/home/runner/work/S7-Tools/S7-Tools/src/S7Tools/obj/Debug/net8.0/S7Tools.xml" to "/home/runner/work/S7-Tools/S7-Tools/src/S7Tools/bin/Debug/net8.0/S7Tools.xml".
     2>Done Building Project "/home/runner/work/S7-Tools/S7-Tools/src/S7Tools/S7Tools.csproj" (default targets).
     3>_GenerateSourceLinkFile:
         Updating Source Link file 'obj/Debug/net8.0/S7Tools.Core.Tests.sourcelink.json'.
       CoreCompile:
         /usr/share/dotnet/dotnet exec "/usr/share/dotnet/sdk/9.0.305/Roslyn/bincore/csc.dll" /noconfig /unsafe- /checked- /nowarn:1701,1702,1701,1702 /fullpaths /nostdlib+ /errorreport:prompt /warn:8 /doc:obj/Debug/net8.0/S7Tools.Core.Tests.xml /define:TRACE;DEBUG;NET;NET8_0;NETCOREAPP;NET5_0_OR_GREATER;NET6_0_OR_GREATER;NET7_0_OR_GREATER;NET8_0_OR_GREATER;NETCOREAPP1_0_OR_GREATER;NETCOREAPP1_1_OR_GREATER;NETCOREAPP2_0_OR_GREATER;NETCOREAPP2_1_OR_GREATER;NETCOREAPP2_2_OR_GREATER;NETCOREAPP3_0_OR_GREATER;NETCOREAPP3_1_OR_GREATER /highentropyva+ /nullable:enable /reference:/home/runner/.nuget/packages/castle.core/5.1.1/lib/net6.0/Castle.Core.dll /reference:/home/runner/.nuget/packages/fluentassertions/6.12.0/lib/net6.0/FluentAssertions.dll /reference:/usr/share/dotnet/packs/Microsoft.NETCore.App.Ref/8.0.20/ref/net8.0/Microsoft.CSharp.dll /reference:/home/runner/.nuget/packages/microsoft.extensions.dependencyinjection.abstractions/8.0.0/lib/net8.0/Microsoft.Extensions.DependencyInjection.Abstractions.dll /reference:/home/runner/.nuget/packages/microsoft.extensions.logging.abstractions/8.0.0/lib/net8.0/Microsoft.Extensions.Logging.Abstractions.dll /reference:/home/runner/.nuget/packages/microsoft.testplatform.testhost/17.12.0/lib/netcoreapp3.1/Microsoft.TestPlatform.CommunicationUtilities.dll /reference:/home/runner/.nuget/packages/microsoft.testplatform.testhost/17.12.0/lib/netcoreapp3.1/Microsoft.TestPlatform.CoreUtilities.dll /reference:/home/runner/.nuget/packages/microsoft.testplatform.testhost/17.12.0/lib/netcoreapp3.1/Microsoft.TestPlatform.CrossPlatEngine.dll /reference:/home/runner/.nuget/packages/microsoft.testplatform.testhost/17.12.0/lib/netcoreapp3.1/Microsoft.TestPlatform.PlatformAbstractions.dll /reference:/home/runner/.nuget/packages/microsoft.testplatform.testhost/17.12.0/lib/netcoreapp3.1/Microsoft.TestPlatform.Utilities.dll /reference:/usr/share/dotnet/packs/Microsoft.NETCore.App.Ref/8.0.20/ref/net8.0/Microsoft.VisualBasic.Core.dll /reference:/usr/share/dotnet/packs/Microsoft.NETCore.App.Ref/8.0.20/ref/net8.0/Microsoft.VisualBasic.dll /reference:/home/runner/.nuget/packages/microsoft.codecoverage/17.12.0/lib/netcoreapp3.1/Microsoft.VisualStudio.CodeCoverage.Shim.dll /reference:/home/runner/.nuget/packages/microsoft.testplatform.testhost/17.12.0/lib/netcoreapp3.1/Microsoft.VisualStudio.TestPlatform.Common.dll /reference:/home/runner/.nuget/packages/microsoft.testplatform.testhost/17.12.0/lib/netcoreapp3.1/Microsoft.VisualStudio.TestPlatform.ObjectModel.dll /reference:/usr/share/dotnet/packs/Microsoft.NETCore.App.Ref/8.0.20/ref/net8.0/Microsoft.Win32.Primitives.dll /reference:/usr/share/dotnet/packs/Microsoft.NETCore.App.Ref/8.0.20/ref/net8.0/Microsoft.Win32.Registry.dll /reference:/home/runner/.nuget/packages/moq/4.20.70/lib/net6.0/Moq.dll /reference:/usr/share/dotnet/packs/Microsoft.NETCore.App.Ref/8.0.20/ref/net8.0/mscorlib.dll /reference:/usr/share/dotnet/packs/Microsoft.NETCore.App.Ref/8.0.20/ref/net8.0/netstandard.dll /reference:/home/runner/.nuget/packages/newtonsoft.json/13.0.1/lib/netstandard2.0/Newtonsoft.Json.dll /reference:/home/runner/work/S7-Tools/S7-Tools/src/S7Tools.Core/obj/Debug/net8.0/ref/S7Tools.Core.dll /reference:/usr/share/dotnet/packs/Microsoft.NETCore.App.Ref/8.0.20/ref/net8.0/System.AppContext.dll /reference:/usr/share/dotnet/packs/Microsoft.NETCore.App.Ref/8.0.20/ref/net8.0/System.Buffers.dll /reference:/usr/share/dotnet/packs/Microsoft.NETCore.App.Ref/8.0.20/ref/net8.0/System.Collections.Concurrent.dll /reference:/usr/share/dotnet/packs/Microsoft.NETCore.App.Ref/8.0.20/ref/net8.0/System.Collections.dll /reference:/usr/share/dotnet/packs/Microsoft.NETCore.App.Ref/8.0.20/ref/net8.0/System.Collections.Immutable.dll /reference:/usr/share/dotnet/packs/Microsoft.NETCore.App.Ref/8.0.20/ref/net8.0/System.Collections.NonGeneric.dll /reference:/usr/share/dotnet/packs/Microsoft.NETCore.App.Ref/8.0.20/ref/net8.0/System.Collections.Specialized.dll /reference:/usr/share/dotnet/packs/Microsoft.NETCore.App.Ref/8.0.20/ref/net8.0/System.ComponentModel.Annotations.dll /reference:/usr/share/dotnet/packs/Microsoft.NETCore.App.Ref/8.0.20/ref/net8.0/System.ComponentModel.DataAnnotations.dll /reference:/usr/share/dotnet/packs/Microsoft.NETCore.App.Ref/8.0.20/ref/net8.0/System.ComponentModel.dll /reference:/usr/share/dotnet/packs/Microsoft.NETCore.App.Ref/8.0.20/ref/net8.0/System.ComponentModel.EventBasedAsync.dll /reference:/usr/share/dotnet/packs/Microsoft.NETCore.App.Ref/8.0.20/ref/net8.0/System.ComponentModel.Primitives.dll /reference:/usr/share/dotnet/packs/Microsoft.NETCore.App.Ref/8.0.20/ref/net8.0/System.ComponentModel.TypeConverter.dll /reference:/home/runner/.nuget/packages/system.configuration.configurationmanager/4.4.0/ref/netstandard2.0/System.Configuration.ConfigurationManager.dll /reference:/usr/share/dotnet/packs/Microsoft.NETCore.App.Ref/8.0.20/ref/net8.0/System.Configuration.dll /reference:/usr/share/dotnet/packs/Microsoft.NETCore.App.Ref/8.0.20/ref/net8.0/System.Console.dll /reference:/usr/share/dotnet/packs/Microsoft.NETCore.App.Ref/8.0.20/ref/net8.0/System.Core.dll /reference:/usr/share/dotnet/packs/Microsoft.NETCore.App.Ref/8.0.20/ref/net8.0/System.Data.Common.dll /reference:/usr/share/dotnet/packs/Microsoft.NETCore.App.Ref/8.0.20/ref/net8.0/System.Data.DataSetExtensions.dll /reference:/usr/share/dotnet/packs/Microsoft.NETCore.App.Ref/8.0.20/ref/net8.0/System.Data.dll /reference:/usr/share/dotnet/packs/Microsoft.NETCore.App.Ref/8.0.20/ref/net8.0/System.Diagnostics.Contracts.dll /reference:/usr/share/dotnet/packs/Microsoft.NETCore.App.Ref/8.0.20/ref/net8.0/System.Diagnostics.Debug.dll /reference:/usr/share/dotnet/packs/Microsoft.NETCore.App.Ref/8.0.20/ref/net8.0/System.Diagnostics.DiagnosticSource.dll /reference:/home/runner/.nuget/packages/system.diagnostics.eventlog/6.0.0/lib/net6.0/System.Diagnostics.EventLog.dll /reference:/usr/share/dotnet/packs/Microsoft.NETCore.App.Ref/8.0.20/ref/net8.0/System.Diagnostics.FileVersionInfo.dll /reference:/usr/share/dotnet/packs/Microsoft.NETCore.App.Ref/8.0.20/ref/net8.0/System.Diagnostics.Process.dll /reference:/usr/share/dotnet/packs/Microsoft.NETCore.App.Ref/8.0.20/ref/net8.0/System.Diagnostics.StackTrace.dll /reference:/usr/share/dotnet/packs/Microsoft.NETCore.App.Ref/8.0.20/ref/net8.0/System.Diagnostics.TextWriterTraceListener.dll /reference:/usr/share/dotnet/packs/Microsoft.NETCore.App.Ref/8.0.20/ref/net8.0/System.Diagnostics.Tools.dll /reference:/usr/share/dotnet/packs/Microsoft.NETCore.App.Ref/8.0.20/ref/net8.0/System.Diagnostics.TraceSource.dll /reference:/usr/share/dotnet/packs/Microsoft.NETCore.App.Ref/8.0.20/ref/net8.0/System.Diagnostics.Tracing.dll /reference:/usr/share/dotnet/packs/Microsoft.NETCore.App.Ref/8.0.20/ref/net8.0/System.dll /reference:/usr/share/dotnet/packs/Microsoft.NETCore.App.Ref/8.0.20/ref/net8.0/System.Drawing.dll /reference:/usr/share/dotnet/packs/Microsoft.NETCore.App.Ref/8.0.20/ref/net8.0/System.Drawing.Primitives.dll /reference:/usr/share/dotnet/packs/Microsoft.NETCore.App.Ref/8.0.20/ref/net8.0/System.Dynamic.Runtime.dll /reference:/usr/share/dotnet/packs/Microsoft.NETCore.App.Ref/8.0.20/ref/net8.0/System.Formats.Asn1.dll /reference:/usr/share/dotnet/packs/Microsoft.NETCore.App.Ref/8.0.20/ref/net8.0/System.Formats.Tar.dll /reference:/usr/share/dotnet/packs/Microsoft.NETCore.App.Ref/8.0.20/ref/net8.0/System.Globalization.Calendars.dll /reference:/usr/share/dotnet/packs/Microsoft.NETCore.App.Ref/8.0.20/ref/net8.0/System.Globalization.dll /reference:/usr/share/dotnet/packs/Microsoft.NETCore.App.Ref/8.0.20/ref/net8.0/System.Globalization.Extensions.dll /reference:/usr/share/dotnet/packs/Microsoft.NETCore.App.Ref/8.0.20/ref/net8.0/System.IO.Compression.Brotli.dll /reference:/usr/share/dotnet/packs/Microsoft.NETCore.App.Ref/8.0.20/ref/net8.0/System.IO.Compression.dll /reference:/usr/share/dotnet/packs/Microsoft.NETCore.App.Ref/8.0.20/ref/net8.0/System.IO.Compression.FileSystem.dll /reference:/usr/share/dotnet/packs/Microsoft.NETCore.App.Ref/8.0.20/ref/net8.0/System.IO.Compression.ZipFile.dll /reference:/usr/share/dotnet/packs/Microsoft.NETCore.App.Ref/8.0.20/ref/net8.0/System.IO.dll /reference:/usr/share/dotnet/packs/Microsoft.NETCore.App.Ref/8.0.20/ref/net8.0/System.IO.FileSystem.AccessControl.dll /reference:/usr/share/dotnet/packs/Microsoft.NETCore.App.Ref/8.0.20/ref/net8.0/System.IO.FileSystem.dll /reference:/usr/share/dotnet/packs/Microsoft.NETCore.App.Ref/8.0.20/ref/net8.0/System.IO.FileSystem.DriveInfo.dll /reference:/usr/share/dotnet/packs/Microsoft.NETCore.App.Ref/8.0.20/ref/net8.0/System.IO.FileSystem.Primitives.dll /reference:/usr/share/dotnet/packs/Microsoft.NETCore.App.Ref/8.0.20/ref/net8.0/System.IO.FileSystem.Watcher.dll /reference:/usr/share/dotnet/packs/Microsoft.NETCore.App.Ref/8.0.20/ref/net8.0/System.IO.IsolatedStorage.dll /reference:/usr/share/dotnet/packs/Microsoft.NETCore.App.Ref/8.0.20/ref/net8.0/System.IO.MemoryMappedFiles.dll /reference:/usr/share/dotnet/packs/Microsoft.NETCore.App.Ref/8.0.20/ref/net8.0/System.IO.Pipes.AccessControl.dll /reference:/usr/share/dotnet/packs/Microsoft.NETCore.App.Ref/8.0.20/ref/net8.0/System.IO.Pipes.dll /reference:/usr/share/dotnet/packs/Microsoft.NETCore.App.Ref/8.0.20/ref/net8.0/System.IO.UnmanagedMemoryStream.dll /reference:/usr/share/dotnet/packs/Microsoft.NETCore.App.Ref/8.0.20/ref/net8.0/System.Linq.dll /reference:/usr/share/dotnet/packs/Microsoft.NETCore.App.Ref/8.0.20/ref/net8.0/System.Linq.Expressions.dll /reference:/usr/share/dotnet/packs/Microsoft.NETCore.App.Ref/8.0.20/ref/net8.0/System.Linq.Parallel.dll /reference:/usr/share/dotnet/packs/Microsoft.NETCore.App.Ref/8.0.20/ref/net8.0/System.Linq.Queryable.dll /reference:/usr/share/dotnet/packs/Microsoft.NETCore.App.Ref/8.0.20/ref/net8.0/System.Memory.dll /reference:/usr/share/dotnet/packs/Microsoft.NETCore.App.Ref/8.0.20/ref/net8.0/System.Net.dll /reference:/usr/share/dotnet/packs/Microsoft.NETCore.App.Ref/8.0.20/ref/net8.0/System.Net.Http.dll /reference:/usr/share/dotnet/packs/Microsoft.NETCore.App.Ref/8.0.20/ref/net8.0/System.Net.Http.Json.dll /reference:/usr/share/dotnet/packs/Microsoft.NETCore.App.Ref/8.0.20/ref/net8.0/System.Net.HttpListener.dll /reference:/usr/share/dotnet/packs/Microsoft.NETCore.App.Ref/8.0.20/ref/net8.0/System.Net.Mail.dll /reference:/usr/share/dotnet/packs/Microsoft.NETCore.App.Ref/8.0.20/ref/net8.0/System.Net.NameResolution.dll /reference:/usr/share/dotnet/packs/Microsoft.NETCore.App.Ref/8.0.20/ref/net8.0/System.Net.NetworkInformation.dll /reference:/usr/share/dotnet/packs/Microsoft.NETCore.App.Ref/8.0.20/ref/net8.0/System.Net.Ping.dll /reference:/usr/share/dotnet/packs/Microsoft.NETCore.App.Ref/8.0.20/ref/net8.0/System.Net.Primitives.dll /reference:/usr/share/dotnet/packs/Microsoft.NETCore.App.Ref/8.0.20/ref/net8.0/System.Net.Quic.dll /reference:/usr/share/dotnet/packs/Microsoft.NETCore.App.Ref/8.0.20/ref/net8.0/System.Net.Requests.dll /reference:/usr/share/dotnet/packs/Microsoft.NETCore.App.Ref/8.0.20/ref/net8.0/System.Net.Security.dll /reference:/usr/share/dotnet/packs/Microsoft.NETCore.App.Ref/8.0.20/ref/net8.0/System.Net.ServicePoint.dll /reference:/usr/share/dotnet/packs/Microsoft.NETCore.App.Ref/8.0.20/ref/net8.0/System.Net.Sockets.dll /reference:/usr/share/dotnet/packs/Microsoft.NETCore.App.Ref/8.0.20/ref/net8.0/System.Net.WebClient.dll /reference:/usr/share/dotnet/packs/Microsoft.NETCore.App.Ref/8.0.20/ref/net8.0/System.Net.WebHeaderCollection.dll /reference:/usr/share/dotnet/packs/Microsoft.NETCore.App.Ref/8.0.20/ref/net8.0/System.Net.WebProxy.dll /reference:/usr/share/dotnet/packs/Microsoft.NETCore.App.Ref/8.0.20/ref/net8.0/System.Net.WebSockets.Client.dll /reference:/usr/share/dotnet/packs/Microsoft.NETCore.App.Ref/8.0.20/ref/net8.0/System.Net.WebSockets.dll /reference:/usr/share/dotnet/packs/Microsoft.NETCore.App.Ref/8.0.20/ref/net8.0/System.Numerics.dll /reference:/usr/share/dotnet/packs/Microsoft.NETCore.App.Ref/8.0.20/ref/net8.0/System.Numerics.Vectors.dll /reference:/usr/share/dotnet/packs/Microsoft.NETCore.App.Ref/8.0.20/ref/net8.0/System.ObjectModel.dll /reference:/usr/share/dotnet/packs/Microsoft.NETCore.App.Ref/8.0.20/ref/net8.0/System.Reflection.DispatchProxy.dll /reference:/usr/share/dotnet/packs/Microsoft.NETCore.App.Ref/8.0.20/ref/net8.0/System.Reflection.dll /reference:/usr/share/dotnet/packs/Microsoft.NETCore.App.Ref/8.0.20/ref/net8.0/System.Reflection.Emit.dll /reference:/usr/share/dotnet/packs/Microsoft.NETCore.App.Ref/8.0.20/ref/net8.0/System.Reflection.Emit.ILGeneration.dll /reference:/usr/share/dotnet/packs/Microsoft.NETCore.App.Ref/8.0.20/ref/net8.0/System.Reflection.Emit.Lightweight.dll /reference:/usr/share/dotnet/packs/Microsoft.NETCore.App.Ref/8.0.20/ref/net8.0/System.Reflection.Extensions.dll /reference:/usr/share/dotnet/packs/Microsoft.NETCore.App.Ref/8.0.20/ref/net8.0/System.Reflection.Metadata.dll /reference:/usr/share/dotnet/packs/Microsoft.NETCore.App.Ref/8.0.20/ref/net8.0/System.Reflection.Primitives.dll /reference:/usr/share/dotnet/packs/Microsoft.NETCore.App.Ref/8.0.20/ref/net8.0/System.Reflection.TypeExtensions.dll /reference:/usr/share/dotnet/packs/Microsoft.NETCore.App.Ref/8.0.20/ref/net8.0/System.Resources.Reader.dll /reference:/usr/share/dotnet/packs/Microsoft.NETCore.App.Ref/8.0.20/ref/net8.0/System.Resources.ResourceManager.dll /reference:/usr/share/dotnet/packs/Microsoft.NETCore.App.Ref/8.0.20/ref/net8.0/System.Resources.Writer.dll /reference:/usr/share/dotnet/packs/Microsoft.NETCore.App.Ref/8.0.20/ref/net8.0/System.Runtime.CompilerServices.Unsafe.dll /reference:/usr/share/dotnet/packs/Microsoft.NETCore.App.Ref/8.0.20/ref/net8.0/System.Runtime.CompilerServices.VisualC.dll /reference:/usr/share/dotnet/packs/Microsoft.NETCore.App.Ref/8.0.20/ref/net8.0/System.Runtime.dll /reference:/usr/share/dotnet/packs/Microsoft.NETCore.App.Ref/8.0.20/ref/net8.0/System.Runtime.Extensions.dll /reference:/usr/share/dotnet/packs/Microsoft.NETCore.App.Ref/8.0.20/ref/net8.0/System.Runtime.Handles.dll /reference:/usr/share/dotnet/packs/Microsoft.NETCore.App.Ref/8.0.20/ref/net8.0/System.Runtime.InteropServices.dll /reference:/usr/share/dotnet/packs/Microsoft.NETCore.App.Ref/8.0.20/ref/net8.0/System.Runtime.InteropServices.JavaScript.dll /reference:/usr/share/dotnet/packs/Microsoft.NETCore.App.Ref/8.0.20/ref/net8.0/System.Runtime.InteropServices.RuntimeInformation.dll /reference:/usr/share/dotnet/packs/Microsoft.NETCore.App.Ref/8.0.20/ref/net8.0/System.Runtime.Intrinsics.dll /reference:/usr/share/dotnet/packs/Microsoft.NETCore.App.Ref/8.0.20/ref/net8.0/System.Runtime.Loader.dll /reference:/usr/share/dotnet/packs/Microsoft.NETCore.App.Ref/8.0.20/ref/net8.0/System.Runtime.Numerics.dll /reference:/usr/share/dotnet/packs/Microsoft.NETCore.App.Ref/8.0.20/ref/net8.0/System.Runtime.Serialization.dll /reference:/usr/share/dotnet/packs/Microsoft.NETCore.App.Ref/8.0.20/ref/net8.0/System.Runtime.Serialization.Formatters.dll /reference:/usr/share/dotnet/packs/Microsoft.NETCore.App.Ref/8.0.20/ref/net8.0/System.Runtime.Serialization.Json.dll /reference:/usr/share/dotnet/packs/Microsoft.NETCore.App.Ref/8.0.20/ref/net8.0/System.Runtime.Serialization.Primitives.dll /reference:/usr/share/dotnet/packs/Microsoft.NETCore.App.Ref/8.0.20/ref/net8.0/System.Runtime.Serialization.Xml.dll /reference:/usr/share/dotnet/packs/Microsoft.NETCore.App.Ref/8.0.20/ref/net8.0/System.Security.AccessControl.dll /reference:/usr/share/dotnet/packs/Microsoft.NETCore.App.Ref/8.0.20/ref/net8.0/System.Security.Claims.dll /reference:/usr/share/dotnet/packs/Microsoft.NETCore.App.Ref/8.0.20/ref/net8.0/System.Security.Cryptography.Algorithms.dll /reference:/usr/share/dotnet/packs/Microsoft.NETCore.App.Ref/8.0.20/ref/net8.0/System.Security.Cryptography.Cng.dll /reference:/usr/share/dotnet/packs/Microsoft.NETCore.App.Ref/8.0.20/ref/net8.0/System.Security.Cryptography.Csp.dll /reference:/usr/share/dotnet/packs/Microsoft.NETCore.App.Ref/8.0.20/ref/net8.0/System.Security.Cryptography.dll /reference:/usr/share/dotnet/packs/Microsoft.NETCore.App.Ref/8.0.20/ref/net8.0/System.Security.Cryptography.Encoding.dll /reference:/usr/share/dotnet/packs/Microsoft.NETCore.App.Ref/8.0.20/ref/net8.0/System.Security.Cryptography.OpenSsl.dll /reference:/usr/share/dotnet/packs/Microsoft.NETCore.App.Ref/8.0.20/ref/net8.0/System.Security.Cryptography.Primitives.dll /reference:/usr/share/dotnet/packs/Microsoft.NETCore.App.Ref/8.0.20/ref/net8.0/System.Security.Cryptography.X509Certificates.dll /reference:/usr/share/dotnet/packs/Microsoft.NETCore.App.Ref/8.0.20/ref/net8.0/System.Security.dll /reference:/usr/share/dotnet/packs/Microsoft.NETCore.App.Ref/8.0.20/ref/net8.0/System.Security.Principal.dll /reference:/usr/share/dotnet/packs/Microsoft.NETCore.App.Ref/8.0.20/ref/net8.0/System.Security.Principal.Windows.dll /reference:/usr/share/dotnet/packs/Microsoft.NETCore.App.Ref/8.0.20/ref/net8.0/System.Security.SecureString.dll /reference:/usr/share/dotnet/packs/Microsoft.NETCore.App.Ref/8.0.20/ref/net8.0/System.ServiceModel.Web.dll /reference:/usr/share/dotnet/packs/Microsoft.NETCore.App.Ref/8.0.20/ref/net8.0/System.ServiceProcess.dll /reference:/usr/share/dotnet/packs/Microsoft.NETCore.App.Ref/8.0.20/ref/net8.0/System.Text.Encoding.CodePages.dll /reference:/usr/share/dotnet/packs/Microsoft.NETCore.App.Ref/8.0.20/ref/net8.0/System.Text.Encoding.dll /reference:/usr/share/dotnet/packs/Microsoft.NETCore.App.Ref/8.0.20/ref/net8.0/System.Text.Encoding.Extensions.dll /reference:/usr/share/dotnet/packs/Microsoft.NETCore.App.Ref/8.0.20/ref/net8.0/System.Text.Encodings.Web.dll /reference:/usr/share/dotnet/packs/Microsoft.NETCore.App.Ref/8.0.20/ref/net8.0/System.Text.Json.dll /reference:/usr/share/dotnet/packs/Microsoft.NETCore.App.Ref/8.0.20/ref/net8.0/System.Text.RegularExpressions.dll /reference:/usr/share/dotnet/packs/Microsoft.NETCore.App.Ref/8.0.20/ref/net8.0/System.Threading.Channels.dll /reference:/usr/share/dotnet/packs/Microsoft.NETCore.App.Ref/8.0.20/ref/net8.0/System.Threading.dll /reference:/usr/share/dotnet/packs/Microsoft.NETCore.App.Ref/8.0.20/ref/net8.0/System.Threading.Overlapped.dll /reference:/usr/share/dotnet/packs/Microsoft.NETCore.App.Ref/8.0.20/ref/net8.0/System.Threading.Tasks.Dataflow.dll /reference:/usr/share/dotnet/packs/Microsoft.NETCore.App.Ref/8.0.20/ref/net8.0/System.Threading.Tasks.dll /reference:/usr/share/dotnet/packs/Microsoft.NETCore.App.Ref/8.0.20/ref/net8.0/System.Threading.Tasks.Extensions.dll /reference:/usr/share/dotnet/packs/Microsoft.NETCore.App.Ref/8.0.20/ref/net8.0/System.Threading.Tasks.Parallel.dll /reference:/usr/share/dotnet/packs/Microsoft.NETCore.App.Ref/8.0.20/ref/net8.0/System.Threading.Thread.dll /reference:/usr/share/dotnet/packs/Microsoft.NETCore.App.Ref/8.0.20/ref/net8.0/System.Threading.ThreadPool.dll /reference:/usr/share/dotnet/packs/Microsoft.NETCore.App.Ref/8.0.20/ref/net8.0/System.Threading.Timer.dll /reference:/usr/share/dotnet/packs/Microsoft.NETCore.App.Ref/8.0.20/ref/net8.0/System.Transactions.dll /reference:/usr/share/dotnet/packs/Microsoft.NETCore.App.Ref/8.0.20/ref/net8.0/System.Transactions.Local.dll /reference:/usr/share/dotnet/packs/Microsoft.NETCore.App.Ref/8.0.20/ref/net8.0/System.ValueTuple.dll /reference:/usr/share/dotnet/packs/Microsoft.NETCore.App.Ref/8.0.20/ref/net8.0/System.Web.dll /reference:/usr/share/dotnet/packs/Microsoft.NETCore.App.Ref/8.0.20/ref/net8.0/System.Web.HttpUtility.dll /reference:/usr/share/dotnet/packs/Microsoft.NETCore.App.Ref/8.0.20/ref/net8.0/System.Windows.dll /reference:/usr/share/dotnet/packs/Microsoft.NETCore.App.Ref/8.0.20/ref/net8.0/System.Xml.dll /reference:/usr/share/dotnet/packs/Microsoft.NETCore.App.Ref/8.0.20/ref/net8.0/System.Xml.Linq.dll /reference:/usr/share/dotnet/packs/Microsoft.NETCore.App.Ref/8.0.20/ref/net8.0/System.Xml.ReaderWriter.dll /reference:/usr/share/dotnet/packs/Microsoft.NETCore.App.Ref/8.0.20/ref/net8.0/System.Xml.Serialization.dll /reference:/usr/share/dotnet/packs/Microsoft.NETCore.App.Ref/8.0.20/ref/net8.0/System.Xml.XDocument.dll /reference:/usr/share/dotnet/packs/Microsoft.NETCore.App.Ref/8.0.20/ref/net8.0/System.Xml.XmlDocument.dll /reference:/usr/share/dotnet/packs/Microsoft.NETCore.App.Ref/8.0.20/ref/net8.0/System.Xml.XmlSerializer.dll /reference:/usr/share/dotnet/packs/Microsoft.NETCore.App.Ref/8.0.20/ref/net8.0/System.Xml.XPath.dll /reference:/usr/share/dotnet/packs/Microsoft.NETCore.App.Ref/8.0.20/ref/net8.0/System.Xml.XPath.XDocument.dll /reference:/home/runner/.nuget/packages/microsoft.testplatform.testhost/17.12.0/lib/netcoreapp3.1/testhost.dll /reference:/usr/share/dotnet/packs/Microsoft.NETCore.App.Ref/8.0.20/ref/net8.0/WindowsBase.dll /reference:/home/runner/.nuget/packages/xunit.abstractions/2.0.3/lib/netstandard2.0/xunit.abstractions.dll /reference:/home/runner/.nuget/packages/xunit.assert/2.9.2/lib/net6.0/xunit.assert.dll /reference:/home/runner/.nuget/packages/xunit.extensibility.core/2.9.2/lib/netstandard1.1/xunit.core.dll /reference:/home/runner/.nuget/packages/xunit.extensibility.execution/2.9.2/lib/netstandard1.1/xunit.execution.dotnet.dll /debug+ /debug:portable /filealign:512 /optimize- /out:obj/Debug/net8.0/S7Tools.Core.Tests.dll /refout:obj/Debug/net8.0/refint/S7Tools.Core.Tests.dll /target:exe /warnaserror- /utf8output /deterministic+ /sourcelink:obj/Debug/net8.0/S7Tools.Core.Tests.sourcelink.json /langversion:12.0 /embed:/home/runner/.nuget/packages/microsoft.net.test.sdk/17.12.0/build/netcoreapp3.1/Microsoft.NET.Test.Sdk.Program.cs /embed:obj/Debug/net8.0/S7Tools.Core.Tests.GlobalUsings.g.cs /embed:"obj/Debug/net8.0/.NETCoreApp,Version=v8.0.AssemblyAttributes.cs" /embed:obj/Debug/net8.0/S7Tools.Core.Tests.AssemblyInfo.cs /analyzerconfig:/home/runner/work/S7-Tools/S7-Tools/.editorconfig /analyzerconfig:obj/Debug/net8.0/S7Tools.Core.Tests.GeneratedMSBuildEditorConfig.editorconfig /analyzerconfig:/usr/share/dotnet/sdk/9.0.305/Sdks/Microsoft.NET.Sdk/analyzers/build/config/analysislevel_8_default.globalconfig /analyzer:/usr/share/dotnet/sdk/9.0.305/Sdks/Microsoft.NET.Sdk/targets/../analyzers/Microsoft.CodeAnalysis.CSharp.NetAnalyzers.dll /analyzer:/usr/share/dotnet/sdk/9.0.305/Sdks/Microsoft.NET.Sdk/targets/../analyzers/Microsoft.CodeAnalysis.NetAnalyzers.dll /analyzer:/home/runner/.nuget/packages/microsoft.extensions.logging.abstractions/8.0.0/analyzers/dotnet/roslyn4.4/cs/Microsoft.Extensions.Logging.Generators.dll /analyzer:/home/runner/.nuget/packages/xunit.analyzers/1.16.0/analyzers/dotnet/cs/xunit.analyzers.dll /analyzer:/home/runner/.nuget/packages/xunit.analyzers/1.16.0/analyzers/dotnet/cs/xunit.analyzers.fixes.dll /analyzer:/usr/share/dotnet/packs/Microsoft.NETCore.App.Ref/8.0.20/analyzers/dotnet/cs/Microsoft.Interop.ComInterfaceGenerator.dll /analyzer:/usr/share/dotnet/packs/Microsoft.NETCore.App.Ref/8.0.20/analyzers/dotnet/cs/Microsoft.Interop.JavaScript.JSImportGenerator.dll /analyzer:/usr/share/dotnet/packs/Microsoft.NETCore.App.Ref/8.0.20/analyzers/dotnet/cs/Microsoft.Interop.LibraryImportGenerator.dll /analyzer:/usr/share/dotnet/packs/Microsoft.NETCore.App.Ref/8.0.20/analyzers/dotnet/cs/Microsoft.Interop.SourceGeneration.dll /analyzer:/usr/share/dotnet/packs/Microsoft.NETCore.App.Ref/8.0.20/analyzers/dotnet/cs/System.Text.Json.SourceGeneration.dll /analyzer:/usr/share/dotnet/packs/Microsoft.NETCore.App.Ref/8.0.20/analyzers/dotnet/cs/System.Text.RegularExpressions.Generator.dll GlobalUsings.cs Models/Common/ResultTests.cs Models/Validators/PlcAddressValidatorTests.cs Models/ValueObjects/PlcAddressTests.cs Resources/InMemoryResourceManagerTests.cs Validation/ValidationServiceIntegrationTests.cs /home/runner/.nuget/packages/microsoft.net.test.sdk/17.12.0/build/netcoreapp3.1/Microsoft.NET.Test.Sdk.Program.cs obj/Debug/net8.0/S7Tools.Core.Tests.GlobalUsings.g.cs "obj/Debug/net8.0/.NETCoreApp,Version=v8.0.AssemblyAttributes.cs" obj/Debug/net8.0/S7Tools.Core.Tests.AssemblyInfo.cs /warnaserror+:NU1605,SYSLIB0011 /warnaserror-:CS8618,CS8625,CS8603,CS8604,CS8602,CS8600,CS8601,CS8765
     3>/home/runner/work/S7-Tools/S7-Tools/tests/S7Tools.Core.Tests/Models/Common/ResultTests.cs(14,17): warning CS1591: Missing XML comment for publicly visible type or member 'ResultTests.Success_WithValue_ShouldCreateSuccessfulResult()' [/home/runner/work/S7-Tools/S7-Tools/tests/S7Tools.Core.Tests/S7Tools.Core.Tests.csproj]
     3>/home/runner/work/S7-Tools/S7-Tools/tests/S7Tools.Core.Tests/Models/Common/ResultTests.cs(31,17): warning CS1591: Missing XML comment for publicly visible type or member 'ResultTests.Generic_Failure_WithErrorMessage_ShouldCreateFailedResult()' [/home/runner/work/S7-Tools/S7-Tools/tests/S7Tools.Core.Tests/S7Tools.Core.Tests.csproj]
     3>/home/runner/work/S7-Tools/S7-Tools/tests/S7Tools.Core.Tests/Models/Common/ResultTests.cs(48,17): warning CS1591: Missing XML comment for publicly visible type or member 'ResultTests.GetValueOrThrow_WithSuccessfulResult_ShouldReturnValue()' [/home/runner/work/S7-Tools/S7-Tools/tests/S7Tools.Core.Tests/S7Tools.Core.Tests.csproj]
     3>/home/runner/work/S7-Tools/S7-Tools/tests/S7Tools.Core.Tests/Models/Common/ResultTests.cs(61,17): warning CS1591: Missing XML comment for publicly visible type or member 'ResultTests.GetValueOrThrow_WithFailedResult_ShouldThrowException()' [/home/runner/work/S7-Tools/S7-Tools/tests/S7Tools.Core.Tests/S7Tools.Core.Tests.csproj]
     3>/home/runner/work/S7-Tools/S7-Tools/tests/S7Tools.Core.Tests/Models/Common/ResultTests.cs(77,17): warning CS1591: Missing XML comment for publicly visible type or member 'ResultTests.Success_ShouldCreateSuccessfulResult()' [/home/runner/work/S7-Tools/S7-Tools/tests/S7Tools.Core.Tests/S7Tools.Core.Tests.csproj]
     3>/home/runner/work/S7-Tools/S7-Tools/tests/S7Tools.Core.Tests/Models/Common/ResultTests.cs(90,17): warning CS1591: Missing XML comment for publicly visible type or member 'ResultTests.NonGeneric_Failure_WithErrorMessage_ShouldCreateFailedResult()' [/home/runner/work/S7-Tools/S7-Tools/tests/S7Tools.Core.Tests/S7Tools.Core.Tests.csproj]
     3>/home/runner/work/S7-Tools/S7-Tools/tests/S7Tools.Core.Tests/Models/Common/ResultTests.cs(106,17): warning CS1591: Missing XML comment for publicly visible type or member 'ResultTests.ImplicitConversion_FromTrue_ShouldCreateSuccessfulResult()' [/home/runner/work/S7-Tools/S7-Tools/tests/S7Tools.Core.Tests/S7Tools.Core.Tests.csproj]
     3>/home/runner/work/S7-Tools/S7-Tools/tests/S7Tools.Core.Tests/Models/Common/ResultTests.cs(116,17): warning CS1591: Missing XML comment for publicly visible type or member 'ResultTests.ImplicitConversion_FromFalse_ShouldCreateFailedResult()' [/home/runner/work/S7-Tools/S7-Tools/tests/S7Tools.Core.Tests/S7Tools.Core.Tests.csproj]
     3>/home/runner/work/S7-Tools/S7-Tools/tests/S7Tools.Core.Tests/Models/Validators/PlcAddressValidatorTests.cs(7,14): warning CS1591: Missing XML comment for publicly visible type or member 'PlcAddressValidatorTests' [/home/runner/work/S7-Tools/S7-Tools/tests/S7Tools.Core.Tests/S7Tools.Core.Tests.csproj]
     3>/home/runner/work/S7-Tools/S7-Tools/tests/S7Tools.Core.Tests/Models/Validators/PlcAddressValidatorTests.cs(24,17): warning CS1591: Missing XML comment for publicly visible type or member 'PlcAddressValidatorTests.Validate_ValidAndInvalidAddresses_ReturnsExpectedResult(string, bool)' [/home/runner/work/S7-Tools/S7-Tools/tests/S7Tools.Core.Tests/S7Tools.Core.Tests.csproj]
     3>/home/runner/work/S7-Tools/S7-Tools/tests/S7Tools.Core.Tests/Models/ValueObjects/PlcAddressTests.cs(23,17): warning CS1591: Missing XML comment for publicly visible type or member 'PlcAddressTests.Constructor_WithValidAddress_ShouldParseCorrectly(string, PlcAddressType, int?, int, int?)' [/home/runner/work/S7-Tools/S7-Tools/tests/S7Tools.Core.Tests/S7Tools.Core.Tests.csproj]
     3>/home/runner/work/S7-Tools/S7-Tools/tests/S7Tools.Core.Tests/Models/ValueObjects/PlcAddressTests.cs(55,17): warning CS1591: Missing XML comment for publicly visible type or member 'PlcAddressTests.Constructor_WithInvalidAddress_ShouldThrowArgumentException(string)' [/home/runner/work/S7-Tools/S7-Tools/tests/S7Tools.Core.Tests/S7Tools.Core.Tests.csproj]
     3>/home/runner/work/S7-Tools/S7-Tools/tests/S7Tools.Core.Tests/Models/ValueObjects/PlcAddressTests.cs(64,17): warning CS1591: Missing XML comment for publicly visible type or member 'PlcAddressTests.Constructor_WithNullAddress_ShouldThrowArgumentException()' [/home/runner/work/S7-Tools/S7-Tools/tests/S7Tools.Core.Tests/S7Tools.Core.Tests.csproj]
     3>/home/runner/work/S7-Tools/S7-Tools/tests/S7Tools.Core.Tests/Models/ValueObjects/PlcAddressTests.cs(75,17): warning CS1591: Missing XML comment for publicly visible type or member 'PlcAddressTests.Constructor_WithLowerCaseAddress_ShouldNormalizeToUpperCase(string, string)' [/home/runner/work/S7-Tools/S7-Tools/tests/S7Tools.Core.Tests/S7Tools.Core.Tests.csproj]
     3>/home/runner/work/S7-Tools/S7-Tools/tests/S7Tools.Core.Tests/Models/ValueObjects/PlcAddressTests.cs(90,17): warning CS1591: Missing XML comment for publicly visible type or member 'PlcAddressTests.Create_WithValidAddress_ShouldReturnSuccessResult(string)' [/home/runner/work/S7-Tools/S7-Tools/tests/S7Tools.Core.Tests/S7Tools.Core.Tests.csproj]
     3>/home/runner/work/S7-Tools/S7-Tools/tests/S7Tools.Core.Tests/Models/ValueObjects/PlcAddressTests.cs(105,17): warning CS1591: Missing XML comment for publicly visible type or member 'PlcAddressTests.Create_WithInvalidAddress_ShouldReturnFailureResult(string)' [/home/runner/work/S7-Tools/S7-Tools/tests/S7Tools.Core.Tests/S7Tools.Core.Tests.csproj]
     3>/home/runner/work/S7-Tools/S7-Tools/tests/S7Tools.Core.Tests/Models/ValueObjects/PlcAddressTests.cs(127,17): warning CS1591: Missing XML comment for publicly visible type or member 'PlcAddressTests.IsBitAddress_ShouldReturnCorrectValue(string, bool)' [/home/runner/work/S7-Tools/S7-Tools/tests/S7Tools.Core.Tests/S7Tools.Core.Tests.csproj]
     3>/home/runner/work/S7-Tools/S7-Tools/tests/S7Tools.Core.Tests/Models/ValueObjects/PlcAddressTests.cs(147,17): warning CS1591: Missing XML comment for publicly visible type or member 'PlcAddressTests.IsDataBlockAddress_ShouldReturnCorrectValue(string, bool)' [/home/runner/work/S7-Tools/S7-Tools/tests/S7Tools.Core.Tests/S7Tools.Core.Tests.csproj]
     3>/home/runner/work/S7-Tools/S7-Tools/tests/S7Tools.Core.Tests/Models/ValueObjects/PlcAddressTests.cs(157,17): warning CS1591: Missing XML comment for publicly visible type or member 'PlcAddressTests.ImplicitConversion_ToString_ShouldReturnValue()' [/home/runner/work/S7-Tools/S7-Tools/tests/S7Tools.Core.Tests/S7Tools.Core.Tests.csproj]
     3>/home/runner/work/S7-Tools/S7-Tools/tests/S7Tools.Core.Tests/Models/ValueObjects/PlcAddressTests.cs(170,17): warning CS1591: Missing XML comment for publicly visible type or member 'PlcAddressTests.ToString_ShouldReturnValue()' [/home/runner/work/S7-Tools/S7-Tools/tests/S7Tools.Core.Tests/S7Tools.Core.Tests.csproj]
     3>/home/runner/work/S7-Tools/S7-Tools/tests/S7Tools.Core.Tests/Models/ValueObjects/PlcAddressTests.cs(183,17): warning CS1591: Missing XML comment for publicly visible type or member 'PlcAddressTests.Equality_WithSameAddress_ShouldBeEqual()' [/home/runner/work/S7-Tools/S7-Tools/tests/S7Tools.Core.Tests/S7Tools.Core.Tests.csproj]
     3>/home/runner/work/S7-Tools/S7-Tools/tests/S7Tools.Core.Tests/Models/ValueObjects/PlcAddressTests.cs(196,17): warning CS1591: Missing XML comment for publicly visible type or member 'PlcAddressTests.Equality_WithDifferentAddress_ShouldNotBeEqual()' [/home/runner/work/S7-Tools/S7-Tools/tests/S7Tools.Core.Tests/S7Tools.Core.Tests.csproj]
     3>/home/runner/work/S7-Tools/S7-Tools/tests/S7Tools.Core.Tests/Models/ValueObjects/PlcAddressTests.cs(209,17): warning CS1591: Missing XML comment for publicly visible type or member 'PlcAddressTests.GetHashCode_WithSameAddress_ShouldReturnSameHashCode()' [/home/runner/work/S7-Tools/S7-Tools/tests/S7Tools.Core.Tests/S7Tools.Core.Tests.csproj]
     3>/home/runner/work/S7-Tools/S7-Tools/tests/S7Tools.Core.Tests/Models/ValueObjects/PlcAddressTests.cs(230,17): warning CS1591: Missing XML comment for publicly visible type or member 'PlcAddressTests.AddressType_ShouldBeCorrectlyDetermined(string, PlcAddressType)' [/home/runner/work/S7-Tools/S7-Tools/tests/S7Tools.Core.Tests/S7Tools.Core.Tests.csproj]
     3>/home/runner/work/S7-Tools/S7-Tools/tests/S7Tools.Core.Tests/Models/ValueObjects/PlcAddressTests.cs(247,17): warning CS1591: Missing XML comment for publicly visible type or member 'PlcAddressTests.Constructor_WithLargeValidValues_ShouldSucceed(string)' [/home/runner/work/S7-Tools/S7-Tools/tests/S7Tools.Core.Tests/S7Tools.Core.Tests.csproj]
     3>/home/runner/work/S7-Tools/S7-Tools/tests/S7Tools.Core.Tests/Models/ValueObjects/PlcAddressTests.cs(264,17): warning CS1591: Missing XML comment for publicly visible type or member 'PlcAddressTests.Constructor_WithZeroValues_ShouldSucceed(string)' [/home/runner/work/S7-Tools/S7-Tools/tests/S7Tools.Core.Tests/S7Tools.Core.Tests.csproj]
     3>/home/runner/work/S7-Tools/S7-Tools/tests/S7Tools.Core.Tests/Resources/InMemoryResourceManagerTests.cs(7,14): warning CS1591: Missing XML comment for publicly visible type or member 'InMemoryResourceManagerTests' [/home/runner/work/S7-Tools/S7-Tools/tests/S7Tools.Core.Tests/S7Tools.Core.Tests.csproj]
     3>/home/runner/work/S7-Tools/S7-Tools/tests/S7Tools.Core.Tests/Resources/InMemoryResourceManagerTests.cs(10,17): warning CS1591: Missing XML comment for publicly visible type or member 'InMemoryResourceManagerTests.AddOrUpdate_And_GetString_Works_For_DefaultCulture()' [/home/runner/work/S7-Tools/S7-Tools/tests/S7Tools.Core.Tests/S7Tools.Core.Tests.csproj]
     3>/home/runner/work/S7-Tools/S7-Tools/tests/S7Tools.Core.Tests/Resources/InMemoryResourceManagerTests.cs(18,17): warning CS1591: Missing XML comment for publicly visible type or member 'InMemoryResourceManagerTests.GetString_ReturnsKey_IfNotFound()' [/home/runner/work/S7-Tools/S7-Tools/tests/S7Tools.Core.Tests/S7Tools.Core.Tests.csproj]
     3>/home/runner/work/S7-Tools/S7-Tools/tests/S7Tools.Core.Tests/Resources/InMemoryResourceManagerTests.cs(25,17): warning CS1591: Missing XML comment for publicly visible type or member 'InMemoryResourceManagerTests.AddOrUpdate_And_GetString_Works_For_SpecificCulture()' [/home/runner/work/S7-Tools/S7-Tools/tests/S7Tools.Core.Tests/S7Tools.Core.Tests.csproj]
     3>/home/runner/work/S7-Tools/S7-Tools/tests/S7Tools.Core.Tests/Resources/InMemoryResourceManagerTests.cs(37,17): warning CS1591: Missing XML comment for publicly visible type or member 'InMemoryResourceManagerTests.HasResource_ReturnsTrue_IfExists()' [/home/runner/work/S7-Tools/S7-Tools/tests/S7Tools.Core.Tests/S7Tools.Core.Tests.csproj]
     3>/home/runner/work/S7-Tools/S7-Tools/tests/S7Tools.Core.Tests/Resources/InMemoryResourceManagerTests.cs(45,17): warning CS1591: Missing XML comment for publicly visible type or member 'InMemoryResourceManagerTests.GetAvailableKeys_Returns_All_Keys()' [/home/runner/work/S7-Tools/S7-Tools/tests/S7Tools.Core.Tests/S7Tools.Core.Tests.csproj]
     3>/home/runner/work/S7-Tools/S7-Tools/tests/S7Tools.Core.Tests/Resources/InMemoryResourceManagerTests.cs(56,17): warning CS1591: Missing XML comment for publicly visible type or member 'InMemoryResourceManagerTests.GetSupportedCultures_Returns_All_Cultures()' [/home/runner/work/S7-Tools/S7-Tools/tests/S7Tools.Core.Tests/S7Tools.Core.Tests.csproj]
     3>/home/runner/work/S7-Tools/S7-Tools/tests/S7Tools.Core.Tests/Resources/InMemoryResourceManagerTests.cs(67,17): warning CS1591: Missing XML comment for publicly visible type or member 'InMemoryResourceManagerTests.SetCurrentCulture_Changes_Culture()' [/home/runner/work/S7-Tools/S7-Tools/tests/S7Tools.Core.Tests/S7Tools.Core.Tests.csproj]
     3>/home/runner/work/S7-Tools/S7-Tools/tests/S7Tools.Core.Tests/Validation/ValidationServiceIntegrationTests.cs(8,14): warning CS1591: Missing XML comment for publicly visible type or member 'ValidationServiceIntegrationTests' [/home/runner/work/S7-Tools/S7-Tools/tests/S7Tools.Core.Tests/S7Tools.Core.Tests.csproj]
     3>/home/runner/work/S7-Tools/S7-Tools/tests/S7Tools.Core.Tests/Validation/ValidationServiceIntegrationTests.cs(11,17): warning CS1591: Missing XML comment for publicly visible type or member 'ValidationServiceIntegrationTests.RegisterValidator_And_Validate_Works_For_PlcAddress()' [/home/runner/work/S7-Tools/S7-Tools/tests/S7Tools.Core.Tests/S7Tools.Core.Tests.csproj]
     3>/home/runner/work/S7-Tools/S7-Tools/tests/S7Tools.Core.Tests/Validation/ValidationServiceIntegrationTests.cs(31,17): warning CS1591: Missing XML comment for publicly visible type or member 'ValidationServiceIntegrationTests.UnregisterValidator_Removes_Validator()' [/home/runner/work/S7-Tools/S7-Tools/tests/S7Tools.Core.Tests/S7Tools.Core.Tests.csproj]
         CompilerServer: server - server processed compilation - S7Tools.Core.Tests (net8.0)
       _CopyFilesMarkedCopyLocal:
         Copying file from "/home/runner/.nuget/packages/castle.core/5.1.1/lib/net6.0/Castle.Core.dll" to "/home/runner/work/S7-Tools/S7-Tools/tests/S7Tools.Core.Tests/bin/Debug/net8.0/Castle.Core.dll".
         Copying file from "/home/runner/.nuget/packages/fluentassertions/6.12.0/lib/net6.0/FluentAssertions.dll" to "/home/runner/work/S7-Tools/S7-Tools/tests/S7Tools.Core.Tests/bin/Debug/net8.0/FluentAssertions.dll".
         Copying file from "/home/runner/.nuget/packages/microsoft.extensions.logging.abstractions/8.0.0/lib/net8.0/Microsoft.Extensions.Logging.Abstractions.dll" to "/home/runner/work/S7-Tools/S7-Tools/tests/S7Tools.Core.Tests/bin/Debug/net8.0/Microsoft.Extensions.Logging.Abstractions.dll".
         Copying file from "/home/runner/.nuget/packages/microsoft.testplatform.objectmodel/17.12.0/lib/netcoreapp3.1/Microsoft.TestPlatform.CoreUtilities.dll" to "/home/runner/work/S7-Tools/S7-Tools/tests/S7Tools.Core.Tests/bin/Debug/net8.0/Microsoft.TestPlatform.CoreUtilities.dll".
         Copying file from "/home/runner/.nuget/packages/microsoft.codecoverage/17.12.0/lib/netcoreapp3.1/Microsoft.VisualStudio.CodeCoverage.Shim.dll" to "/home/runner/work/S7-Tools/S7-Tools/tests/S7Tools.Core.Tests/bin/Debug/net8.0/Microsoft.VisualStudio.CodeCoverage.Shim.dll".
         Copying file from "/home/runner/.nuget/packages/microsoft.testplatform.objectmodel/17.12.0/lib/netcoreapp3.1/Microsoft.TestPlatform.PlatformAbstractions.dll" to "/home/runner/work/S7-Tools/S7-Tools/tests/S7Tools.Core.Tests/bin/Debug/net8.0/Microsoft.TestPlatform.PlatformAbstractions.dll".
         Copying file from "/home/runner/.nuget/packages/microsoft.testplatform.objectmodel/17.12.0/lib/netcoreapp3.1/Microsoft.VisualStudio.TestPlatform.ObjectModel.dll" to "/home/runner/work/S7-Tools/S7-Tools/tests/S7Tools.Core.Tests/bin/Debug/net8.0/Microsoft.VisualStudio.TestPlatform.ObjectModel.dll".
         Copying file from "/home/runner/.nuget/packages/microsoft.testplatform.testhost/17.12.0/lib/netcoreapp3.1/Microsoft.TestPlatform.CommunicationUtilities.dll" to "/home/runner/work/S7-Tools/S7-Tools/tests/S7Tools.Core.Tests/bin/Debug/net8.0/Microsoft.TestPlatform.CommunicationUtilities.dll".
         Copying file from "/home/runner/.nuget/packages/microsoft.testplatform.testhost/17.12.0/lib/netcoreapp3.1/Microsoft.TestPlatform.CrossPlatEngine.dll" to "/home/runner/work/S7-Tools/S7-Tools/tests/S7Tools.Core.Tests/bin/Debug/net8.0/Microsoft.TestPlatform.CrossPlatEngine.dll".
         Copying file from "/home/runner/.nuget/packages/microsoft.extensions.dependencyinjection.abstractions/8.0.0/lib/net8.0/Microsoft.Extensions.DependencyInjection.Abstractions.dll" to "/home/runner/work/S7-Tools/S7-Tools/tests/S7Tools.Core.Tests/bin/Debug/net8.0/Microsoft.Extensions.DependencyInjection.Abstractions.dll".
         Copying file from "/home/runner/.nuget/packages/microsoft.testplatform.testhost/17.12.0/lib/netcoreapp3.1/Microsoft.VisualStudio.TestPlatform.Common.dll" to "/home/runner/work/S7-Tools/S7-Tools/tests/S7Tools.Core.Tests/bin/Debug/net8.0/Microsoft.VisualStudio.TestPlatform.Common.dll".
         Copying file from "/home/runner/.nuget/packages/microsoft.testplatform.testhost/17.12.0/lib/netcoreapp3.1/Microsoft.TestPlatform.Utilities.dll" to "/home/runner/work/S7-Tools/S7-Tools/tests/S7Tools.Core.Tests/bin/Debug/net8.0/Microsoft.TestPlatform.Utilities.dll".
         Copying file from "/home/runner/.nuget/packages/microsoft.testplatform.testhost/17.12.0/lib/netcoreapp3.1/testhost.dll" to "/home/runner/work/S7-Tools/S7-Tools/tests/S7Tools.Core.Tests/bin/Debug/net8.0/testhost.dll".
         Copying file from "/home/runner/.nuget/packages/newtonsoft.json/13.0.1/lib/netstandard2.0/Newtonsoft.Json.dll" to "/home/runner/work/S7-Tools/S7-Tools/tests/S7Tools.Core.Tests/bin/Debug/net8.0/Newtonsoft.Json.dll".
         Copying file from "/home/runner/.nuget/packages/moq/4.20.70/lib/net6.0/Moq.dll" to "/home/runner/work/S7-Tools/S7-Tools/tests/S7Tools.Core.Tests/bin/Debug/net8.0/Moq.dll".
         Copying file from "/home/runner/.nuget/packages/system.configuration.configurationmanager/4.4.0/lib/netstandard2.0/System.Configuration.ConfigurationManager.dll" to "/home/runner/work/S7-Tools/S7-Tools/tests/S7Tools.Core.Tests/bin/Debug/net8.0/System.Configuration.ConfigurationManager.dll".
         Copying file from "/home/runner/.nuget/packages/system.security.cryptography.protecteddata/4.4.0/lib/netstandard2.0/System.Security.Cryptography.ProtectedData.dll" to "/home/runner/work/S7-Tools/S7-Tools/tests/S7Tools.Core.Tests/bin/Debug/net8.0/System.Security.Cryptography.ProtectedData.dll".
         Copying file from "/home/runner/.nuget/packages/xunit.abstractions/2.0.3/lib/netstandard2.0/xunit.abstractions.dll" to "/home/runner/work/S7-Tools/S7-Tools/tests/S7Tools.Core.Tests/bin/Debug/net8.0/xunit.abstractions.dll".
         Copying file from "/home/runner/.nuget/packages/xunit.assert/2.9.2/lib/net6.0/xunit.assert.dll" to "/home/runner/work/S7-Tools/S7-Tools/tests/S7Tools.Core.Tests/bin/Debug/net8.0/xunit.assert.dll".
         Copying file from "/home/runner/.nuget/packages/system.diagnostics.eventlog/6.0.0/lib/net6.0/System.Diagnostics.EventLog.dll" to "/home/runner/work/S7-Tools/S7-Tools/tests/S7Tools.Core.Tests/bin/Debug/net8.0/System.Diagnostics.EventLog.dll".
         Copying file from "/home/runner/.nuget/packages/xunit.extensibility.execution/2.9.2/lib/netstandard1.1/xunit.execution.dotnet.dll" to "/home/runner/work/S7-Tools/S7-Tools/tests/S7Tools.Core.Tests/bin/Debug/net8.0/xunit.execution.dotnet.dll".
         Creating directory "bin/Debug/net8.0/cs".
         Copying file from "/home/runner/.nuget/packages/microsoft.testplatform.objectmodel/17.12.0/lib/netcoreapp3.1/cs/Microsoft.TestPlatform.CoreUtilities.resources.dll" to "/home/runner/work/S7-Tools/S7-Tools/tests/S7Tools.Core.Tests/bin/Debug/net8.0/cs/Microsoft.TestPlatform.CoreUtilities.resources.dll".
         Copying file from "/home/runner/.nuget/packages/microsoft.testplatform.objectmodel/17.12.0/lib/netcoreapp3.1/cs/Microsoft.VisualStudio.TestPlatform.ObjectModel.resources.dll" to "/home/runner/work/S7-Tools/S7-Tools/tests/S7Tools.Core.Tests/bin/Debug/net8.0/cs/Microsoft.VisualStudio.TestPlatform.ObjectModel.resources.dll".
         Creating directory "bin/Debug/net8.0/de".
         Copying file from "/home/runner/.nuget/packages/microsoft.testplatform.objectmodel/17.12.0/lib/netcoreapp3.1/de/Microsoft.TestPlatform.CoreUtilities.resources.dll" to "/home/runner/work/S7-Tools/S7-Tools/tests/S7Tools.Core.Tests/bin/Debug/net8.0/de/Microsoft.TestPlatform.CoreUtilities.resources.dll".
         Copying file from "/home/runner/.nuget/packages/microsoft.testplatform.objectmodel/17.12.0/lib/netcoreapp3.1/de/Microsoft.VisualStudio.TestPlatform.ObjectModel.resources.dll" to "/home/runner/work/S7-Tools/S7-Tools/tests/S7Tools.Core.Tests/bin/Debug/net8.0/de/Microsoft.VisualStudio.TestPlatform.ObjectModel.resources.dll".
         Creating directory "bin/Debug/net8.0/es".
         Creating directory "bin/Debug/net8.0/es".
         Copying file from "/home/runner/.nuget/packages/microsoft.testplatform.objectmodel/17.12.0/lib/netcoreapp3.1/es/Microsoft.VisualStudio.TestPlatform.ObjectModel.resources.dll" to "/home/runner/work/S7-Tools/S7-Tools/tests/S7Tools.Core.Tests/bin/Debug/net8.0/es/Microsoft.VisualStudio.TestPlatform.ObjectModel.resources.dll".
         Copying file from "/home/runner/.nuget/packages/microsoft.testplatform.objectmodel/17.12.0/lib/netcoreapp3.1/es/Microsoft.TestPlatform.CoreUtilities.resources.dll" to "/home/runner/work/S7-Tools/S7-Tools/tests/S7Tools.Core.Tests/bin/Debug/net8.0/es/Microsoft.TestPlatform.CoreUtilities.resources.dll".
         Creating directory "bin/Debug/net8.0/fr".
         Copying file from "/home/runner/.nuget/packages/microsoft.testplatform.objectmodel/17.12.0/lib/netcoreapp3.1/fr/Microsoft.TestPlatform.CoreUtilities.resources.dll" to "/home/runner/work/S7-Tools/S7-Tools/tests/S7Tools.Core.Tests/bin/Debug/net8.0/fr/Microsoft.TestPlatform.CoreUtilities.resources.dll".
         Copying file from "/home/runner/.nuget/packages/microsoft.testplatform.objectmodel/17.12.0/lib/netcoreapp3.1/fr/Microsoft.VisualStudio.TestPlatform.ObjectModel.resources.dll" to "/home/runner/work/S7-Tools/S7-Tools/tests/S7Tools.Core.Tests/bin/Debug/net8.0/fr/Microsoft.VisualStudio.TestPlatform.ObjectModel.resources.dll".
         Creating directory "bin/Debug/net8.0/it".
         Creating directory "bin/Debug/net8.0/it".
         Copying file from "/home/runner/.nuget/packages/microsoft.testplatform.objectmodel/17.12.0/lib/netcoreapp3.1/it/Microsoft.TestPlatform.CoreUtilities.resources.dll" to "/home/runner/work/S7-Tools/S7-Tools/tests/S7Tools.Core.Tests/bin/Debug/net8.0/it/Microsoft.TestPlatform.CoreUtilities.resources.dll".
         Copying file from "/home/runner/.nuget/packages/microsoft.testplatform.objectmodel/17.12.0/lib/netcoreapp3.1/it/Microsoft.VisualStudio.TestPlatform.ObjectModel.resources.dll" to "/home/runner/work/S7-Tools/S7-Tools/tests/S7Tools.Core.Tests/bin/Debug/net8.0/it/Microsoft.VisualStudio.TestPlatform.ObjectModel.resources.dll".
         Creating directory "bin/Debug/net8.0/ja".
         Creating directory "bin/Debug/net8.0/ja".
         Copying file from "/home/runner/.nuget/packages/microsoft.testplatform.objectmodel/17.12.0/lib/netcoreapp3.1/ja/Microsoft.TestPlatform.CoreUtilities.resources.dll" to "/home/runner/work/S7-Tools/S7-Tools/tests/S7Tools.Core.Tests/bin/Debug/net8.0/ja/Microsoft.TestPlatform.CoreUtilities.resources.dll".
         Copying file from "/home/runner/.nuget/packages/microsoft.testplatform.objectmodel/17.12.0/lib/netcoreapp3.1/ja/Microsoft.VisualStudio.TestPlatform.ObjectModel.resources.dll" to "/home/runner/work/S7-Tools/S7-Tools/tests/S7Tools.Core.Tests/bin/Debug/net8.0/ja/Microsoft.VisualStudio.TestPlatform.ObjectModel.resources.dll".
         Creating directory "bin/Debug/net8.0/ko".
         Copying file from "/home/runner/.nuget/packages/microsoft.testplatform.objectmodel/17.12.0/lib/netcoreapp3.1/ko/Microsoft.TestPlatform.CoreUtilities.resources.dll" to "/home/runner/work/S7-Tools/S7-Tools/tests/S7Tools.Core.Tests/bin/Debug/net8.0/ko/Microsoft.TestPlatform.CoreUtilities.resources.dll".
         Creating directory "bin/Debug/net8.0/ko".
         Copying file from "/home/runner/.nuget/packages/microsoft.testplatform.objectmodel/17.12.0/lib/netcoreapp3.1/ko/Microsoft.VisualStudio.TestPlatform.ObjectModel.resources.dll" to "/home/runner/work/S7-Tools/S7-Tools/tests/S7Tools.Core.Tests/bin/Debug/net8.0/ko/Microsoft.VisualStudio.TestPlatform.ObjectModel.resources.dll".
         Copying file from "/home/runner/.nuget/packages/xunit.extensibility.core/2.9.2/lib/netstandard1.1/xunit.core.dll" to "/home/runner/work/S7-Tools/S7-Tools/tests/S7Tools.Core.Tests/bin/Debug/net8.0/xunit.core.dll".
         Creating directory "bin/Debug/net8.0/pl".
         Creating directory "bin/Debug/net8.0/pl".
         Copying file from "/home/runner/.nuget/packages/microsoft.testplatform.objectmodel/17.12.0/lib/netcoreapp3.1/pl/Microsoft.TestPlatform.CoreUtilities.resources.dll" to "/home/runner/work/S7-Tools/S7-Tools/tests/S7Tools.Core.Tests/bin/Debug/net8.0/pl/Microsoft.TestPlatform.CoreUtilities.resources.dll".
         Creating directory "bin/Debug/net8.0/pt-BR".
         Copying file from "/home/runner/.nuget/packages/microsoft.testplatform.objectmodel/17.12.0/lib/netcoreapp3.1/pl/Microsoft.VisualStudio.TestPlatform.ObjectModel.resources.dll" to "/home/runner/work/S7-Tools/S7-Tools/tests/S7Tools.Core.Tests/bin/Debug/net8.0/pl/Microsoft.VisualStudio.TestPlatform.ObjectModel.resources.dll".
         Copying file from "/home/runner/.nuget/packages/microsoft.testplatform.objectmodel/17.12.0/lib/netcoreapp3.1/pt-BR/Microsoft.TestPlatform.CoreUtilities.resources.dll" to "/home/runner/work/S7-Tools/S7-Tools/tests/S7Tools.Core.Tests/bin/Debug/net8.0/pt-BR/Microsoft.TestPlatform.CoreUtilities.resources.dll".
         Copying file from "/home/runner/.nuget/packages/microsoft.testplatform.objectmodel/17.12.0/lib/netcoreapp3.1/pt-BR/Microsoft.VisualStudio.TestPlatform.ObjectModel.resources.dll" to "/home/runner/work/S7-Tools/S7-Tools/tests/S7Tools.Core.Tests/bin/Debug/net8.0/pt-BR/Microsoft.VisualStudio.TestPlatform.ObjectModel.resources.dll".
         Creating directory "bin/Debug/net8.0/ru".
         Copying file from "/home/runner/.nuget/packages/microsoft.testplatform.objectmodel/17.12.0/lib/netcoreapp3.1/ru/Microsoft.TestPlatform.CoreUtilities.resources.dll" to "/home/runner/work/S7-Tools/S7-Tools/tests/S7Tools.Core.Tests/bin/Debug/net8.0/ru/Microsoft.TestPlatform.CoreUtilities.resources.dll".
         Copying file from "/home/runner/.nuget/packages/microsoft.testplatform.objectmodel/17.12.0/lib/netcoreapp3.1/ru/Microsoft.VisualStudio.TestPlatform.ObjectModel.resources.dll" to "/home/runner/work/S7-Tools/S7-Tools/tests/S7Tools.Core.Tests/bin/Debug/net8.0/ru/Microsoft.VisualStudio.TestPlatform.ObjectModel.resources.dll".
         Creating directory "bin/Debug/net8.0/tr".
         Copying file from "/home/runner/.nuget/packages/microsoft.testplatform.objectmodel/17.12.0/lib/netcoreapp3.1/tr/Microsoft.TestPlatform.CoreUtilities.resources.dll" to "/home/runner/work/S7-Tools/S7-Tools/tests/S7Tools.Core.Tests/bin/Debug/net8.0/tr/Microsoft.TestPlatform.CoreUtilities.resources.dll".
         Copying file from "/home/runner/.nuget/packages/microsoft.testplatform.objectmodel/17.12.0/lib/netcoreapp3.1/tr/Microsoft.VisualStudio.TestPlatform.ObjectModel.resources.dll" to "/home/runner/work/S7-Tools/S7-Tools/tests/S7Tools.Core.Tests/bin/Debug/net8.0/tr/Microsoft.VisualStudio.TestPlatform.ObjectModel.resources.dll".
         Creating directory "bin/Debug/net8.0/zh-Hans".
         Copying file from "/home/runner/.nuget/packages/microsoft.testplatform.objectmodel/17.12.0/lib/netcoreapp3.1/zh-Hans/Microsoft.TestPlatform.CoreUtilities.resources.dll" to "/home/runner/work/S7-Tools/S7-Tools/tests/S7Tools.Core.Tests/bin/Debug/net8.0/zh-Hans/Microsoft.TestPlatform.CoreUtilities.resources.dll".
         Copying file from "/home/runner/.nuget/packages/microsoft.testplatform.objectmodel/17.12.0/lib/netcoreapp3.1/zh-Hans/Microsoft.VisualStudio.TestPlatform.ObjectModel.resources.dll" to "/home/runner/work/S7-Tools/S7-Tools/tests/S7Tools.Core.Tests/bin/Debug/net8.0/zh-Hans/Microsoft.VisualStudio.TestPlatform.ObjectModel.resources.dll".
         Creating directory "bin/Debug/net8.0/zh-Hant".
         Copying file from "/home/runner/.nuget/packages/microsoft.testplatform.objectmodel/17.12.0/lib/netcoreapp3.1/zh-Hant/Microsoft.TestPlatform.CoreUtilities.resources.dll" to "/home/runner/work/S7-Tools/S7-Tools/tests/S7Tools.Core.Tests/bin/Debug/net8.0/zh-Hant/Microsoft.TestPlatform.CoreUtilities.resources.dll".
         Copying file from "/home/runner/.nuget/packages/microsoft.testplatform.objectmodel/17.12.0/lib/netcoreapp3.1/zh-Hant/Microsoft.VisualStudio.TestPlatform.ObjectModel.resources.dll" to "/home/runner/work/S7-Tools/S7-Tools/tests/S7Tools.Core.Tests/bin/Debug/net8.0/zh-Hant/Microsoft.VisualStudio.TestPlatform.ObjectModel.resources.dll".
         Copying file from "/home/runner/.nuget/packages/microsoft.testplatform.testhost/17.12.0/lib/netcoreapp3.1/cs/Microsoft.TestPlatform.CommunicationUtilities.resources.dll" to "/home/runner/work/S7-Tools/S7-Tools/tests/S7Tools.Core.Tests/bin/Debug/net8.0/cs/Microsoft.TestPlatform.CommunicationUtilities.resources.dll".
         Copying file from "/home/runner/.nuget/packages/microsoft.testplatform.testhost/17.12.0/lib/netcoreapp3.1/cs/Microsoft.TestPlatform.CrossPlatEngine.resources.dll" to "/home/runner/work/S7-Tools/S7-Tools/tests/S7Tools.Core.Tests/bin/Debug/net8.0/cs/Microsoft.TestPlatform.CrossPlatEngine.resources.dll".
         Copying file from "/home/runner/.nuget/packages/microsoft.testplatform.testhost/17.12.0/lib/netcoreapp3.1/cs/Microsoft.VisualStudio.TestPlatform.Common.resources.dll" to "/home/runner/work/S7-Tools/S7-Tools/tests/S7Tools.Core.Tests/bin/Debug/net8.0/cs/Microsoft.VisualStudio.TestPlatform.Common.resources.dll".
         Copying file from "/home/runner/.nuget/packages/microsoft.testplatform.testhost/17.12.0/lib/netcoreapp3.1/de/Microsoft.TestPlatform.CommunicationUtilities.resources.dll" to "/home/runner/work/S7-Tools/S7-Tools/tests/S7Tools.Core.Tests/bin/Debug/net8.0/de/Microsoft.TestPlatform.CommunicationUtilities.resources.dll".
         Copying file from "/home/runner/.nuget/packages/microsoft.testplatform.testhost/17.12.0/lib/netcoreapp3.1/de/Microsoft.TestPlatform.CrossPlatEngine.resources.dll" to "/home/runner/work/S7-Tools/S7-Tools/tests/S7Tools.Core.Tests/bin/Debug/net8.0/de/Microsoft.TestPlatform.CrossPlatEngine.resources.dll".
         Copying file from "/home/runner/.nuget/packages/microsoft.testplatform.testhost/17.12.0/lib/netcoreapp3.1/de/Microsoft.VisualStudio.TestPlatform.Common.resources.dll" to "/home/runner/work/S7-Tools/S7-Tools/tests/S7Tools.Core.Tests/bin/Debug/net8.0/de/Microsoft.VisualStudio.TestPlatform.Common.resources.dll".
         Copying file from "/home/runner/.nuget/packages/microsoft.testplatform.testhost/17.12.0/lib/netcoreapp3.1/es/Microsoft.TestPlatform.CommunicationUtilities.resources.dll" to "/home/runner/work/S7-Tools/S7-Tools/tests/S7Tools.Core.Tests/bin/Debug/net8.0/es/Microsoft.TestPlatform.CommunicationUtilities.resources.dll".
         Copying file from "/home/runner/.nuget/packages/microsoft.testplatform.testhost/17.12.0/lib/netcoreapp3.1/es/Microsoft.TestPlatform.CrossPlatEngine.resources.dll" to "/home/runner/work/S7-Tools/S7-Tools/tests/S7Tools.Core.Tests/bin/Debug/net8.0/es/Microsoft.TestPlatform.CrossPlatEngine.resources.dll".
         Copying file from "/home/runner/.nuget/packages/microsoft.testplatform.testhost/17.12.0/lib/netcoreapp3.1/es/Microsoft.VisualStudio.TestPlatform.Common.resources.dll" to "/home/runner/work/S7-Tools/S7-Tools/tests/S7Tools.Core.Tests/bin/Debug/net8.0/es/Microsoft.VisualStudio.TestPlatform.Common.resources.dll".
         Copying file from "/home/runner/.nuget/packages/microsoft.testplatform.testhost/17.12.0/lib/netcoreapp3.1/fr/Microsoft.TestPlatform.CrossPlatEngine.resources.dll" to "/home/runner/work/S7-Tools/S7-Tools/tests/S7Tools.Core.Tests/bin/Debug/net8.0/fr/Microsoft.TestPlatform.CrossPlatEngine.resources.dll".
         Copying file from "/home/runner/.nuget/packages/microsoft.testplatform.testhost/17.12.0/lib/netcoreapp3.1/fr/Microsoft.TestPlatform.CommunicationUtilities.resources.dll" to "/home/runner/work/S7-Tools/S7-Tools/tests/S7Tools.Core.Tests/bin/Debug/net8.0/fr/Microsoft.TestPlatform.CommunicationUtilities.resources.dll".
         Copying file from "/home/runner/.nuget/packages/microsoft.testplatform.testhost/17.12.0/lib/netcoreapp3.1/fr/Microsoft.VisualStudio.TestPlatform.Common.resources.dll" to "/home/runner/work/S7-Tools/S7-Tools/tests/S7Tools.Core.Tests/bin/Debug/net8.0/fr/Microsoft.VisualStudio.TestPlatform.Common.resources.dll".
         Copying file from "/home/runner/.nuget/packages/microsoft.testplatform.testhost/17.12.0/lib/netcoreapp3.1/it/Microsoft.TestPlatform.CommunicationUtilities.resources.dll" to "/home/runner/work/S7-Tools/S7-Tools/tests/S7Tools.Core.Tests/bin/Debug/net8.0/it/Microsoft.TestPlatform.CommunicationUtilities.resources.dll".
         Copying file from "/home/runner/.nuget/packages/microsoft.testplatform.testhost/17.12.0/lib/netcoreapp3.1/it/Microsoft.TestPlatform.CrossPlatEngine.resources.dll" to "/home/runner/work/S7-Tools/S7-Tools/tests/S7Tools.Core.Tests/bin/Debug/net8.0/it/Microsoft.TestPlatform.CrossPlatEngine.resources.dll".
         Copying file from "/home/runner/.nuget/packages/microsoft.testplatform.testhost/17.12.0/lib/netcoreapp3.1/it/Microsoft.VisualStudio.TestPlatform.Common.resources.dll" to "/home/runner/work/S7-Tools/S7-Tools/tests/S7Tools.Core.Tests/bin/Debug/net8.0/it/Microsoft.VisualStudio.TestPlatform.Common.resources.dll".
         Copying file from "/home/runner/.nuget/packages/microsoft.testplatform.testhost/17.12.0/lib/netcoreapp3.1/ja/Microsoft.TestPlatform.CommunicationUtilities.resources.dll" to "/home/runner/work/S7-Tools/S7-Tools/tests/S7Tools.Core.Tests/bin/Debug/net8.0/ja/Microsoft.TestPlatform.CommunicationUtilities.resources.dll".
         Copying file from "/home/runner/.nuget/packages/microsoft.testplatform.testhost/17.12.0/lib/netcoreapp3.1/ja/Microsoft.TestPlatform.CrossPlatEngine.resources.dll" to "/home/runner/work/S7-Tools/S7-Tools/tests/S7Tools.Core.Tests/bin/Debug/net8.0/ja/Microsoft.TestPlatform.CrossPlatEngine.resources.dll".
         Copying file from "/home/runner/.nuget/packages/microsoft.testplatform.testhost/17.12.0/lib/netcoreapp3.1/ja/Microsoft.VisualStudio.TestPlatform.Common.resources.dll" to "/home/runner/work/S7-Tools/S7-Tools/tests/S7Tools.Core.Tests/bin/Debug/net8.0/ja/Microsoft.VisualStudio.TestPlatform.Common.resources.dll".
         Copying file from "/home/runner/.nuget/packages/microsoft.testplatform.testhost/17.12.0/lib/netcoreapp3.1/ko/Microsoft.TestPlatform.CommunicationUtilities.resources.dll" to "/home/runner/work/S7-Tools/S7-Tools/tests/S7Tools.Core.Tests/bin/Debug/net8.0/ko/Microsoft.TestPlatform.CommunicationUtilities.resources.dll".
         Copying file from "/home/runner/.nuget/packages/microsoft.testplatform.testhost/17.12.0/lib/netcoreapp3.1/ko/Microsoft.VisualStudio.TestPlatform.Common.resources.dll" to "/home/runner/work/S7-Tools/S7-Tools/tests/S7Tools.Core.Tests/bin/Debug/net8.0/ko/Microsoft.VisualStudio.TestPlatform.Common.resources.dll".
         Copying file from "/home/runner/.nuget/packages/microsoft.testplatform.testhost/17.12.0/lib/netcoreapp3.1/ko/Microsoft.TestPlatform.CrossPlatEngine.resources.dll" to "/home/runner/work/S7-Tools/S7-Tools/tests/S7Tools.Core.Tests/bin/Debug/net8.0/ko/Microsoft.TestPlatform.CrossPlatEngine.resources.dll".
         Copying file from "/home/runner/.nuget/packages/microsoft.testplatform.testhost/17.12.0/lib/netcoreapp3.1/pl/Microsoft.TestPlatform.CommunicationUtilities.resources.dll" to "/home/runner/work/S7-Tools/S7-Tools/tests/S7Tools.Core.Tests/bin/Debug/net8.0/pl/Microsoft.TestPlatform.CommunicationUtilities.resources.dll".
         Copying file from "/home/runner/.nuget/packages/microsoft.testplatform.testhost/17.12.0/lib/netcoreapp3.1/pl/Microsoft.TestPlatform.CrossPlatEngine.resources.dll" to "/home/runner/work/S7-Tools/S7-Tools/tests/S7Tools.Core.Tests/bin/Debug/net8.0/pl/Microsoft.TestPlatform.CrossPlatEngine.resources.dll".
         Copying file from "/home/runner/.nuget/packages/microsoft.testplatform.testhost/17.12.0/lib/netcoreapp3.1/pl/Microsoft.VisualStudio.TestPlatform.Common.resources.dll" to "/home/runner/work/S7-Tools/S7-Tools/tests/S7Tools.Core.Tests/bin/Debug/net8.0/pl/Microsoft.VisualStudio.TestPlatform.Common.resources.dll".
         Copying file from "/home/runner/.nuget/packages/microsoft.testplatform.testhost/17.12.0/lib/netcoreapp3.1/pt-BR/Microsoft.TestPlatform.CrossPlatEngine.resources.dll" to "/home/runner/work/S7-Tools/S7-Tools/tests/S7Tools.Core.Tests/bin/Debug/net8.0/pt-BR/Microsoft.TestPlatform.CrossPlatEngine.resources.dll".
         Copying file from "/home/runner/.nuget/packages/microsoft.testplatform.testhost/17.12.0/lib/netcoreapp3.1/pt-BR/Microsoft.TestPlatform.CommunicationUtilities.resources.dll" to "/home/runner/work/S7-Tools/S7-Tools/tests/S7Tools.Core.Tests/bin/Debug/net8.0/pt-BR/Microsoft.TestPlatform.CommunicationUtilities.resources.dll".
         Copying file from "/home/runner/.nuget/packages/microsoft.testplatform.testhost/17.12.0/lib/netcoreapp3.1/pt-BR/Microsoft.VisualStudio.TestPlatform.Common.resources.dll" to "/home/runner/work/S7-Tools/S7-Tools/tests/S7Tools.Core.Tests/bin/Debug/net8.0/pt-BR/Microsoft.VisualStudio.TestPlatform.Common.resources.dll".
         Copying file from "/home/runner/.nuget/packages/microsoft.testplatform.testhost/17.12.0/lib/netcoreapp3.1/ru/Microsoft.TestPlatform.CommunicationUtilities.resources.dll" to "/home/runner/work/S7-Tools/S7-Tools/tests/S7Tools.Core.Tests/bin/Debug/net8.0/ru/Microsoft.TestPlatform.CommunicationUtilities.resources.dll".
         Copying file from "/home/runner/.nuget/packages/microsoft.testplatform.testhost/17.12.0/lib/netcoreapp3.1/tr/Microsoft.TestPlatform.CommunicationUtilities.resources.dll" to "/home/runner/work/S7-Tools/S7-Tools/tests/S7Tools.Core.Tests/bin/Debug/net8.0/tr/Microsoft.TestPlatform.CommunicationUtilities.resources.dll".
         Copying file from "/home/runner/.nuget/packages/microsoft.testplatform.testhost/17.12.0/lib/netcoreapp3.1/tr/Microsoft.TestPlatform.CrossPlatEngine.resources.dll" to "/home/runner/work/S7-Tools/S7-Tools/tests/S7Tools.Core.Tests/bin/Debug/net8.0/tr/Microsoft.TestPlatform.CrossPlatEngine.resources.dll".
         Copying file from "/home/runner/.nuget/packages/microsoft.testplatform.testhost/17.12.0/lib/netcoreapp3.1/ru/Microsoft.TestPlatform.CrossPlatEngine.resources.dll" to "/home/runner/work/S7-Tools/S7-Tools/tests/S7Tools.Core.Tests/bin/Debug/net8.0/ru/Microsoft.TestPlatform.CrossPlatEngine.resources.dll".
         Copying file from "/home/runner/.nuget/packages/microsoft.testplatform.testhost/17.12.0/lib/netcoreapp3.1/zh-Hans/Microsoft.TestPlatform.CommunicationUtilities.resources.dll" to "/home/runner/work/S7-Tools/S7-Tools/tests/S7Tools.Core.Tests/bin/Debug/net8.0/zh-Hans/Microsoft.TestPlatform.CommunicationUtilities.resources.dll".
         Copying file from "/home/runner/.nuget/packages/microsoft.testplatform.testhost/17.12.0/lib/netcoreapp3.1/zh-Hans/Microsoft.TestPlatform.CrossPlatEngine.resources.dll" to "/home/runner/work/S7-Tools/S7-Tools/tests/S7Tools.Core.Tests/bin/Debug/net8.0/zh-Hans/Microsoft.TestPlatform.CrossPlatEngine.resources.dll".
         Copying file from "/home/runner/.nuget/packages/microsoft.testplatform.testhost/17.12.0/lib/netcoreapp3.1/ru/Microsoft.VisualStudio.TestPlatform.Common.resources.dll" to "/home/runner/work/S7-Tools/S7-Tools/tests/S7Tools.Core.Tests/bin/Debug/net8.0/ru/Microsoft.VisualStudio.TestPlatform.Common.resources.dll".
         Copying file from "/home/runner/.nuget/packages/microsoft.testplatform.testhost/17.12.0/lib/netcoreapp3.1/zh-Hant/Microsoft.TestPlatform.CommunicationUtilities.resources.dll" to "/home/runner/work/S7-Tools/S7-Tools/tests/S7Tools.Core.Tests/bin/Debug/net8.0/zh-Hant/Microsoft.TestPlatform.CommunicationUtilities.resources.dll".
         Copying file from "/home/runner/.nuget/packages/microsoft.testplatform.testhost/17.12.0/lib/netcoreapp3.1/zh-Hant/Microsoft.TestPlatform.CrossPlatEngine.resources.dll" to "/home/runner/work/S7-Tools/S7-Tools/tests/S7Tools.Core.Tests/bin/Debug/net8.0/zh-Hant/Microsoft.TestPlatform.CrossPlatEngine.resources.dll".
         Copying file from "/home/runner/.nuget/packages/microsoft.testplatform.testhost/17.12.0/lib/netcoreapp3.1/zh-Hant/Microsoft.VisualStudio.TestPlatform.Common.resources.dll" to "/home/runner/work/S7-Tools/S7-Tools/tests/S7Tools.Core.Tests/bin/Debug/net8.0/zh-Hant/Microsoft.VisualStudio.TestPlatform.Common.resources.dll".
         Creating directory "bin/Debug/net8.0/runtimes/win/lib/net6.0".
         Copying file from "/home/runner/.nuget/packages/system.diagnostics.eventlog/6.0.0/runtimes/win/lib/net6.0/System.Diagnostics.EventLog.Messages.dll" to "/home/runner/work/S7-Tools/S7-Tools/tests/S7Tools.Core.Tests/bin/Debug/net8.0/runtimes/win/lib/net6.0/System.Diagnostics.EventLog.Messages.dll".
         Copying file from "/home/runner/.nuget/packages/microsoft.testplatform.testhost/17.12.0/lib/netcoreapp3.1/zh-Hans/Microsoft.VisualStudio.TestPlatform.Common.resources.dll" to "/home/runner/work/S7-Tools/S7-Tools/tests/S7Tools.Core.Tests/bin/Debug/net8.0/zh-Hans/Microsoft.VisualStudio.TestPlatform.Common.resources.dll".
         Copying file from "/home/runner/.nuget/packages/system.diagnostics.eventlog/6.0.0/runtimes/win/lib/net6.0/System.Diagnostics.EventLog.dll" to "/home/runner/work/S7-Tools/S7-Tools/tests/S7Tools.Core.Tests/bin/Debug/net8.0/runtimes/win/lib/net6.0/System.Diagnostics.EventLog.dll".
         Creating directory "bin/Debug/net8.0/runtimes/win/lib/netstandard2.0".
         Copying file from "/home/runner/.nuget/packages/system.security.cryptography.protecteddata/4.4.0/runtimes/win/lib/netstandard2.0/System.Security.Cryptography.ProtectedData.dll" to "/home/runner/work/S7-Tools/S7-Tools/tests/S7Tools.Core.Tests/bin/Debug/net8.0/runtimes/win/lib/netstandard2.0/System.Security.Cryptography.ProtectedData.dll".
         Copying file from "/home/runner/work/S7-Tools/S7-Tools/src/S7Tools.Core/bin/Debug/net8.0/S7Tools.Core.dll" to "/home/runner/work/S7-Tools/S7-Tools/tests/S7Tools.Core.Tests/bin/Debug/net8.0/S7Tools.Core.dll".
         Copying file from "/home/runner/work/S7-Tools/S7-Tools/src/S7Tools.Core/bin/Debug/net8.0/S7Tools.Core.pdb" to "/home/runner/work/S7-Tools/S7-Tools/tests/S7Tools.Core.Tests/bin/Debug/net8.0/S7Tools.Core.pdb".
         Copying file from "/home/runner/work/S7-Tools/S7-Tools/src/S7Tools.Core/bin/Debug/net8.0/S7Tools.Core.xml" to "/home/runner/work/S7-Tools/S7-Tools/tests/S7Tools.Core.Tests/bin/Debug/net8.0/S7Tools.Core.xml".
         Copying file from "/home/runner/.nuget/packages/microsoft.testplatform.testhost/17.12.0/lib/netcoreapp3.1/tr/Microsoft.VisualStudio.TestPlatform.Common.resources.dll" to "/home/runner/work/S7-Tools/S7-Tools/tests/S7Tools.Core.Tests/bin/Debug/net8.0/tr/Microsoft.VisualStudio.TestPlatform.Common.resources.dll".
         Creating "/home/runner/work/S7-Tools/S7-Tools/tests/S7Tools.Core.Tests/obj/Debug/net8.0/S7Tools..CB34901F.Up2Date" because "AlwaysCreate" was specified.
         Touching "/home/runner/work/S7-Tools/S7-Tools/tests/S7Tools.Core.Tests/obj/Debug/net8.0/S7Tools..CB34901F.Up2Date".
       _CopyOutOfDateSourceItemsToOutputDirectory:
         Copying file from "/home/runner/.nuget/packages/xunit.runner.visualstudio/2.8.2/build/net6.0/xunit.runner.visualstudio.testadapter.dll" to "/home/runner/work/S7-Tools/S7-Tools/tests/S7Tools.Core.Tests/bin/Debug/net8.0/xunit.runner.visualstudio.testadapter.dll".
         Copying file from "/home/runner/.nuget/packages/xunit.runner.visualstudio/2.8.2/build/net6.0/xunit.runner.reporters.netcoreapp10.dll" to "/home/runner/work/S7-Tools/S7-Tools/tests/S7Tools.Core.Tests/bin/Debug/net8.0/xunit.runner.reporters.netcoreapp10.dll".
         Copying file from "/home/runner/.nuget/packages/xunit.runner.visualstudio/2.8.2/build/net6.0/xunit.runner.utility.netcoreapp10.dll" to "/home/runner/work/S7-Tools/S7-Tools/tests/S7Tools.Core.Tests/bin/Debug/net8.0/xunit.runner.utility.netcoreapp10.dll".
       CopyFilesToOutputDirectory:
         Copying file from "/home/runner/work/S7-Tools/S7-Tools/tests/S7Tools.Core.Tests/obj/Debug/net8.0/S7Tools.Core.Tests.dll" to "/home/runner/work/S7-Tools/S7-Tools/tests/S7Tools.Core.Tests/bin/Debug/net8.0/S7Tools.Core.Tests.dll".
         Copying reference assembly from "obj/Debug/net8.0/refint/S7Tools.Core.Tests.dll" to "/home/runner/work/S7-Tools/S7-Tools/tests/S7Tools.Core.Tests/obj/Debug/net8.0/ref/S7Tools.Core.Tests.dll".
         S7Tools.Core.Tests -> /home/runner/work/S7-Tools/S7-Tools/tests/S7Tools.Core.Tests/bin/Debug/net8.0/S7Tools.Core.Tests.dll
         Copying file from "/home/runner/work/S7-Tools/S7-Tools/tests/S7Tools.Core.Tests/obj/Debug/net8.0/S7Tools.Core.Tests.pdb" to "/home/runner/work/S7-Tools/S7-Tools/tests/S7Tools.Core.Tests/bin/Debug/net8.0/S7Tools.Core.Tests.pdb".
         Copying file from "/home/runner/work/S7-Tools/S7-Tools/tests/S7Tools.Core.Tests/obj/Debug/net8.0/S7Tools.Core.Tests.xml" to "/home/runner/work/S7-Tools/S7-Tools/tests/S7Tools.Core.Tests/bin/Debug/net8.0/S7Tools.Core.Tests.xml".
     3>Done Building Project "/home/runner/work/S7-Tools/S7-Tools/tests/S7Tools.Core.Tests/S7Tools.Core.Tests.csproj" (default targets).
     7>_GenerateAvaloniaResourcesDependencyCache:
         Creating directory "obj/Debug/net8.0//Avalonia".
       _GenerateSourceLinkFile:
         Updating Source Link file 'obj/Debug/net8.0/S7Tools.Tests.sourcelink.json'.
       CoreCompile:
         /usr/share/dotnet/dotnet exec "/usr/share/dotnet/sdk/9.0.305/Roslyn/bincore/csc.dll" /noconfig /unsafe- /checked- /nowarn:1701,1702,1701,1702 /fullpaths /nostdlib+ /errorreport:prompt /warn:8 /doc:obj/Debug/net8.0/S7Tools.Tests.xml /define:TRACE;DEBUG;NET;NET8_0;NETCOREAPP;NET5_0_OR_GREATER;NET6_0_OR_GREATER;NET7_0_OR_GREATER;NET8_0_OR_GREATER;NETCOREAPP1_0_OR_GREATER;NETCOREAPP1_1_OR_GREATER;NETCOREAPP2_0_OR_GREATER;NETCOREAPP2_1_OR_GREATER;NETCOREAPP2_2_OR_GREATER;NETCOREAPP3_0_OR_GREATER;NETCOREAPP3_1_OR_GREATER /highentropyva+ /nullable:enable /reference:/home/runner/.nuget/packages/avalonia/11.3.6/ref/net8.0/Avalonia.Base.dll /reference:/home/runner/.nuget/packages/avalonia.controls.colorpicker/11.3.6/lib/net8.0/Avalonia.Controls.ColorPicker.dll /reference:/home/runner/.nuget/packages/avalonia.controls.datagrid/11.3.6/lib/net8.0/Avalonia.Controls.DataGrid.dll /reference:/home/runner/.nuget/packages/avalonia/11.3.6/ref/net8.0/Avalonia.Controls.dll /reference:/home/runner/.nuget/packages/avalonia/11.3.6/ref/net8.0/Avalonia.DesignerSupport.dll /reference:/home/runner/.nuget/packages/avalonia.desktop/11.3.6/lib/net8.0/Avalonia.Desktop.dll /reference:/home/runner/.nuget/packages/avalonia.diagnostics/11.3.6/lib/net8.0/Avalonia.Diagnostics.dll /reference:/home/runner/.nuget/packages/avalonia/11.3.6/ref/net8.0/Avalonia.Dialogs.dll /reference:/home/runner/.nuget/packages/avalonia/11.3.6/ref/net8.0/Avalonia.dll /reference:/home/runner/.nuget/packages/avalonia.fonts.inter/11.3.6/lib/net8.0/Avalonia.Fonts.Inter.dll /reference:/home/runner/.nuget/packages/avalonia.freedesktop/11.3.6/lib/net8.0/Avalonia.FreeDesktop.dll /reference:/home/runner/.nuget/packages/avalonia/11.3.6/ref/net8.0/Avalonia.Markup.dll /reference:/home/runner/.nuget/packages/avalonia/11.3.6/ref/net8.0/Avalonia.Markup.Xaml.dll /reference:/home/runner/.nuget/packages/avalonia/11.3.6/ref/net8.0/Avalonia.Metal.dll /reference:/home/runner/.nuget/packages/avalonia/11.3.6/ref/net8.0/Avalonia.MicroCom.dll /reference:/home/runner/.nuget/packages/avalonia.native/11.3.6/lib/net8.0/Avalonia.Native.dll /reference:/home/runner/.nuget/packages/avalonia/11.3.6/ref/net8.0/Avalonia.OpenGL.dll /reference:/home/runner/.nuget/packages/avalonia.reactiveui/11.3.6/lib/net8.0/Avalonia.ReactiveUI.dll /reference:/home/runner/.nuget/packages/avalonia.remote.protocol/11.3.6/lib/net8.0/Avalonia.Remote.Protocol.dll /reference:/home/runner/.nuget/packages/avalonia.skia/11.3.6/lib/net8.0/Avalonia.Skia.dll /reference:/home/runner/.nuget/packages/avalonia.themes.fluent/11.3.6/lib/net8.0/Avalonia.Themes.Fluent.dll /reference:/home/runner/.nuget/packages/avalonia.themes.simple/11.3.6/lib/net8.0/Avalonia.Themes.Simple.dll /reference:/home/runner/.nuget/packages/avalonia/11.3.6/ref/net8.0/Avalonia.Vulkan.dll /reference:/home/runner/.nuget/packages/avalonia.win32/11.3.6/lib/net8.0/Avalonia.Win32.Automation.dll /reference:/home/runner/.nuget/packages/avalonia.win32/11.3.6/lib/net8.0/Avalonia.Win32.dll /reference:/home/runner/.nuget/packages/avalonia.x11/11.3.6/lib/net8.0/Avalonia.X11.dll /reference:/home/runner/.nuget/packages/avalonia.xaml.interactivity/11.3.0.6/lib/net8.0/Avalonia.Xaml.Interactivity.dll /reference:/home/runner/.nuget/packages/castle.core/5.1.1/lib/net6.0/Castle.Core.dll /reference:/home/runner/.nuget/packages/communitytoolkit.mvvm/8.2.0/lib/net6.0/CommunityToolkit.Mvvm.dll /reference:/home/runner/.nuget/packages/dynamicdata/8.4.1/lib/net8.0/DynamicData.dll /reference:/home/runner/.nuget/packages/fluentassertions/6.12.0/lib/net6.0/FluentAssertions.dll /reference:/home/runner/.nuget/packages/fluentavaloniaui/2.4.0/lib/net6.0/FluentAvalonia.dll /reference:/home/runner/.nuget/packages/harfbuzzsharp/8.3.1.1/lib/net8.0/HarfBuzzSharp.dll /reference:/home/runner/.nuget/packages/microcom.runtime/0.11.0/lib/net5.0/MicroCom.Runtime.dll /reference:/usr/share/dotnet/packs/Microsoft.NETCore.App.Ref/8.0.20/ref/net8.0/Microsoft.CSharp.dll /reference:/home/runner/.nuget/packages/microsoft.extensions.dependencyinjection.abstractions/8.0.0/lib/net8.0/Microsoft.Extensions.DependencyInjection.Abstractions.dll /reference:/home/runner/.nuget/packages/microsoft.extensions.dependencyinjection/8.0.0/lib/net8.0/Microsoft.Extensions.DependencyInjection.dll /reference:/home/runner/.nuget/packages/microsoft.extensions.logging.abstractions/8.0.0/lib/net8.0/Microsoft.Extensions.Logging.Abstractions.dll /reference:/home/runner/.nuget/packages/microsoft.extensions.logging/8.0.0/lib/net8.0/Microsoft.Extensions.Logging.dll /reference:/home/runner/.nuget/packages/microsoft.extensions.options/8.0.0/lib/net8.0/Microsoft.Extensions.Options.dll /reference:/home/runner/.nuget/packages/microsoft.extensions.primitives/8.0.0/lib/net8.0/Microsoft.Extensions.Primitives.dll /reference:/home/runner/.nuget/packages/microsoft.testplatform.testhost/17.12.0/lib/netcoreapp3.1/Microsoft.TestPlatform.CommunicationUtilities.dll /reference:/home/runner/.nuget/packages/microsoft.testplatform.testhost/17.12.0/lib/netcoreapp3.1/Microsoft.TestPlatform.CoreUtilities.dll /reference:/home/runner/.nuget/packages/microsoft.testplatform.testhost/17.12.0/lib/netcoreapp3.1/Microsoft.TestPlatform.CrossPlatEngine.dll /reference:/home/runner/.nuget/packages/microsoft.testplatform.testhost/17.12.0/lib/netcoreapp3.1/Microsoft.TestPlatform.PlatformAbstractions.dll /reference:/home/runner/.nuget/packages/microsoft.testplatform.testhost/17.12.0/lib/netcoreapp3.1/Microsoft.TestPlatform.Utilities.dll /reference:/usr/share/dotnet/packs/Microsoft.NETCore.App.Ref/8.0.20/ref/net8.0/Microsoft.VisualBasic.Core.dll /reference:/usr/share/dotnet/packs/Microsoft.NETCore.App.Ref/8.0.20/ref/net8.0/Microsoft.VisualBasic.dll /reference:/home/runner/.nuget/packages/microsoft.codecoverage/17.12.0/lib/netcoreapp3.1/Microsoft.VisualStudio.CodeCoverage.Shim.dll /reference:/home/runner/.nuget/packages/microsoft.testplatform.testhost/17.12.0/lib/netcoreapp3.1/Microsoft.VisualStudio.TestPlatform.Common.dll /reference:/home/runner/.nuget/packages/microsoft.testplatform.testhost/17.12.0/lib/netcoreapp3.1/Microsoft.VisualStudio.TestPlatform.ObjectModel.dll /reference:/usr/share/dotnet/packs/Microsoft.NETCore.App.Ref/8.0.20/ref/net8.0/Microsoft.Win32.Primitives.dll /reference:/usr/share/dotnet/packs/Microsoft.NETCore.App.Ref/8.0.20/ref/net8.0/Microsoft.Win32.Registry.dll /reference:/home/runner/.nuget/packages/moq/4.20.70/lib/net6.0/Moq.dll /reference:/usr/share/dotnet/packs/Microsoft.NETCore.App.Ref/8.0.20/ref/net8.0/mscorlib.dll /reference:/usr/share/dotnet/packs/Microsoft.NETCore.App.Ref/8.0.20/ref/net8.0/netstandard.dll /reference:/home/runner/.nuget/packages/newtonsoft.json/13.0.1/lib/netstandard2.0/Newtonsoft.Json.dll /reference:/home/runner/.nuget/packages/nsubstitute/5.1.0/lib/net6.0/NSubstitute.dll /reference:/home/runner/.nuget/packages/projektanker.icons.avalonia/9.6.2/lib/netstandard2.0/Projektanker.Icons.Avalonia.dll /reference:/home/runner/.nuget/packages/projektanker.icons.avalonia.fontawesome/9.6.2/lib/netstandard2.0/Projektanker.Icons.Avalonia.FontAwesome.dll /reference:/home/runner/.nuget/packages/reactiveui/20.1.1/lib/net8.0/ReactiveUI.dll /reference:/home/runner/work/S7-Tools/S7-Tools/src/S7Tools.Core/obj/Debug/net8.0/ref/S7Tools.Core.dll /reference:/home/runner/work/S7-Tools/S7-Tools/src/S7Tools/obj/Debug/net8.0/ref/S7Tools.dll /reference:/home/runner/work/S7-Tools/S7-Tools/src/S7Tools.Infrastructure.Logging/obj/Debug/net8.0/ref/S7Tools.Infrastructure.Logging.dll /reference:/home/runner/.nuget/packages/skiasharp/2.88.9/lib/net6.0/SkiaSharp.dll /reference:/home/runner/.nuget/packages/splat/15.1.1/lib/net8.0/Splat.dll /reference:/home/runner/.nuget/packages/splat.microsoft.extensions.dependencyinjection/14.8.6/lib/net7.0/Splat.Microsoft.Extensions.DependencyInjection.dll /reference:/usr/share/dotnet/packs/Microsoft.NETCore.App.Ref/8.0.20/ref/net8.0/System.AppContext.dll /reference:/usr/share/dotnet/packs/Microsoft.NETCore.App.Ref/8.0.20/ref/net8.0/System.Buffers.dll /reference:/usr/share/dotnet/packs/Microsoft.NETCore.App.Ref/8.0.20/ref/net8.0/System.Collections.Concurrent.dll /reference:/usr/share/dotnet/packs/Microsoft.NETCore.App.Ref/8.0.20/ref/net8.0/System.Collections.dll /reference:/usr/share/dotnet/packs/Microsoft.NETCore.App.Ref/8.0.20/ref/net8.0/System.Collections.Immutable.dll /reference:/usr/share/dotnet/packs/Microsoft.NETCore.App.Ref/8.0.20/ref/net8.0/System.Collections.NonGeneric.dll /reference:/usr/share/dotnet/packs/Microsoft.NETCore.App.Ref/8.0.20/ref/net8.0/System.Collections.Specialized.dll /reference:/usr/share/dotnet/packs/Microsoft.NETCore.App.Ref/8.0.20/ref/net8.0/System.ComponentModel.Annotations.dll /reference:/usr/share/dotnet/packs/Microsoft.NETCore.App.Ref/8.0.20/ref/net8.0/System.ComponentModel.DataAnnotations.dll /reference:/usr/share/dotnet/packs/Microsoft.NETCore.App.Ref/8.0.20/ref/net8.0/System.ComponentModel.dll /reference:/usr/share/dotnet/packs/Microsoft.NETCore.App.Ref/8.0.20/ref/net8.0/System.ComponentModel.EventBasedAsync.dll /reference:/usr/share/dotnet/packs/Microsoft.NETCore.App.Ref/8.0.20/ref/net8.0/System.ComponentModel.Primitives.dll /reference:/usr/share/dotnet/packs/Microsoft.NETCore.App.Ref/8.0.20/ref/net8.0/System.ComponentModel.TypeConverter.dll /reference:/home/runner/.nuget/packages/system.configuration.configurationmanager/4.4.0/ref/netstandard2.0/System.Configuration.ConfigurationManager.dll /reference:/usr/share/dotnet/packs/Microsoft.NETCore.App.Ref/8.0.20/ref/net8.0/System.Configuration.dll /reference:/usr/share/dotnet/packs/Microsoft.NETCore.App.Ref/8.0.20/ref/net8.0/System.Console.dll /reference:/usr/share/dotnet/packs/Microsoft.NETCore.App.Ref/8.0.20/ref/net8.0/System.Core.dll /reference:/usr/share/dotnet/packs/Microsoft.NETCore.App.Ref/8.0.20/ref/net8.0/System.Data.Common.dll /reference:/usr/share/dotnet/packs/Microsoft.NETCore.App.Ref/8.0.20/ref/net8.0/System.Data.DataSetExtensions.dll /reference:/usr/share/dotnet/packs/Microsoft.NETCore.App.Ref/8.0.20/ref/net8.0/System.Data.dll /reference:/usr/share/dotnet/packs/Microsoft.NETCore.App.Ref/8.0.20/ref/net8.0/System.Diagnostics.Contracts.dll /reference:/usr/share/dotnet/packs/Microsoft.NETCore.App.Ref/8.0.20/ref/net8.0/System.Diagnostics.Debug.dll /reference:/usr/share/dotnet/packs/Microsoft.NETCore.App.Ref/8.0.20/ref/net8.0/System.Diagnostics.DiagnosticSource.dll /reference:/home/runner/.nuget/packages/system.diagnostics.eventlog/6.0.0/lib/net6.0/System.Diagnostics.EventLog.dll /reference:/usr/share/dotnet/packs/Microsoft.NETCore.App.Ref/8.0.20/ref/net8.0/System.Diagnostics.FileVersionInfo.dll /reference:/usr/share/dotnet/packs/Microsoft.NETCore.App.Ref/8.0.20/ref/net8.0/System.Diagnostics.Process.dll /reference:/usr/share/dotnet/packs/Microsoft.NETCore.App.Ref/8.0.20/ref/net8.0/System.Diagnostics.StackTrace.dll /reference:/usr/share/dotnet/packs/Microsoft.NETCore.App.Ref/8.0.20/ref/net8.0/System.Diagnostics.TextWriterTraceListener.dll /reference:/usr/share/dotnet/packs/Microsoft.NETCore.App.Ref/8.0.20/ref/net8.0/System.Diagnostics.Tools.dll /reference:/usr/share/dotnet/packs/Microsoft.NETCore.App.Ref/8.0.20/ref/net8.0/System.Diagnostics.TraceSource.dll /reference:/usr/share/dotnet/packs/Microsoft.NETCore.App.Ref/8.0.20/ref/net8.0/System.Diagnostics.Tracing.dll /reference:/usr/share/dotnet/packs/Microsoft.NETCore.App.Ref/8.0.20/ref/net8.0/System.dll /reference:/usr/share/dotnet/packs/Microsoft.NETCore.App.Ref/8.0.20/ref/net8.0/System.Drawing.dll /reference:/usr/share/dotnet/packs/Microsoft.NETCore.App.Ref/8.0.20/ref/net8.0/System.Drawing.Primitives.dll /reference:/usr/share/dotnet/packs/Microsoft.NETCore.App.Ref/8.0.20/ref/net8.0/System.Dynamic.Runtime.dll /reference:/usr/share/dotnet/packs/Microsoft.NETCore.App.Ref/8.0.20/ref/net8.0/System.Formats.Asn1.dll /reference:/usr/share/dotnet/packs/Microsoft.NETCore.App.Ref/8.0.20/ref/net8.0/System.Formats.Tar.dll /reference:/usr/share/dotnet/packs/Microsoft.NETCore.App.Ref/8.0.20/ref/net8.0/System.Globalization.Calendars.dll /reference:/usr/share/dotnet/packs/Microsoft.NETCore.App.Ref/8.0.20/ref/net8.0/System.Globalization.dll /reference:/usr/share/dotnet/packs/Microsoft.NETCore.App.Ref/8.0.20/ref/net8.0/System.Globalization.Extensions.dll /reference:/usr/share/dotnet/packs/Microsoft.NETCore.App.Ref/8.0.20/ref/net8.0/System.IO.Compression.Brotli.dll /reference:/usr/share/dotnet/packs/Microsoft.NETCore.App.Ref/8.0.20/ref/net8.0/System.IO.Compression.dll /reference:/usr/share/dotnet/packs/Microsoft.NETCore.App.Ref/8.0.20/ref/net8.0/System.IO.Compression.FileSystem.dll /reference:/usr/share/dotnet/packs/Microsoft.NETCore.App.Ref/8.0.20/ref/net8.0/System.IO.Compression.ZipFile.dll /reference:/usr/share/dotnet/packs/Microsoft.NETCore.App.Ref/8.0.20/ref/net8.0/System.IO.dll /reference:/usr/share/dotnet/packs/Microsoft.NETCore.App.Ref/8.0.20/ref/net8.0/System.IO.FileSystem.AccessControl.dll /reference:/usr/share/dotnet/packs/Microsoft.NETCore.App.Ref/8.0.20/ref/net8.0/System.IO.FileSystem.dll /reference:/usr/share/dotnet/packs/Microsoft.NETCore.App.Ref/8.0.20/ref/net8.0/System.IO.FileSystem.DriveInfo.dll /reference:/usr/share/dotnet/packs/Microsoft.NETCore.App.Ref/8.0.20/ref/net8.0/System.IO.FileSystem.Primitives.dll /reference:/usr/share/dotnet/packs/Microsoft.NETCore.App.Ref/8.0.20/ref/net8.0/System.IO.FileSystem.Watcher.dll /reference:/usr/share/dotnet/packs/Microsoft.NETCore.App.Ref/8.0.20/ref/net8.0/System.IO.IsolatedStorage.dll /reference:/usr/share/dotnet/packs/Microsoft.NETCore.App.Ref/8.0.20/ref/net8.0/System.IO.MemoryMappedFiles.dll /reference:/home/runner/.nuget/packages/system.io.pipelines/9.0.4/lib/net8.0/System.IO.Pipelines.dll /reference:/usr/share/dotnet/packs/Microsoft.NETCore.App.Ref/8.0.20/ref/net8.0/System.IO.Pipes.AccessControl.dll /reference:/usr/share/dotnet/packs/Microsoft.NETCore.App.Ref/8.0.20/ref/net8.0/System.IO.Pipes.dll /reference:/usr/share/dotnet/packs/Microsoft.NETCore.App.Ref/8.0.20/ref/net8.0/System.IO.UnmanagedMemoryStream.dll /reference:/usr/share/dotnet/packs/Microsoft.NETCore.App.Ref/8.0.20/ref/net8.0/System.Linq.dll /reference:/usr/share/dotnet/packs/Microsoft.NETCore.App.Ref/8.0.20/ref/net8.0/System.Linq.Expressions.dll /reference:/usr/share/dotnet/packs/Microsoft.NETCore.App.Ref/8.0.20/ref/net8.0/System.Linq.Parallel.dll /reference:/usr/share/dotnet/packs/Microsoft.NETCore.App.Ref/8.0.20/ref/net8.0/System.Linq.Queryable.dll /reference:/usr/share/dotnet/packs/Microsoft.NETCore.App.Ref/8.0.20/ref/net8.0/System.Memory.dll /reference:/usr/share/dotnet/packs/Microsoft.NETCore.App.Ref/8.0.20/ref/net8.0/System.Net.dll /reference:/usr/share/dotnet/packs/Microsoft.NETCore.App.Ref/8.0.20/ref/net8.0/System.Net.Http.dll /reference:/usr/share/dotnet/packs/Microsoft.NETCore.App.Ref/8.0.20/ref/net8.0/System.Net.Http.Json.dll /reference:/usr/share/dotnet/packs/Microsoft.NETCore.App.Ref/8.0.20/ref/net8.0/System.Net.HttpListener.dll /reference:/usr/share/dotnet/packs/Microsoft.NETCore.App.Ref/8.0.20/ref/net8.0/System.Net.Mail.dll /reference:/usr/share/dotnet/packs/Microsoft.NETCore.App.Ref/8.0.20/ref/net8.0/System.Net.NameResolution.dll /reference:/usr/share/dotnet/packs/Microsoft.NETCore.App.Ref/8.0.20/ref/net8.0/System.Net.NetworkInformation.dll /reference:/usr/share/dotnet/packs/Microsoft.NETCore.App.Ref/8.0.20/ref/net8.0/System.Net.Ping.dll /reference:/usr/share/dotnet/packs/Microsoft.NETCore.App.Ref/8.0.20/ref/net8.0/System.Net.Primitives.dll /reference:/usr/share/dotnet/packs/Microsoft.NETCore.App.Ref/8.0.20/ref/net8.0/System.Net.Quic.dll /reference:/usr/share/dotnet/packs/Microsoft.NETCore.App.Ref/8.0.20/ref/net8.0/System.Net.Requests.dll /reference:/usr/share/dotnet/packs/Microsoft.NETCore.App.Ref/8.0.20/ref/net8.0/System.Net.Security.dll /reference:/usr/share/dotnet/packs/Microsoft.NETCore.App.Ref/8.0.20/ref/net8.0/System.Net.ServicePoint.dll /reference:/usr/share/dotnet/packs/Microsoft.NETCore.App.Ref/8.0.20/ref/net8.0/System.Net.Sockets.dll /reference:/usr/share/dotnet/packs/Microsoft.NETCore.App.Ref/8.0.20/ref/net8.0/System.Net.WebClient.dll /reference:/usr/share/dotnet/packs/Microsoft.NETCore.App.Ref/8.0.20/ref/net8.0/System.Net.WebHeaderCollection.dll /reference:/usr/share/dotnet/packs/Microsoft.NETCore.App.Ref/8.0.20/ref/net8.0/System.Net.WebProxy.dll /reference:/usr/share/dotnet/packs/Microsoft.NETCore.App.Ref/8.0.20/ref/net8.0/System.Net.WebSockets.Client.dll /reference:/usr/share/dotnet/packs/Microsoft.NETCore.App.Ref/8.0.20/ref/net8.0/System.Net.WebSockets.dll /reference:/usr/share/dotnet/packs/Microsoft.NETCore.App.Ref/8.0.20/ref/net8.0/System.Numerics.dll /reference:/usr/share/dotnet/packs/Microsoft.NETCore.App.Ref/8.0.20/ref/net8.0/System.Numerics.Vectors.dll /reference:/usr/share/dotnet/packs/Microsoft.NETCore.App.Ref/8.0.20/ref/net8.0/System.ObjectModel.dll /reference:/home/runner/.nuget/packages/system.reactive/6.0.1/lib/net6.0/System.Reactive.dll /reference:/usr/share/dotnet/packs/Microsoft.NETCore.App.Ref/8.0.20/ref/net8.0/System.Reflection.DispatchProxy.dll /reference:/usr/share/dotnet/packs/Microsoft.NETCore.App.Ref/8.0.20/ref/net8.0/System.Reflection.dll /reference:/usr/share/dotnet/packs/Microsoft.NETCore.App.Ref/8.0.20/ref/net8.0/System.Reflection.Emit.dll /reference:/usr/share/dotnet/packs/Microsoft.NETCore.App.Ref/8.0.20/ref/net8.0/System.Reflection.Emit.ILGeneration.dll /reference:/usr/share/dotnet/packs/Microsoft.NETCore.App.Ref/8.0.20/ref/net8.0/System.Reflection.Emit.Lightweight.dll /reference:/usr/share/dotnet/packs/Microsoft.NETCore.App.Ref/8.0.20/ref/net8.0/System.Reflection.Extensions.dll /reference:/usr/share/dotnet/packs/Microsoft.NETCore.App.Ref/8.0.20/ref/net8.0/System.Reflection.Metadata.dll /reference:/usr/share/dotnet/packs/Microsoft.NETCore.App.Ref/8.0.20/ref/net8.0/System.Reflection.Primitives.dll /reference:/usr/share/dotnet/packs/Microsoft.NETCore.App.Ref/8.0.20/ref/net8.0/System.Reflection.TypeExtensions.dll /reference:/usr/share/dotnet/packs/Microsoft.NETCore.App.Ref/8.0.20/ref/net8.0/System.Resources.Reader.dll /reference:/usr/share/dotnet/packs/Microsoft.NETCore.App.Ref/8.0.20/ref/net8.0/System.Resources.ResourceManager.dll /reference:/usr/share/dotnet/packs/Microsoft.NETCore.App.Ref/8.0.20/ref/net8.0/System.Resources.Writer.dll /reference:/usr/share/dotnet/packs/Microsoft.NETCore.App.Ref/8.0.20/ref/net8.0/System.Runtime.CompilerServices.Unsafe.dll /reference:/usr/share/dotnet/packs/Microsoft.NETCore.App.Ref/8.0.20/ref/net8.0/System.Runtime.CompilerServices.VisualC.dll /reference:/usr/share/dotnet/packs/Microsoft.NETCore.App.Ref/8.0.20/ref/net8.0/System.Runtime.dll /reference:/usr/share/dotnet/packs/Microsoft.NETCore.App.Ref/8.0.20/ref/net8.0/System.Runtime.Extensions.dll /reference:/usr/share/dotnet/packs/Microsoft.NETCore.App.Ref/8.0.20/ref/net8.0/System.Runtime.Handles.dll /reference:/usr/share/dotnet/packs/Microsoft.NETCore.App.Ref/8.0.20/ref/net8.0/System.Runtime.InteropServices.dll /reference:/usr/share/dotnet/packs/Microsoft.NETCore.App.Ref/8.0.20/ref/net8.0/System.Runtime.InteropServices.JavaScript.dll /reference:/usr/share/dotnet/packs/Microsoft.NETCore.App.Ref/8.0.20/ref/net8.0/System.Runtime.InteropServices.RuntimeInformation.dll /reference:/usr/share/dotnet/packs/Microsoft.NETCore.App.Ref/8.0.20/ref/net8.0/System.Runtime.Intrinsics.dll /reference:/usr/share/dotnet/packs/Microsoft.NETCore.App.Ref/8.0.20/ref/net8.0/System.Runtime.Loader.dll /reference:/usr/share/dotnet/packs/Microsoft.NETCore.App.Ref/8.0.20/ref/net8.0/System.Runtime.Numerics.dll /reference:/usr/share/dotnet/packs/Microsoft.NETCore.App.Ref/8.0.20/ref/net8.0/System.Runtime.Serialization.dll /reference:/usr/share/dotnet/packs/Microsoft.NETCore.App.Ref/8.0.20/ref/net8.0/System.Runtime.Serialization.Formatters.dll /reference:/usr/share/dotnet/packs/Microsoft.NETCore.App.Ref/8.0.20/ref/net8.0/System.Runtime.Serialization.Json.dll /reference:/usr/share/dotnet/packs/Microsoft.NETCore.App.Ref/8.0.20/ref/net8.0/System.Runtime.Serialization.Primitives.dll /reference:/usr/share/dotnet/packs/Microsoft.NETCore.App.Ref/8.0.20/ref/net8.0/System.Runtime.Serialization.Xml.dll /reference:/usr/share/dotnet/packs/Microsoft.NETCore.App.Ref/8.0.20/ref/net8.0/System.Security.AccessControl.dll /reference:/usr/share/dotnet/packs/Microsoft.NETCore.App.Ref/8.0.20/ref/net8.0/System.Security.Claims.dll /reference:/usr/share/dotnet/packs/Microsoft.NETCore.App.Ref/8.0.20/ref/net8.0/System.Security.Cryptography.Algorithms.dll /reference:/usr/share/dotnet/packs/Microsoft.NETCore.App.Ref/8.0.20/ref/net8.0/System.Security.Cryptography.Cng.dll /reference:/usr/share/dotnet/packs/Microsoft.NETCore.App.Ref/8.0.20/ref/net8.0/System.Security.Cryptography.Csp.dll /reference:/usr/share/dotnet/packs/Microsoft.NETCore.App.Ref/8.0.20/ref/net8.0/System.Security.Cryptography.dll /reference:/usr/share/dotnet/packs/Microsoft.NETCore.App.Ref/8.0.20/ref/net8.0/System.Security.Cryptography.Encoding.dll /reference:/usr/share/dotnet/packs/Microsoft.NETCore.App.Ref/8.0.20/ref/net8.0/System.Security.Cryptography.OpenSsl.dll /reference:/usr/share/dotnet/packs/Microsoft.NETCore.App.Ref/8.0.20/ref/net8.0/System.Security.Cryptography.Primitives.dll /reference:/usr/share/dotnet/packs/Microsoft.NETCore.App.Ref/8.0.20/ref/net8.0/System.Security.Cryptography.X509Certificates.dll /reference:/usr/share/dotnet/packs/Microsoft.NETCore.App.Ref/8.0.20/ref/net8.0/System.Security.dll /reference:/usr/share/dotnet/packs/Microsoft.NETCore.App.Ref/8.0.20/ref/net8.0/System.Security.Principal.dll /reference:/usr/share/dotnet/packs/Microsoft.NETCore.App.Ref/8.0.20/ref/net8.0/System.Security.Principal.Windows.dll /reference:/usr/share/dotnet/packs/Microsoft.NETCore.App.Ref/8.0.20/ref/net8.0/System.Security.SecureString.dll /reference:/usr/share/dotnet/packs/Microsoft.NETCore.App.Ref/8.0.20/ref/net8.0/System.ServiceModel.Web.dll /reference:/usr/share/dotnet/packs/Microsoft.NETCore.App.Ref/8.0.20/ref/net8.0/System.ServiceProcess.dll /reference:/usr/share/dotnet/packs/Microsoft.NETCore.App.Ref/8.0.20/ref/net8.0/System.Text.Encoding.CodePages.dll /reference:/usr/share/dotnet/packs/Microsoft.NETCore.App.Ref/8.0.20/ref/net8.0/System.Text.Encoding.dll /reference:/usr/share/dotnet/packs/Microsoft.NETCore.App.Ref/8.0.20/ref/net8.0/System.Text.Encoding.Extensions.dll /reference:/home/runner/.nuget/packages/system.text.encodings.web/9.0.4/lib/net8.0/System.Text.Encodings.Web.dll /reference:/home/runner/.nuget/packages/system.text.json/9.0.4/lib/net8.0/System.Text.Json.dll /reference:/usr/share/dotnet/packs/Microsoft.NETCore.App.Ref/8.0.20/ref/net8.0/System.Text.RegularExpressions.dll /reference:/usr/share/dotnet/packs/Microsoft.NETCore.App.Ref/8.0.20/ref/net8.0/System.Threading.Channels.dll /reference:/usr/share/dotnet/packs/Microsoft.NETCore.App.Ref/8.0.20/ref/net8.0/System.Threading.dll /reference:/usr/share/dotnet/packs/Microsoft.NETCore.App.Ref/8.0.20/ref/net8.0/System.Threading.Overlapped.dll /reference:/usr/share/dotnet/packs/Microsoft.NETCore.App.Ref/8.0.20/ref/net8.0/System.Threading.Tasks.Dataflow.dll /reference:/usr/share/dotnet/packs/Microsoft.NETCore.App.Ref/8.0.20/ref/net8.0/System.Threading.Tasks.dll /reference:/usr/share/dotnet/packs/Microsoft.NETCore.App.Ref/8.0.20/ref/net8.0/System.Threading.Tasks.Extensions.dll /reference:/usr/share/dotnet/packs/Microsoft.NETCore.App.Ref/8.0.20/ref/net8.0/System.Threading.Tasks.Parallel.dll /reference:/usr/share/dotnet/packs/Microsoft.NETCore.App.Ref/8.0.20/ref/net8.0/System.Threading.Thread.dll /reference:/usr/share/dotnet/packs/Microsoft.NETCore.App.Ref/8.0.20/ref/net8.0/System.Threading.ThreadPool.dll /reference:/usr/share/dotnet/packs/Microsoft.NETCore.App.Ref/8.0.20/ref/net8.0/System.Threading.Timer.dll /reference:/usr/share/dotnet/packs/Microsoft.NETCore.App.Ref/8.0.20/ref/net8.0/System.Transactions.dll /reference:/usr/share/dotnet/packs/Microsoft.NETCore.App.Ref/8.0.20/ref/net8.0/System.Transactions.Local.dll /reference:/usr/share/dotnet/packs/Microsoft.NETCore.App.Ref/8.0.20/ref/net8.0/System.ValueTuple.dll /reference:/usr/share/dotnet/packs/Microsoft.NETCore.App.Ref/8.0.20/ref/net8.0/System.Web.dll /reference:/usr/share/dotnet/packs/Microsoft.NETCore.App.Ref/8.0.20/ref/net8.0/System.Web.HttpUtility.dll /reference:/usr/share/dotnet/packs/Microsoft.NETCore.App.Ref/8.0.20/ref/net8.0/System.Windows.dll /reference:/usr/share/dotnet/packs/Microsoft.NETCore.App.Ref/8.0.20/ref/net8.0/System.Xml.dll /reference:/usr/share/dotnet/packs/Microsoft.NETCore.App.Ref/8.0.20/ref/net8.0/System.Xml.Linq.dll /reference:/usr/share/dotnet/packs/Microsoft.NETCore.App.Ref/8.0.20/ref/net8.0/System.Xml.ReaderWriter.dll /reference:/usr/share/dotnet/packs/Microsoft.NETCore.App.Ref/8.0.20/ref/net8.0/System.Xml.Serialization.dll /reference:/usr/share/dotnet/packs/Microsoft.NETCore.App.Ref/8.0.20/ref/net8.0/System.Xml.XDocument.dll /reference:/usr/share/dotnet/packs/Microsoft.NETCore.App.Ref/8.0.20/ref/net8.0/System.Xml.XmlDocument.dll /reference:/usr/share/dotnet/packs/Microsoft.NETCore.App.Ref/8.0.20/ref/net8.0/System.Xml.XmlSerializer.dll /reference:/usr/share/dotnet/packs/Microsoft.NETCore.App.Ref/8.0.20/ref/net8.0/System.Xml.XPath.dll /reference:/usr/share/dotnet/packs/Microsoft.NETCore.App.Ref/8.0.20/ref/net8.0/System.Xml.XPath.XDocument.dll /reference:/home/runner/.nuget/packages/microsoft.testplatform.testhost/17.12.0/lib/netcoreapp3.1/testhost.dll /reference:/home/runner/.nuget/packages/tmds.dbus.protocol/0.21.2/lib/net8.0/Tmds.DBus.Protocol.dll /reference:/usr/share/dotnet/packs/Microsoft.NETCore.App.Ref/8.0.20/ref/net8.0/WindowsBase.dll /reference:/home/runner/.nuget/packages/xunit.abstractions/2.0.3/lib/netstandard2.0/xunit.abstractions.dll /reference:/home/runner/.nuget/packages/xunit.assert/2.9.2/lib/net6.0/xunit.assert.dll /reference:/home/runner/.nuget/packages/xunit.extensibility.core/2.9.2/lib/netstandard1.1/xunit.core.dll /reference:/home/runner/.nuget/packages/xunit.extensibility.execution/2.9.2/lib/netstandard1.1/xunit.execution.dotnet.dll /debug+ /debug:portable /filealign:512 /optimize- /out:obj/Debug/net8.0/S7Tools.Tests.dll /refout:obj/Debug/net8.0/refint/S7Tools.Tests.dll /target:exe /warnaserror- /utf8output /deterministic+ /sourcelink:obj/Debug/net8.0/S7Tools.Tests.sourcelink.json /langversion:12.0 /embed:/home/runner/.nuget/packages/microsoft.net.test.sdk/17.12.0/build/netcoreapp3.1/Microsoft.NET.Test.Sdk.Program.cs /embed:obj/Debug/net8.0/S7Tools.Tests.GlobalUsings.g.cs /embed:"obj/Debug/net8.0/.NETCoreApp,Version=v8.0.AssemblyAttributes.cs" /embed:obj/Debug/net8.0/S7Tools.Tests.AssemblyInfo.cs /analyzerconfig:/home/runner/work/S7-Tools/S7-Tools/.editorconfig /analyzerconfig:obj/Debug/net8.0/S7Tools.Tests.GeneratedMSBuildEditorConfig.editorconfig /analyzerconfig:/usr/share/dotnet/sdk/9.0.305/Sdks/Microsoft.NET.Sdk/analyzers/build/config/analysislevel_8_default.globalconfig /analyzer:/usr/share/dotnet/sdk/9.0.305/Sdks/Microsoft.NET.Sdk/targets/../analyzers/Microsoft.CodeAnalysis.CSharp.NetAnalyzers.dll /analyzer:/usr/share/dotnet/sdk/9.0.305/Sdks/Microsoft.NET.Sdk/targets/../analyzers/Microsoft.CodeAnalysis.NetAnalyzers.dll /analyzer:/home/runner/.nuget/packages/avalonia/11.3.6/analyzers/dotnet/cs/Avalonia.Analyzers.dll /analyzer:/home/runner/.nuget/packages/avalonia/11.3.6/analyzers/dotnet/cs/Avalonia.Generators.dll /analyzer:/home/runner/.nuget/packages/communitytoolkit.mvvm/8.2.0/analyzers/dotnet/roslyn4.3/cs/CommunityToolkit.Mvvm.CodeFixers.dll /analyzer:/home/runner/.nuget/packages/communitytoolkit.mvvm/8.2.0/analyzers/dotnet/roslyn4.3/cs/CommunityToolkit.Mvvm.SourceGenerators.dll /analyzer:/home/runner/.nuget/packages/microsoft.extensions.logging.abstractions/8.0.0/analyzers/dotnet/roslyn4.4/cs/Microsoft.Extensions.Logging.Generators.dll /analyzer:/home/runner/.nuget/packages/microsoft.extensions.options/8.0.0/analyzers/dotnet/roslyn4.4/cs/Microsoft.Extensions.Options.SourceGeneration.dll /analyzer:/home/runner/.nuget/packages/system.text.json/9.0.4/analyzers/dotnet/roslyn4.4/cs/System.Text.Json.SourceGeneration.dll /analyzer:/home/runner/.nuget/packages/xunit.analyzers/1.16.0/analyzers/dotnet/cs/xunit.analyzers.dll /analyzer:/home/runner/.nuget/packages/xunit.analyzers/1.16.0/analyzers/dotnet/cs/xunit.analyzers.fixes.dll /analyzer:/usr/share/dotnet/packs/Microsoft.NETCore.App.Ref/8.0.20/analyzers/dotnet/cs/Microsoft.Interop.ComInterfaceGenerator.dll /analyzer:/usr/share/dotnet/packs/Microsoft.NETCore.App.Ref/8.0.20/analyzers/dotnet/cs/Microsoft.Interop.JavaScript.JSImportGenerator.dll /analyzer:/usr/share/dotnet/packs/Microsoft.NETCore.App.Ref/8.0.20/analyzers/dotnet/cs/Microsoft.Interop.LibraryImportGenerator.dll /analyzer:/usr/share/dotnet/packs/Microsoft.NETCore.App.Ref/8.0.20/analyzers/dotnet/cs/Microsoft.Interop.SourceGeneration.dll /analyzer:/usr/share/dotnet/packs/Microsoft.NETCore.App.Ref/8.0.20/analyzers/dotnet/cs/System.Text.RegularExpressions.Generator.dll Converters/ObjectConvertersTests.cs GlobalUsings.cs Services/DialogServiceTests.cs Services/PlcDataServiceTests.cs UnitTest1.cs ViewModels/SettingsManagementViewModelTests.cs /home/runner/.nuget/packages/microsoft.net.test.sdk/17.12.0/build/netcoreapp3.1/Microsoft.NET.Test.Sdk.Program.cs obj/Debug/net8.0/S7Tools.Tests.GlobalUsings.g.cs "obj/Debug/net8.0/.NETCoreApp,Version=v8.0.AssemblyAttributes.cs" obj/Debug/net8.0/S7Tools.Tests.AssemblyInfo.cs /warnaserror+:NU1605,SYSLIB0011 /warnaserror-:CS8618,CS8625,CS8603,CS8604,CS8602,CS8600,CS8601,CS8765
     7>/home/runner/work/S7-Tools/S7-Tools/tests/S7Tools.Tests/Converters/ObjectConvertersTests.cs(18,67): warning CS8625: Cannot convert null literal to non-nullable reference type. [/home/runner/work/S7-Tools/S7-Tools/tests/S7Tools.Tests/S7Tools.Tests.csproj]
     7>/home/runner/work/S7-Tools/S7-Tools/tests/S7Tools.Tests/Converters/ObjectConvertersTests.cs(31,66): warning CS8625: Cannot convert null literal to non-nullable reference type. [/home/runner/work/S7-Tools/S7-Tools/tests/S7Tools.Tests/S7Tools.Tests.csproj]
     7>/home/runner/work/S7-Tools/S7-Tools/tests/S7Tools.Tests/Converters/ObjectConvertersTests.cs(44,83): warning CS8625: Cannot convert null literal to non-nullable reference type. [/home/runner/work/S7-Tools/S7-Tools/tests/S7Tools.Tests/S7Tools.Tests.csproj]
     7>/home/runner/work/S7-Tools/S7-Tools/tests/S7Tools.Tests/Converters/ObjectConvertersTests.cs(57,77): warning CS8625: Cannot convert null literal to non-nullable reference type. [/home/runner/work/S7-Tools/S7-Tools/tests/S7Tools.Tests/S7Tools.Tests.csproj]
     7>/home/runner/work/S7-Tools/S7-Tools/tests/S7Tools.Tests/Services/PlcDataServiceTests.cs(132,49): warning CS8604: Possible null reference argument for parameter 'tag' in 'Task<Result> PlcDataService.AddTagAsync(Tag tag, CancellationToken cancellationToken = default(CancellationToken))'. [/home/runner/work/S7-Tools/S7-Tools/tests/S7Tools.Tests/S7Tools.Tests.csproj]
     7>/home/runner/work/S7-Tools/S7-Tools/tests/S7Tools.Tests/Services/PlcDataServiceTests.cs(139,25): warning CS8604: Possible null reference argument for parameter 'collection' in 'void Assert.Contains<Tag>(IEnumerable<Tag> collection, Predicate<Tag> filter)'. [/home/runner/work/S7-Tools/S7-Tools/tests/S7Tools.Tests/S7Tools.Tests.csproj]
     7>/home/runner/work/S7-Tools/S7-Tools/tests/S7Tools.Tests/Converters/ObjectConvertersTests.cs(8,14): warning CS1591: Missing XML comment for publicly visible type or member 'ObjectConvertersTests' [/home/runner/work/S7-Tools/S7-Tools/tests/S7Tools.Tests/S7Tools.Tests.csproj]
     7>/home/runner/work/S7-Tools/S7-Tools/tests/S7Tools.Tests/Converters/ObjectConvertersTests.cs(11,17): warning CS1591: Missing XML comment for publicly visible type or member 'ObjectConvertersTests.IsNotNull_WithNonNullValue_ReturnsTrue()' [/home/runner/work/S7-Tools/S7-Tools/tests/S7Tools.Tests/S7Tools.Tests.csproj]
     7>/home/runner/work/S7-Tools/S7-Tools/tests/S7Tools.Tests/Converters/ObjectConvertersTests.cs(25,17): warning CS1591: Missing XML comment for publicly visible type or member 'ObjectConvertersTests.IsNotNull_WithNullValue_ReturnsFalse()' [/home/runner/work/S7-Tools/S7-Tools/tests/S7Tools.Tests/S7Tools.Tests.csproj]
     7>/home/runner/work/S7-Tools/S7-Tools/tests/S7Tools.Tests/Converters/ObjectConvertersTests.cs(38,17): warning CS1591: Missing XML comment for publicly visible type or member 'ObjectConvertersTests.LogLevelToColor_WithInformation_ReturnsGreen()' [/home/runner/work/S7-Tools/S7-Tools/tests/S7Tools.Tests/S7Tools.Tests.csproj]
     7>/home/runner/work/S7-Tools/S7-Tools/tests/S7Tools.Tests/Converters/ObjectConvertersTests.cs(51,17): warning CS1591: Missing XML comment for publicly visible type or member 'ObjectConvertersTests.LogLevelToColor_WithError_ReturnsCrimson()' [/home/runner/work/S7-Tools/S7-Tools/tests/S7Tools.Tests/S7Tools.Tests.csproj]
     7>/home/runner/work/S7-Tools/S7-Tools/tests/S7Tools.Tests/Services/DialogServiceTests.cs(17,12): warning CS1591: Missing XML comment for publicly visible type or member 'DialogServiceTests.DialogServiceTests()' [/home/runner/work/S7-Tools/S7-Tools/tests/S7Tools.Tests/S7Tools.Tests.csproj]
     7>/home/runner/work/S7-Tools/S7-Tools/tests/S7Tools.Tests/Services/DialogServiceTests.cs(23,17): warning CS1591: Missing XML comment for publicly visible type or member 'DialogServiceTests.Constructor_ShouldInitializeInteractions()' [/home/runner/work/S7-Tools/S7-Tools/tests/S7Tools.Tests/S7Tools.Tests.csproj]
     7>/home/runner/work/S7-Tools/S7-Tools/tests/S7Tools.Tests/Services/DialogServiceTests.cs(32,23): warning CS1591: Missing XML comment for publicly visible type or member 'DialogServiceTests.ShowConfirmationAsync_WithValidParameters_ShouldReturnExpectedResult()' [/home/runner/work/S7-Tools/S7-Tools/tests/S7Tools.Tests/S7Tools.Tests.csproj]
     7>/home/runner/work/S7-Tools/S7-Tools/tests/S7Tools.Tests/Services/DialogServiceTests.cs(55,23): warning CS1591: Missing XML comment for publicly visible type or member 'DialogServiceTests.ShowConfirmationAsync_WithHandlerReturningFalse_ShouldReturnFalse()' [/home/runner/work/S7-Tools/S7-Tools/tests/S7Tools.Tests/S7Tools.Tests.csproj]
     7>/home/runner/work/S7-Tools/S7-Tools/tests/S7Tools.Tests/Services/DialogServiceTests.cs(76,23): warning CS1591: Missing XML comment for publicly visible type or member 'DialogServiceTests.ShowErrorAsync_WithValidParameters_ShouldCompleteSuccessfully()' [/home/runner/work/S7-Tools/S7-Tools/tests/S7Tools.Tests/S7Tools.Tests.csproj]
     7>/home/runner/work/S7-Tools/S7-Tools/tests/S7Tools.Tests/Services/DialogServiceTests.cs(100,23): warning CS1591: Missing XML comment for publicly visible type or member 'DialogServiceTests.ShowConfirmationAsync_WithMultipleHandlers_ShouldUseFirstHandler()' [/home/runner/work/S7-Tools/S7-Tools/tests/S7Tools.Tests/S7Tools.Tests.csproj]
     7>/home/runner/work/S7-Tools/S7-Tools/tests/S7Tools.Tests/Services/DialogServiceTests.cs(130,23): warning CS1591: Missing XML comment for publicly visible type or member 'DialogServiceTests.ShowConfirmationAsync_WithAsyncHandler_ShouldWorkCorrectly()' [/home/runner/work/S7-Tools/S7-Tools/tests/S7Tools.Tests/S7Tools.Tests.csproj]
     7>/home/runner/work/S7-Tools/S7-Tools/tests/S7Tools.Tests/Services/DialogServiceTests.cs(152,23): warning CS1591: Missing XML comment for publicly visible type or member 'DialogServiceTests.ShowErrorAsync_WithAsyncHandler_ShouldWorkCorrectly()' [/home/runner/work/S7-Tools/S7-Tools/tests/S7Tools.Tests/S7Tools.Tests.csproj]
     7>/home/runner/work/S7-Tools/S7-Tools/tests/S7Tools.Tests/Services/DialogServiceTests.cs(178,23): warning CS1591: Missing XML comment for publicly visible type or member 'DialogServiceTests.ShowConfirmationAsync_WithEmptyParameters_ShouldStillWork(string, string)' [/home/runner/work/S7-Tools/S7-Tools/tests/S7Tools.Tests/S7Tools.Tests.csproj]
     7>/home/runner/work/S7-Tools/S7-Tools/tests/S7Tools.Tests/Services/DialogServiceTests.cs(197,23): warning CS1591: Missing XML comment for publicly visible type or member 'DialogServiceTests.ShowErrorAsync_WithEmptyParameters_ShouldStillWork(string, string)' [/home/runner/work/S7-Tools/S7-Tools/tests/S7Tools.Tests/S7Tools.Tests.csproj]
     7>/home/runner/work/S7-Tools/S7-Tools/tests/S7Tools.Tests/Services/DialogServiceTests.cs(215,23): warning CS1591: Missing XML comment for publicly visible type or member 'DialogServiceTests.ShowConfirmationAsync_ConcurrentCalls_ShouldHandleCorrectly()' [/home/runner/work/S7-Tools/S7-Tools/tests/S7Tools.Tests/S7Tools.Tests.csproj]
     7>/home/runner/work/S7-Tools/S7-Tools/tests/S7Tools.Tests/Services/DialogServiceTests.cs(238,23): warning CS1591: Missing XML comment for publicly visible type or member 'DialogServiceTests.ShowErrorAsync_ConcurrentCalls_ShouldHandleCorrectly()' [/home/runner/work/S7-Tools/S7-Tools/tests/S7Tools.Tests/S7Tools.Tests.csproj]
     7>/home/runner/work/S7-Tools/S7-Tools/tests/S7Tools.Tests/Services/DialogServiceTests.cs(260,23): warning CS1591: Missing XML comment for publicly visible type or member 'DialogServiceTests.ShowInputAsync_WithValidParameters_ShouldReturnExpectedResult()' [/home/runner/work/S7-Tools/S7-Tools/tests/S7Tools.Tests/S7Tools.Tests.csproj]
     7>/home/runner/work/S7-Tools/S7-Tools/tests/S7Tools.Tests/Services/DialogServiceTests.cs(292,23): warning CS1591: Missing XML comment for publicly visible type or member 'DialogServiceTests.ShowInputAsync_WithCancelledResult_ShouldReturnCancelled()' [/home/runner/work/S7-Tools/S7-Tools/tests/S7Tools.Tests/S7Tools.Tests.csproj]
     7>/home/runner/work/S7-Tools/S7-Tools/tests/S7Tools.Tests/Services/PlcDataServiceTests.cs(11,14): warning CS1591: Missing XML comment for publicly visible type or member 'PlcDataServiceTests' [/home/runner/work/S7-Tools/S7-Tools/tests/S7Tools.Tests/S7Tools.Tests.csproj]
     7>/home/runner/work/S7-Tools/S7-Tools/tests/S7Tools.Tests/Services/PlcDataServiceTests.cs(16,12): warning CS1591: Missing XML comment for publicly visible type or member 'PlcDataServiceTests.PlcDataServiceTests()' [/home/runner/work/S7-Tools/S7-Tools/tests/S7Tools.Tests/S7Tools.Tests.csproj]
     7>/home/runner/work/S7-Tools/S7-Tools/tests/S7Tools.Tests/Services/PlcDataServiceTests.cs(23,17): warning CS1591: Missing XML comment for publicly visible type or member 'PlcDataServiceTests.PlcDataService_CanBeInstantiated()' [/home/runner/work/S7-Tools/S7-Tools/tests/S7Tools.Tests/S7Tools.Tests.csproj]
     7>/home/runner/work/S7-Tools/S7-Tools/tests/S7Tools.Tests/Services/PlcDataServiceTests.cs(34,23): warning CS1591: Missing XML comment for publicly visible type or member 'PlcDataServiceTests.ReadTagAsync_WhenNotConnected_ReturnsFailure()' [/home/runner/work/S7-Tools/S7-Tools/tests/S7Tools.Tests/S7Tools.Tests.csproj]
     7>/home/runner/work/S7-Tools/S7-Tools/tests/S7Tools.Tests/Services/PlcDataServiceTests.cs(48,23): warning CS1591: Missing XML comment for publicly visible type or member 'PlcDataServiceTests.ReadTagAsync_WhenConnected_ReturnsSuccess()' [/home/runner/work/S7-Tools/S7-Tools/tests/S7Tools.Tests/S7Tools.Tests.csproj]
     7>/home/runner/work/S7-Tools/S7-Tools/tests/S7Tools.Tests/Services/PlcDataServiceTests.cs(66,23): warning CS1591: Missing XML comment for publicly visible type or member 'PlcDataServiceTests.ConnectAsync_WithValidConfig_ReturnsSuccess()' [/home/runner/work/S7-Tools/S7-Tools/tests/S7Tools.Tests/S7Tools.Tests.csproj]
     7>/home/runner/work/S7-Tools/S7-Tools/tests/S7Tools.Tests/Services/PlcDataServiceTests.cs(80,23): warning CS1591: Missing XML comment for publicly visible type or member 'PlcDataServiceTests.DisconnectAsync_WhenConnected_ReturnsSuccess()' [/home/runner/work/S7-Tools/S7-Tools/tests/S7Tools.Tests/S7Tools.Tests.csproj]
     7>/home/runner/work/S7-Tools/S7-Tools/tests/S7Tools.Tests/Services/PlcDataServiceTests.cs(95,23): warning CS1591: Missing XML comment for publicly visible type or member 'PlcDataServiceTests.TestConnectionAsync_WithValidConfig_ReturnsSuccess()' [/home/runner/work/S7-Tools/S7-Tools/tests/S7Tools.Tests/S7Tools.Tests.csproj]
     7>/home/runner/work/S7-Tools/S7-Tools/tests/S7Tools.Tests/Services/PlcDataServiceTests.cs(108,23): warning CS1591: Missing XML comment for publicly visible type or member 'PlcDataServiceTests.GetPlcInfoAsync_WhenConnected_ReturnsPlcInfo()' [/home/runner/work/S7-Tools/S7-Tools/tests/S7Tools.Tests/S7Tools.Tests.csproj]
     7>/home/runner/work/S7-Tools/S7-Tools/tests/S7Tools.Tests/Services/PlcDataServiceTests.cs(124,23): warning CS1591: Missing XML comment for publicly visible type or member 'PlcDataServiceTests.AddTagAsync_AddsTagToManagedTags()' [/home/runner/work/S7-Tools/S7-Tools/tests/S7Tools.Tests/S7Tools.Tests.csproj]
     7>/home/runner/work/S7-Tools/S7-Tools/tests/S7Tools.Tests/Services/PlcDataServiceTests.cs(143,23): warning CS1591: Missing XML comment for publicly visible type or member 'PlcDataServiceTests.WriteTagAsync_WhenNotConnected_ReturnsFailure()' [/home/runner/work/S7-Tools/S7-Tools/tests/S7Tools.Tests/S7Tools.Tests.csproj]
     7>/home/runner/work/S7-Tools/S7-Tools/tests/S7Tools.Tests/Services/PlcDataServiceTests.cs(157,23): warning CS1591: Missing XML comment for publicly visible type or member 'PlcDataServiceTests.WriteTagAsync_WhenConnected_ReturnsSuccess()' [/home/runner/work/S7-Tools/S7-Tools/tests/S7Tools.Tests/S7Tools.Tests.csproj]
     7>/home/runner/work/S7-Tools/S7-Tools/tests/S7Tools.Tests/Services/PlcDataServiceTests.cs(173,17): warning CS1591: Missing XML comment for publicly visible type or member 'PlcDataServiceTests.Dispose_DoesNotThrow()' [/home/runner/work/S7-Tools/S7-Tools/tests/S7Tools.Tests/S7Tools.Tests.csproj]
     7>/home/runner/work/S7-Tools/S7-Tools/tests/S7Tools.Tests/UnitTest1.cs(3,14): warning CS1591: Missing XML comment for publicly visible type or member 'UnitTest1' [/home/runner/work/S7-Tools/S7-Tools/tests/S7Tools.Tests/S7Tools.Tests.csproj]
     7>/home/runner/work/S7-Tools/S7-Tools/tests/S7Tools.Tests/UnitTest1.cs(6,17): warning CS1591: Missing XML comment for publicly visible type or member 'UnitTest1.Test1()' [/home/runner/work/S7-Tools/S7-Tools/tests/S7Tools.Tests/S7Tools.Tests.csproj]
     7>/home/runner/work/S7-Tools/S7-Tools/tests/S7Tools.Tests/Services/PlcDataServiceTests.cs(11,14): warning CA1001: Type 'PlcDataServiceTests' owns disposable field(s) '_service' but is not disposable (https://learn.microsoft.com/dotnet/fundamentals/code-analysis/quality-rules/ca1001) [/home/runner/work/S7-Tools/S7-Tools/tests/S7Tools.Tests/S7Tools.Tests.csproj]
         CompilerServer: server - server processed compilation - S7Tools.Tests (net8.0)
       _CopyFilesMarkedCopyLocal:
         Copying file from "/home/runner/.nuget/packages/avalonia/11.3.6/lib/net8.0/Avalonia.Base.dll" to "/home/runner/work/S7-Tools/S7-Tools/tests/S7Tools.Tests/bin/Debug/net8.0/Avalonia.Base.dll".
         Copying file from "/home/runner/.nuget/packages/avalonia/11.3.6/lib/net8.0/Avalonia.Controls.dll" to "/home/runner/work/S7-Tools/S7-Tools/tests/S7Tools.Tests/bin/Debug/net8.0/Avalonia.Controls.dll".
         Copying file from "/home/runner/.nuget/packages/avalonia/11.3.6/lib/net8.0/Avalonia.Markup.Xaml.dll" to "/home/runner/work/S7-Tools/S7-Tools/tests/S7Tools.Tests/bin/Debug/net8.0/Avalonia.Markup.Xaml.dll".
         Copying file from "/home/runner/.nuget/packages/avalonia/11.3.6/lib/net8.0/Avalonia.Markup.dll" to "/home/runner/work/S7-Tools/S7-Tools/tests/S7Tools.Tests/bin/Debug/net8.0/Avalonia.Markup.dll".
         Copying file from "/home/runner/.nuget/packages/avalonia/11.3.6/lib/net8.0/Avalonia.Metal.dll" to "/home/runner/work/S7-Tools/S7-Tools/tests/S7Tools.Tests/bin/Debug/net8.0/Avalonia.Metal.dll".
         Copying file from "/home/runner/.nuget/packages/avalonia/11.3.6/lib/net8.0/Avalonia.MicroCom.dll" to "/home/runner/work/S7-Tools/S7-Tools/tests/S7Tools.Tests/bin/Debug/net8.0/Avalonia.MicroCom.dll".
         Copying file from "/home/runner/.nuget/packages/avalonia/11.3.6/lib/net8.0/Avalonia.OpenGL.dll" to "/home/runner/work/S7-Tools/S7-Tools/tests/S7Tools.Tests/bin/Debug/net8.0/Avalonia.OpenGL.dll".
         Copying file from "/home/runner/.nuget/packages/avalonia/11.3.6/lib/net8.0/Avalonia.DesignerSupport.dll" to "/home/runner/work/S7-Tools/S7-Tools/tests/S7Tools.Tests/bin/Debug/net8.0/Avalonia.DesignerSupport.dll".
         Copying file from "/home/runner/.nuget/packages/avalonia/11.3.6/lib/net8.0/Avalonia.Vulkan.dll" to "/home/runner/work/S7-Tools/S7-Tools/tests/S7Tools.Tests/bin/Debug/net8.0/Avalonia.Vulkan.dll".
         Copying file from "/home/runner/.nuget/packages/avalonia/11.3.6/lib/net8.0/Avalonia.dll" to "/home/runner/work/S7-Tools/S7-Tools/tests/S7Tools.Tests/bin/Debug/net8.0/Avalonia.dll".
         Copying file from "/home/runner/.nuget/packages/avalonia.controls.colorpicker/11.3.6/lib/net8.0/Avalonia.Controls.ColorPicker.dll" to "/home/runner/work/S7-Tools/S7-Tools/tests/S7Tools.Tests/bin/Debug/net8.0/Avalonia.Controls.ColorPicker.dll".
         Copying file from "/home/runner/.nuget/packages/avalonia.controls.datagrid/11.3.6/lib/net8.0/Avalonia.Controls.DataGrid.dll" to "/home/runner/work/S7-Tools/S7-Tools/tests/S7Tools.Tests/bin/Debug/net8.0/Avalonia.Controls.DataGrid.dll".
         Copying file from "/home/runner/.nuget/packages/avalonia.desktop/11.3.6/lib/net8.0/Avalonia.Desktop.dll" to "/home/runner/work/S7-Tools/S7-Tools/tests/S7Tools.Tests/bin/Debug/net8.0/Avalonia.Desktop.dll".
         Copying file from "/home/runner/.nuget/packages/avalonia.diagnostics/11.3.6/lib/net8.0/Avalonia.Diagnostics.dll" to "/home/runner/work/S7-Tools/S7-Tools/tests/S7Tools.Tests/bin/Debug/net8.0/Avalonia.Diagnostics.dll".
         Copying file from "/home/runner/.nuget/packages/avalonia.fonts.inter/11.3.6/lib/net8.0/Avalonia.Fonts.Inter.dll" to "/home/runner/work/S7-Tools/S7-Tools/tests/S7Tools.Tests/bin/Debug/net8.0/Avalonia.Fonts.Inter.dll".
         Copying file from "/home/runner/.nuget/packages/avalonia.freedesktop/11.3.6/lib/net8.0/Avalonia.FreeDesktop.dll" to "/home/runner/work/S7-Tools/S7-Tools/tests/S7Tools.Tests/bin/Debug/net8.0/Avalonia.FreeDesktop.dll".
         Copying file from "/home/runner/.nuget/packages/avalonia.native/11.3.6/lib/net8.0/Avalonia.Native.dll" to "/home/runner/work/S7-Tools/S7-Tools/tests/S7Tools.Tests/bin/Debug/net8.0/Avalonia.Native.dll".
         Copying file from "/home/runner/.nuget/packages/avalonia/11.3.6/lib/net8.0/Avalonia.Dialogs.dll" to "/home/runner/work/S7-Tools/S7-Tools/tests/S7Tools.Tests/bin/Debug/net8.0/Avalonia.Dialogs.dll".
         Copying file from "/home/runner/.nuget/packages/avalonia.reactiveui/11.3.6/lib/net8.0/Avalonia.ReactiveUI.dll" to "/home/runner/work/S7-Tools/S7-Tools/tests/S7Tools.Tests/bin/Debug/net8.0/Avalonia.ReactiveUI.dll".
         Copying file from "/home/runner/.nuget/packages/avalonia.remote.protocol/11.3.6/lib/net8.0/Avalonia.Remote.Protocol.dll" to "/home/runner/work/S7-Tools/S7-Tools/tests/S7Tools.Tests/bin/Debug/net8.0/Avalonia.Remote.Protocol.dll".
         Copying file from "/home/runner/.nuget/packages/avalonia.skia/11.3.6/lib/net8.0/Avalonia.Skia.dll" to "/home/runner/work/S7-Tools/S7-Tools/tests/S7Tools.Tests/bin/Debug/net8.0/Avalonia.Skia.dll".
         Copying file from "/home/runner/.nuget/packages/avalonia.themes.fluent/11.3.6/lib/net8.0/Avalonia.Themes.Fluent.dll" to "/home/runner/work/S7-Tools/S7-Tools/tests/S7Tools.Tests/bin/Debug/net8.0/Avalonia.Themes.Fluent.dll".
         Copying file from "/home/runner/.nuget/packages/avalonia.themes.simple/11.3.6/lib/net8.0/Avalonia.Themes.Simple.dll" to "/home/runner/work/S7-Tools/S7-Tools/tests/S7Tools.Tests/bin/Debug/net8.0/Avalonia.Themes.Simple.dll".
         Copying file from "/home/runner/.nuget/packages/avalonia.win32/11.3.6/lib/net8.0/Avalonia.Win32.Automation.dll" to "/home/runner/work/S7-Tools/S7-Tools/tests/S7Tools.Tests/bin/Debug/net8.0/Avalonia.Win32.Automation.dll".
         Copying file from "/home/runner/.nuget/packages/avalonia.x11/11.3.6/lib/net8.0/Avalonia.X11.dll" to "/home/runner/work/S7-Tools/S7-Tools/tests/S7Tools.Tests/bin/Debug/net8.0/Avalonia.X11.dll".
         Copying file from "/home/runner/.nuget/packages/avalonia.xaml.interactivity/11.3.0.6/lib/net8.0/Avalonia.Xaml.Interactivity.dll" to "/home/runner/work/S7-Tools/S7-Tools/tests/S7Tools.Tests/bin/Debug/net8.0/Avalonia.Xaml.Interactivity.dll".
         Copying file from "/home/runner/.nuget/packages/communitytoolkit.mvvm/8.2.0/lib/net6.0/CommunityToolkit.Mvvm.dll" to "/home/runner/work/S7-Tools/S7-Tools/tests/S7Tools.Tests/bin/Debug/net8.0/CommunityToolkit.Mvvm.dll".
         Copying file from "/home/runner/.nuget/packages/dynamicdata/8.4.1/lib/net8.0/DynamicData.dll" to "/home/runner/work/S7-Tools/S7-Tools/tests/S7Tools.Tests/bin/Debug/net8.0/DynamicData.dll".
         Copying file from "/home/runner/.nuget/packages/fluentassertions/6.12.0/lib/net6.0/FluentAssertions.dll" to "/home/runner/work/S7-Tools/S7-Tools/tests/S7Tools.Tests/bin/Debug/net8.0/FluentAssertions.dll".
         Copying file from "/home/runner/.nuget/packages/fluentavaloniaui/2.4.0/lib/net6.0/FluentAvalonia.dll" to "/home/runner/work/S7-Tools/S7-Tools/tests/S7Tools.Tests/bin/Debug/net8.0/FluentAvalonia.dll".
         Copying file from "/home/runner/.nuget/packages/harfbuzzsharp/8.3.1.1/lib/net8.0/HarfBuzzSharp.dll" to "/home/runner/work/S7-Tools/S7-Tools/tests/S7Tools.Tests/bin/Debug/net8.0/HarfBuzzSharp.dll".
         Copying file from "/home/runner/.nuget/packages/castle.core/5.1.1/lib/net6.0/Castle.Core.dll" to "/home/runner/work/S7-Tools/S7-Tools/tests/S7Tools.Tests/bin/Debug/net8.0/Castle.Core.dll".
         Copying file from "/home/runner/.nuget/packages/microcom.runtime/0.11.0/lib/net5.0/MicroCom.Runtime.dll" to "/home/runner/work/S7-Tools/S7-Tools/tests/S7Tools.Tests/bin/Debug/net8.0/MicroCom.Runtime.dll".
         Copying file from "/home/runner/.nuget/packages/microsoft.codecoverage/17.12.0/lib/netcoreapp3.1/Microsoft.VisualStudio.CodeCoverage.Shim.dll" to "/home/runner/work/S7-Tools/S7-Tools/tests/S7Tools.Tests/bin/Debug/net8.0/Microsoft.VisualStudio.CodeCoverage.Shim.dll".
         Copying file from "/home/runner/.nuget/packages/microsoft.extensions.dependencyinjection/8.0.0/lib/net8.0/Microsoft.Extensions.DependencyInjection.dll" to "/home/runner/work/S7-Tools/S7-Tools/tests/S7Tools.Tests/bin/Debug/net8.0/Microsoft.Extensions.DependencyInjection.dll".
         Copying file from "/home/runner/.nuget/packages/microsoft.extensions.dependencyinjection.abstractions/8.0.0/lib/net8.0/Microsoft.Extensions.DependencyInjection.Abstractions.dll" to "/home/runner/work/S7-Tools/S7-Tools/tests/S7Tools.Tests/bin/Debug/net8.0/Microsoft.Extensions.DependencyInjection.Abstractions.dll".
         Copying file from "/home/runner/.nuget/packages/microsoft.extensions.logging/8.0.0/lib/net8.0/Microsoft.Extensions.Logging.dll" to "/home/runner/work/S7-Tools/S7-Tools/tests/S7Tools.Tests/bin/Debug/net8.0/Microsoft.Extensions.Logging.dll".
         Copying file from "/home/runner/.nuget/packages/microsoft.extensions.logging.abstractions/8.0.0/lib/net8.0/Microsoft.Extensions.Logging.Abstractions.dll" to "/home/runner/work/S7-Tools/S7-Tools/tests/S7Tools.Tests/bin/Debug/net8.0/Microsoft.Extensions.Logging.Abstractions.dll".
         Copying file from "/home/runner/.nuget/packages/microsoft.extensions.options/8.0.0/lib/net8.0/Microsoft.Extensions.Options.dll" to "/home/runner/work/S7-Tools/S7-Tools/tests/S7Tools.Tests/bin/Debug/net8.0/Microsoft.Extensions.Options.dll".
         Copying file from "/home/runner/.nuget/packages/microsoft.extensions.primitives/8.0.0/lib/net8.0/Microsoft.Extensions.Primitives.dll" to "/home/runner/work/S7-Tools/S7-Tools/tests/S7Tools.Tests/bin/Debug/net8.0/Microsoft.Extensions.Primitives.dll".
         Copying file from "/home/runner/.nuget/packages/microsoft.testplatform.objectmodel/17.12.0/lib/netcoreapp3.1/Microsoft.TestPlatform.CoreUtilities.dll" to "/home/runner/work/S7-Tools/S7-Tools/tests/S7Tools.Tests/bin/Debug/net8.0/Microsoft.TestPlatform.CoreUtilities.dll".
         Copying file from "/home/runner/.nuget/packages/microsoft.testplatform.objectmodel/17.12.0/lib/netcoreapp3.1/Microsoft.TestPlatform.PlatformAbstractions.dll" to "/home/runner/work/S7-Tools/S7-Tools/tests/S7Tools.Tests/bin/Debug/net8.0/Microsoft.TestPlatform.PlatformAbstractions.dll".
         Copying file from "/home/runner/.nuget/packages/microsoft.testplatform.objectmodel/17.12.0/lib/netcoreapp3.1/Microsoft.VisualStudio.TestPlatform.ObjectModel.dll" to "/home/runner/work/S7-Tools/S7-Tools/tests/S7Tools.Tests/bin/Debug/net8.0/Microsoft.VisualStudio.TestPlatform.ObjectModel.dll".
         Copying file from "/home/runner/.nuget/packages/microsoft.testplatform.testhost/17.12.0/lib/netcoreapp3.1/Microsoft.TestPlatform.CommunicationUtilities.dll" to "/home/runner/work/S7-Tools/S7-Tools/tests/S7Tools.Tests/bin/Debug/net8.0/Microsoft.TestPlatform.CommunicationUtilities.dll".
         Copying file from "/home/runner/.nuget/packages/microsoft.testplatform.testhost/17.12.0/lib/netcoreapp3.1/Microsoft.TestPlatform.CrossPlatEngine.dll" to "/home/runner/work/S7-Tools/S7-Tools/tests/S7Tools.Tests/bin/Debug/net8.0/Microsoft.TestPlatform.CrossPlatEngine.dll".
         Copying file from "/home/runner/.nuget/packages/microsoft.testplatform.testhost/17.12.0/lib/netcoreapp3.1/Microsoft.TestPlatform.Utilities.dll" to "/home/runner/work/S7-Tools/S7-Tools/tests/S7Tools.Tests/bin/Debug/net8.0/Microsoft.TestPlatform.Utilities.dll".
         Copying file from "/home/runner/.nuget/packages/microsoft.testplatform.testhost/17.12.0/lib/netcoreapp3.1/Microsoft.VisualStudio.TestPlatform.Common.dll" to "/home/runner/work/S7-Tools/S7-Tools/tests/S7Tools.Tests/bin/Debug/net8.0/Microsoft.VisualStudio.TestPlatform.Common.dll".
         Copying file from "/home/runner/.nuget/packages/microsoft.testplatform.testhost/17.12.0/lib/netcoreapp3.1/testhost.dll" to "/home/runner/work/S7-Tools/S7-Tools/tests/S7Tools.Tests/bin/Debug/net8.0/testhost.dll".
         Copying file from "/home/runner/.nuget/packages/avalonia.win32/11.3.6/lib/net8.0/Avalonia.Win32.dll" to "/home/runner/work/S7-Tools/S7-Tools/tests/S7Tools.Tests/bin/Debug/net8.0/Avalonia.Win32.dll".
         Copying file from "/home/runner/.nuget/packages/newtonsoft.json/13.0.1/lib/netstandard2.0/Newtonsoft.Json.dll" to "/home/runner/work/S7-Tools/S7-Tools/tests/S7Tools.Tests/bin/Debug/net8.0/Newtonsoft.Json.dll".
         Copying file from "/home/runner/.nuget/packages/nsubstitute/5.1.0/lib/net6.0/NSubstitute.dll" to "/home/runner/work/S7-Tools/S7-Tools/tests/S7Tools.Tests/bin/Debug/net8.0/NSubstitute.dll".
         Copying file from "/home/runner/.nuget/packages/moq/4.20.70/lib/net6.0/Moq.dll" to "/home/runner/work/S7-Tools/S7-Tools/tests/S7Tools.Tests/bin/Debug/net8.0/Moq.dll".
         Copying file from "/home/runner/.nuget/packages/projektanker.icons.avalonia/9.6.2/lib/netstandard2.0/Projektanker.Icons.Avalonia.dll" to "/home/runner/work/S7-Tools/S7-Tools/tests/S7Tools.Tests/bin/Debug/net8.0/Projektanker.Icons.Avalonia.dll".
         Copying file from "/home/runner/.nuget/packages/projektanker.icons.avalonia.fontawesome/9.6.2/lib/netstandard2.0/Projektanker.Icons.Avalonia.FontAwesome.dll" to "/home/runner/work/S7-Tools/S7-Tools/tests/S7Tools.Tests/bin/Debug/net8.0/Projektanker.Icons.Avalonia.FontAwesome.dll".
         Copying file from "/home/runner/.nuget/packages/reactiveui/20.1.1/lib/net8.0/ReactiveUI.dll" to "/home/runner/work/S7-Tools/S7-Tools/tests/S7Tools.Tests/bin/Debug/net8.0/ReactiveUI.dll".
         Copying file from "/home/runner/.nuget/packages/skiasharp/2.88.9/lib/net6.0/SkiaSharp.dll" to "/home/runner/work/S7-Tools/S7-Tools/tests/S7Tools.Tests/bin/Debug/net8.0/SkiaSharp.dll".
         Copying file from "/home/runner/.nuget/packages/splat/15.1.1/lib/net8.0/Splat.dll" to "/home/runner/work/S7-Tools/S7-Tools/tests/S7Tools.Tests/bin/Debug/net8.0/Splat.dll".
         Copying file from "/home/runner/.nuget/packages/splat.microsoft.extensions.dependencyinjection/14.8.6/lib/net7.0/Splat.Microsoft.Extensions.DependencyInjection.dll" to "/home/runner/work/S7-Tools/S7-Tools/tests/S7Tools.Tests/bin/Debug/net8.0/Splat.Microsoft.Extensions.DependencyInjection.dll".
         Copying file from "/home/runner/.nuget/packages/system.configuration.configurationmanager/4.4.0/lib/netstandard2.0/System.Configuration.ConfigurationManager.dll" to "/home/runner/work/S7-Tools/S7-Tools/tests/S7Tools.Tests/bin/Debug/net8.0/System.Configuration.ConfigurationManager.dll".
         Copying file from "/home/runner/.nuget/packages/system.diagnostics.eventlog/6.0.0/lib/net6.0/System.Diagnostics.EventLog.dll" to "/home/runner/work/S7-Tools/S7-Tools/tests/S7Tools.Tests/bin/Debug/net8.0/System.Diagnostics.EventLog.dll".
         Copying file from "/home/runner/.nuget/packages/system.io.pipelines/9.0.4/lib/net8.0/System.IO.Pipelines.dll" to "/home/runner/work/S7-Tools/S7-Tools/tests/S7Tools.Tests/bin/Debug/net8.0/System.IO.Pipelines.dll".
         Copying file from "/home/runner/.nuget/packages/system.reactive/6.0.1/lib/net6.0/System.Reactive.dll" to "/home/runner/work/S7-Tools/S7-Tools/tests/S7Tools.Tests/bin/Debug/net8.0/System.Reactive.dll".
         Copying file from "/home/runner/.nuget/packages/system.text.encodings.web/9.0.4/lib/net8.0/System.Text.Encodings.Web.dll" to "/home/runner/work/S7-Tools/S7-Tools/tests/S7Tools.Tests/bin/Debug/net8.0/System.Text.Encodings.Web.dll".
         Copying file from "/home/runner/.nuget/packages/system.security.cryptography.protecteddata/4.4.0/lib/netstandard2.0/System.Security.Cryptography.ProtectedData.dll" to "/home/runner/work/S7-Tools/S7-Tools/tests/S7Tools.Tests/bin/Debug/net8.0/System.Security.Cryptography.ProtectedData.dll".
         Copying file from "/home/runner/.nuget/packages/system.text.json/9.0.4/lib/net8.0/System.Text.Json.dll" to "/home/runner/work/S7-Tools/S7-Tools/tests/S7Tools.Tests/bin/Debug/net8.0/System.Text.Json.dll".
         Copying file from "/home/runner/.nuget/packages/tmds.dbus.protocol/0.21.2/lib/net8.0/Tmds.DBus.Protocol.dll" to "/home/runner/work/S7-Tools/S7-Tools/tests/S7Tools.Tests/bin/Debug/net8.0/Tmds.DBus.Protocol.dll".
         Copying file from "/home/runner/.nuget/packages/xunit.abstractions/2.0.3/lib/netstandard2.0/xunit.abstractions.dll" to "/home/runner/work/S7-Tools/S7-Tools/tests/S7Tools.Tests/bin/Debug/net8.0/xunit.abstractions.dll".
         Copying file from "/home/runner/.nuget/packages/xunit.assert/2.9.2/lib/net6.0/xunit.assert.dll" to "/home/runner/work/S7-Tools/S7-Tools/tests/S7Tools.Tests/bin/Debug/net8.0/xunit.assert.dll".
         Copying file from "/home/runner/.nuget/packages/xunit.extensibility.core/2.9.2/lib/netstandard1.1/xunit.core.dll" to "/home/runner/work/S7-Tools/S7-Tools/tests/S7Tools.Tests/bin/Debug/net8.0/xunit.core.dll".
         Copying file from "/home/runner/.nuget/packages/xunit.extensibility.execution/2.9.2/lib/netstandard1.1/xunit.execution.dotnet.dll" to "/home/runner/work/S7-Tools/S7-Tools/tests/S7Tools.Tests/bin/Debug/net8.0/xunit.execution.dotnet.dll".
         Creating directory "bin/Debug/net8.0/cs".
         Copying file from "/home/runner/.nuget/packages/microsoft.testplatform.objectmodel/17.12.0/lib/netcoreapp3.1/cs/Microsoft.TestPlatform.CoreUtilities.resources.dll" to "/home/runner/work/S7-Tools/S7-Tools/tests/S7Tools.Tests/bin/Debug/net8.0/cs/Microsoft.TestPlatform.CoreUtilities.resources.dll".
         Copying file from "/home/runner/.nuget/packages/microsoft.testplatform.objectmodel/17.12.0/lib/netcoreapp3.1/cs/Microsoft.VisualStudio.TestPlatform.ObjectModel.resources.dll" to "/home/runner/work/S7-Tools/S7-Tools/tests/S7Tools.Tests/bin/Debug/net8.0/cs/Microsoft.VisualStudio.TestPlatform.ObjectModel.resources.dll".
         Creating directory "bin/Debug/net8.0/de".
         Copying file from "/home/runner/.nuget/packages/microsoft.testplatform.objectmodel/17.12.0/lib/netcoreapp3.1/de/Microsoft.TestPlatform.CoreUtilities.resources.dll" to "/home/runner/work/S7-Tools/S7-Tools/tests/S7Tools.Tests/bin/Debug/net8.0/de/Microsoft.TestPlatform.CoreUtilities.resources.dll".
         Copying file from "/home/runner/.nuget/packages/microsoft.testplatform.objectmodel/17.12.0/lib/netcoreapp3.1/de/Microsoft.VisualStudio.TestPlatform.ObjectModel.resources.dll" to "/home/runner/work/S7-Tools/S7-Tools/tests/S7Tools.Tests/bin/Debug/net8.0/de/Microsoft.VisualStudio.TestPlatform.ObjectModel.resources.dll".
         Creating directory "bin/Debug/net8.0/es".
         Creating directory "bin/Debug/net8.0/es".
         Copying file from "/home/runner/.nuget/packages/microsoft.testplatform.objectmodel/17.12.0/lib/netcoreapp3.1/es/Microsoft.TestPlatform.CoreUtilities.resources.dll" to "/home/runner/work/S7-Tools/S7-Tools/tests/S7Tools.Tests/bin/Debug/net8.0/es/Microsoft.TestPlatform.CoreUtilities.resources.dll".
         Copying file from "/home/runner/.nuget/packages/microsoft.testplatform.objectmodel/17.12.0/lib/netcoreapp3.1/es/Microsoft.VisualStudio.TestPlatform.ObjectModel.resources.dll" to "/home/runner/work/S7-Tools/S7-Tools/tests/S7Tools.Tests/bin/Debug/net8.0/es/Microsoft.VisualStudio.TestPlatform.ObjectModel.resources.dll".
         Creating directory "bin/Debug/net8.0/fr".
         Copying file from "/home/runner/.nuget/packages/microsoft.testplatform.objectmodel/17.12.0/lib/netcoreapp3.1/fr/Microsoft.TestPlatform.CoreUtilities.resources.dll" to "/home/runner/work/S7-Tools/S7-Tools/tests/S7Tools.Tests/bin/Debug/net8.0/fr/Microsoft.TestPlatform.CoreUtilities.resources.dll".
         Copying file from "/home/runner/.nuget/packages/microsoft.testplatform.objectmodel/17.12.0/lib/netcoreapp3.1/fr/Microsoft.VisualStudio.TestPlatform.ObjectModel.resources.dll" to "/home/runner/work/S7-Tools/S7-Tools/tests/S7Tools.Tests/bin/Debug/net8.0/fr/Microsoft.VisualStudio.TestPlatform.ObjectModel.resources.dll".
         Creating directory "bin/Debug/net8.0/it".
         Copying file from "/home/runner/.nuget/packages/microsoft.testplatform.objectmodel/17.12.0/lib/netcoreapp3.1/it/Microsoft.VisualStudio.TestPlatform.ObjectModel.resources.dll" to "/home/runner/work/S7-Tools/S7-Tools/tests/S7Tools.Tests/bin/Debug/net8.0/it/Microsoft.VisualStudio.TestPlatform.ObjectModel.resources.dll".
         Creating directory "bin/Debug/net8.0/ja".
         Copying file from "/home/runner/.nuget/packages/microsoft.testplatform.objectmodel/17.12.0/lib/netcoreapp3.1/ja/Microsoft.TestPlatform.CoreUtilities.resources.dll" to "/home/runner/work/S7-Tools/S7-Tools/tests/S7Tools.Tests/bin/Debug/net8.0/ja/Microsoft.TestPlatform.CoreUtilities.resources.dll".
         Copying file from "/home/runner/.nuget/packages/microsoft.testplatform.objectmodel/17.12.0/lib/netcoreapp3.1/ja/Microsoft.VisualStudio.TestPlatform.ObjectModel.resources.dll" to "/home/runner/work/S7-Tools/S7-Tools/tests/S7Tools.Tests/bin/Debug/net8.0/ja/Microsoft.VisualStudio.TestPlatform.ObjectModel.resources.dll".
         Creating directory "bin/Debug/net8.0/ko".
         Copying file from "/home/runner/.nuget/packages/microsoft.testplatform.objectmodel/17.12.0/lib/netcoreapp3.1/ko/Microsoft.TestPlatform.CoreUtilities.resources.dll" to "/home/runner/work/S7-Tools/S7-Tools/tests/S7Tools.Tests/bin/Debug/net8.0/ko/Microsoft.TestPlatform.CoreUtilities.resources.dll".
         Creating directory "bin/Debug/net8.0/pl".
         Copying file from "/home/runner/.nuget/packages/microsoft.testplatform.objectmodel/17.12.0/lib/netcoreapp3.1/pl/Microsoft.TestPlatform.CoreUtilities.resources.dll" to "/home/runner/work/S7-Tools/S7-Tools/tests/S7Tools.Tests/bin/Debug/net8.0/pl/Microsoft.TestPlatform.CoreUtilities.resources.dll".
         Copying file from "/home/runner/.nuget/packages/microsoft.testplatform.objectmodel/17.12.0/lib/netcoreapp3.1/ko/Microsoft.VisualStudio.TestPlatform.ObjectModel.resources.dll" to "/home/runner/work/S7-Tools/S7-Tools/tests/S7Tools.Tests/bin/Debug/net8.0/ko/Microsoft.VisualStudio.TestPlatform.ObjectModel.resources.dll".
         Copying file from "/home/runner/.nuget/packages/microsoft.testplatform.objectmodel/17.12.0/lib/netcoreapp3.1/pl/Microsoft.VisualStudio.TestPlatform.ObjectModel.resources.dll" to "/home/runner/work/S7-Tools/S7-Tools/tests/S7Tools.Tests/bin/Debug/net8.0/pl/Microsoft.VisualStudio.TestPlatform.ObjectModel.resources.dll".
         Creating directory "bin/Debug/net8.0/pt-BR".
         Copying file from "/home/runner/.nuget/packages/microsoft.testplatform.objectmodel/17.12.0/lib/netcoreapp3.1/pt-BR/Microsoft.TestPlatform.CoreUtilities.resources.dll" to "/home/runner/work/S7-Tools/S7-Tools/tests/S7Tools.Tests/bin/Debug/net8.0/pt-BR/Microsoft.TestPlatform.CoreUtilities.resources.dll".
         Copying file from "/home/runner/.nuget/packages/microsoft.testplatform.objectmodel/17.12.0/lib/netcoreapp3.1/pt-BR/Microsoft.VisualStudio.TestPlatform.ObjectModel.resources.dll" to "/home/runner/work/S7-Tools/S7-Tools/tests/S7Tools.Tests/bin/Debug/net8.0/pt-BR/Microsoft.VisualStudio.TestPlatform.ObjectModel.resources.dll".
         Creating directory "bin/Debug/net8.0/ru".
         Copying file from "/home/runner/.nuget/packages/microsoft.testplatform.objectmodel/17.12.0/lib/netcoreapp3.1/it/Microsoft.TestPlatform.CoreUtilities.resources.dll" to "/home/runner/work/S7-Tools/S7-Tools/tests/S7Tools.Tests/bin/Debug/net8.0/it/Microsoft.TestPlatform.CoreUtilities.resources.dll".
         Creating directory "bin/Debug/net8.0/ru".
         Copying file from "/home/runner/.nuget/packages/microsoft.testplatform.objectmodel/17.12.0/lib/netcoreapp3.1/ru/Microsoft.VisualStudio.TestPlatform.ObjectModel.resources.dll" to "/home/runner/work/S7-Tools/S7-Tools/tests/S7Tools.Tests/bin/Debug/net8.0/ru/Microsoft.VisualStudio.TestPlatform.ObjectModel.resources.dll".
         Creating directory "bin/Debug/net8.0/tr".
         Copying file from "/home/runner/.nuget/packages/microsoft.testplatform.objectmodel/17.12.0/lib/netcoreapp3.1/tr/Microsoft.TestPlatform.CoreUtilities.resources.dll" to "/home/runner/work/S7-Tools/S7-Tools/tests/S7Tools.Tests/bin/Debug/net8.0/tr/Microsoft.TestPlatform.CoreUtilities.resources.dll".
         Copying file from "/home/runner/.nuget/packages/microsoft.testplatform.objectmodel/17.12.0/lib/netcoreapp3.1/tr/Microsoft.VisualStudio.TestPlatform.ObjectModel.resources.dll" to "/home/runner/work/S7-Tools/S7-Tools/tests/S7Tools.Tests/bin/Debug/net8.0/tr/Microsoft.VisualStudio.TestPlatform.ObjectModel.resources.dll".
         Creating directory "bin/Debug/net8.0/zh-Hans".
         Copying file from "/home/runner/.nuget/packages/microsoft.testplatform.objectmodel/17.12.0/lib/netcoreapp3.1/zh-Hans/Microsoft.TestPlatform.CoreUtilities.resources.dll" to "/home/runner/work/S7-Tools/S7-Tools/tests/S7Tools.Tests/bin/Debug/net8.0/zh-Hans/Microsoft.TestPlatform.CoreUtilities.resources.dll".
         Copying file from "/home/runner/.nuget/packages/microsoft.testplatform.objectmodel/17.12.0/lib/netcoreapp3.1/zh-Hans/Microsoft.VisualStudio.TestPlatform.ObjectModel.resources.dll" to "/home/runner/work/S7-Tools/S7-Tools/tests/S7Tools.Tests/bin/Debug/net8.0/zh-Hans/Microsoft.VisualStudio.TestPlatform.ObjectModel.resources.dll".
         Creating directory "bin/Debug/net8.0/zh-Hant".
         Copying file from "/home/runner/.nuget/packages/microsoft.testplatform.objectmodel/17.12.0/lib/netcoreapp3.1/zh-Hant/Microsoft.TestPlatform.CoreUtilities.resources.dll" to "/home/runner/work/S7-Tools/S7-Tools/tests/S7Tools.Tests/bin/Debug/net8.0/zh-Hant/Microsoft.TestPlatform.CoreUtilities.resources.dll".
         Copying file from "/home/runner/.nuget/packages/microsoft.testplatform.objectmodel/17.12.0/lib/netcoreapp3.1/zh-Hant/Microsoft.VisualStudio.TestPlatform.ObjectModel.resources.dll" to "/home/runner/work/S7-Tools/S7-Tools/tests/S7Tools.Tests/bin/Debug/net8.0/zh-Hant/Microsoft.VisualStudio.TestPlatform.ObjectModel.resources.dll".
         Copying file from "/home/runner/.nuget/packages/microsoft.testplatform.testhost/17.12.0/lib/netcoreapp3.1/cs/Microsoft.TestPlatform.CommunicationUtilities.resources.dll" to "/home/runner/work/S7-Tools/S7-Tools/tests/S7Tools.Tests/bin/Debug/net8.0/cs/Microsoft.TestPlatform.CommunicationUtilities.resources.dll".
         Copying file from "/home/runner/.nuget/packages/microsoft.testplatform.objectmodel/17.12.0/lib/netcoreapp3.1/ru/Microsoft.TestPlatform.CoreUtilities.resources.dll" to "/home/runner/work/S7-Tools/S7-Tools/tests/S7Tools.Tests/bin/Debug/net8.0/ru/Microsoft.TestPlatform.CoreUtilities.resources.dll".
         Copying file from "/home/runner/.nuget/packages/microsoft.testplatform.testhost/17.12.0/lib/netcoreapp3.1/cs/Microsoft.VisualStudio.TestPlatform.Common.resources.dll" to "/home/runner/work/S7-Tools/S7-Tools/tests/S7Tools.Tests/bin/Debug/net8.0/cs/Microsoft.VisualStudio.TestPlatform.Common.resources.dll".
         Copying file from "/home/runner/.nuget/packages/microsoft.testplatform.testhost/17.12.0/lib/netcoreapp3.1/de/Microsoft.TestPlatform.CommunicationUtilities.resources.dll" to "/home/runner/work/S7-Tools/S7-Tools/tests/S7Tools.Tests/bin/Debug/net8.0/de/Microsoft.TestPlatform.CommunicationUtilities.resources.dll".
         Copying file from "/home/runner/.nuget/packages/microsoft.testplatform.testhost/17.12.0/lib/netcoreapp3.1/de/Microsoft.TestPlatform.CrossPlatEngine.resources.dll" to "/home/runner/work/S7-Tools/S7-Tools/tests/S7Tools.Tests/bin/Debug/net8.0/de/Microsoft.TestPlatform.CrossPlatEngine.resources.dll".
         Copying file from "/home/runner/.nuget/packages/microsoft.testplatform.testhost/17.12.0/lib/netcoreapp3.1/de/Microsoft.VisualStudio.TestPlatform.Common.resources.dll" to "/home/runner/work/S7-Tools/S7-Tools/tests/S7Tools.Tests/bin/Debug/net8.0/de/Microsoft.VisualStudio.TestPlatform.Common.resources.dll".
         Copying file from "/home/runner/.nuget/packages/microsoft.testplatform.testhost/17.12.0/lib/netcoreapp3.1/es/Microsoft.TestPlatform.CommunicationUtilities.resources.dll" to "/home/runner/work/S7-Tools/S7-Tools/tests/S7Tools.Tests/bin/Debug/net8.0/es/Microsoft.TestPlatform.CommunicationUtilities.resources.dll".
         Copying file from "/home/runner/.nuget/packages/microsoft.testplatform.testhost/17.12.0/lib/netcoreapp3.1/es/Microsoft.TestPlatform.CrossPlatEngine.resources.dll" to "/home/runner/work/S7-Tools/S7-Tools/tests/S7Tools.Tests/bin/Debug/net8.0/es/Microsoft.TestPlatform.CrossPlatEngine.resources.dll".
         Copying file from "/home/runner/.nuget/packages/microsoft.testplatform.testhost/17.12.0/lib/netcoreapp3.1/es/Microsoft.VisualStudio.TestPlatform.Common.resources.dll" to "/home/runner/work/S7-Tools/S7-Tools/tests/S7Tools.Tests/bin/Debug/net8.0/es/Microsoft.VisualStudio.TestPlatform.Common.resources.dll".
         Copying file from "/home/runner/.nuget/packages/microsoft.testplatform.testhost/17.12.0/lib/netcoreapp3.1/fr/Microsoft.TestPlatform.CommunicationUtilities.resources.dll" to "/home/runner/work/S7-Tools/S7-Tools/tests/S7Tools.Tests/bin/Debug/net8.0/fr/Microsoft.TestPlatform.CommunicationUtilities.resources.dll".
         Copying file from "/home/runner/.nuget/packages/microsoft.testplatform.testhost/17.12.0/lib/netcoreapp3.1/fr/Microsoft.TestPlatform.CrossPlatEngine.resources.dll" to "/home/runner/work/S7-Tools/S7-Tools/tests/S7Tools.Tests/bin/Debug/net8.0/fr/Microsoft.TestPlatform.CrossPlatEngine.resources.dll".
         Copying file from "/home/runner/.nuget/packages/microsoft.testplatform.testhost/17.12.0/lib/netcoreapp3.1/fr/Microsoft.VisualStudio.TestPlatform.Common.resources.dll" to "/home/runner/work/S7-Tools/S7-Tools/tests/S7Tools.Tests/bin/Debug/net8.0/fr/Microsoft.VisualStudio.TestPlatform.Common.resources.dll".
         Copying file from "/home/runner/.nuget/packages/microsoft.testplatform.testhost/17.12.0/lib/netcoreapp3.1/it/Microsoft.TestPlatform.CommunicationUtilities.resources.dll" to "/home/runner/work/S7-Tools/S7-Tools/tests/S7Tools.Tests/bin/Debug/net8.0/it/Microsoft.TestPlatform.CommunicationUtilities.resources.dll".
         Copying file from "/home/runner/.nuget/packages/microsoft.testplatform.testhost/17.12.0/lib/netcoreapp3.1/it/Microsoft.TestPlatform.CrossPlatEngine.resources.dll" to "/home/runner/work/S7-Tools/S7-Tools/tests/S7Tools.Tests/bin/Debug/net8.0/it/Microsoft.TestPlatform.CrossPlatEngine.resources.dll".
         Copying file from "/home/runner/.nuget/packages/microsoft.testplatform.testhost/17.12.0/lib/netcoreapp3.1/it/Microsoft.VisualStudio.TestPlatform.Common.resources.dll" to "/home/runner/work/S7-Tools/S7-Tools/tests/S7Tools.Tests/bin/Debug/net8.0/it/Microsoft.VisualStudio.TestPlatform.Common.resources.dll".
         Copying file from "/home/runner/.nuget/packages/microsoft.testplatform.testhost/17.12.0/lib/netcoreapp3.1/ja/Microsoft.TestPlatform.CommunicationUtilities.resources.dll" to "/home/runner/work/S7-Tools/S7-Tools/tests/S7Tools.Tests/bin/Debug/net8.0/ja/Microsoft.TestPlatform.CommunicationUtilities.resources.dll".
         Copying file from "/home/runner/.nuget/packages/microsoft.testplatform.testhost/17.12.0/lib/netcoreapp3.1/ja/Microsoft.TestPlatform.CrossPlatEngine.resources.dll" to "/home/runner/work/S7-Tools/S7-Tools/tests/S7Tools.Tests/bin/Debug/net8.0/ja/Microsoft.TestPlatform.CrossPlatEngine.resources.dll".
         Copying file from "/home/runner/.nuget/packages/microsoft.testplatform.testhost/17.12.0/lib/netcoreapp3.1/ja/Microsoft.VisualStudio.TestPlatform.Common.resources.dll" to "/home/runner/work/S7-Tools/S7-Tools/tests/S7Tools.Tests/bin/Debug/net8.0/ja/Microsoft.VisualStudio.TestPlatform.Common.resources.dll".
         Copying file from "/home/runner/.nuget/packages/microsoft.testplatform.testhost/17.12.0/lib/netcoreapp3.1/ko/Microsoft.TestPlatform.CommunicationUtilities.resources.dll" to "/home/runner/work/S7-Tools/S7-Tools/tests/S7Tools.Tests/bin/Debug/net8.0/ko/Microsoft.TestPlatform.CommunicationUtilities.resources.dll".
         Copying file from "/home/runner/.nuget/packages/microsoft.testplatform.testhost/17.12.0/lib/netcoreapp3.1/cs/Microsoft.TestPlatform.CrossPlatEngine.resources.dll" to "/home/runner/work/S7-Tools/S7-Tools/tests/S7Tools.Tests/bin/Debug/net8.0/cs/Microsoft.TestPlatform.CrossPlatEngine.resources.dll".
         Copying file from "/home/runner/.nuget/packages/microsoft.testplatform.testhost/17.12.0/lib/netcoreapp3.1/pl/Microsoft.TestPlatform.CommunicationUtilities.resources.dll" to "/home/runner/work/S7-Tools/S7-Tools/tests/S7Tools.Tests/bin/Debug/net8.0/pl/Microsoft.TestPlatform.CommunicationUtilities.resources.dll".
         Copying file from "/home/runner/.nuget/packages/microsoft.testplatform.testhost/17.12.0/lib/netcoreapp3.1/pl/Microsoft.TestPlatform.CrossPlatEngine.resources.dll" to "/home/runner/work/S7-Tools/S7-Tools/tests/S7Tools.Tests/bin/Debug/net8.0/pl/Microsoft.TestPlatform.CrossPlatEngine.resources.dll".
         Copying file from "/home/runner/.nuget/packages/microsoft.testplatform.testhost/17.12.0/lib/netcoreapp3.1/pl/Microsoft.VisualStudio.TestPlatform.Common.resources.dll" to "/home/runner/work/S7-Tools/S7-Tools/tests/S7Tools.Tests/bin/Debug/net8.0/pl/Microsoft.VisualStudio.TestPlatform.Common.resources.dll".
         Copying file from "/home/runner/.nuget/packages/microsoft.testplatform.testhost/17.12.0/lib/netcoreapp3.1/pt-BR/Microsoft.TestPlatform.CommunicationUtilities.resources.dll" to "/home/runner/work/S7-Tools/S7-Tools/tests/S7Tools.Tests/bin/Debug/net8.0/pt-BR/Microsoft.TestPlatform.CommunicationUtilities.resources.dll".
         Copying file from "/home/runner/.nuget/packages/microsoft.testplatform.testhost/17.12.0/lib/netcoreapp3.1/ko/Microsoft.VisualStudio.TestPlatform.Common.resources.dll" to "/home/runner/work/S7-Tools/S7-Tools/tests/S7Tools.Tests/bin/Debug/net8.0/ko/Microsoft.VisualStudio.TestPlatform.Common.resources.dll".
         Copying file from "/home/runner/.nuget/packages/microsoft.testplatform.testhost/17.12.0/lib/netcoreapp3.1/pt-BR/Microsoft.TestPlatform.CrossPlatEngine.resources.dll" to "/home/runner/work/S7-Tools/S7-Tools/tests/S7Tools.Tests/bin/Debug/net8.0/pt-BR/Microsoft.TestPlatform.CrossPlatEngine.resources.dll".
         Copying file from "/home/runner/.nuget/packages/microsoft.testplatform.testhost/17.12.0/lib/netcoreapp3.1/pt-BR/Microsoft.VisualStudio.TestPlatform.Common.resources.dll" to "/home/runner/work/S7-Tools/S7-Tools/tests/S7Tools.Tests/bin/Debug/net8.0/pt-BR/Microsoft.VisualStudio.TestPlatform.Common.resources.dll".
         Copying file from "/home/runner/.nuget/packages/microsoft.testplatform.testhost/17.12.0/lib/netcoreapp3.1/ru/Microsoft.TestPlatform.CommunicationUtilities.resources.dll" to "/home/runner/work/S7-Tools/S7-Tools/tests/S7Tools.Tests/bin/Debug/net8.0/ru/Microsoft.TestPlatform.CommunicationUtilities.resources.dll".
         Copying file from "/home/runner/.nuget/packages/microsoft.testplatform.testhost/17.12.0/lib/netcoreapp3.1/ru/Microsoft.TestPlatform.CrossPlatEngine.resources.dll" to "/home/runner/work/S7-Tools/S7-Tools/tests/S7Tools.Tests/bin/Debug/net8.0/ru/Microsoft.TestPlatform.CrossPlatEngine.resources.dll".
         Copying file from "/home/runner/.nuget/packages/microsoft.testplatform.testhost/17.12.0/lib/netcoreapp3.1/ru/Microsoft.VisualStudio.TestPlatform.Common.resources.dll" to "/home/runner/work/S7-Tools/S7-Tools/tests/S7Tools.Tests/bin/Debug/net8.0/ru/Microsoft.VisualStudio.TestPlatform.Common.resources.dll".
         Copying file from "/home/runner/.nuget/packages/microsoft.testplatform.testhost/17.12.0/lib/netcoreapp3.1/tr/Microsoft.TestPlatform.CommunicationUtilities.resources.dll" to "/home/runner/work/S7-Tools/S7-Tools/tests/S7Tools.Tests/bin/Debug/net8.0/tr/Microsoft.TestPlatform.CommunicationUtilities.resources.dll".
         Copying file from "/home/runner/.nuget/packages/microsoft.testplatform.testhost/17.12.0/lib/netcoreapp3.1/tr/Microsoft.TestPlatform.CrossPlatEngine.resources.dll" to "/home/runner/work/S7-Tools/S7-Tools/tests/S7Tools.Tests/bin/Debug/net8.0/tr/Microsoft.TestPlatform.CrossPlatEngine.resources.dll".
         Copying file from "/home/runner/.nuget/packages/microsoft.testplatform.testhost/17.12.0/lib/netcoreapp3.1/tr/Microsoft.VisualStudio.TestPlatform.Common.resources.dll" to "/home/runner/work/S7-Tools/S7-Tools/tests/S7Tools.Tests/bin/Debug/net8.0/tr/Microsoft.VisualStudio.TestPlatform.Common.resources.dll".
         Copying file from "/home/runner/.nuget/packages/microsoft.testplatform.testhost/17.12.0/lib/netcoreapp3.1/zh-Hans/Microsoft.TestPlatform.CommunicationUtilities.resources.dll" to "/home/runner/work/S7-Tools/S7-Tools/tests/S7Tools.Tests/bin/Debug/net8.0/zh-Hans/Microsoft.TestPlatform.CommunicationUtilities.resources.dll".
         Copying file from "/home/runner/.nuget/packages/microsoft.testplatform.testhost/17.12.0/lib/netcoreapp3.1/zh-Hans/Microsoft.TestPlatform.CrossPlatEngine.resources.dll" to "/home/runner/work/S7-Tools/S7-Tools/tests/S7Tools.Tests/bin/Debug/net8.0/zh-Hans/Microsoft.TestPlatform.CrossPlatEngine.resources.dll".
         Copying file from "/home/runner/.nuget/packages/microsoft.testplatform.testhost/17.12.0/lib/netcoreapp3.1/zh-Hans/Microsoft.VisualStudio.TestPlatform.Common.resources.dll" to "/home/runner/work/S7-Tools/S7-Tools/tests/S7Tools.Tests/bin/Debug/net8.0/zh-Hans/Microsoft.VisualStudio.TestPlatform.Common.resources.dll".
         Copying file from "/home/runner/.nuget/packages/microsoft.testplatform.testhost/17.12.0/lib/netcoreapp3.1/zh-Hant/Microsoft.TestPlatform.CommunicationUtilities.resources.dll" to "/home/runner/work/S7-Tools/S7-Tools/tests/S7Tools.Tests/bin/Debug/net8.0/zh-Hant/Microsoft.TestPlatform.CommunicationUtilities.resources.dll".
         Copying file from "/home/runner/.nuget/packages/microsoft.testplatform.testhost/17.12.0/lib/netcoreapp3.1/zh-Hant/Microsoft.TestPlatform.CrossPlatEngine.resources.dll" to "/home/runner/work/S7-Tools/S7-Tools/tests/S7Tools.Tests/bin/Debug/net8.0/zh-Hant/Microsoft.TestPlatform.CrossPlatEngine.resources.dll".
         Copying file from "/home/runner/.nuget/packages/microsoft.testplatform.testhost/17.12.0/lib/netcoreapp3.1/zh-Hant/Microsoft.VisualStudio.TestPlatform.Common.resources.dll" to "/home/runner/work/S7-Tools/S7-Tools/tests/S7Tools.Tests/bin/Debug/net8.0/zh-Hant/Microsoft.VisualStudio.TestPlatform.Common.resources.dll".
         Creating directory "bin/Debug/net8.0/runtimes/win-arm64/native".
         Creating directory "bin/Debug/net8.0/runtimes/win-x64/native".
         Copying file from "/home/runner/.nuget/packages/avalonia.angle.windows.natives/2.1.25547.20250602/runtimes/win-x64/native/av_libglesv2.dll" to "/home/runner/work/S7-Tools/S7-Tools/tests/S7Tools.Tests/bin/Debug/net8.0/runtimes/win-x64/native/av_libglesv2.dll".
         Copying file from "/home/runner/.nuget/packages/avalonia.angle.windows.natives/2.1.25547.20250602/runtimes/win-arm64/native/av_libglesv2.dll" to "/home/runner/work/S7-Tools/S7-Tools/tests/S7Tools.Tests/bin/Debug/net8.0/runtimes/win-arm64/native/av_libglesv2.dll".
         Copying file from "/home/runner/.nuget/packages/microsoft.testplatform.testhost/17.12.0/lib/netcoreapp3.1/ko/Microsoft.TestPlatform.CrossPlatEngine.resources.dll" to "/home/runner/work/S7-Tools/S7-Tools/tests/S7Tools.Tests/bin/Debug/net8.0/ko/Microsoft.TestPlatform.CrossPlatEngine.resources.dll".
         Creating directory "bin/Debug/net8.0/runtimes/win-x86/native".
         Copying file from "/home/runner/.nuget/packages/avalonia.angle.windows.natives/2.1.25547.20250602/runtimes/win-x86/native/av_libglesv2.dll" to "/home/runner/work/S7-Tools/S7-Tools/tests/S7Tools.Tests/bin/Debug/net8.0/runtimes/win-x86/native/av_libglesv2.dll".
         Creating directory "bin/Debug/net8.0/runtimes/osx/native".
         Copying file from "/home/runner/.nuget/packages/avalonia.native/11.3.6/runtimes/osx/native/libAvaloniaNative.dylib" to "/home/runner/work/S7-Tools/S7-Tools/tests/S7Tools.Tests/bin/Debug/net8.0/runtimes/osx/native/libAvaloniaNative.dylib".
         Creating directory "bin/Debug/net8.0/runtimes/linux-arm/native".
         Copying file from "/home/runner/.nuget/packages/harfbuzzsharp.nativeassets.linux/8.3.1.1/runtimes/linux-arm/native/libHarfBuzzSharp.so" to "/home/runner/work/S7-Tools/S7-Tools/tests/S7Tools.Tests/bin/Debug/net8.0/runtimes/linux-arm/native/libHarfBuzzSharp.so".
         Creating directory "bin/Debug/net8.0/runtimes/linux-arm64/native".
         Copying file from "/home/runner/.nuget/packages/harfbuzzsharp.nativeassets.linux/8.3.1.1/runtimes/linux-arm64/native/libHarfBuzzSharp.so" to "/home/runner/work/S7-Tools/S7-Tools/tests/S7Tools.Tests/bin/Debug/net8.0/runtimes/linux-arm64/native/libHarfBuzzSharp.so".
         Creating directory "bin/Debug/net8.0/runtimes/linux-loongarch64/native".
         Copying file from "/home/runner/.nuget/packages/harfbuzzsharp.nativeassets.linux/8.3.1.1/runtimes/linux-loongarch64/native/libHarfBuzzSharp.so" to "/home/runner/work/S7-Tools/S7-Tools/tests/S7Tools.Tests/bin/Debug/net8.0/runtimes/linux-loongarch64/native/libHarfBuzzSharp.so".
         Creating directory "bin/Debug/net8.0/runtimes/linux-musl-arm/native".
         Copying file from "/home/runner/.nuget/packages/harfbuzzsharp.nativeassets.linux/8.3.1.1/runtimes/linux-musl-arm/native/libHarfBuzzSharp.so" to "/home/runner/work/S7-Tools/S7-Tools/tests/S7Tools.Tests/bin/Debug/net8.0/runtimes/linux-musl-arm/native/libHarfBuzzSharp.so".
         Creating directory "bin/Debug/net8.0/runtimes/linux-musl-arm64/native".
         Copying file from "/home/runner/.nuget/packages/harfbuzzsharp.nativeassets.linux/8.3.1.1/runtimes/linux-musl-arm64/native/libHarfBuzzSharp.so" to "/home/runner/work/S7-Tools/S7-Tools/tests/S7Tools.Tests/bin/Debug/net8.0/runtimes/linux-musl-arm64/native/libHarfBuzzSharp.so".
         Creating directory "bin/Debug/net8.0/runtimes/linux-musl-loongarch64/native".
         Copying file from "/home/runner/.nuget/packages/harfbuzzsharp.nativeassets.linux/8.3.1.1/runtimes/linux-musl-loongarch64/native/libHarfBuzzSharp.so" to "/home/runner/work/S7-Tools/S7-Tools/tests/S7Tools.Tests/bin/Debug/net8.0/runtimes/linux-musl-loongarch64/native/libHarfBuzzSharp.so".
         Creating directory "bin/Debug/net8.0/runtimes/linux-musl-riscv64/native".
         Copying file from "/home/runner/.nuget/packages/harfbuzzsharp.nativeassets.linux/8.3.1.1/runtimes/linux-musl-riscv64/native/libHarfBuzzSharp.so" to "/home/runner/work/S7-Tools/S7-Tools/tests/S7Tools.Tests/bin/Debug/net8.0/runtimes/linux-musl-riscv64/native/libHarfBuzzSharp.so".
         Creating directory "bin/Debug/net8.0/runtimes/linux-musl-x64/native".
         Copying file from "/home/runner/.nuget/packages/harfbuzzsharp.nativeassets.linux/8.3.1.1/runtimes/linux-musl-x64/native/libHarfBuzzSharp.so" to "/home/runner/work/S7-Tools/S7-Tools/tests/S7Tools.Tests/bin/Debug/net8.0/runtimes/linux-musl-x64/native/libHarfBuzzSharp.so".
         Creating directory "bin/Debug/net8.0/runtimes/linux-riscv64/native".
         Copying file from "/home/runner/.nuget/packages/harfbuzzsharp.nativeassets.linux/8.3.1.1/runtimes/linux-riscv64/native/libHarfBuzzSharp.so" to "/home/runner/work/S7-Tools/S7-Tools/tests/S7Tools.Tests/bin/Debug/net8.0/runtimes/linux-riscv64/native/libHarfBuzzSharp.so".
         Creating directory "bin/Debug/net8.0/runtimes/linux-x64/native".
         Copying file from "/home/runner/.nuget/packages/harfbuzzsharp.nativeassets.linux/8.3.1.1/runtimes/linux-x64/native/libHarfBuzzSharp.so" to "/home/runner/work/S7-Tools/S7-Tools/tests/S7Tools.Tests/bin/Debug/net8.0/runtimes/linux-x64/native/libHarfBuzzSharp.so".
         Creating directory "bin/Debug/net8.0/runtimes/linux-x86/native".
         Copying file from "/home/runner/.nuget/packages/harfbuzzsharp.nativeassets.linux/8.3.1.1/runtimes/linux-x86/native/libHarfBuzzSharp.so" to "/home/runner/work/S7-Tools/S7-Tools/tests/S7Tools.Tests/bin/Debug/net8.0/runtimes/linux-x86/native/libHarfBuzzSharp.so".
         Copying file from "/home/runner/.nuget/packages/harfbuzzsharp.nativeassets.macos/8.3.1.1/runtimes/osx/native/libHarfBuzzSharp.dylib" to "/home/runner/work/S7-Tools/S7-Tools/tests/S7Tools.Tests/bin/Debug/net8.0/runtimes/osx/native/libHarfBuzzSharp.dylib".
         Copying file from "/home/runner/.nuget/packages/harfbuzzsharp.nativeassets.win32/8.3.1.1/runtimes/win-arm64/native/libHarfBuzzSharp.dll" to "/home/runner/work/S7-Tools/S7-Tools/tests/S7Tools.Tests/bin/Debug/net8.0/runtimes/win-arm64/native/libHarfBuzzSharp.dll".
         Copying file from "/home/runner/.nuget/packages/harfbuzzsharp.nativeassets.win32/8.3.1.1/runtimes/win-x64/native/libHarfBuzzSharp.dll" to "/home/runner/work/S7-Tools/S7-Tools/tests/S7Tools.Tests/bin/Debug/net8.0/runtimes/win-x64/native/libHarfBuzzSharp.dll".
         Copying file from "/home/runner/.nuget/packages/harfbuzzsharp.nativeassets.win32/8.3.1.1/runtimes/win-x86/native/libHarfBuzzSharp.dll" to "/home/runner/work/S7-Tools/S7-Tools/tests/S7Tools.Tests/bin/Debug/net8.0/runtimes/win-x86/native/libHarfBuzzSharp.dll".
         Copying file from "/home/runner/.nuget/packages/skiasharp.nativeassets.linux/2.88.9/runtimes/linux-arm/native/libSkiaSharp.so" to "/home/runner/work/S7-Tools/S7-Tools/tests/S7Tools.Tests/bin/Debug/net8.0/runtimes/linux-arm/native/libSkiaSharp.so".
         Copying file from "/home/runner/.nuget/packages/skiasharp.nativeassets.linux/2.88.9/runtimes/linux-arm64/native/libSkiaSharp.so" to "/home/runner/work/S7-Tools/S7-Tools/tests/S7Tools.Tests/bin/Debug/net8.0/runtimes/linux-arm64/native/libSkiaSharp.so".
         Copying file from "/home/runner/.nuget/packages/skiasharp.nativeassets.linux/2.88.9/runtimes/linux-musl-x64/native/libSkiaSharp.so" to "/home/runner/work/S7-Tools/S7-Tools/tests/S7Tools.Tests/bin/Debug/net8.0/runtimes/linux-musl-x64/native/libSkiaSharp.so".
         Copying file from "/home/runner/.nuget/packages/skiasharp.nativeassets.linux/2.88.9/runtimes/linux-x64/native/libSkiaSharp.so" to "/home/runner/work/S7-Tools/S7-Tools/tests/S7Tools.Tests/bin/Debug/net8.0/runtimes/linux-x64/native/libSkiaSharp.so".
         Copying file from "/home/runner/.nuget/packages/skiasharp.nativeassets.macos/2.88.9/runtimes/osx/native/libSkiaSharp.dylib" to "/home/runner/work/S7-Tools/S7-Tools/tests/S7Tools.Tests/bin/Debug/net8.0/runtimes/osx/native/libSkiaSharp.dylib".
         Copying file from "/home/runner/.nuget/packages/skiasharp.nativeassets.win32/2.88.9/runtimes/win-arm64/native/libSkiaSharp.dll" to "/home/runner/work/S7-Tools/S7-Tools/tests/S7Tools.Tests/bin/Debug/net8.0/runtimes/win-arm64/native/libSkiaSharp.dll".
         Copying file from "/home/runner/.nuget/packages/skiasharp.nativeassets.win32/2.88.9/runtimes/win-x64/native/libSkiaSharp.dll" to "/home/runner/work/S7-Tools/S7-Tools/tests/S7Tools.Tests/bin/Debug/net8.0/runtimes/win-x64/native/libSkiaSharp.dll".
         Creating directory "bin/Debug/net8.0/runtimes/win/lib/net6.0".
         Copying file from "/home/runner/.nuget/packages/system.diagnostics.eventlog/6.0.0/runtimes/win/lib/net6.0/System.Diagnostics.EventLog.Messages.dll" to "/home/runner/work/S7-Tools/S7-Tools/tests/S7Tools.Tests/bin/Debug/net8.0/runtimes/win/lib/net6.0/System.Diagnostics.EventLog.Messages.dll".
         Copying file from "/home/runner/.nuget/packages/system.diagnostics.eventlog/6.0.0/runtimes/win/lib/net6.0/System.Diagnostics.EventLog.dll" to "/home/runner/work/S7-Tools/S7-Tools/tests/S7Tools.Tests/bin/Debug/net8.0/runtimes/win/lib/net6.0/System.Diagnostics.EventLog.dll".
         Creating directory "bin/Debug/net8.0/runtimes/win/lib/netstandard2.0".
         Copying file from "/home/runner/.nuget/packages/system.security.cryptography.protecteddata/4.4.0/runtimes/win/lib/netstandard2.0/System.Security.Cryptography.ProtectedData.dll" to "/home/runner/work/S7-Tools/S7-Tools/tests/S7Tools.Tests/bin/Debug/net8.0/runtimes/win/lib/netstandard2.0/System.Security.Cryptography.ProtectedData.dll".
         Creating directory "bin/Debug/net8.0/runtimes/browser/lib/net8.0".
         Copying file from "/home/runner/.nuget/packages/system.text.encodings.web/9.0.4/runtimes/browser/lib/net8.0/System.Text.Encodings.Web.dll" to "/home/runner/work/S7-Tools/S7-Tools/tests/S7Tools.Tests/bin/Debug/net8.0/runtimes/browser/lib/net8.0/System.Text.Encodings.Web.dll".
         Copying file from "/home/runner/work/S7-Tools/S7-Tools/src/S7Tools.Core/bin/Debug/net8.0/S7Tools.Core.dll" to "/home/runner/work/S7-Tools/S7-Tools/tests/S7Tools.Tests/bin/Debug/net8.0/S7Tools.Core.dll".
         Copying file from "/home/runner/work/S7-Tools/S7-Tools/src/S7Tools/bin/Debug/net8.0/S7Tools.dll" to "/home/runner/work/S7-Tools/S7-Tools/tests/S7Tools.Tests/bin/Debug/net8.0/S7Tools.dll".
         Copying file from "/home/runner/work/S7-Tools/S7-Tools/src/S7Tools.Infrastructure.Logging/bin/Debug/net8.0/S7Tools.Infrastructure.Logging.dll" to "/home/runner/work/S7-Tools/S7-Tools/tests/S7Tools.Tests/bin/Debug/net8.0/S7Tools.Infrastructure.Logging.dll".
         Copying file from "/home/runner/work/S7-Tools/S7-Tools/src/S7Tools/bin/Debug/net8.0/S7Tools.pdb" to "/home/runner/work/S7-Tools/S7-Tools/tests/S7Tools.Tests/bin/Debug/net8.0/S7Tools.pdb".
         Copying file from "/home/runner/work/S7-Tools/S7-Tools/src/S7Tools/bin/Debug/net8.0/S7Tools.xml" to "/home/runner/work/S7-Tools/S7-Tools/tests/S7Tools.Tests/bin/Debug/net8.0/S7Tools.xml".
         Copying file from "/home/runner/work/S7-Tools/S7-Tools/src/S7Tools.Core/bin/Debug/net8.0/S7Tools.Core.xml" to "/home/runner/work/S7-Tools/S7-Tools/tests/S7Tools.Tests/bin/Debug/net8.0/S7Tools.Core.xml".
         Copying file from "/home/runner/work/S7-Tools/S7-Tools/src/S7Tools.Infrastructure.Logging/bin/Debug/net8.0/S7Tools.Infrastructure.Logging.pdb" to "/home/runner/work/S7-Tools/S7-Tools/tests/S7Tools.Tests/bin/Debug/net8.0/S7Tools.Infrastructure.Logging.pdb".
         Copying file from "/home/runner/work/S7-Tools/S7-Tools/src/S7Tools.Infrastructure.Logging/bin/Debug/net8.0/S7Tools.Infrastructure.Logging.xml" to "/home/runner/work/S7-Tools/S7-Tools/tests/S7Tools.Tests/bin/Debug/net8.0/S7Tools.Infrastructure.Logging.xml".
         Copying file from "/home/runner/work/S7-Tools/S7-Tools/src/S7Tools.Core/bin/Debug/net8.0/S7Tools.Core.pdb" to "/home/runner/work/S7-Tools/S7-Tools/tests/S7Tools.Tests/bin/Debug/net8.0/S7Tools.Core.pdb".
         Copying file from "/home/runner/.nuget/packages/skiasharp.nativeassets.win32/2.88.9/runtimes/win-x86/native/libSkiaSharp.dll" to "/home/runner/work/S7-Tools/S7-Tools/tests/S7Tools.Tests/bin/Debug/net8.0/runtimes/win-x86/native/libSkiaSharp.dll".
         Creating "/home/runner/work/S7-Tools/S7-Tools/tests/S7Tools.Tests/obj/Debug/net8.0/S7Tools..6F514B9D.Up2Date" because "AlwaysCreate" was specified.
         Touching "/home/runner/work/S7-Tools/S7-Tools/tests/S7Tools.Tests/obj/Debug/net8.0/S7Tools..6F514B9D.Up2Date".
       _CopyOutOfDateSourceItemsToOutputDirectory:
         Copying file from "/home/runner/work/S7-Tools/S7-Tools/src/S7Tools/bin/Debug/net8.0/S7Tools.deps.json" to "/home/runner/work/S7-Tools/S7-Tools/tests/S7Tools.Tests/bin/Debug/net8.0/S7Tools.deps.json".
         Copying file from "/home/runner/work/S7-Tools/S7-Tools/src/S7Tools/bin/Debug/net8.0/S7Tools.runtimeconfig.json" to "/home/runner/work/S7-Tools/S7-Tools/tests/S7Tools.Tests/bin/Debug/net8.0/S7Tools.runtimeconfig.json".
         Copying file from "/home/runner/work/S7-Tools/S7-Tools/src/S7Tools/obj/Debug/net8.0/apphost" to "/home/runner/work/S7-Tools/S7-Tools/tests/S7Tools.Tests/bin/Debug/net8.0/S7Tools".
         Copying file from "/home/runner/.nuget/packages/xunit.runner.visualstudio/2.8.2/build/net6.0/xunit.runner.visualstudio.testadapter.dll" to "/home/runner/work/S7-Tools/S7-Tools/tests/S7Tools.Tests/bin/Debug/net8.0/xunit.runner.visualstudio.testadapter.dll".
         Copying file from "/home/runner/.nuget/packages/xunit.runner.visualstudio/2.8.2/build/net6.0/xunit.runner.reporters.netcoreapp10.dll" to "/home/runner/work/S7-Tools/S7-Tools/tests/S7Tools.Tests/bin/Debug/net8.0/xunit.runner.reporters.netcoreapp10.dll".
         Copying file from "/home/runner/.nuget/packages/xunit.runner.visualstudio/2.8.2/build/net6.0/xunit.runner.utility.netcoreapp10.dll" to "/home/runner/work/S7-Tools/S7-Tools/tests/S7Tools.Tests/bin/Debug/net8.0/xunit.runner.utility.netcoreapp10.dll".
       CopyFilesToOutputDirectory:
         Copying file from "/home/runner/work/S7-Tools/S7-Tools/tests/S7Tools.Tests/obj/Debug/net8.0/S7Tools.Tests.dll" to "/home/runner/work/S7-Tools/S7-Tools/tests/S7Tools.Tests/bin/Debug/net8.0/S7Tools.Tests.dll".
         Copying reference assembly from "obj/Debug/net8.0/refint/S7Tools.Tests.dll" to "/home/runner/work/S7-Tools/S7-Tools/tests/S7Tools.Tests/obj/Debug/net8.0/ref/S7Tools.Tests.dll".
         S7Tools.Tests -> /home/runner/work/S7-Tools/S7-Tools/tests/S7Tools.Tests/bin/Debug/net8.0/S7Tools.Tests.dll
         Copying file from "/home/runner/work/S7-Tools/S7-Tools/tests/S7Tools.Tests/obj/Debug/net8.0/S7Tools.Tests.pdb" to "/home/runner/work/S7-Tools/S7-Tools/tests/S7Tools.Tests/bin/Debug/net8.0/S7Tools.Tests.pdb".
         Copying file from "/home/runner/work/S7-Tools/S7-Tools/tests/S7Tools.Tests/obj/Debug/net8.0/S7Tools.Tests.xml" to "/home/runner/work/S7-Tools/S7-Tools/tests/S7Tools.Tests/bin/Debug/net8.0/S7Tools.Tests.xml".
     7>Done Building Project "/home/runner/work/S7-Tools/S7-Tools/tests/S7Tools.Tests/S7Tools.Tests.csproj" (default targets).
     1>Done Building Project "/home/runner/work/S7-Tools/S7-Tools/src/S7Tools.sln" (default targets).

Build succeeded.

       "/home/runner/work/S7-Tools/S7-Tools/src/S7Tools.sln" (default target) (1:2) ->
       "/home/runner/work/S7-Tools/S7-Tools/src/S7Tools.Infrastructure.Logging/S7Tools.Infrastructure.Logging.csproj" (default target) (5:8) ->
       (CoreCompile target) -> 
         /home/runner/work/S7-Tools/S7-Tools/src/S7Tools.Infrastructure.Logging/Providers/Microsoft/DataStoreLogger.cs(147,32): warning CA1805: Member '_disposed' is explicitly initialized to its default value (https://learn.microsoft.com/dotnet/fundamentals/code-analysis/quality-rules/ca1805) [/home/runner/work/S7-Tools/S7-Tools/src/S7Tools.Infrastructure.Logging/S7Tools.Infrastructure.Logging.csproj]


       "/home/runner/work/S7-Tools/S7-Tools/src/S7Tools.sln" (default target) (1:2) ->
       "/home/runner/work/S7-Tools/S7-Tools/src/S7Tools.Core/S7Tools.Core.csproj" (default target) (4:8) ->
         /home/runner/work/S7-Tools/S7-Tools/src/S7Tools.Core/Validation/NullLogger.cs(14,21): warning CS8767: Nullability of reference types in type of parameter 'exception' of 'void NullLogger.Log<TState>(LogLevel logLevel, EventId eventId, TState state, Exception exception, Func<TState, Exception, string> formatter)' doesn't match implicitly implemented member 'void ILogger.Log<TState>(LogLevel logLevel, EventId eventId, TState state, Exception? exception, Func<TState, Exception?, string> formatter)' (possibly because of nullability attributes). [/home/runner/work/S7-Tools/S7-Tools/src/S7Tools.Core/S7Tools.Core.csproj]
         /home/runner/work/S7-Tools/S7-Tools/src/S7Tools.Core/Validation/NullLogger.cs(12,28): warning CS8633: Nullability in constraints for type parameter 'TState' of method 'NullLogger.BeginScope<TState>(TState)' doesn't match the constraints for type parameter 'TState' of interface method 'ILogger.BeginScope<TState>(TState)'. Consider using an explicit interface implementation instead. [/home/runner/work/S7-Tools/S7-Tools/src/S7Tools.Core/S7Tools.Core.csproj]
         /home/runner/work/S7-Tools/S7-Tools/src/S7Tools.Core/Models/Validators/PlcAddressValidator.cs(12,12): warning CS1591: Missing XML comment for publicly visible type or member 'PlcAddressValidator.PlcAddressValidator()' [/home/runner/work/S7-Tools/S7-Tools/src/S7Tools.Core/S7Tools.Core.csproj]
         /home/runner/work/S7-Tools/S7-Tools/src/S7Tools.Core/Validation/NullLogger.cs(10,43): warning CS1591: Missing XML comment for publicly visible type or member 'NullLogger.Instance' [/home/runner/work/S7-Tools/S7-Tools/src/S7Tools.Core/S7Tools.Core.csproj]
         /home/runner/work/S7-Tools/S7-Tools/src/S7Tools.Core/Validation/NullLogger.cs(12,28): warning CS1591: Missing XML comment for publicly visible type or member 'NullLogger.BeginScope<TState>(TState)' [/home/runner/work/S7-Tools/S7-Tools/src/S7Tools.Core/S7Tools.Core.csproj]
         /home/runner/work/S7-Tools/S7-Tools/src/S7Tools.Core/Validation/NullLogger.cs(13,21): warning CS1591: Missing XML comment for publicly visible type or member 'NullLogger.IsEnabled(LogLevel)' [/home/runner/work/S7-Tools/S7-Tools/src/S7Tools.Core/S7Tools.Core.csproj]
         /home/runner/work/S7-Tools/S7-Tools/src/S7Tools.Core/Validation/NullLogger.cs(14,21): warning CS1591: Missing XML comment for publicly visible type or member 'NullLogger.Log<TState>(LogLevel, EventId, TState, Exception, Func<TState, Exception, string>)' [/home/runner/work/S7-Tools/S7-Tools/src/S7Tools.Core/S7Tools.Core.csproj]
         /home/runner/work/S7-Tools/S7-Tools/src/S7Tools.Core/Validation/ValidationService.cs(15,29): warning CS1591: Missing XML comment for publicly visible type or member 'ValidationService.Validate<T>(T)' [/home/runner/work/S7-Tools/S7-Tools/src/S7Tools.Core/S7Tools.Core.csproj]
         /home/runner/work/S7-Tools/S7-Tools/src/S7Tools.Core/Validation/ValidationService.cs(21,41): warning CS1591: Missing XML comment for publicly visible type or member 'ValidationService.ValidateAsync<T>(T, CancellationToken)' [/home/runner/work/S7-Tools/S7-Tools/src/S7Tools.Core/S7Tools.Core.csproj]
         /home/runner/work/S7-Tools/S7-Tools/src/S7Tools.Core/Validation/ValidationService.cs(29,17): warning CS1591: Missing XML comment for publicly visible type or member 'ValidationService.RegisterValidator<T>(IValidator<T>)' [/home/runner/work/S7-Tools/S7-Tools/src/S7Tools.Core/S7Tools.Core.csproj]
         /home/runner/work/S7-Tools/S7-Tools/src/S7Tools.Core/Validation/ValidationService.cs(34,17): warning CS1591: Missing XML comment for publicly visible type or member 'ValidationService.UnregisterValidator<T>()' [/home/runner/work/S7-Tools/S7-Tools/src/S7Tools.Core/S7Tools.Core.csproj]
         /home/runner/work/S7-Tools/S7-Tools/src/S7Tools.Core/Resources/ResourceManager.cs(13,12): warning CS1591: Missing XML comment for publicly visible type or member 'ResourceManager.ResourceManager()' [/home/runner/work/S7-Tools/S7-Tools/src/S7Tools.Core/S7Tools.Core.csproj]
         /home/runner/work/S7-Tools/S7-Tools/src/S7Tools.Core/Resources/ResourceManager.cs(14,12): warning CS1591: Missing XML comment for publicly visible type or member 'ResourceManager.ResourceManager(CultureInfo)' [/home/runner/work/S7-Tools/S7-Tools/src/S7Tools.Core/S7Tools.Core.csproj]
         /home/runner/work/S7-Tools/S7-Tools/src/S7Tools.Core/Resources/ResourceManager.cs(19,24): warning CS1591: Missing XML comment for publicly visible type or member 'ResourceManager.CurrentCulture' [/home/runner/work/S7-Tools/S7-Tools/src/S7Tools.Core/S7Tools.Core.csproj]
         /home/runner/work/S7-Tools/S7-Tools/src/S7Tools.Core/Resources/ResourceManager.cs(20,19): warning CS1591: Missing XML comment for publicly visible type or member 'ResourceManager.GetString(string)' [/home/runner/work/S7-Tools/S7-Tools/src/S7Tools.Core/S7Tools.Core.csproj]
         /home/runner/work/S7-Tools/S7-Tools/src/S7Tools.Core/Resources/ResourceManager.cs(21,19): warning CS1591: Missing XML comment for publicly visible type or member 'ResourceManager.GetString(string, params object[])' [/home/runner/work/S7-Tools/S7-Tools/src/S7Tools.Core/S7Tools.Core.csproj]
         /home/runner/work/S7-Tools/S7-Tools/src/S7Tools.Core/Resources/ResourceManager.cs(22,19): warning CS1591: Missing XML comment for publicly visible type or member 'ResourceManager.GetString(string, CultureInfo)' [/home/runner/work/S7-Tools/S7-Tools/src/S7Tools.Core/S7Tools.Core.csproj]
         /home/runner/work/S7-Tools/S7-Tools/src/S7Tools.Core/Resources/ResourceManager.cs(23,19): warning CS1591: Missing XML comment for publicly visible type or member 'ResourceManager.GetString(string, CultureInfo, params object[])' [/home/runner/work/S7-Tools/S7-Tools/src/S7Tools.Core/S7Tools.Core.csproj]
         /home/runner/work/S7-Tools/S7-Tools/src/S7Tools.Core/Resources/ResourceManager.cs(24,17): warning CS1591: Missing XML comment for publicly visible type or member 'ResourceManager.HasResource(string)' [/home/runner/work/S7-Tools/S7-Tools/src/S7Tools.Core/S7Tools.Core.csproj]
         /home/runner/work/S7-Tools/S7-Tools/src/S7Tools.Core/Resources/ResourceManager.cs(25,17): warning CS1591: Missing XML comment for publicly visible type or member 'ResourceManager.HasResource(string, CultureInfo)' [/home/runner/work/S7-Tools/S7-Tools/src/S7Tools.Core/S7Tools.Core.csproj]
         /home/runner/work/S7-Tools/S7-Tools/src/S7Tools.Core/Resources/ResourceManager.cs(26,32): warning CS1591: Missing XML comment for publicly visible type or member 'ResourceManager.GetAvailableKeys()' [/home/runner/work/S7-Tools/S7-Tools/src/S7Tools.Core/S7Tools.Core.csproj]
         /home/runner/work/S7-Tools/S7-Tools/src/S7Tools.Core/Resources/ResourceManager.cs(27,37): warning CS1591: Missing XML comment for publicly visible type or member 'ResourceManager.GetSupportedCultures()' [/home/runner/work/S7-Tools/S7-Tools/src/S7Tools.Core/S7Tools.Core.csproj]
         /home/runner/work/S7-Tools/S7-Tools/src/S7Tools.Core/Resources/ResourceManager.cs(28,17): warning CS1591: Missing XML comment for publicly visible type or member 'ResourceManager.SetCurrentCulture(CultureInfo)' [/home/runner/work/S7-Tools/S7-Tools/src/S7Tools.Core/S7Tools.Core.csproj]
         /home/runner/work/S7-Tools/S7-Tools/src/S7Tools.Core/Resources/ResourceManager.cs(29,17): warning CS1591: Missing XML comment for publicly visible type or member 'ResourceManager.AddOrUpdate(string, string, CultureInfo?)' [/home/runner/work/S7-Tools/S7-Tools/src/S7Tools.Core/S7Tools.Core.csproj]
         /home/runner/work/S7-Tools/S7-Tools/src/S7Tools.Core/Models/SerialPortConfiguration.cs(68,41): warning CA1805: Member 'OddParity' is explicitly initialized to its default value (https://learn.microsoft.com/dotnet/fundamentals/code-analysis/quality-rules/ca1805) [/home/runner/work/S7-Tools/S7-Tools/src/S7Tools.Core/S7Tools.Core.csproj]
         /home/runner/work/S7-Tools/S7-Tools/src/S7Tools.Core/Factories/BaseFactory.cs(36,9): warning CA2214: Do not call overridable methods in constructors (https://learn.microsoft.com/dotnet/fundamentals/code-analysis/quality-rules/ca2214) [/home/runner/work/S7-Tools/S7-Tools/src/S7Tools.Core/S7Tools.Core.csproj]
         /home/runner/work/S7-Tools/S7-Tools/src/S7Tools.Core/Factories/BaseFactory.cs(140,9): warning CA2214: Do not call overridable methods in constructors (https://learn.microsoft.com/dotnet/fundamentals/code-analysis/quality-rules/ca2214) [/home/runner/work/S7-Tools/S7-Tools/src/S7Tools.Core/S7Tools.Core.csproj]
         /home/runner/work/S7-Tools/S7-Tools/src/S7Tools.Core/Validation/BaseValidator.cs(34,9): warning CA2214: Do not call overridable methods in constructors (https://learn.microsoft.com/dotnet/fundamentals/code-analysis/quality-rules/ca2214) [/home/runner/work/S7-Tools/S7-Tools/src/S7Tools.Core/S7Tools.Core.csproj]


       "/home/runner/work/S7-Tools/S7-Tools/src/S7Tools.sln" (default target) (1:2) ->
       "/home/runner/work/S7-Tools/S7-Tools/tests/S7Tools.Infrastructure.Logging.Tests/S7Tools.Infrastructure.Logging.Tests.csproj" (default target) (6:6) ->
         /home/runner/work/S7-Tools/S7-Tools/tests/S7Tools.Infrastructure.Logging.Tests/Core/Storage/LogDataStoreTests.cs(18,12): warning CS1591: Missing XML comment for publicly visible type or member 'LogDataStoreTests.LogDataStoreTests()' [/home/runner/work/S7-Tools/S7-Tools/tests/S7Tools.Infrastructure.Logging.Tests/S7Tools.Infrastructure.Logging.Tests.csproj]
         /home/runner/work/S7-Tools/S7-Tools/tests/S7Tools.Infrastructure.Logging.Tests/Core/Storage/LogDataStoreTests.cs(25,17): warning CS1591: Missing XML comment for publicly visible type or member 'LogDataStoreTests.Constructor_WithValidOptions_ShouldInitializeCorrectly()' [/home/runner/work/S7-Tools/S7-Tools/tests/S7Tools.Infrastructure.Logging.Tests/S7Tools.Infrastructure.Logging.Tests.csproj]
         /home/runner/work/S7-Tools/S7-Tools/tests/S7Tools.Infrastructure.Logging.Tests/Core/Storage/LogDataStoreTests.cs(35,17): warning CS1591: Missing XML comment for publicly visible type or member 'LogDataStoreTests.Constructor_WithNullOptions_ShouldThrowArgumentNullException()' [/home/runner/work/S7-Tools/S7-Tools/tests/S7Tools.Infrastructure.Logging.Tests/S7Tools.Infrastructure.Logging.Tests.csproj]
         /home/runner/work/S7-Tools/S7-Tools/tests/S7Tools.Infrastructure.Logging.Tests/Core/Storage/LogDataStoreTests.cs(43,17): warning CS1591: Missing XML comment for publicly visible type or member 'LogDataStoreTests.AddEntry_WithValidEntry_ShouldAddToBuffer()' [/home/runner/work/S7-Tools/S7-Tools/tests/S7Tools.Infrastructure.Logging.Tests/S7Tools.Infrastructure.Logging.Tests.csproj]
         /home/runner/work/S7-Tools/S7-Tools/tests/S7Tools.Infrastructure.Logging.Tests/Core/Storage/LogDataStoreTests.cs(59,17): warning CS1591: Missing XML comment for publicly visible type or member 'LogDataStoreTests.AddEntry_WithNullEntry_ShouldThrowArgumentNullException()' [/home/runner/work/S7-Tools/S7-Tools/tests/S7Tools.Infrastructure.Logging.Tests/S7Tools.Infrastructure.Logging.Tests.csproj]
         /home/runner/work/S7-Tools/S7-Tools/tests/S7Tools.Infrastructure.Logging.Tests/Core/Storage/LogDataStoreTests.cs(67,17): warning CS1591: Missing XML comment for publicly visible type or member 'LogDataStoreTests.AddEntry_WhenBufferIsFull_ShouldOverwriteOldestEntry()' [/home/runner/work/S7-Tools/S7-Tools/tests/S7Tools.Infrastructure.Logging.Tests/S7Tools.Infrastructure.Logging.Tests.csproj]
         /home/runner/work/S7-Tools/S7-Tools/tests/S7Tools.Infrastructure.Logging.Tests/Core/Storage/LogDataStoreTests.cs(94,17): warning CS1591: Missing XML comment for publicly visible type or member 'LogDataStoreTests.AddEntry_ShouldRaisePropertyChangedEvents()' [/home/runner/work/S7-Tools/S7-Tools/tests/S7Tools.Infrastructure.Logging.Tests/S7Tools.Infrastructure.Logging.Tests.csproj]
         /home/runner/work/S7-Tools/S7-Tools/tests/S7Tools.Infrastructure.Logging.Tests/Core/Storage/LogDataStoreTests.cs(112,17): warning CS1591: Missing XML comment for publicly visible type or member 'LogDataStoreTests.AddEntry_ShouldRaiseCollectionChangedEvent()' [/home/runner/work/S7-Tools/S7-Tools/tests/S7Tools.Infrastructure.Logging.Tests/S7Tools.Infrastructure.Logging.Tests.csproj]
         /home/runner/work/S7-Tools/S7-Tools/tests/S7Tools.Infrastructure.Logging.Tests/Core/Storage/LogDataStoreTests.cs(132,17): warning CS1591: Missing XML comment for publicly visible type or member 'LogDataStoreTests.AddEntries_WithValidEntries_ShouldAddAllToBuffer()' [/home/runner/work/S7-Tools/S7-Tools/tests/S7Tools.Infrastructure.Logging.Tests/S7Tools.Infrastructure.Logging.Tests.csproj]
         /home/runner/work/S7-Tools/S7-Tools/tests/S7Tools.Infrastructure.Logging.Tests/Core/Storage/LogDataStoreTests.cs(152,17): warning CS1591: Missing XML comment for publicly visible type or member 'LogDataStoreTests.AddEntries_WithNullCollection_ShouldThrowArgumentNullException()' [/home/runner/work/S7-Tools/S7-Tools/tests/S7Tools.Infrastructure.Logging.Tests/S7Tools.Infrastructure.Logging.Tests.csproj]
         /home/runner/work/S7-Tools/S7-Tools/tests/S7Tools.Infrastructure.Logging.Tests/Core/Storage/LogDataStoreTests.cs(160,17): warning CS1591: Missing XML comment for publicly visible type or member 'LogDataStoreTests.AddEntries_WithEmptyCollection_ShouldNotChangeBuffer()' [/home/runner/work/S7-Tools/S7-Tools/tests/S7Tools.Infrastructure.Logging.Tests/S7Tools.Infrastructure.Logging.Tests.csproj]
         /home/runner/work/S7-Tools/S7-Tools/tests/S7Tools.Infrastructure.Logging.Tests/Core/Storage/LogDataStoreTests.cs(171,17): warning CS1591: Missing XML comment for publicly visible type or member 'LogDataStoreTests.Clear_ShouldRemoveAllEntries()' [/home/runner/work/S7-Tools/S7-Tools/tests/S7Tools.Infrastructure.Logging.Tests/S7Tools.Infrastructure.Logging.Tests.csproj]
         /home/runner/work/S7-Tools/S7-Tools/tests/S7Tools.Infrastructure.Logging.Tests/Core/Storage/LogDataStoreTests.cs(191,17): warning CS1591: Missing XML comment for publicly visible type or member 'LogDataStoreTests.Clear_ShouldRaiseNotificationEvents()' [/home/runner/work/S7-Tools/S7-Tools/tests/S7Tools.Infrastructure.Logging.Tests/S7Tools.Infrastructure.Logging.Tests.csproj]
         /home/runner/work/S7-Tools/S7-Tools/tests/S7Tools.Infrastructure.Logging.Tests/Core/Storage/LogDataStoreTests.cs(214,17): warning CS1591: Missing XML comment for publicly visible type or member 'LogDataStoreTests.GetFilteredEntries_WithValidFilter_ShouldReturnMatchingEntries()' [/home/runner/work/S7-Tools/S7-Tools/tests/S7Tools.Infrastructure.Logging.Tests/S7Tools.Infrastructure.Logging.Tests.csproj]
         /home/runner/work/S7-Tools/S7-Tools/tests/S7Tools.Infrastructure.Logging.Tests/Core/Storage/LogDataStoreTests.cs(234,17): warning CS1591: Missing XML comment for publicly visible type or member 'LogDataStoreTests.GetFilteredEntries_WithNullFilter_ShouldThrowArgumentNullException()' [/home/runner/work/S7-Tools/S7-Tools/tests/S7Tools.Infrastructure.Logging.Tests/S7Tools.Infrastructure.Logging.Tests.csproj]
         /home/runner/work/S7-Tools/S7-Tools/tests/S7Tools.Infrastructure.Logging.Tests/Core/Storage/LogDataStoreTests.cs(242,17): warning CS1591: Missing XML comment for publicly visible type or member 'LogDataStoreTests.GetEntriesInTimeRange_WithValidRange_ShouldReturnMatchingEntries()' [/home/runner/work/S7-Tools/S7-Tools/tests/S7Tools.Infrastructure.Logging.Tests/S7Tools.Infrastructure.Logging.Tests.csproj]
         /home/runner/work/S7-Tools/S7-Tools/tests/S7Tools.Infrastructure.Logging.Tests/Core/Storage/LogDataStoreTests.cs(265,23): warning CS1591: Missing XML comment for publicly visible type or member 'LogDataStoreTests.ExportAsync_WithTextFormat_ShouldReturnFormattedText()' [/home/runner/work/S7-Tools/S7-Tools/tests/S7Tools.Infrastructure.Logging.Tests/S7Tools.Infrastructure.Logging.Tests.csproj]
         /home/runner/work/S7-Tools/S7-Tools/tests/S7Tools.Infrastructure.Logging.Tests/Core/Storage/LogDataStoreTests.cs(281,23): warning CS1591: Missing XML comment for publicly visible type or member 'LogDataStoreTests.ExportAsync_WithJsonFormat_ShouldReturnValidJson()' [/home/runner/work/S7-Tools/S7-Tools/tests/S7Tools.Infrastructure.Logging.Tests/S7Tools.Infrastructure.Logging.Tests.csproj]
         /home/runner/work/S7-Tools/S7-Tools/tests/S7Tools.Infrastructure.Logging.Tests/Core/Storage/LogDataStoreTests.cs(297,23): warning CS1591: Missing XML comment for publicly visible type or member 'LogDataStoreTests.ExportAsync_WithCsvFormat_ShouldReturnCsvData()' [/home/runner/work/S7-Tools/S7-Tools/tests/S7Tools.Infrastructure.Logging.Tests/S7Tools.Infrastructure.Logging.Tests.csproj]
         /home/runner/work/S7-Tools/S7-Tools/tests/S7Tools.Infrastructure.Logging.Tests/Core/Storage/LogDataStoreTests.cs(314,23): warning CS1591: Missing XML comment for publicly visible type or member 'LogDataStoreTests.ExportAsync_WithInvalidFormat_ShouldDefaultToText()' [/home/runner/work/S7-Tools/S7-Tools/tests/S7Tools.Infrastructure.Logging.Tests/S7Tools.Infrastructure.Logging.Tests.csproj]
         /home/runner/work/S7-Tools/S7-Tools/tests/S7Tools.Infrastructure.Logging.Tests/Core/Storage/LogDataStoreTests.cs(330,17): warning CS1591: Missing XML comment for publicly visible type or member 'LogDataStoreTests.ThreadSafety_ConcurrentAddOperations_ShouldHandleCorrectly()' [/home/runner/work/S7-Tools/S7-Tools/tests/S7Tools.Infrastructure.Logging.Tests/S7Tools.Infrastructure.Logging.Tests.csproj]
         /home/runner/work/S7-Tools/S7-Tools/tests/S7Tools.Infrastructure.Logging.Tests/Core/Storage/LogDataStoreTests.cs(360,17): warning CS1591: Missing XML comment for publicly visible type or member 'LogDataStoreTests.Dispose_ShouldCleanupResources()' [/home/runner/work/S7-Tools/S7-Tools/tests/S7Tools.Infrastructure.Logging.Tests/S7Tools.Infrastructure.Logging.Tests.csproj]
         /home/runner/work/S7-Tools/S7-Tools/tests/S7Tools.Infrastructure.Logging.Tests/Core/Storage/LogDataStoreTests.cs(378,17): warning CS1591: Missing XML comment for publicly visible type or member 'LogDataStoreTests.Dispose_CalledMultipleTimes_ShouldNotThrow()' [/home/runner/work/S7-Tools/S7-Tools/tests/S7Tools.Infrastructure.Logging.Tests/S7Tools.Infrastructure.Logging.Tests.csproj]
         /home/runner/work/S7-Tools/S7-Tools/tests/S7Tools.Infrastructure.Logging.Tests/Core/Storage/LogDataStoreTests.cs(406,17): warning CS1591: Missing XML comment for publicly visible type or member 'LogDataStoreTests.Dispose()' [/home/runner/work/S7-Tools/S7-Tools/tests/S7Tools.Infrastructure.Logging.Tests/S7Tools.Infrastructure.Logging.Tests.csproj]
         /home/runner/work/S7-Tools/S7-Tools/tests/S7Tools.Infrastructure.Logging.Tests/Core/Storage/LogDataStoreTests.cs(13,14): warning CA1063: Provide an overridable implementation of Dispose(bool) on 'LogDataStoreTests' or mark the type as sealed. A call to Dispose(false) should only clean up native resources. A call to Dispose(true) should clean up both managed and native resources. (https://learn.microsoft.com/dotnet/fundamentals/code-analysis/quality-rules/ca1063) [/home/runner/work/S7-Tools/S7-Tools/tests/S7Tools.Infrastructure.Logging.Tests/S7Tools.Infrastructure.Logging.Tests.csproj]
         /home/runner/work/S7-Tools/S7-Tools/tests/S7Tools.Infrastructure.Logging.Tests/Core/Storage/LogDataStoreTests.cs(406,17): warning CA1063: Modify 'LogDataStoreTests.Dispose' so that it calls Dispose(true), then calls GC.SuppressFinalize on the current object instance ('this' or 'Me' in Visual Basic), and then returns (https://learn.microsoft.com/dotnet/fundamentals/code-analysis/quality-rules/ca1063) [/home/runner/work/S7-Tools/S7-Tools/tests/S7Tools.Infrastructure.Logging.Tests/S7Tools.Infrastructure.Logging.Tests.csproj]
         /home/runner/work/S7-Tools/S7-Tools/tests/S7Tools.Infrastructure.Logging.Tests/Core/Storage/LogDataStoreTests.cs(351,14): warning xUnit1031: Test methods should not use blocking task operations, as they can cause deadlocks. Use an async test method and await instead. (https://xunit.net/xunit.analyzers/rules/xUnit1031) [/home/runner/work/S7-Tools/S7-Tools/tests/S7Tools.Infrastructure.Logging.Tests/S7Tools.Infrastructure.Logging.Tests.csproj]


       "/home/runner/work/S7-Tools/S7-Tools/src/S7Tools.sln" (default target) (1:2) ->
       "/home/runner/work/S7-Tools/S7-Tools/src/S7Tools/S7Tools.csproj" (default target) (2:7) ->
         /home/runner/work/S7-Tools/S7-Tools/src/S7Tools/Resources/ResourceManager.cs(17,30): warning CS0436: The type 'ResourceManager' in '/home/runner/work/S7-Tools/S7-Tools/src/S7Tools/Resources/ResourceManager.cs' conflicts with the imported type 'ResourceManager' in 'S7Tools.Core, Version=1.0.0.0, Culture=neutral, PublicKeyToken=null'. Using the type defined in '/home/runner/work/S7-Tools/S7-Tools/src/S7Tools/Resources/ResourceManager.cs'. [/home/runner/work/S7-Tools/S7-Tools/src/S7Tools/S7Tools.csproj]
         /home/runner/work/S7-Tools/S7-Tools/src/S7Tools/Resources/ResourceManager.cs(26,36): warning CS0436: The type 'ResourceManager' in '/home/runner/work/S7-Tools/S7-Tools/src/S7Tools/Resources/ResourceManager.cs' conflicts with the imported type 'ResourceManager' in 'S7Tools.Core, Version=1.0.0.0, Culture=neutral, PublicKeyToken=null'. Using the type defined in '/home/runner/work/S7-Tools/S7-Tools/src/S7Tools/Resources/ResourceManager.cs'. [/home/runner/work/S7-Tools/S7-Tools/src/S7Tools/S7Tools.csproj]
         /home/runner/work/S7-Tools/S7-Tools/src/S7Tools/Converters/GridLengthToDoubleConverter.cs(9,23): warning CS8767: Nullability of reference types in type of parameter 'value' of 'object GridLengthToDoubleConverter.Convert(object value, Type targetType, object parameter, CultureInfo culture)' doesn't match implicitly implemented member 'object? IValueConverter.Convert(object? value, Type targetType, object? parameter, CultureInfo culture)' (possibly because of nullability attributes). [/home/runner/work/S7-Tools/S7-Tools/src/S7Tools/S7Tools.csproj]
         /home/runner/work/S7-Tools/S7-Tools/src/S7Tools/Converters/GridLengthToDoubleConverter.cs(9,23): warning CS8767: Nullability of reference types in type of parameter 'parameter' of 'object GridLengthToDoubleConverter.Convert(object value, Type targetType, object parameter, CultureInfo culture)' doesn't match implicitly implemented member 'object? IValueConverter.Convert(object? value, Type targetType, object? parameter, CultureInfo culture)' (possibly because of nullability attributes). [/home/runner/work/S7-Tools/S7-Tools/src/S7Tools/S7Tools.csproj]
         /home/runner/work/S7-Tools/S7-Tools/src/S7Tools/Converters/GridLengthToDoubleConverter.cs(21,23): warning CS8767: Nullability of reference types in type of parameter 'value' of 'object GridLengthToDoubleConverter.ConvertBack(object value, Type targetType, object parameter, CultureInfo culture)' doesn't match implicitly implemented member 'object? IValueConverter.ConvertBack(object? value, Type targetType, object? parameter, CultureInfo culture)' (possibly because of nullability attributes). [/home/runner/work/S7-Tools/S7-Tools/src/S7Tools/S7Tools.csproj]
         /home/runner/work/S7-Tools/S7-Tools/src/S7Tools/Converters/GridLengthToDoubleConverter.cs(21,23): warning CS8767: Nullability of reference types in type of parameter 'parameter' of 'object GridLengthToDoubleConverter.ConvertBack(object value, Type targetType, object parameter, CultureInfo culture)' doesn't match implicitly implemented member 'object? IValueConverter.ConvertBack(object? value, Type targetType, object? parameter, CultureInfo culture)' (possibly because of nullability attributes). [/home/runner/work/S7-Tools/S7-Tools/src/S7Tools/S7Tools.csproj]
         /home/runner/work/S7-Tools/S7-Tools/src/S7Tools/ViewModels/LogViewerViewModel.cs(555,44): warning CS8619: Nullability of reference types in value of type 'Task<string>' doesn't match target type 'Task<string?>'. [/home/runner/work/S7-Tools/S7-Tools/src/S7Tools/S7Tools.csproj]
         /home/runner/work/S7-Tools/S7-Tools/src/S7Tools/Program.cs(86,46): warning CS8604: Possible null reference argument for parameter 'args' in 'int ClassicDesktopStyleApplicationLifetimeExtensions.StartWithClassicDesktopLifetime(AppBuilder builder, string[] args, Action<IClassicDesktopStyleApplicationLifetime>? lifetimeBuilder = null)'. [/home/runner/work/S7-Tools/S7-Tools/src/S7Tools/S7Tools.csproj]
         /home/runner/work/S7-Tools/S7-Tools/src/S7Tools/Resources/ResourceManager.cs(288,24): warning CS0436: The type 'ResourceManager' in '/home/runner/work/S7-Tools/S7-Tools/src/S7Tools/Resources/ResourceManager.cs' conflicts with the imported type 'ResourceManager' in 'S7Tools.Core, Version=1.0.0.0, Culture=neutral, PublicKeyToken=null'. Using the type defined in '/home/runner/work/S7-Tools/S7-Tools/src/S7Tools/Resources/ResourceManager.cs'. [/home/runner/work/S7-Tools/S7-Tools/src/S7Tools/S7Tools.csproj]
         /home/runner/work/S7-Tools/S7-Tools/src/S7Tools/ViewModels/SerialPortScannerViewModel.cs(373,48): warning CS8602: Dereference of a possibly null reference. [/home/runner/work/S7-Tools/S7-Tools/src/S7Tools/S7Tools.csproj]
         /home/runner/work/S7-Tools/S7-Tools/src/S7Tools/ViewModels/SerialPortScannerViewModel.cs(472,48): warning CS8602: Dereference of a possibly null reference. [/home/runner/work/S7-Tools/S7-Tools/src/S7Tools/S7Tools.csproj]
         /home/runner/work/S7-Tools/S7-Tools/src/S7Tools/Services/PlcDataService.cs(233,17): warning CS8602: Dereference of a possibly null reference. [/home/runner/work/S7-Tools/S7-Tools/src/S7Tools/S7Tools.csproj]
         /home/runner/work/S7-Tools/S7-Tools/src/S7Tools/Services/PlcDataService.cs(260,60): warning CS8602: Dereference of a possibly null reference. [/home/runner/work/S7-Tools/S7-Tools/src/S7Tools/S7Tools.csproj]
         /home/runner/work/S7-Tools/S7-Tools/src/S7Tools/Services/PlcDataService.cs(291,40): warning CS8604: Possible null reference argument for parameter 'item' in 'void List<Tag>.Add(Tag item)'. [/home/runner/work/S7-Tools/S7-Tools/src/S7Tools/S7Tools.csproj]
         /home/runner/work/S7-Tools/S7-Tools/src/S7Tools/ViewModels/LogViewerViewModel.cs(509,47): warning CS0067: The event 'DesignTimeLogDataStore.PropertyChanged' is never used [/home/runner/work/S7-Tools/S7-Tools/src/S7Tools/S7Tools.csproj]
         /home/runner/work/S7-Tools/S7-Tools/src/S7Tools/ViewModels/LogViewerViewModel.cs(510,86): warning CS0067: The event 'DesignTimeLogDataStore.CollectionChanged' is never used [/home/runner/work/S7-Tools/S7-Tools/src/S7Tools/S7Tools.csproj]
         /home/runner/work/S7-Tools/S7-Tools/src/S7Tools/Services/SerialPortService.cs(26,29): warning CS0649: Field 'SerialPortService._monitoringTimer' is never assigned to, and will always have its default value null [/home/runner/work/S7-Tools/S7-Tools/src/S7Tools/S7Tools.csproj]
         /home/runner/work/S7-Tools/S7-Tools/src/S7Tools/Converters/BooleanToInverseBooleanConverter.cs(7,14): warning CS1591: Missing XML comment for publicly visible type or member 'BooleanToInverseBooleanConverter' [/home/runner/work/S7-Tools/S7-Tools/src/S7Tools/S7Tools.csproj]
         /home/runner/work/S7-Tools/S7-Tools/src/S7Tools/Converters/BooleanToInverseBooleanConverter.cs(9,20): warning CS1591: Missing XML comment for publicly visible type or member 'BooleanToInverseBooleanConverter.Convert(object?, Type, object?, CultureInfo)' [/home/runner/work/S7-Tools/S7-Tools/src/S7Tools/S7Tools.csproj]
         /home/runner/work/S7-Tools/S7-Tools/src/S7Tools/Converters/BooleanToInverseBooleanConverter.cs(18,20): warning CS1591: Missing XML comment for publicly visible type or member 'BooleanToInverseBooleanConverter.ConvertBack(object?, Type, object?, CultureInfo)' [/home/runner/work/S7-Tools/S7-Tools/src/S7Tools/S7Tools.csproj]
         /home/runner/work/S7-Tools/S7-Tools/src/S7Tools/Converters/BooleanToVisibilityConverter.cs(7,14): warning CS1591: Missing XML comment for publicly visible type or member 'BooleanToVisibilityConverter' [/home/runner/work/S7-Tools/S7-Tools/src/S7Tools/S7Tools.csproj]
         /home/runner/work/S7-Tools/S7-Tools/src/S7Tools/Converters/BooleanToVisibilityConverter.cs(9,20): warning CS1591: Missing XML comment for publicly visible type or member 'BooleanToVisibilityConverter.Convert(object?, Type, object?, CultureInfo)' [/home/runner/work/S7-Tools/S7-Tools/src/S7Tools/S7Tools.csproj]
         /home/runner/work/S7-Tools/S7-Tools/src/S7Tools/Converters/BooleanToVisibilityConverter.cs(18,20): warning CS1591: Missing XML comment for publicly visible type or member 'BooleanToVisibilityConverter.ConvertBack(object?, Type, object?, CultureInfo)' [/home/runner/work/S7-Tools/S7-Tools/src/S7Tools/S7Tools.csproj]
         /home/runner/work/S7-Tools/S7-Tools/src/S7Tools/Converters/GridLengthToDoubleConverter.cs(7,18): warning CS1591: Missing XML comment for publicly visible type or member 'GridLengthToDoubleConverter' [/home/runner/work/S7-Tools/S7-Tools/src/S7Tools/S7Tools.csproj]
         /home/runner/work/S7-Tools/S7-Tools/src/S7Tools/Converters/GridLengthToDoubleConverter.cs(9,23): warning CS1591: Missing XML comment for publicly visible type or member 'GridLengthToDoubleConverter.Convert(object, Type, object, CultureInfo)' [/home/runner/work/S7-Tools/S7-Tools/src/S7Tools/S7Tools.csproj]
         /home/runner/work/S7-Tools/S7-Tools/src/S7Tools/Converters/GridLengthToDoubleConverter.cs(21,23): warning CS1591: Missing XML comment for publicly visible type or member 'GridLengthToDoubleConverter.ConvertBack(object, Type, object, CultureInfo)' [/home/runner/work/S7-Tools/S7-Tools/src/S7Tools/S7Tools.csproj]
         /home/runner/work/S7-Tools/S7-Tools/src/S7Tools/Converters/StringEqualsConverter.cs(6,21): warning CS1591: Missing XML comment for publicly visible type or member 'StringEqualsConverter' [/home/runner/work/S7-Tools/S7-Tools/src/S7Tools/S7Tools.csproj]
         /home/runner/work/S7-Tools/S7-Tools/src/S7Tools/Converters/StringEqualsConverter.cs(8,20): warning CS1591: Missing XML comment for publicly visible type or member 'StringEqualsConverter.Convert(object?, Type, object?, CultureInfo)' [/home/runner/work/S7-Tools/S7-Tools/src/S7Tools/S7Tools.csproj]
         /home/runner/work/S7-Tools/S7-Tools/src/S7Tools/Converters/StringEqualsConverter.cs(15,20): warning CS1591: Missing XML comment for publicly visible type or member 'StringEqualsConverter.ConvertBack(object?, Type, object?, CultureInfo)' [/home/runner/work/S7-Tools/S7-Tools/src/S7Tools/S7Tools.csproj]
         /home/runner/work/S7-Tools/S7-Tools/src/S7Tools/Services/FileLogWriter.cs(23,12): warning CS1591: Missing XML comment for publicly visible type or member 'FileLogWriter.FileLogWriter(ILogDataStore, ISettingsService, ILogger<FileLogWriter>)' [/home/runner/work/S7-Tools/S7-Tools/src/S7Tools/S7Tools.csproj]
         /home/runner/work/S7-Tools/S7-Tools/src/S7Tools/Services/FileLogWriter.cs(116,17): warning CS1591: Missing XML comment for publicly visible type or member 'FileLogWriter.Dispose()' [/home/runner/work/S7-Tools/S7-Tools/src/S7Tools/S7Tools.csproj]
         /home/runner/work/S7-Tools/S7-Tools/src/S7Tools/ViewLocator.cs(8,14): warning CS1591: Missing XML comment for publicly visible type or member 'ViewLocator' [/home/runner/work/S7-Tools/S7-Tools/src/S7Tools/S7Tools.csproj]
         /home/runner/work/S7-Tools/S7-Tools/src/S7Tools/ViewLocator.cs(11,25): warning CS1591: Missing XML comment for publicly visible type or member 'ViewLocator.Build(object?)' [/home/runner/work/S7-Tools/S7-Tools/src/S7Tools/S7Tools.csproj]
         /home/runner/work/S7-Tools/S7-Tools/src/S7Tools/ViewLocator.cs(52,17): warning CS1591: Missing XML comment for publicly visible type or member 'ViewLocator.Match(object?)' [/home/runner/work/S7-Tools/S7-Tools/src/S7Tools/S7Tools.csproj]
         /home/runner/work/S7-Tools/S7-Tools/src/S7Tools/ViewModels/AboutViewModel.cs(5,14): warning CS1591: Missing XML comment for publicly visible type or member 'AboutViewModel' [/home/runner/work/S7-Tools/S7-Tools/src/S7Tools/S7Tools.csproj]
         /home/runner/work/S7-Tools/S7-Tools/src/S7Tools/ViewModels/AboutViewModel.cs(7,19): warning CS1591: Missing XML comment for publicly visible type or member 'AboutViewModel.Greeting' [/home/runner/work/S7-Tools/S7-Tools/src/S7Tools/S7Tools.csproj]
         /home/runner/work/S7-Tools/S7-Tools/src/S7Tools/ViewModels/AdvancedSettingsViewModel.cs(19,19): warning CS1591: Missing XML comment for publicly visible type or member 'AdvancedSettingsViewModel.Message' [/home/runner/work/S7-Tools/S7-Tools/src/S7Tools/S7Tools.csproj]
         /home/runner/work/S7-Tools/S7-Tools/src/S7Tools/ViewModels/AppearanceSettingsViewModel.cs(19,19): warning CS1591: Missing XML comment for publicly visible type or member 'AppearanceSettingsViewModel.Message' [/home/runner/work/S7-Tools/S7-Tools/src/S7Tools/S7Tools.csproj]
         /home/runner/work/S7-Tools/S7-Tools/src/S7Tools/ViewModels/CommandDemoViewModel.cs(15,12): warning CS1591: Missing XML comment for publicly visible type or member 'CommandDemoViewModel.CommandDemoViewModel(IKeyedFactory<string, ICommand>)' [/home/runner/work/S7-Tools/S7-Tools/src/S7Tools/S7Tools.csproj]
         /home/runner/work/S7-Tools/S7-Tools/src/S7Tools/ViewModels/GeneralSettingsViewModel.cs(19,19): warning CS1591: Missing XML comment for publicly visible type or member 'GeneralSettingsViewModel.Message' [/home/runner/work/S7-Tools/S7-Tools/src/S7Tools/S7Tools.csproj]
         /home/runner/work/S7-Tools/S7-Tools/src/S7Tools/ViewModels/LoggingSettingsViewModel.cs(53,19): warning CS1591: Missing XML comment for publicly visible type or member 'LoggingSettingsViewModel.DefaultLogPath' [/home/runner/work/S7-Tools/S7-Tools/src/S7Tools/S7Tools.csproj]
         /home/runner/work/S7-Tools/S7-Tools/src/S7Tools/ViewModels/LoggingSettingsViewModel.cs(60,19): warning CS1591: Missing XML comment for publicly visible type or member 'LoggingSettingsViewModel.ExportPath' [/home/runner/work/S7-Tools/S7-Tools/src/S7Tools/S7Tools.csproj]
         /home/runner/work/S7-Tools/S7-Tools/src/S7Tools/ViewModels/LoggingSettingsViewModel.cs(67,19): warning CS1591: Missing XML comment for publicly visible type or member 'LoggingSettingsViewModel.MinimumLogLevel' [/home/runner/work/S7-Tools/S7-Tools/src/S7Tools/S7Tools.csproj]
         /home/runner/work/S7-Tools/S7-Tools/src/S7Tools/ViewModels/LoggingSettingsViewModel.cs(74,17): warning CS1591: Missing XML comment for publicly visible type or member 'LoggingSettingsViewModel.AutoScrollLogs' [/home/runner/work/S7-Tools/S7-Tools/src/S7Tools/S7Tools.csproj]
         /home/runner/work/S7-Tools/S7-Tools/src/S7Tools/ViewModels/LoggingSettingsViewModel.cs(81,17): warning CS1591: Missing XML comment for publicly visible type or member 'LoggingSettingsViewModel.EnableRollingLogs' [/home/runner/work/S7-Tools/S7-Tools/src/S7Tools/S7Tools.csproj]
         /home/runner/work/S7-Tools/S7-Tools/src/S7Tools/ViewModels/LoggingSettingsViewModel.cs(88,17): warning CS1591: Missing XML comment for publicly visible type or member 'LoggingSettingsViewModel.ShowTimestampInLogs' [/home/runner/work/S7-Tools/S7-Tools/src/S7Tools/S7Tools.csproj]
         /home/runner/work/S7-Tools/S7-Tools/src/S7Tools/ViewModels/LoggingSettingsViewModel.cs(95,17): warning CS1591: Missing XML comment for publicly visible type or member 'LoggingSettingsViewModel.ShowCategoryInLogs' [/home/runner/work/S7-Tools/S7-Tools/src/S7Tools/S7Tools.csproj]
         /home/runner/work/S7-Tools/S7-Tools/src/S7Tools/ViewModels/LoggingSettingsViewModel.cs(102,17): warning CS1591: Missing XML comment for publicly visible type or member 'LoggingSettingsViewModel.ShowLogLevelInLogs' [/home/runner/work/S7-Tools/S7-Tools/src/S7Tools/S7Tools.csproj]
         /home/runner/work/S7-Tools/S7-Tools/src/S7Tools/ViewModels/LoggingSettingsViewModel.cs(109,19): warning CS1591: Missing XML comment for publicly visible type or member 'LoggingSettingsViewModel.SettingsStatusMessage' [/home/runner/work/S7-Tools/S7-Tools/src/S7Tools/S7Tools.csproj]
         /home/runner/work/S7-Tools/S7-Tools/src/S7Tools/ViewModels/LoggingSettingsViewModel.cs(116,19): warning CS1591: Missing XML comment for publicly visible type or member 'LoggingSettingsViewModel.CurrentSettingsFilePath' [/home/runner/work/S7-Tools/S7-Tools/src/S7Tools/S7Tools.csproj]
         /home/runner/work/S7-Tools/S7-Tools/src/S7Tools/ViewModels/LoggingSettingsViewModel.cs(123,21): warning CS1591: Missing XML comment for publicly visible type or member 'LoggingSettingsViewModel.SettingsLastModified' [/home/runner/work/S7-Tools/S7-Tools/src/S7Tools/S7Tools.csproj]
         /home/runner/work/S7-Tools/S7-Tools/src/S7Tools/ViewModels/LoggingSettingsViewModel.cs(133,40): warning CS1591: Missing XML comment for publicly visible type or member 'LoggingSettingsViewModel.BrowseDefaultLogPathCommand' [/home/runner/work/S7-Tools/S7-Tools/src/S7Tools/S7Tools.csproj]
         /home/runner/work/S7-Tools/S7-Tools/src/S7Tools/ViewModels/LoggingSettingsViewModel.cs(134,40): warning CS1591: Missing XML comment for publicly visible type or member 'LoggingSettingsViewModel.BrowseExportPathCommand' [/home/runner/work/S7-Tools/S7-Tools/src/S7Tools/S7Tools.csproj]
         /home/runner/work/S7-Tools/S7-Tools/src/S7Tools/ViewModels/LoggingSettingsViewModel.cs(135,40): warning CS1591: Missing XML comment for publicly visible type or member 'LoggingSettingsViewModel.OpenDefaultLogPathCommand' [/home/runner/work/S7-Tools/S7-Tools/src/S7Tools/S7Tools.csproj]
         /home/runner/work/S7-Tools/S7-Tools/src/S7Tools/ViewModels/LoggingSettingsViewModel.cs(136,40): warning CS1591: Missing XML comment for publicly visible type or member 'LoggingSettingsViewModel.OpenExportPathCommand' [/home/runner/work/S7-Tools/S7-Tools/src/S7Tools/S7Tools.csproj]
         /home/runner/work/S7-Tools/S7-Tools/src/S7Tools/ViewModels/LoggingSettingsViewModel.cs(137,40): warning CS1591: Missing XML comment for publicly visible type or member 'LoggingSettingsViewModel.SaveSettingsCommand' [/home/runner/work/S7-Tools/S7-Tools/src/S7Tools/S7Tools.csproj]
         /home/runner/work/S7-Tools/S7-Tools/src/S7Tools/ViewModels/LoggingSettingsViewModel.cs(138,40): warning CS1591: Missing XML comment for publicly visible type or member 'LoggingSettingsViewModel.LoadSettingsCommand' [/home/runner/work/S7-Tools/S7-Tools/src/S7Tools/S7Tools.csproj]
         /home/runner/work/S7-Tools/S7-Tools/src/S7Tools/ViewModels/LoggingSettingsViewModel.cs(139,40): warning CS1591: Missing XML comment for publicly visible type or member 'LoggingSettingsViewModel.ResetSettingsCommand' [/home/runner/work/S7-Tools/S7-Tools/src/S7Tools/S7Tools.csproj]
         /home/runner/work/S7-Tools/S7-Tools/src/S7Tools/ViewModels/LoggingSettingsViewModel.cs(140,40): warning CS1591: Missing XML comment for publicly visible type or member 'LoggingSettingsViewModel.OpenSettingsFolderCommand' [/home/runner/work/S7-Tools/S7-Tools/src/S7Tools/S7Tools.csproj]
         /home/runner/work/S7-Tools/S7-Tools/src/S7Tools/ViewModels/MainWindowViewModel.cs(70,26): warning CS1573: Parameter 'settingsService' has no matching param tag in the XML comment for 'MainWindowViewModel.MainWindowViewModel(NavigationViewModel, BottomPanelViewModel, SettingsManagementViewModel, IDialogService, IClipboardService, ISettingsService, IFileDialogService?, ILogger<MainWindowViewModel>)' (but other parameters do) [/home/runner/work/S7-Tools/S7-Tools/src/S7Tools/S7Tools.csproj]
         /home/runner/work/S7-Tools/S7-Tools/src/S7Tools/ViewModels/MainWindowViewModel.cs(71,29): warning CS1573: Parameter 'fileDialogService' has no matching param tag in the XML comment for 'MainWindowViewModel.MainWindowViewModel(NavigationViewModel, BottomPanelViewModel, SettingsManagementViewModel, IDialogService, IClipboardService, ISettingsService, IFileDialogService?, ILogger<MainWindowViewModel>)' (but other parameters do) [/home/runner/work/S7-Tools/S7-Tools/src/S7Tools/S7Tools.csproj]
         /home/runner/work/S7-Tools/S7-Tools/src/S7Tools/ViewModels/NavigationItemViewModel.cs(7,14): warning CS1591: Missing XML comment for publicly visible type or member 'NavigationItemViewModel' [/home/runner/work/S7-Tools/S7-Tools/src/S7Tools/S7Tools.csproj]
         /home/runner/work/S7-Tools/S7-Tools/src/S7Tools/ViewModels/NavigationItemViewModel.cs(9,19): warning CS1591: Missing XML comment for publicly visible type or member 'NavigationItemViewModel.Header' [/home/runner/work/S7-Tools/S7-Tools/src/S7Tools/S7Tools.csproj]
         /home/runner/work/S7-Tools/S7-Tools/src/S7Tools/ViewModels/NavigationItemViewModel.cs(10,19): warning CS1591: Missing XML comment for publicly visible type or member 'NavigationItemViewModel.Icon' [/home/runner/work/S7-Tools/S7-Tools/src/S7Tools/S7Tools.csproj]
         /home/runner/work/S7-Tools/S7-Tools/src/S7Tools/ViewModels/NavigationItemViewModel.cs(11,17): warning CS1591: Missing XML comment for publicly visible type or member 'NavigationItemViewModel.ContentViewModelType' [/home/runner/work/S7-Tools/S7-Tools/src/S7Tools/S7Tools.csproj]
         /home/runner/work/S7-Tools/S7-Tools/src/S7Tools/ViewModels/NavigationItemViewModel.cs(13,12): warning CS1591: Missing XML comment for publicly visible type or member 'NavigationItemViewModel.NavigationItemViewModel(string, string, Type)' [/home/runner/work/S7-Tools/S7-Tools/src/S7Tools/S7Tools.csproj]
         /home/runner/work/S7-Tools/S7-Tools/src/S7Tools/ViewModels/PlcInputViewModel.cs(23,12): warning CS1591: Missing XML comment for publicly visible type or member 'PlcInputViewModel.PlcInputViewModel(IKeyedFactory<string, IValidator>)' [/home/runner/work/S7-Tools/S7-Tools/src/S7Tools/S7Tools.csproj]
         /home/runner/work/S7-Tools/S7-Tools/src/S7Tools/ViewModels/ResourceDemoViewModel.cs(17,12): warning CS1591: Missing XML comment for publicly visible type or member 'ResourceDemoViewModel.ResourceDemoViewModel(IKeyedFactory<string, IResourceManager>)' [/home/runner/work/S7-Tools/S7-Tools/src/S7Tools/S7Tools.csproj]
         /home/runner/work/S7-Tools/S7-Tools/src/S7Tools/ViewModels/SerialPortsSettingsViewModel.cs(54,50): warning CS1573: Parameter 'uiThreadService' has no matching param tag in the XML comment for 'SerialPortsSettingsViewModel.SerialPortsSettingsViewModel(ISerialPortProfileService, ISerialPortService, IDialogService, IFileDialogService?, ISettingsService, IUIThreadService, ILogger<SerialPortsSettingsViewModel>)' (but other parameters do) [/home/runner/work/S7-Tools/S7-Tools/src/S7Tools/S7Tools.csproj]
         /home/runner/work/S7-Tools/S7-Tools/src/S7Tools/ViewModels/SettingsViewModel.cs(11,14): warning CS1591: Missing XML comment for publicly visible type or member 'SettingsViewModel' [/home/runner/work/S7-Tools/S7-Tools/src/S7Tools/S7Tools.csproj]
         /home/runner/work/S7-Tools/S7-Tools/src/S7Tools/ViewModels/SettingsViewModel.cs(16,12): warning CS1591: Missing XML comment for publicly visible type or member 'SettingsViewModel.SettingsViewModel(IServiceProvider)' [/home/runner/work/S7-Tools/S7-Tools/src/S7Tools/S7Tools.csproj]
         /home/runner/work/S7-Tools/S7-Tools/src/S7Tools/ViewModels/SettingsViewModel.cs(44,41): warning CS1591: Missing XML comment for publicly visible type or member 'SettingsViewModel.Categories' [/home/runner/work/S7-Tools/S7-Tools/src/S7Tools/S7Tools.csproj]
         /home/runner/work/S7-Tools/S7-Tools/src/S7Tools/ViewModels/SettingsViewModel.cs(47,19): warning CS1591: Missing XML comment for publicly visible type or member 'SettingsViewModel.SelectedCategory' [/home/runner/work/S7-Tools/S7-Tools/src/S7Tools/S7Tools.csproj]
         /home/runner/work/S7-Tools/S7-Tools/src/S7Tools/ViewModels/SettingsViewModel.cs(58,27): warning CS1591: Missing XML comment for publicly visible type or member 'SettingsViewModel.SelectedCategoryViewModel' [/home/runner/work/S7-Tools/S7-Tools/src/S7Tools/S7Tools.csproj]
         /home/runner/work/S7-Tools/S7-Tools/src/S7Tools/ViewModels/SettingsViewModel.cs(64,42): warning CS1591: Missing XML comment for publicly visible type or member 'SettingsViewModel.SelectCategoryCommand' [/home/runner/work/S7-Tools/S7-Tools/src/S7Tools/S7Tools.csproj]
         /home/runner/work/S7-Tools/S7-Tools/src/S7Tools/Views/AboutView.axaml.cs(5,22): warning CS1591: Missing XML comment for publicly visible type or member 'AboutView' [/home/runner/work/S7-Tools/S7-Tools/src/S7Tools/S7Tools.csproj]
         /home/runner/work/S7-Tools/S7-Tools/src/S7Tools/Views/AboutView.axaml.cs(7,12): warning CS1591: Missing XML comment for publicly visible type or member 'AboutView.AboutView()' [/home/runner/work/S7-Tools/S7-Tools/src/S7Tools/S7Tools.csproj]
         /home/runner/work/S7-Tools/S7-Tools/src/S7Tools/Views/CloseApplicationBehavior.cs(18,69): warning CS1591: Missing XML comment for publicly visible type or member 'CloseApplicationBehavior.InteractionProperty' [/home/runner/work/S7-Tools/S7-Tools/src/S7Tools/S7Tools.csproj]
         /home/runner/work/S7-Tools/S7-Tools/src/S7Tools/Views/CloseApplicationBehavior.cs(29,29): warning CS1591: Missing XML comment for publicly visible type or member 'CloseApplicationBehavior.OnAttached()' [/home/runner/work/S7-Tools/S7-Tools/src/S7Tools/S7Tools.csproj]
         /home/runner/work/S7-Tools/S7-Tools/src/S7Tools/Views/CloseApplicationBehavior.cs(45,29): warning CS1591: Missing XML comment for publicly visible type or member 'CloseApplicationBehavior.OnDetaching()' [/home/runner/work/S7-Tools/S7-Tools/src/S7Tools/S7Tools.csproj]
         /home/runner/work/S7-Tools/S7-Tools/src/S7Tools/Views/CommandDemoView.axaml.cs(10,12): warning CS1591: Missing XML comment for publicly visible type or member 'CommandDemoView.CommandDemoView()' [/home/runner/work/S7-Tools/S7-Tools/src/S7Tools/S7Tools.csproj]
         /home/runner/work/S7-Tools/S7-Tools/src/S7Tools/Views/ConfirmationDialog.axaml.cs(7,22): warning CS1591: Missing XML comment for publicly visible type or member 'ConfirmationDialog' [/home/runner/work/S7-Tools/S7-Tools/src/S7Tools/S7Tools.csproj]
         /home/runner/work/S7-Tools/S7-Tools/src/S7Tools/Views/ConfirmationDialog.axaml.cs(9,12): warning CS1591: Missing XML comment for publicly visible type or member 'ConfirmationDialog.ConfirmationDialog()' [/home/runner/work/S7-Tools/S7-Tools/src/S7Tools/S7Tools.csproj]
         /home/runner/work/S7-Tools/S7-Tools/src/S7Tools/Views/ConnectionsView.axaml.cs(5,22): warning CS1591: Missing XML comment for publicly visible type or member 'ConnectionsView' [/home/runner/work/S7-Tools/S7-Tools/src/S7Tools/S7Tools.csproj]
         /home/runner/work/S7-Tools/S7-Tools/src/S7Tools/Views/ConnectionsView.axaml.cs(7,12): warning CS1591: Missing XML comment for publicly visible type or member 'ConnectionsView.ConnectionsView()' [/home/runner/work/S7-Tools/S7-Tools/src/S7Tools/S7Tools.csproj]
         /home/runner/work/S7-Tools/S7-Tools/src/S7Tools/Views/HomeView.axaml.cs(5,22): warning CS1591: Missing XML comment for publicly visible type or member 'HomeView' [/home/runner/work/S7-Tools/S7-Tools/src/S7Tools/S7Tools.csproj]
         /home/runner/work/S7-Tools/S7-Tools/src/S7Tools/Views/HomeView.axaml.cs(7,12): warning CS1591: Missing XML comment for publicly visible type or member 'HomeView.HomeView()' [/home/runner/work/S7-Tools/S7-Tools/src/S7Tools/S7Tools.csproj]
         /home/runner/work/S7-Tools/S7-Tools/src/S7Tools/Views/LogViewerView.axaml.cs(23,22): warning CS1572: XML comment has a param tag for 'sender', but there is no parameter by that name [/home/runner/work/S7-Tools/S7-Tools/src/S7Tools/S7Tools.csproj]
         /home/runner/work/S7-Tools/S7-Tools/src/S7Tools/Views/LogViewerView.axaml.cs(40,22): warning CS1572: XML comment has a param tag for 'sender', but there is no parameter by that name [/home/runner/work/S7-Tools/S7-Tools/src/S7Tools/S7Tools.csproj]
         /home/runner/work/S7-Tools/S7-Tools/src/S7Tools/Views/PlcInputView.axaml.cs(6,22): warning CS1591: Missing XML comment for publicly visible type or member 'PlcInputView' [/home/runner/work/S7-Tools/S7-Tools/src/S7Tools/S7Tools.csproj]
         /home/runner/work/S7-Tools/S7-Tools/src/S7Tools/Views/PlcInputView.axaml.cs(8,12): warning CS1591: Missing XML comment for publicly visible type or member 'PlcInputView.PlcInputView()' [/home/runner/work/S7-Tools/S7-Tools/src/S7Tools/S7Tools.csproj]
         /home/runner/work/S7-Tools/S7-Tools/src/S7Tools/Views/ResourceDemoView.axaml.cs(10,12): warning CS1591: Missing XML comment for publicly visible type or member 'ResourceDemoView.ResourceDemoView()' [/home/runner/work/S7-Tools/S7-Tools/src/S7Tools/S7Tools.csproj]
         CSC : warning CA1824: Mark assemblies with NeutralResourcesLanguageAttribute (https://learn.microsoft.com/dotnet/fundamentals/code-analysis/quality-rules/ca1824) [/home/runner/work/S7-Tools/S7-Tools/src/S7Tools/S7Tools.csproj]
         /home/runner/work/S7-Tools/S7-Tools/src/S7Tools/Models/PanelTabItem.cs(13,30): warning CA1805: Member '_isSelected' is explicitly initialized to its default value (https://learn.microsoft.com/dotnet/fundamentals/code-analysis/quality-rules/ca1805) [/home/runner/work/S7-Tools/S7-Tools/src/S7Tools/S7Tools.csproj]
         /home/runner/work/S7-Tools/S7-Tools/src/S7Tools/Models/PanelTabItem.cs(15,30): warning CA1805: Member '_isClosable' is explicitly initialized to its default value (https://learn.microsoft.com/dotnet/fundamentals/code-analysis/quality-rules/ca1805) [/home/runner/work/S7-Tools/S7-Tools/src/S7Tools/S7Tools.csproj]
         /home/runner/work/S7-Tools/S7-Tools/src/S7Tools/Services/EnhancedViewModelFactory.cs(24,49): warning CA1805: Member 'UseCachedInstance' is explicitly initialized to its default value (https://learn.microsoft.com/dotnet/fundamentals/code-analysis/quality-rules/ca1805) [/home/runner/work/S7-Tools/S7-Tools/src/S7Tools/S7Tools.csproj]
         /home/runner/work/S7-Tools/S7-Tools/src/S7Tools/Services/LayoutService.cs(34,42): warning CA1805: Member '_isBottomPanelCollapsed' is explicitly initialized to its default value (https://learn.microsoft.com/dotnet/fundamentals/code-analysis/quality-rules/ca1805) [/home/runner/work/S7-Tools/S7-Tools/src/S7Tools/S7Tools.csproj]
         /home/runner/work/S7-Tools/S7-Tools/src/S7Tools/Services/LayoutService.cs(33,38): warning CA1805: Member '_isSidebarCollapsed' is explicitly initialized to its default value (https://learn.microsoft.com/dotnet/fundamentals/code-analysis/quality-rules/ca1805) [/home/runner/work/S7-Tools/S7-Tools/src/S7Tools/S7Tools.csproj]
         /home/runner/work/S7-Tools/S7-Tools/src/S7Tools/Services/Interfaces/IActivityBarService.cs(116,30): warning CA1805: Member '_isSelected' is explicitly initialized to its default value (https://learn.microsoft.com/dotnet/fundamentals/code-analysis/quality-rules/ca1805) [/home/runner/work/S7-Tools/S7-Tools/src/S7Tools/S7Tools.csproj]
         /home/runner/work/S7-Tools/S7-Tools/src/S7Tools/Services/Interfaces/IActivityBarService.cs(117,24): warning CA1805: Member '_order' is explicitly initialized to its default value (https://learn.microsoft.com/dotnet/fundamentals/code-analysis/quality-rules/ca1805) [/home/runner/work/S7-Tools/S7-Tools/src/S7Tools/S7Tools.csproj]
         /home/runner/work/S7-Tools/S7-Tools/src/S7Tools/Services/Interfaces/ILayoutService.cs(208,50): warning CA1805: Member 'IsSidebarCollapsed' is explicitly initialized to its default value (https://learn.microsoft.com/dotnet/fundamentals/code-analysis/quality-rules/ca1805) [/home/runner/work/S7-Tools/S7-Tools/src/S7Tools/S7Tools.csproj]
         /home/runner/work/S7-Tools/S7-Tools/src/S7Tools/Services/Interfaces/ILayoutService.cs(213,54): warning CA1805: Member 'IsBottomPanelCollapsed' is explicitly initialized to its default value (https://learn.microsoft.com/dotnet/fundamentals/code-analysis/quality-rules/ca1805) [/home/runner/work/S7-Tools/S7-Tools/src/S7Tools/S7Tools.csproj]
         /home/runner/work/S7-Tools/S7-Tools/src/S7Tools/ViewModels/LogViewerViewModel.cs(18,14): warning CA1063: Provide an overridable implementation of Dispose(bool) on 'LogViewerViewModel' or mark the type as sealed. A call to Dispose(false) should only clean up native resources. A call to Dispose(true) should clean up both managed and native resources. (https://learn.microsoft.com/dotnet/fundamentals/code-analysis/quality-rules/ca1063) [/home/runner/work/S7-Tools/S7-Tools/src/S7Tools/S7Tools.csproj]
         /home/runner/work/S7-Tools/S7-Tools/src/S7Tools/ViewModels/LogViewerViewModel.cs(207,23): warning CA1819: Properties should not return arrays (https://learn.microsoft.com/dotnet/fundamentals/code-analysis/quality-rules/ca1819) [/home/runner/work/S7-Tools/S7-Tools/src/S7Tools/S7Tools.csproj]
         /home/runner/work/S7-Tools/S7-Tools/src/S7Tools/ViewModels/SerialPortProfileViewModel.cs(1044,28): warning CA1805: Member '_disposed' is explicitly initialized to its default value (https://learn.microsoft.com/dotnet/fundamentals/code-analysis/quality-rules/ca1805) [/home/runner/work/S7-Tools/S7-Tools/src/S7Tools/S7Tools.csproj]
         /home/runner/work/S7-Tools/S7-Tools/src/S7Tools/ViewModels/SerialPortScannerViewModel.cs(20,14): warning CA1063: Provide an overridable implementation of Dispose(bool) on 'SerialPortScannerViewModel' or mark the type as sealed. A call to Dispose(false) should only clean up native resources. A call to Dispose(true) should clean up both managed and native resources. (https://learn.microsoft.com/dotnet/fundamentals/code-analysis/quality-rules/ca1063) [/home/runner/work/S7-Tools/S7-Tools/src/S7Tools/S7Tools.csproj]
         /home/runner/work/S7-Tools/S7-Tools/src/S7Tools/Services/SerialPortService.cs(29,32): warning CA1805: Member '_isMonitoring' is explicitly initialized to its default value (https://learn.microsoft.com/dotnet/fundamentals/code-analysis/quality-rules/ca1805) [/home/runner/work/S7-Tools/S7-Tools/src/S7Tools/S7Tools.csproj]
         /home/runner/work/S7-Tools/S7-Tools/src/S7Tools/Views/CloseApplicationBehavior.cs(14,14): warning CA1001: Type 'CloseApplicationBehavior' owns disposable field(s) '_disposables' but is not disposable (https://learn.microsoft.com/dotnet/fundamentals/code-analysis/quality-rules/ca1001) [/home/runner/work/S7-Tools/S7-Tools/src/S7Tools/S7Tools.csproj]
         /home/runner/work/S7-Tools/S7-Tools/src/S7Tools/ViewModels/LogViewerViewModel.cs(488,17): warning CA1063: Modify 'LogViewerViewModel.Dispose' so that it calls Dispose(true), then calls GC.SuppressFinalize on the current object instance ('this' or 'Me' in Visual Basic), and then returns (https://learn.microsoft.com/dotnet/fundamentals/code-analysis/quality-rules/ca1063) [/home/runner/work/S7-Tools/S7-Tools/src/S7Tools/S7Tools.csproj]
         /home/runner/work/S7-Tools/S7-Tools/src/S7Tools/ViewModels/SerialPortScannerViewModel.cs(684,17): warning CA1063: Modify 'SerialPortScannerViewModel.Dispose' so that it calls Dispose(true), then calls GC.SuppressFinalize on the current object instance ('this' or 'Me' in Visual Basic), and then returns (https://learn.microsoft.com/dotnet/fundamentals/code-analysis/quality-rules/ca1063) [/home/runner/work/S7-Tools/S7-Tools/src/S7Tools/S7Tools.csproj]
         /home/runner/work/S7-Tools/S7-Tools/src/S7Tools/Services/SerialPortService.cs(22,14): warning CA1001: Type 'SerialPortService' owns disposable field(s) '_semaphore' but is not disposable (https://learn.microsoft.com/dotnet/fundamentals/code-analysis/quality-rules/ca1001) [/home/runner/work/S7-Tools/S7-Tools/src/S7Tools/S7Tools.csproj]
         /home/runner/work/S7-Tools/S7-Tools/src/S7Tools/Services/DesignTimeViewModelFactory.cs(10,16): warning CA1812: 'DesignTimeViewModelFactory' is an internal class that is apparently never instantiated. If so, remove the code from the assembly. If this class is intended to contain only static members, make it 'static' (Module in Visual Basic). (https://learn.microsoft.com/dotnet/fundamentals/code-analysis/quality-rules/ca1812) [/home/runner/work/S7-Tools/S7-Tools/src/S7Tools/S7Tools.csproj]


       "/home/runner/work/S7-Tools/S7-Tools/src/S7Tools.sln" (default target) (1:2) ->
       "/home/runner/work/S7-Tools/S7-Tools/tests/S7Tools.Core.Tests/S7Tools.Core.Tests.csproj" (default target) (3:6) ->
         /home/runner/work/S7-Tools/S7-Tools/tests/S7Tools.Core.Tests/Models/Common/ResultTests.cs(14,17): warning CS1591: Missing XML comment for publicly visible type or member 'ResultTests.Success_WithValue_ShouldCreateSuccessfulResult()' [/home/runner/work/S7-Tools/S7-Tools/tests/S7Tools.Core.Tests/S7Tools.Core.Tests.csproj]
         /home/runner/work/S7-Tools/S7-Tools/tests/S7Tools.Core.Tests/Models/Common/ResultTests.cs(31,17): warning CS1591: Missing XML comment for publicly visible type or member 'ResultTests.Generic_Failure_WithErrorMessage_ShouldCreateFailedResult()' [/home/runner/work/S7-Tools/S7-Tools/tests/S7Tools.Core.Tests/S7Tools.Core.Tests.csproj]
         /home/runner/work/S7-Tools/S7-Tools/tests/S7Tools.Core.Tests/Models/Common/ResultTests.cs(48,17): warning CS1591: Missing XML comment for publicly visible type or member 'ResultTests.GetValueOrThrow_WithSuccessfulResult_ShouldReturnValue()' [/home/runner/work/S7-Tools/S7-Tools/tests/S7Tools.Core.Tests/S7Tools.Core.Tests.csproj]
         /home/runner/work/S7-Tools/S7-Tools/tests/S7Tools.Core.Tests/Models/Common/ResultTests.cs(61,17): warning CS1591: Missing XML comment for publicly visible type or member 'ResultTests.GetValueOrThrow_WithFailedResult_ShouldThrowException()' [/home/runner/work/S7-Tools/S7-Tools/tests/S7Tools.Core.Tests/S7Tools.Core.Tests.csproj]
         /home/runner/work/S7-Tools/S7-Tools/tests/S7Tools.Core.Tests/Models/Common/ResultTests.cs(77,17): warning CS1591: Missing XML comment for publicly visible type or member 'ResultTests.Success_ShouldCreateSuccessfulResult()' [/home/runner/work/S7-Tools/S7-Tools/tests/S7Tools.Core.Tests/S7Tools.Core.Tests.csproj]
         /home/runner/work/S7-Tools/S7-Tools/tests/S7Tools.Core.Tests/Models/Common/ResultTests.cs(90,17): warning CS1591: Missing XML comment for publicly visible type or member 'ResultTests.NonGeneric_Failure_WithErrorMessage_ShouldCreateFailedResult()' [/home/runner/work/S7-Tools/S7-Tools/tests/S7Tools.Core.Tests/S7Tools.Core.Tests.csproj]
         /home/runner/work/S7-Tools/S7-Tools/tests/S7Tools.Core.Tests/Models/Common/ResultTests.cs(106,17): warning CS1591: Missing XML comment for publicly visible type or member 'ResultTests.ImplicitConversion_FromTrue_ShouldCreateSuccessfulResult()' [/home/runner/work/S7-Tools/S7-Tools/tests/S7Tools.Core.Tests/S7Tools.Core.Tests.csproj]
         /home/runner/work/S7-Tools/S7-Tools/tests/S7Tools.Core.Tests/Models/Common/ResultTests.cs(116,17): warning CS1591: Missing XML comment for publicly visible type or member 'ResultTests.ImplicitConversion_FromFalse_ShouldCreateFailedResult()' [/home/runner/work/S7-Tools/S7-Tools/tests/S7Tools.Core.Tests/S7Tools.Core.Tests.csproj]
         /home/runner/work/S7-Tools/S7-Tools/tests/S7Tools.Core.Tests/Models/Validators/PlcAddressValidatorTests.cs(7,14): warning CS1591: Missing XML comment for publicly visible type or member 'PlcAddressValidatorTests' [/home/runner/work/S7-Tools/S7-Tools/tests/S7Tools.Core.Tests/S7Tools.Core.Tests.csproj]
         /home/runner/work/S7-Tools/S7-Tools/tests/S7Tools.Core.Tests/Models/Validators/PlcAddressValidatorTests.cs(24,17): warning CS1591: Missing XML comment for publicly visible type or member 'PlcAddressValidatorTests.Validate_ValidAndInvalidAddresses_ReturnsExpectedResult(string, bool)' [/home/runner/work/S7-Tools/S7-Tools/tests/S7Tools.Core.Tests/S7Tools.Core.Tests.csproj]
         /home/runner/work/S7-Tools/S7-Tools/tests/S7Tools.Core.Tests/Models/ValueObjects/PlcAddressTests.cs(23,17): warning CS1591: Missing XML comment for publicly visible type or member 'PlcAddressTests.Constructor_WithValidAddress_ShouldParseCorrectly(string, PlcAddressType, int?, int, int?)' [/home/runner/work/S7-Tools/S7-Tools/tests/S7Tools.Core.Tests/S7Tools.Core.Tests.csproj]
         /home/runner/work/S7-Tools/S7-Tools/tests/S7Tools.Core.Tests/Models/ValueObjects/PlcAddressTests.cs(55,17): warning CS1591: Missing XML comment for publicly visible type or member 'PlcAddressTests.Constructor_WithInvalidAddress_ShouldThrowArgumentException(string)' [/home/runner/work/S7-Tools/S7-Tools/tests/S7Tools.Core.Tests/S7Tools.Core.Tests.csproj]
         /home/runner/work/S7-Tools/S7-Tools/tests/S7Tools.Core.Tests/Models/ValueObjects/PlcAddressTests.cs(64,17): warning CS1591: Missing XML comment for publicly visible type or member 'PlcAddressTests.Constructor_WithNullAddress_ShouldThrowArgumentException()' [/home/runner/work/S7-Tools/S7-Tools/tests/S7Tools.Core.Tests/S7Tools.Core.Tests.csproj]
         /home/runner/work/S7-Tools/S7-Tools/tests/S7Tools.Core.Tests/Models/ValueObjects/PlcAddressTests.cs(75,17): warning CS1591: Missing XML comment for publicly visible type or member 'PlcAddressTests.Constructor_WithLowerCaseAddress_ShouldNormalizeToUpperCase(string, string)' [/home/runner/work/S7-Tools/S7-Tools/tests/S7Tools.Core.Tests/S7Tools.Core.Tests.csproj]
         /home/runner/work/S7-Tools/S7-Tools/tests/S7Tools.Core.Tests/Models/ValueObjects/PlcAddressTests.cs(90,17): warning CS1591: Missing XML comment for publicly visible type or member 'PlcAddressTests.Create_WithValidAddress_ShouldReturnSuccessResult(string)' [/home/runner/work/S7-Tools/S7-Tools/tests/S7Tools.Core.Tests/S7Tools.Core.Tests.csproj]
         /home/runner/work/S7-Tools/S7-Tools/tests/S7Tools.Core.Tests/Models/ValueObjects/PlcAddressTests.cs(105,17): warning CS1591: Missing XML comment for publicly visible type or member 'PlcAddressTests.Create_WithInvalidAddress_ShouldReturnFailureResult(string)' [/home/runner/work/S7-Tools/S7-Tools/tests/S7Tools.Core.Tests/S7Tools.Core.Tests.csproj]
         /home/runner/work/S7-Tools/S7-Tools/tests/S7Tools.Core.Tests/Models/ValueObjects/PlcAddressTests.cs(127,17): warning CS1591: Missing XML comment for publicly visible type or member 'PlcAddressTests.IsBitAddress_ShouldReturnCorrectValue(string, bool)' [/home/runner/work/S7-Tools/S7-Tools/tests/S7Tools.Core.Tests/S7Tools.Core.Tests.csproj]
         /home/runner/work/S7-Tools/S7-Tools/tests/S7Tools.Core.Tests/Models/ValueObjects/PlcAddressTests.cs(147,17): warning CS1591: Missing XML comment for publicly visible type or member 'PlcAddressTests.IsDataBlockAddress_ShouldReturnCorrectValue(string, bool)' [/home/runner/work/S7-Tools/S7-Tools/tests/S7Tools.Core.Tests/S7Tools.Core.Tests.csproj]
         /home/runner/work/S7-Tools/S7-Tools/tests/S7Tools.Core.Tests/Models/ValueObjects/PlcAddressTests.cs(157,17): warning CS1591: Missing XML comment for publicly visible type or member 'PlcAddressTests.ImplicitConversion_ToString_ShouldReturnValue()' [/home/runner/work/S7-Tools/S7-Tools/tests/S7Tools.Core.Tests/S7Tools.Core.Tests.csproj]
         /home/runner/work/S7-Tools/S7-Tools/tests/S7Tools.Core.Tests/Models/ValueObjects/PlcAddressTests.cs(170,17): warning CS1591: Missing XML comment for publicly visible type or member 'PlcAddressTests.ToString_ShouldReturnValue()' [/home/runner/work/S7-Tools/S7-Tools/tests/S7Tools.Core.Tests/S7Tools.Core.Tests.csproj]
         /home/runner/work/S7-Tools/S7-Tools/tests/S7Tools.Core.Tests/Models/ValueObjects/PlcAddressTests.cs(183,17): warning CS1591: Missing XML comment for publicly visible type or member 'PlcAddressTests.Equality_WithSameAddress_ShouldBeEqual()' [/home/runner/work/S7-Tools/S7-Tools/tests/S7Tools.Core.Tests/S7Tools.Core.Tests.csproj]
         /home/runner/work/S7-Tools/S7-Tools/tests/S7Tools.Core.Tests/Models/ValueObjects/PlcAddressTests.cs(196,17): warning CS1591: Missing XML comment for publicly visible type or member 'PlcAddressTests.Equality_WithDifferentAddress_ShouldNotBeEqual()' [/home/runner/work/S7-Tools/S7-Tools/tests/S7Tools.Core.Tests/S7Tools.Core.Tests.csproj]
         /home/runner/work/S7-Tools/S7-Tools/tests/S7Tools.Core.Tests/Models/ValueObjects/PlcAddressTests.cs(209,17): warning CS1591: Missing XML comment for publicly visible type or member 'PlcAddressTests.GetHashCode_WithSameAddress_ShouldReturnSameHashCode()' [/home/runner/work/S7-Tools/S7-Tools/tests/S7Tools.Core.Tests/S7Tools.Core.Tests.csproj]
         /home/runner/work/S7-Tools/S7-Tools/tests/S7Tools.Core.Tests/Models/ValueObjects/PlcAddressTests.cs(230,17): warning CS1591: Missing XML comment for publicly visible type or member 'PlcAddressTests.AddressType_ShouldBeCorrectlyDetermined(string, PlcAddressType)' [/home/runner/work/S7-Tools/S7-Tools/tests/S7Tools.Core.Tests/S7Tools.Core.Tests.csproj]
         /home/runner/work/S7-Tools/S7-Tools/tests/S7Tools.Core.Tests/Models/ValueObjects/PlcAddressTests.cs(247,17): warning CS1591: Missing XML comment for publicly visible type or member 'PlcAddressTests.Constructor_WithLargeValidValues_ShouldSucceed(string)' [/home/runner/work/S7-Tools/S7-Tools/tests/S7Tools.Core.Tests/S7Tools.Core.Tests.csproj]
         /home/runner/work/S7-Tools/S7-Tools/tests/S7Tools.Core.Tests/Models/ValueObjects/PlcAddressTests.cs(264,17): warning CS1591: Missing XML comment for publicly visible type or member 'PlcAddressTests.Constructor_WithZeroValues_ShouldSucceed(string)' [/home/runner/work/S7-Tools/S7-Tools/tests/S7Tools.Core.Tests/S7Tools.Core.Tests.csproj]
         /home/runner/work/S7-Tools/S7-Tools/tests/S7Tools.Core.Tests/Resources/InMemoryResourceManagerTests.cs(7,14): warning CS1591: Missing XML comment for publicly visible type or member 'InMemoryResourceManagerTests' [/home/runner/work/S7-Tools/S7-Tools/tests/S7Tools.Core.Tests/S7Tools.Core.Tests.csproj]
         /home/runner/work/S7-Tools/S7-Tools/tests/S7Tools.Core.Tests/Resources/InMemoryResourceManagerTests.cs(10,17): warning CS1591: Missing XML comment for publicly visible type or member 'InMemoryResourceManagerTests.AddOrUpdate_And_GetString_Works_For_DefaultCulture()' [/home/runner/work/S7-Tools/S7-Tools/tests/S7Tools.Core.Tests/S7Tools.Core.Tests.csproj]
         /home/runner/work/S7-Tools/S7-Tools/tests/S7Tools.Core.Tests/Resources/InMemoryResourceManagerTests.cs(18,17): warning CS1591: Missing XML comment for publicly visible type or member 'InMemoryResourceManagerTests.GetString_ReturnsKey_IfNotFound()' [/home/runner/work/S7-Tools/S7-Tools/tests/S7Tools.Core.Tests/S7Tools.Core.Tests.csproj]
         /home/runner/work/S7-Tools/S7-Tools/tests/S7Tools.Core.Tests/Resources/InMemoryResourceManagerTests.cs(25,17): warning CS1591: Missing XML comment for publicly visible type or member 'InMemoryResourceManagerTests.AddOrUpdate_And_GetString_Works_For_SpecificCulture()' [/home/runner/work/S7-Tools/S7-Tools/tests/S7Tools.Core.Tests/S7Tools.Core.Tests.csproj]
         /home/runner/work/S7-Tools/S7-Tools/tests/S7Tools.Core.Tests/Resources/InMemoryResourceManagerTests.cs(37,17): warning CS1591: Missing XML comment for publicly visible type or member 'InMemoryResourceManagerTests.HasResource_ReturnsTrue_IfExists()' [/home/runner/work/S7-Tools/S7-Tools/tests/S7Tools.Core.Tests/S7Tools.Core.Tests.csproj]
         /home/runner/work/S7-Tools/S7-Tools/tests/S7Tools.Core.Tests/Resources/InMemoryResourceManagerTests.cs(45,17): warning CS1591: Missing XML comment for publicly visible type or member 'InMemoryResourceManagerTests.GetAvailableKeys_Returns_All_Keys()' [/home/runner/work/S7-Tools/S7-Tools/tests/S7Tools.Core.Tests/S7Tools.Core.Tests.csproj]
         /home/runner/work/S7-Tools/S7-Tools/tests/S7Tools.Core.Tests/Resources/InMemoryResourceManagerTests.cs(56,17): warning CS1591: Missing XML comment for publicly visible type or member 'InMemoryResourceManagerTests.GetSupportedCultures_Returns_All_Cultures()' [/home/runner/work/S7-Tools/S7-Tools/tests/S7Tools.Core.Tests/S7Tools.Core.Tests.csproj]
         /home/runner/work/S7-Tools/S7-Tools/tests/S7Tools.Core.Tests/Resources/InMemoryResourceManagerTests.cs(67,17): warning CS1591: Missing XML comment for publicly visible type or member 'InMemoryResourceManagerTests.SetCurrentCulture_Changes_Culture()' [/home/runner/work/S7-Tools/S7-Tools/tests/S7Tools.Core.Tests/S7Tools.Core.Tests.csproj]
         /home/runner/work/S7-Tools/S7-Tools/tests/S7Tools.Core.Tests/Validation/ValidationServiceIntegrationTests.cs(8,14): warning CS1591: Missing XML comment for publicly visible type or member 'ValidationServiceIntegrationTests' [/home/runner/work/S7-Tools/S7-Tools/tests/S7Tools.Core.Tests/S7Tools.Core.Tests.csproj]
         /home/runner/work/S7-Tools/S7-Tools/tests/S7Tools.Core.Tests/Validation/ValidationServiceIntegrationTests.cs(11,17): warning CS1591: Missing XML comment for publicly visible type or member 'ValidationServiceIntegrationTests.RegisterValidator_And_Validate_Works_For_PlcAddress()' [/home/runner/work/S7-Tools/S7-Tools/tests/S7Tools.Core.Tests/S7Tools.Core.Tests.csproj]
         /home/runner/work/S7-Tools/S7-Tools/tests/S7Tools.Core.Tests/Validation/ValidationServiceIntegrationTests.cs(31,17): warning CS1591: Missing XML comment for publicly visible type or member 'ValidationServiceIntegrationTests.UnregisterValidator_Removes_Validator()' [/home/runner/work/S7-Tools/S7-Tools/tests/S7Tools.Core.Tests/S7Tools.Core.Tests.csproj]


       "/home/runner/work/S7-Tools/S7-Tools/src/S7Tools.sln" (default target) (1:2) ->
       "/home/runner/work/S7-Tools/S7-Tools/tests/S7Tools.Tests/S7Tools.Tests.csproj" (default target) (7:6) ->
         /home/runner/work/S7-Tools/S7-Tools/tests/S7Tools.Tests/Converters/ObjectConvertersTests.cs(18,67): warning CS8625: Cannot convert null literal to non-nullable reference type. [/home/runner/work/S7-Tools/S7-Tools/tests/S7Tools.Tests/S7Tools.Tests.csproj]
         /home/runner/work/S7-Tools/S7-Tools/tests/S7Tools.Tests/Converters/ObjectConvertersTests.cs(31,66): warning CS8625: Cannot convert null literal to non-nullable reference type. [/home/runner/work/S7-Tools/S7-Tools/tests/S7Tools.Tests/S7Tools.Tests.csproj]
         /home/runner/work/S7-Tools/S7-Tools/tests/S7Tools.Tests/Converters/ObjectConvertersTests.cs(44,83): warning CS8625: Cannot convert null literal to non-nullable reference type. [/home/runner/work/S7-Tools/S7-Tools/tests/S7Tools.Tests/S7Tools.Tests.csproj]
         /home/runner/work/S7-Tools/S7-Tools/tests/S7Tools.Tests/Converters/ObjectConvertersTests.cs(57,77): warning CS8625: Cannot convert null literal to non-nullable reference type. [/home/runner/work/S7-Tools/S7-Tools/tests/S7Tools.Tests/S7Tools.Tests.csproj]
         /home/runner/work/S7-Tools/S7-Tools/tests/S7Tools.Tests/Services/PlcDataServiceTests.cs(132,49): warning CS8604: Possible null reference argument for parameter 'tag' in 'Task<Result> PlcDataService.AddTagAsync(Tag tag, CancellationToken cancellationToken = default(CancellationToken))'. [/home/runner/work/S7-Tools/S7-Tools/tests/S7Tools.Tests/S7Tools.Tests.csproj]
         /home/runner/work/S7-Tools/S7-Tools/tests/S7Tools.Tests/Services/PlcDataServiceTests.cs(139,25): warning CS8604: Possible null reference argument for parameter 'collection' in 'void Assert.Contains<Tag>(IEnumerable<Tag> collection, Predicate<Tag> filter)'. [/home/runner/work/S7-Tools/S7-Tools/tests/S7Tools.Tests/S7Tools.Tests.csproj]
         /home/runner/work/S7-Tools/S7-Tools/tests/S7Tools.Tests/Converters/ObjectConvertersTests.cs(8,14): warning CS1591: Missing XML comment for publicly visible type or member 'ObjectConvertersTests' [/home/runner/work/S7-Tools/S7-Tools/tests/S7Tools.Tests/S7Tools.Tests.csproj]
         /home/runner/work/S7-Tools/S7-Tools/tests/S7Tools.Tests/Converters/ObjectConvertersTests.cs(11,17): warning CS1591: Missing XML comment for publicly visible type or member 'ObjectConvertersTests.IsNotNull_WithNonNullValue_ReturnsTrue()' [/home/runner/work/S7-Tools/S7-Tools/tests/S7Tools.Tests/S7Tools.Tests.csproj]
         /home/runner/work/S7-Tools/S7-Tools/tests/S7Tools.Tests/Converters/ObjectConvertersTests.cs(25,17): warning CS1591: Missing XML comment for publicly visible type or member 'ObjectConvertersTests.IsNotNull_WithNullValue_ReturnsFalse()' [/home/runner/work/S7-Tools/S7-Tools/tests/S7Tools.Tests/S7Tools.Tests.csproj]
         /home/runner/work/S7-Tools/S7-Tools/tests/S7Tools.Tests/Converters/ObjectConvertersTests.cs(38,17): warning CS1591: Missing XML comment for publicly visible type or member 'ObjectConvertersTests.LogLevelToColor_WithInformation_ReturnsGreen()' [/home/runner/work/S7-Tools/S7-Tools/tests/S7Tools.Tests/S7Tools.Tests.csproj]
         /home/runner/work/S7-Tools/S7-Tools/tests/S7Tools.Tests/Converters/ObjectConvertersTests.cs(51,17): warning CS1591: Missing XML comment for publicly visible type or member 'ObjectConvertersTests.LogLevelToColor_WithError_ReturnsCrimson()' [/home/runner/work/S7-Tools/S7-Tools/tests/S7Tools.Tests/S7Tools.Tests.csproj]
         /home/runner/work/S7-Tools/S7-Tools/tests/S7Tools.Tests/Services/DialogServiceTests.cs(17,12): warning CS1591: Missing XML comment for publicly visible type or member 'DialogServiceTests.DialogServiceTests()' [/home/runner/work/S7-Tools/S7-Tools/tests/S7Tools.Tests/S7Tools.Tests.csproj]
         /home/runner/work/S7-Tools/S7-Tools/tests/S7Tools.Tests/Services/DialogServiceTests.cs(23,17): warning CS1591: Missing XML comment for publicly visible type or member 'DialogServiceTests.Constructor_ShouldInitializeInteractions()' [/home/runner/work/S7-Tools/S7-Tools/tests/S7Tools.Tests/S7Tools.Tests.csproj]
         /home/runner/work/S7-Tools/S7-Tools/tests/S7Tools.Tests/Services/DialogServiceTests.cs(32,23): warning CS1591: Missing XML comment for publicly visible type or member 'DialogServiceTests.ShowConfirmationAsync_WithValidParameters_ShouldReturnExpectedResult()' [/home/runner/work/S7-Tools/S7-Tools/tests/S7Tools.Tests/S7Tools.Tests.csproj]
         /home/runner/work/S7-Tools/S7-Tools/tests/S7Tools.Tests/Services/DialogServiceTests.cs(55,23): warning CS1591: Missing XML comment for publicly visible type or member 'DialogServiceTests.ShowConfirmationAsync_WithHandlerReturningFalse_ShouldReturnFalse()' [/home/runner/work/S7-Tools/S7-Tools/tests/S7Tools.Tests/S7Tools.Tests.csproj]
         /home/runner/work/S7-Tools/S7-Tools/tests/S7Tools.Tests/Services/DialogServiceTests.cs(76,23): warning CS1591: Missing XML comment for publicly visible type or member 'DialogServiceTests.ShowErrorAsync_WithValidParameters_ShouldCompleteSuccessfully()' [/home/runner/work/S7-Tools/S7-Tools/tests/S7Tools.Tests/S7Tools.Tests.csproj]
         /home/runner/work/S7-Tools/S7-Tools/tests/S7Tools.Tests/Services/DialogServiceTests.cs(100,23): warning CS1591: Missing XML comment for publicly visible type or member 'DialogServiceTests.ShowConfirmationAsync_WithMultipleHandlers_ShouldUseFirstHandler()' [/home/runner/work/S7-Tools/S7-Tools/tests/S7Tools.Tests/S7Tools.Tests.csproj]
         /home/runner/work/S7-Tools/S7-Tools/tests/S7Tools.Tests/Services/DialogServiceTests.cs(130,23): warning CS1591: Missing XML comment for publicly visible type or member 'DialogServiceTests.ShowConfirmationAsync_WithAsyncHandler_ShouldWorkCorrectly()' [/home/runner/work/S7-Tools/S7-Tools/tests/S7Tools.Tests/S7Tools.Tests.csproj]
         /home/runner/work/S7-Tools/S7-Tools/tests/S7Tools.Tests/Services/DialogServiceTests.cs(152,23): warning CS1591: Missing XML comment for publicly visible type or member 'DialogServiceTests.ShowErrorAsync_WithAsyncHandler_ShouldWorkCorrectly()' [/home/runner/work/S7-Tools/S7-Tools/tests/S7Tools.Tests/S7Tools.Tests.csproj]
         /home/runner/work/S7-Tools/S7-Tools/tests/S7Tools.Tests/Services/DialogServiceTests.cs(178,23): warning CS1591: Missing XML comment for publicly visible type or member 'DialogServiceTests.ShowConfirmationAsync_WithEmptyParameters_ShouldStillWork(string, string)' [/home/runner/work/S7-Tools/S7-Tools/tests/S7Tools.Tests/S7Tools.Tests.csproj]
         /home/runner/work/S7-Tools/S7-Tools/tests/S7Tools.Tests/Services/DialogServiceTests.cs(197,23): warning CS1591: Missing XML comment for publicly visible type or member 'DialogServiceTests.ShowErrorAsync_WithEmptyParameters_ShouldStillWork(string, string)' [/home/runner/work/S7-Tools/S7-Tools/tests/S7Tools.Tests/S7Tools.Tests.csproj]
         /home/runner/work/S7-Tools/S7-Tools/tests/S7Tools.Tests/Services/DialogServiceTests.cs(215,23): warning CS1591: Missing XML comment for publicly visible type or member 'DialogServiceTests.ShowConfirmationAsync_ConcurrentCalls_ShouldHandleCorrectly()' [/home/runner/work/S7-Tools/S7-Tools/tests/S7Tools.Tests/S7Tools.Tests.csproj]
         /home/runner/work/S7-Tools/S7-Tools/tests/S7Tools.Tests/Services/DialogServiceTests.cs(238,23): warning CS1591: Missing XML comment for publicly visible type or member 'DialogServiceTests.ShowErrorAsync_ConcurrentCalls_ShouldHandleCorrectly()' [/home/runner/work/S7-Tools/S7-Tools/tests/S7Tools.Tests/S7Tools.Tests.csproj]
         /home/runner/work/S7-Tools/S7-Tools/tests/S7Tools.Tests/Services/DialogServiceTests.cs(260,23): warning CS1591: Missing XML comment for publicly visible type or member 'DialogServiceTests.ShowInputAsync_WithValidParameters_ShouldReturnExpectedResult()' [/home/runner/work/S7-Tools/S7-Tools/tests/S7Tools.Tests/S7Tools.Tests.csproj]
         /home/runner/work/S7-Tools/S7-Tools/tests/S7Tools.Tests/Services/DialogServiceTests.cs(292,23): warning CS1591: Missing XML comment for publicly visible type or member 'DialogServiceTests.ShowInputAsync_WithCancelledResult_ShouldReturnCancelled()' [/home/runner/work/S7-Tools/S7-Tools/tests/S7Tools.Tests/S7Tools.Tests.csproj]
         /home/runner/work/S7-Tools/S7-Tools/tests/S7Tools.Tests/Services/PlcDataServiceTests.cs(11,14): warning CS1591: Missing XML comment for publicly visible type or member 'PlcDataServiceTests' [/home/runner/work/S7-Tools/S7-Tools/tests/S7Tools.Tests/S7Tools.Tests.csproj]
         /home/runner/work/S7-Tools/S7-Tools/tests/S7Tools.Tests/Services/PlcDataServiceTests.cs(16,12): warning CS1591: Missing XML comment for publicly visible type or member 'PlcDataServiceTests.PlcDataServiceTests()' [/home/runner/work/S7-Tools/S7-Tools/tests/S7Tools.Tests/S7Tools.Tests.csproj]
         /home/runner/work/S7-Tools/S7-Tools/tests/S7Tools.Tests/Services/PlcDataServiceTests.cs(23,17): warning CS1591: Missing XML comment for publicly visible type or member 'PlcDataServiceTests.PlcDataService_CanBeInstantiated()' [/home/runner/work/S7-Tools/S7-Tools/tests/S7Tools.Tests/S7Tools.Tests.csproj]
         /home/runner/work/S7-Tools/S7-Tools/tests/S7Tools.Tests/Services/PlcDataServiceTests.cs(34,23): warning CS1591: Missing XML comment for publicly visible type or member 'PlcDataServiceTests.ReadTagAsync_WhenNotConnected_ReturnsFailure()' [/home/runner/work/S7-Tools/S7-Tools/tests/S7Tools.Tests/S7Tools.Tests.csproj]
         /home/runner/work/S7-Tools/S7-Tools/tests/S7Tools.Tests/Services/PlcDataServiceTests.cs(48,23): warning CS1591: Missing XML comment for publicly visible type or member 'PlcDataServiceTests.ReadTagAsync_WhenConnected_ReturnsSuccess()' [/home/runner/work/S7-Tools/S7-Tools/tests/S7Tools.Tests/S7Tools.Tests.csproj]
         /home/runner/work/S7-Tools/S7-Tools/tests/S7Tools.Tests/Services/PlcDataServiceTests.cs(66,23): warning CS1591: Missing XML comment for publicly visible type or member 'PlcDataServiceTests.ConnectAsync_WithValidConfig_ReturnsSuccess()' [/home/runner/work/S7-Tools/S7-Tools/tests/S7Tools.Tests/S7Tools.Tests.csproj]
         /home/runner/work/S7-Tools/S7-Tools/tests/S7Tools.Tests/Services/PlcDataServiceTests.cs(80,23): warning CS1591: Missing XML comment for publicly visible type or member 'PlcDataServiceTests.DisconnectAsync_WhenConnected_ReturnsSuccess()' [/home/runner/work/S7-Tools/S7-Tools/tests/S7Tools.Tests/S7Tools.Tests.csproj]
         /home/runner/work/S7-Tools/S7-Tools/tests/S7Tools.Tests/Services/PlcDataServiceTests.cs(95,23): warning CS1591: Missing XML comment for publicly visible type or member 'PlcDataServiceTests.TestConnectionAsync_WithValidConfig_ReturnsSuccess()' [/home/runner/work/S7-Tools/S7-Tools/tests/S7Tools.Tests/S7Tools.Tests.csproj]
         /home/runner/work/S7-Tools/S7-Tools/tests/S7Tools.Tests/Services/PlcDataServiceTests.cs(108,23): warning CS1591: Missing XML comment for publicly visible type or member 'PlcDataServiceTests.GetPlcInfoAsync_WhenConnected_ReturnsPlcInfo()' [/home/runner/work/S7-Tools/S7-Tools/tests/S7Tools.Tests/S7Tools.Tests.csproj]
         /home/runner/work/S7-Tools/S7-Tools/tests/S7Tools.Tests/Services/PlcDataServiceTests.cs(124,23): warning CS1591: Missing XML comment for publicly visible type or member 'PlcDataServiceTests.AddTagAsync_AddsTagToManagedTags()' [/home/runner/work/S7-Tools/S7-Tools/tests/S7Tools.Tests/S7Tools.Tests.csproj]
         /home/runner/work/S7-Tools/S7-Tools/tests/S7Tools.Tests/Services/PlcDataServiceTests.cs(143,23): warning CS1591: Missing XML comment for publicly visible type or member 'PlcDataServiceTests.WriteTagAsync_WhenNotConnected_ReturnsFailure()' [/home/runner/work/S7-Tools/S7-Tools/tests/S7Tools.Tests/S7Tools.Tests.csproj]
         /home/runner/work/S7-Tools/S7-Tools/tests/S7Tools.Tests/Services/PlcDataServiceTests.cs(157,23): warning CS1591: Missing XML comment for publicly visible type or member 'PlcDataServiceTests.WriteTagAsync_WhenConnected_ReturnsSuccess()' [/home/runner/work/S7-Tools/S7-Tools/tests/S7Tools.Tests/S7Tools.Tests.csproj]
         /home/runner/work/S7-Tools/S7-Tools/tests/S7Tools.Tests/Services/PlcDataServiceTests.cs(173,17): warning CS1591: Missing XML comment for publicly visible type or member 'PlcDataServiceTests.Dispose_DoesNotThrow()' [/home/runner/work/S7-Tools/S7-Tools/tests/S7Tools.Tests/S7Tools.Tests.csproj]
         /home/runner/work/S7-Tools/S7-Tools/tests/S7Tools.Tests/UnitTest1.cs(3,14): warning CS1591: Missing XML comment for publicly visible type or member 'UnitTest1' [/home/runner/work/S7-Tools/S7-Tools/tests/S7Tools.Tests/S7Tools.Tests.csproj]
         /home/runner/work/S7-Tools/S7-Tools/tests/S7Tools.Tests/UnitTest1.cs(6,17): warning CS1591: Missing XML comment for publicly visible type or member 'UnitTest1.Test1()' [/home/runner/work/S7-Tools/S7-Tools/tests/S7Tools.Tests/S7Tools.Tests.csproj]
         /home/runner/work/S7-Tools/S7-Tools/tests/S7Tools.Tests/Services/PlcDataServiceTests.cs(11,14): warning CA1001: Type 'PlcDataServiceTests' owns disposable field(s) '_service' but is not disposable (https://learn.microsoft.com/dotnet/fundamentals/code-analysis/quality-rules/ca1001) [/home/runner/work/S7-Tools/S7-Tools/tests/S7Tools.Tests/S7Tools.Tests.csproj]

    246 Warning(s)
    0 Error(s)

Time Elapsed 00:00:32.61
